[90m[[0m2025-02-09T11:17:33Z [32mINFO [0m tracel_xtask[90m][0m Execution environment: all
[90m[[0m2025-02-09T11:17:33Z [32mINFO [0m xtask::commands::validate[90m][0m Run validation for std execution environment...
[90m[[0m2025-02-09T11:17:33Z [32mINFO [0m tracel_xtask::commands::check[90m][0m Audit Rust Dependencies
[90m[[0m2025-02-09T11:17:33Z [32mINFO [0m tracel_xtask::utils::process[90m][0m Command line: cargo audit -q --color always
[0m[0m[1m[33mCrate:    [0m instant
[0m[0m[1m[33mVersion:  [0m 0.1.13
[0m[0m[1m[33mWarning:  [0m unmaintained
[0m[0m[1m[33mTitle:    [0m `instant` is unmaintained
[0m[0m[1m[33mDate:     [0m 2024-09-01
[0m[0m[1m[33mID:       [0m RUSTSEC-2024-0384
[0m[0m[1m[33mURL:      [0m https://rustsec.org/advisories/RUSTSEC-2024-0384
[0m[0m[1m[33mDependency tree:
[0minstant 0.1.13
├── parking_lot_core 0.8.6
│   └── parking_lot 0.11.2
│       └── wasm-timer 0.2.5
│           └── image-classification-web 0.17.0
└── parking_lot 0.11.2

[0m[0m[1m[33mCrate:    [0m model
[0m[0m[1m[33mVersion:  [0m 0.6.0
[0m[0m[1m[33mWarning:  [0m unsound
[0m[0m[1m[33mTitle:    [0m `Shared` can cause a data race
[0m[0m[1m[33mDate:     [0m 2020-11-10
[0m[0m[1m[33mID:       [0m RUSTSEC-2020-0140
[0m[0m[1m[33mURL:      [0m https://rustsec.org/advisories/RUSTSEC-2020-0140
[0m[0m[1m[33mSeverity: [0m 8.1 (high)
[0m[0m[1m[33mDependency tree:
[0mmodel 0.6.0
└── pytorch-import 0.17.0

[90m[[0m2025-02-09T11:17:36Z [32mINFO [0m tracel_xtask::commands::check[90m][0m Format Workspace
[90m[[0m2025-02-09T11:17:36Z [32mINFO [0m tracel_xtask::utils::process[90m][0m Command line: cargo fmt --check
[90m[[0m2025-02-09T11:17:37Z [32mINFO [0m tracel_xtask::commands::check[90m][0m Lint Workspace
[90m[[0m2025-02-09T11:17:37Z [32mINFO [0m tracel_xtask::utils::process[90m][0m Command line: cargo clippy --no-deps --color=always -- --deny warnings
[1m[32m    Finished[0m `dev` profile [unoptimized] target(s) in 0.50s
[90m[[0m2025-02-09T11:17:38Z [32mINFO [0m tracel_xtask::commands::check[90m][0m Typos
[90m[[0m2025-02-09T11:17:38Z [32mINFO [0m tracel_xtask::utils::process[90m][0m Command line: typos --diff --color always
--- ./examples/modern-lstm/src/training.rs	original
+++ ./examples/modern-lstm/src/training.rs	fixed
@@ -115 +115 @@
-        // Display the averaged training and validataion metrics every 10 epochs
+        // Display the averaged training and validation metrics every 10 epochs
--- ./crates/burn-train/src/metric/base.rs	original
+++ ./crates/burn-train/src/metric/base.rs	fixed
@@ -63 +63 @@
-/// registered with the [leaner buidler](crate::learner::LearnerBuilder) .
+/// registered with the [leaner builder](crate::learner::LearnerBuilder) .
[90m[[0m2025-02-09T11:17:38Z [32mINFO [0m tracel_xtask::commands::build[90m][0m Build Workspace
[90m[[0m2025-02-09T11:17:38Z [32mINFO [0m tracel_xtask::utils::process[90m][0m Command line: cargo build --workspace --color always --exclude burn-cuda --exclude burn-hip --exclude burn-tch
[1m[32m    Finished[0m `dev` profile [unoptimized] target(s) in 0.51s
[90m[[0m2025-02-09T11:17:39Z [32mINFO [0m tracel_xtask::utils::helpers[90m][0m Custom Build: burn-dataset (std with all features)
[90m[[0m2025-02-09T11:17:39Z [32mINFO [0m tracel_xtask::utils::process[90m][0m Command line: cargo build --color always --all-features -p burn-dataset
[90m[[0m2025-02-09T11:17:39Z [32mINFO [0m tracel_xtask::commands::test[90m][0m Workspace Unit Tests
[90m[[0m2025-02-09T11:17:39Z [32mINFO [0m tracel_xtask::utils::process[90m][0m Command line: cargo test --workspace --lib --bins --examples --color always --exclude burn-cuda --exclude burn-hip --exclude burn-tch -- --color=always
[1m[32m    Finished[0m `test` profile [unoptimized] target(s) in 0.47s
[90m[[0m2025-02-09T11:17:40Z [32mINFO [0m tracel_xtask::utils::process[90m][0m Unit Tests: backend_comparison
[1m[32m     Running[0m unittests src/lib.rs (target/debug/deps/backend_comparison-8a6e1abf2ab5a3a9)

running 15 tests
test tests::test_get_sharing_token::case_1_sharing_token_argument_with_value ... [32mok(B[m
test tests::test_get_sharing_token::case_2_sharing_token_argument_no_value ... [32mok(B[m
test tests::test_get_sharing_token::case_3_sharing_token_argument_with_additional_arguments ... [32mok(B[m
test tests::test_get_sharing_token::case_4_other_argument ... [32mok(B[m
test persistence::base::tests::get_benchmark_result ... [32mok(B[m
test tests::test_get_sharing_url::case_1_sharing_url_argument_with_value ... [32mok(B[m
test tests::test_get_sharing_token::case_5_no_argument ... [32mok(B[m
test tests::test_get_sharing_url::case_2_sharing_url_argument_no_value ... [32mok(B[m
test tests::test_get_sharing_url::case_3_sharing_url_argument_with_additional_arguments ... [32mok(B[m
test tests::test_get_sharing_url::case_4_other_argument ... [32mok(B[m
test tests::test_get_sharing_url::case_5_no_argument ... [32mok(B[m
test burnbenchapp::auth::base::tests::test_overwrite_saved_token_when_file_already_exists ... [32mok(B[m
test burnbenchapp::auth::base::tests::test_return_none_when_cache_file_does_not_exist ... [32mok(B[m
test burnbenchapp::auth::base::tests::test_save_token_when_file_does_not_exist ... [32mok(B[m
test burnbenchapp::auth::base::tests::test_return_none_when_cache_file_exists_but_is_empty ... [32mok(B[m

test result: [32mok(B[m. 15 passed; 0 failed; 0 ignored; 0 measured; 0 filtered out; finished in 0.00s

[90m[[0m2025-02-09T11:17:40Z [32mINFO [0m tracel_xtask::utils::process[90m][0m Unit Tests: burnbench
[1m[32m     Running[0m unittests src/bin/burnbench.rs (target/debug/deps/burnbench-3673caf5469f9c68)

running 0 tests

test result: [32mok(B[m. 0 passed; 0 failed; 0 ignored; 0 measured; 0 filtered out; finished in 0.00s

[90m[[0m2025-02-09T11:17:41Z [32mINFO [0m tracel_xtask::utils::process[90m][0m Unit Tests: burn
[1m[32m     Running[0m unittests src/lib.rs (target/debug/deps/burn-ef04b80cebe24a10)

running 0 tests

test result: [32mok(B[m. 0 passed; 0 failed; 0 ignored; 0 measured; 0 filtered out; finished in 0.00s

[90m[[0m2025-02-09T11:17:41Z [32mINFO [0m tracel_xtask::utils::process[90m][0m Unit Tests: burn_autodiff
[1m[32m     Running[0m unittests src/lib.rs (target/debug/deps/burn_autodiff-99e2afec0ccabd60)

running 0 tests

test result: [32mok(B[m. 0 passed; 0 failed; 0 ignored; 0 measured; 0 filtered out; finished in 0.00s

[90m[[0m2025-02-09T11:17:41Z [32mINFO [0m tracel_xtask::utils::process[90m][0m Unit Tests: burn_candle
[1m[32m     Running[0m unittests src/lib.rs (target/debug/deps/burn_candle-2bfb41c37b4b23ac)

running 362 tests
test tests::abs::tests::should_support_abs_ops_float ... [32mok(B[m
test tests::abs::tests::should_support_abs_ops_int ... [32mok(B[m
test tests::ad_add::tests::should_diff_add_scalar ... [32mok(B[m
test tests::ad_add::tests::should_diff_add ... [32mok(B[m
test tests::ad_abs::tests::should_diff_abs_no_nans ... [32mok(B[m
test tests::ad_abs::tests::should_diff_abs ... [32mok(B[m
test tests::ad_ceil::tests::should_diff_ceil ... [32mok(B[m
test tests::ad_aggregation::tests::should_diff_mean ... [32mok(B[m
test tests::ad_aggregation::tests::should_diff_sum_1 ... [32mok(B[m
test tests::ad_aggregation::tests::should_diff_mean_dim ... [32mok(B[m
test tests::ad_aggregation::tests::should_diff_sum_2 ... [32mok(B[m
test tests::ad_aggregation::tests::should_diff_sum_dim ... [32mok(B[m
test tests::ad_div::tests::should_diff_div_scalar ... [32mok(B[m
test tests::ad_add::tests::test_add_complex_1 ... [32mok(B[m
test tests::ad_complex::tests::should_diff_full_complex_3 ... [32mok(B[m
test tests::ad_div::tests::should_diff_div ... [32mok(B[m
test tests::ad_complex::tests::should_diff_full_complex_2 ... [32mok(B[m
test tests::ad_cos::tests::should_diff_cos ... [32mok(B[m
test tests::ad_complex::tests::should_diff_full_complex_1 ... [32mok(B[m
test tests::ad_div::tests::test_div_complex_2 ... [32mok(B[m
test tests::ad_div::tests::test_div_complex_1 ... [32mok(B[m
test tests::ad_exp::tests::should_diff_exp ... [32mok(B[m
test tests::ad_expand::tests::should_diff_expand ... [32mok(B[m
test tests::ad_gelu::tests::should_diff_gelu ... [32mok(B[m
test tests::ad_log1p::tests::should_diff_log1p ... [32mok(B[m
test tests::ad_log::tests::should_diff_log ... [32mok(B[m
test tests::ad_mask::tests::should_diff_mask_fill ... [32mok(B[m
test tests::ad_erf::tests::should_diff_erf ... [32mok(B[m
test tests::ad_matmul::tests::should_diff_matmul ... [32mok(B[m
test tests::ad_cross_entropy_loss::tests::test_cross_entropy_loss_grad ... [32mok(B[m
test tests::ad_floor::tests::should_diff_floor ... [32mok(B[m
test tests::ad_mul::tests::should_diff_mul ... [32mok(B[m
test tests::ad_matmul::tests::test_matmul_complex_2 ... [32mok(B[m
test tests::ad_matmul::tests::test_matmul_complex_1 ... [32mok(B[m
test tests::ad_maxmin::tests::should_diff_max_dim ... [32mok(B[m
test tests::ad_recip::tests::should_diff_recip ... [32mok(B[m
test tests::ad_maxmin::tests::should_diff_min_dim ... [32mok(B[m
test tests::ad_mask::tests::should_diff_mask_where ... [32mok(B[m
test tests::ad_mul::tests::test_mul_complex_1 ... [32mok(B[m
test tests::ad_neg::tests::should_diff_neg ... [32mok(B[m
test tests::ad_reshape::tests::should_diff_reshape ... [32mok(B[m
test tests::ad_round::tests::should_diff_round ... [32mok(B[m
test tests::ad_mul::tests::should_diff_mul_scalar ... [32mok(B[m
test tests::ad_relu::tests::should_diff_relu ... [32mok(B[m
test tests::ad_select::tests::test_select_assign_grad_different_shapes ... [32mok(B[m
test tests::ad_sin::tests::should_diff_sin ... [32mok(B[m
test tests::ad_slice::tests::should_diff_matmul_with_slice ... [32mok(B[m
test tests::ad_slice::tests::should_diff_matmul_with_slice_assign ... [32mok(B[m
test tests::ad_select::tests::test_select_grad ... [32mok(B[m
test tests::ad_gather_scatter::tests::test_gather_grad ... [32mok(B[m
test tests::ad_gather_scatter::tests::test_scatter_grad ... [32mok(B[m
test tests::ad_select::tests::test_select_assign_grad ... [32mok(B[m
test tests::ad_sqrt::tests::should_diff_sqrt ... [32mok(B[m
test tests::ad_sub::tests::should_diff_sub ... [32mok(B[m
test tests::ad_softmax::tests::test_quiet_softmax_grad ... [32mok(B[m
test tests::ad_softmax::tests::test_log_softmax_grad ... [32mok(B[m
test tests::ad_slice::tests::slice_assign_diff_should_give_same_results_as_cat ... [32mok(B[m
test tests::ad_slice::tests::should_diff_matmul_with_slice_assign_complex ... [32mok(B[m
test tests::add::tests::test_add_broadcast_int ... [32mok(B[m
test tests::ad_sub::tests::should_diff_sub_scalar ... [32mok(B[m
test tests::add::tests::should_support_add_scalar_ops ... [32mok(B[m
test tests::add::tests::should_support_add_scalar_ops_int ... [32mok(B[m
test tests::ad_sub::tests::test_sub_complex_1 ... [32mok(B[m
test tests::add::tests::test_add_broadcast ... [32mok(B[m
test tests::add::tests::test_add_d2 ... [32mok(B[m
test tests::add::tests::test_add_d2_int ... [32mok(B[m
test tests::add::tests::test_add_different_strides_broadcast ... [32mok(B[m
test tests::add::tests::test_add_different_strides_rhs ... [32mok(B[m
test tests::add::tests::test_add_different_strides_lhs ... [32mok(B[m
test tests::arange_step::tests::test_arange_step ... [32mok(B[m
test tests::arange::tests::test_arange ... [32mok(B[m
test tests::ad_tanh::tests::should_diff_tanh ... [32mok(B[m
test tests::arg::tests::test_argmax_2d_dim0 ... [32mok(B[m
test tests::arg::tests::test_argmin_2d_dim0 ... [32mok(B[m
test tests::arg::tests::test_argmin_2d_dim0_int ... [32mok(B[m
test tests::arg::tests::test_argmin_2d_dim1 ... [32mok(B[m
test tests::arg::tests::test_argmax_2d_dim1 ... [32mok(B[m
test tests::arg::tests::test_argmax_2d_dim0_int ... [32mok(B[m
test tests::argwhere_nonzero::tests::test_argwhere_2d ... [32mok(B[m
test tests::argwhere_nonzero::tests::test_nonzero_2d ... [32mok(B[m
test tests::ad_multithread::tests::should_behave_the_same_with_multithread ... [32mok(B[m
test tests::argwhere_nonzero::tests::test_argwhere_3d ... [32mok(B[m
test tests::argwhere_nonzero::tests::test_nonzero_1d ... [32mok(B[m
test tests::argwhere_nonzero::tests::test_argwhere_1d ... [32mok(B[m
test tests::argwhere_nonzero::tests::test_nonzero_3d ... [32mok(B[m
test tests::argwhere_nonzero::tests::test_nonzero_empty ... [32mok(B[m
test tests::bool::tests::test_from_float ... [32mok(B[m
test tests::bool::tests::test_from_int ... [32mok(B[m
test tests::ad_softmax::tests::test_softmax_grad ... [32mok(B[m
test tests::cast::tests::cast_bool_to_float_tensor ... [32mok(B[m
test tests::cast::tests::cast_bool_to_int_tensor ... [32mok(B[m
test tests::cast::tests::cast_float_precision ... [32mok(B[m
test tests::cast::tests::cast_float_to_int ... [32mok(B[m
test tests::cast::tests::cast_int_to_float_tensor ... [32mok(B[m
test tests::cat::tests::should_support_cat_ops_2d_dim0 ... [32mok(B[m
test tests::cat::tests::should_support_cat_ops_2d_dim1 ... [32mok(B[m
test tests::ad_transpose::tests::should_diff_swap_dims ... [32mok(B[m
test tests::cat::tests::should_support_cat_ops_3d ... [32mok(B[m
test tests::cat::tests::should_support_cat_ops_bool ... [32mok(B[m
test tests::ceil::tests::should_support_ceil_ops ... [32mok(B[m
test tests::cat::tests::should_support_cat_ops_int ... [32mok(B[m
test tests::ad_transpose::tests::should_diff_transpose ... [32mok(B[m
test tests::clamp::tests::clamp_max ... [32mok(B[m
test tests::clamp::tests::clamp_min_max ... [32mok(B[m
test tests::clamp::tests::clamp_min ... [32mok(B[m
test tests::cos::tests::should_support_cos_ops ... [32mok(B[m
test tests::close::tests::test_is_close ... [32mok(B[m
test tests::display::tests::test_display_2d_bool_tensor ... [32mok(B[m
test tests::display::tests::test_display_2d_float_tensor ... [32mok(B[m
test tests::display::tests::test_display_2d_int_tensor ... [32mok(B[m
test tests::close::tests::test_all_close ... [32mok(B[m
test tests::display::tests::test_display_3d_tensor ... [32mok(B[m
test tests::display::tests::test_display_precision ... [32mok(B[m
test tests::erf::tests::should_support_erf_ops ... [32mok(B[m
test tests::display::tests::test_display_4d_tensor ... [32mok(B[m
test tests::erf::tests::should_support_erf_ops_with_negative_number ... [32mok(B[m
test tests::expand::tests::broadcast_single ... [32mok(B[m
test tests::exp::tests::should_support_exp_ops ... [32mok(B[m
test tests::expand::tests::expand_2d ... [32mok(B[m
test tests::expand::tests::expand_2d_bool ... [32mok(B[m
test tests::expand::tests::expand_2d_int ... [32mok(B[m
test tests::expand::tests::expand_3d ... [32mok(B[m
test tests::expand::tests::expand_higher_dimensions ... [32mok(B[m
test tests::expand::tests::inplace_op_after_expand ... [32mok(B[m
test tests::expand::tests::should_all_negative_one ... [32mok(B[m
test tests::display::tests::test_display_tensor_summarize_1 ... [32mok(B[m
test tests::flatten::tests::should_flatten_begin ... [32mok(B[m
test tests::flatten::tests::should_flatten_end ... [32mok(B[m
test tests::flatten::tests::should_flatten_middle ... [32mok(B[m
test tests::flatten::tests::should_flatten_to_1d ... [32mok(B[m
test tests::flip::tests::flip_bool ... [32mok(B[m
test tests::flip::tests::flip_float ... [32mok(B[m
test tests::display::tests::test_display_tensor_summarize_3 ... [32mok(B[m
test tests::flip::tests::flip_int ... [32mok(B[m
test tests::display::tests::test_display_tensor_summarize_2 ... [32mok(B[m
test tests::floor::tests::should_support_floor_ops ... [32mok(B[m
test tests::arange_step::tests::should_panic_when_step_is_zero - should panic ... [32mok(B[m
test tests::full::tests::test_data_full ... [32mok(B[m
test tests::cat::tests::should_panic_when_cat_exceeds_dimension - should panic ... [32mok(B[m
test tests::cat::tests::should_panic_when_list_of_vectors_is_empty - should panic ... [32mok(B[m
test tests::gather_scatter::tests::should_gather_1d_dim0 ... [32mok(B[m
test tests::full::tests::test_tensor_full ... [32mok(B[m
test tests::cat::tests::should_panic_when_dimensions_are_not_the_same - should panic ... [32mok(B[m
test tests::gather_scatter::tests::should_gather_1d_dim0_int ... [32mok(B[m
test tests::expand::tests::should_fail_expand_incompatible_shapes - should panic ... [32mok(B[m
test tests::gather_scatter::tests::should_gather_2d_dim0 ... [32mok(B[m
test tests::expand::tests::should_panic_negative_one_on_non_existing_dim - should panic ... [32mok(B[m
test tests::gather_scatter::tests::should_gather_2d_dim1 ... [32mok(B[m
test tests::gather_scatter::tests::should_gather_2d_only_1dim ... [32mok(B[m
test tests::flatten::tests::not_enough_destination_dimension - should panic ... [32mok(B[m
test tests::gather_scatter::tests::should_scatter_1d ... [32mok(B[m
test tests::flatten::tests::should_flatten_panic - should panic ... [32mok(B[m
test tests::gather_scatter::tests::should_scatter_1d_int ... [32mok(B[m
test tests::gather_scatter::tests::should_scatter_2d_dim0 ... [32mok(B[m
test tests::flip::tests::flip_duplicated_axes - should panic ... [32mok(B[m
test tests::gather_scatter::tests::should_gather_3d_dim1 ... [32mok(B[m
test tests::flip::tests::flip_out_of_bound_axis - should panic ... [32mok(B[m
test tests::gather_scatter::tests::scatter_should_panic_on_mismatch_of_shapes - should panic ... [32mok(B[m
test tests::gather_scatter::tests::should_scatter_2d_dim1_diff_shape ... [32mok(B[m
test tests::gather_scatter::tests::should_scatter_3d_dim1 ... [32mok(B[m
test tests::gelu::tests::test_gelu ... [32mok(B[m
test tests::hard_sigmoid::tests::test_hard_sigmoid ... [32mok(B[m
test tests::gather_scatter::tests::should_scatter_2d_dim1 ... [32mok(B[m
test tests::init::tests::should_support_float_empty ... [32mok(B[m
test tests::hard_sigmoid::tests::test_hard_sigmoid_overflow ... [32mok(B[m
test tests::init::tests::should_support_bool_empty ... [32mok(B[m
test tests::init::tests::should_support_float_ones ... [32mok(B[m
test tests::init::tests::should_support_int_empty ... [32mok(B[m
test tests::init::tests::should_support_float_zeros ... [32mok(B[m
test tests::init::tests::should_support_int_ones ... [32mok(B[m
test tests::init::tests::should_support_int_zeros ... [32mok(B[m
test tests::log1p::tests::should_support_exp_log1p ... [32mok(B[m
test tests::log::tests::should_support_log_ops ... [32mok(B[m
test tests::map_comparison::tests::should_support_bool_equal ... [32mok(B[m
test tests::map_comparison::tests::should_support_bool_not ... [32mok(B[m
test tests::map_comparison::tests::should_support_bool_not_equal ... [32mok(B[m
test tests::map_comparison::tests::test_equal ... [32mok(B[m
test tests::map_comparison::tests::test_equal_elem ... [32mok(B[m
test tests::map_comparison::tests::test_equal_inf ... [32mok(B[m
test tests::map_comparison::tests::test_greater_elem ... [32mok(B[m
test tests::map_comparison::tests::test_greater ... [32mok(B[m
test tests::map_comparison::tests::test_greater_equal ... [32mok(B[m
test tests::map_comparison::tests::test_greater_equal_elem ... [32mok(B[m
test tests::map_comparison::tests::test_int_equal ... [32mok(B[m
test tests::map_comparison::tests::test_int_equal_elem ... [32mok(B[m
test tests::map_comparison::tests::test_int_greater ... [32mok(B[m
test tests::map_comparison::tests::test_int_greater_elem ... [32mok(B[m
test tests::map_comparison::tests::test_int_greater_equal ... [32mok(B[m
test tests::map_comparison::tests::test_int_greater_equal_elem ... [32mok(B[m
test tests::map_comparison::tests::test_int_lower ... [32mok(B[m
test tests::map_comparison::tests::test_int_lower_elem ... [32mok(B[m
test tests::map_comparison::tests::test_int_lower_equal ... [32mok(B[m
test tests::map_comparison::tests::test_int_lower_equal_elem ... [32mok(B[m
test tests::map_comparison::tests::test_int_not_equal ... [32mok(B[m
test tests::map_comparison::tests::test_int_not_equal_elem ... [32mok(B[m
test tests::map_comparison::tests::test_lower ... [32mok(B[m
test tests::map_comparison::tests::test_lower_elem ... [32mok(B[m
test tests::map_comparison::tests::test_lower_equal ... [32mok(B[m
test tests::map_comparison::tests::test_lower_equal_elem ... [32mok(B[m
test tests::map_comparison::tests::test_not_equal ... [32mok(B[m
test tests::map_comparison::tests::test_not_equal_elem ... [32mok(B[m
test tests::map_comparison::tests::test_not_equal_inf ... [32mok(B[m
test tests::mask::tests::float_mask_fill_infinite ... [32mok(B[m
test tests::mask::tests::should_handle_mask_where_nans ... [32mok(B[m
test tests::mask::tests::should_support_int_mask_where_ops ... [32mok(B[m
test tests::mask::tests::should_support_int_mask_fill_ops ... [32mok(B[m
test tests::mask::tests::should_support_mask_fill_ops ... [32mok(B[m
test tests::mask::tests::should_support_mask_where_broadcast_int ... [32mok(B[m
test tests::mask::tests::should_support_mask_where_broadcast ... [32mok(B[m
test tests::mask::tests::should_support_mask_where_ops ... [32mok(B[m
test tests::matmul::tests::should_panic_when_inner_dimensions_are_not_equal - should panic ... [32mok(B[m
test tests::matmul::tests::test_matmul_broadcast_1 ... [32mok(B[m
test tests::matmul::tests::test_matmul_4_3 ... [32mok(B[m
test tests::matmul::tests::test_matmul_4_8 ... [32mok(B[m
test tests::matmul::tests::test_matmul_broadcast_4d ... [32mok(B[m
test tests::matmul::tests::test_matmul_d2 ... [32mok(B[m
test tests::matmul::tests::test_matmul_simple_1 ... [32mok(B[m
test tests::matmul::tests::test_matmul_simple_2 ... [32mok(B[m
test tests::matmul::tests::test_matmul_d3 ... [32mok(B[m
test tests::matmul::tests::test_matmul_trivial ... [32mok(B[m
test tests::maxmin::tests::test_max_dim_2d ... [32mok(B[m
test tests::matmul::tests::test_matmul_trivial_transposed ... [32mok(B[m
test tests::maxmin::tests::test_max_dim_with_indices_2d ... [32mok(B[m
test tests::matmul::tests::test_matmul_simple_3 ... [32mok(B[m
test tests::maxmin::tests::test_max_dim_2d_with_0th_dim ... [32mok(B[m
test tests::maxmin::tests::test_maximum_pair ... [32mok(B[m
test tests::maxmin::tests::test_mean_dim_2d ... [32mok(B[m
test tests::maxmin::tests::test_min_dim_2d_with_0th_dim ... [32mok(B[m
test tests::maxmin::tests::test_max_dim_with_indices_2d_with_dim_0th ... [32mok(B[m
test tests::maxmin::tests::test_min_dim_with_indices_2d ... [32mok(B[m
test tests::maxmin::tests::test_min_dim_with_indices_2d_with_0th_dim ... [32mok(B[m
test tests::maxmin::tests::test_minimum_pair ... [32mok(B[m
test tests::maxmin::tests::test_min_dim_2d ... [32mok(B[m
test tests::maxmin::tests::test_sum_dim_2d ... [32mok(B[m
test tests::module_forward::tests::test_embedding_forward ... [32mok(B[m
test tests::module_conv1d::tests::test_conv1d_dilation ... [32mok(B[m
test tests::module_conv1d::tests::test_conv1d_complex ... [32mok(B[m
test tests::module_conv1d::tests::test_conv1d_groups ... [32mok(B[m
test tests::module_conv1d::tests::test_conv1d_simple ... [32mok(B[m
test tests::mul::tests::should_support_mul_ops ... [32mok(B[m
test tests::mul::tests::should_support_mul_ops_int ... [32mok(B[m
test tests::module_nearest_interpolate::tests::test_downsample_interpolation ... [32mok(B[m
test tests::module_nearest_interpolate::tests::test_1d_nearest ... [32mok(B[m
test tests::module_backward::tests::test_embedding_backward ... [32mok(B[m
test tests::mul::tests::should_support_mul_scalar_ops ... [32mok(B[m
test tests::mul::tests::should_support_mul_scalar_ops_int ... [32mok(B[m
test tests::module_nearest_interpolate::tests::test_upsample_interpolation ... [32mok(B[m
test tests::nan::tests::contains_nan ... [33mignored, https://github.com/tracel-ai/burn/issues/2089(B[m
test tests::nan::tests::is_nan ... [33mignored, https://github.com/tracel-ai/burn/issues/2089(B[m
test tests::mul::tests::test_mul_broadcast_2_dims ... [32mok(B[m
test tests::mul::tests::test_mul_broadcast_int ... [32mok(B[m
test tests::mul::tests::test_mul_broadcast ... [32mok(B[m
test tests::neg::tests::should_support_neg_ops ... [32mok(B[m
test tests::permute::tests::edge_out_of_bound_axis - should panic ... [32mok(B[m
test tests::permute::tests::permute_bool ... [32mok(B[m
test tests::permute::tests::permute_float ... [32mok(B[m
test tests::permute::tests::edge_repeated_axes - should panic ... [32mok(B[m
test tests::permute::tests::permute_int ... [32mok(B[m
test tests::prelu::tests::test_prelu_2_dimension_scalar_weight ... [32mok(B[m
test tests::prelu::tests::test_prelu_2_dimension ... [32mok(B[m
test tests::prelu::tests::test_prelu_multi_dim_wrong_weights - should panic ... [32mok(B[m
test tests::prelu::tests::test_prelu_positives ... [32mok(B[m
test tests::prelu::tests::test_prelu_single_dim_multi_weight - should panic ... [32mok(B[m
test tests::prelu::tests::test_prelu_some_weight ... [32mok(B[m
test tests::random::tests::rand_default ... [32mok(B[m
test tests::random::tests::rand_bernoulli ... [32mok(B[m
test tests::recip::tests::should_support_recip_ops ... [32mok(B[m
test tests::random::tests::rand_uniform ... [32mok(B[m
test tests::prelu::tests::test_prelu_zero_weight ... [32mok(B[m
test tests::relu::tests::test_relu_d2 ... [32mok(B[m
test tests::repeat_dim::tests::should_support_bool_repeat_on_dims_larger_than_1 ... [32mok(B[m
test tests::repeat_dim::tests::should_support_bool_repeat_ops ... [32mok(B[m
test tests::repeat_dim::tests::should_support_float_repeat_on_dims_larger_than_1 ... [32mok(B[m
test tests::repeat_dim::tests::should_support_int_repeat_on_dims_larger_than_1 ... [32mok(B[m
test tests::repeat_dim::tests::should_support_int_repeat_ops ... [32mok(B[m
test tests::repeat_dim::tests::should_support_repeat_ops ... [32mok(B[m
test tests::reshape::tests::should_not_corrupt_after_slice ... [32mok(B[m
test tests::reshape::tests::neg_value - should panic ... [32mok(B[m
test tests::reshape::tests::should_support_dim_infererence ... [32mok(B[m
test tests::reshape::tests::should_support_reshape_1d ... [32mok(B[m
test tests::reshape::tests::should_support_reshape_2d ... [32mok(B[m
test tests::reshape::tests::multiple_neg_ones - should panic ... [32mok(B[m
test tests::reshape::tests::should_support_reshape_bool ... [32mok(B[m
test tests::reshape::tests::should_support_reshape_int ... [32mok(B[m
test tests::reshape::tests::should_support_reshape_maybe_fused_2 ... [32mok(B[m
test tests::reshape::tests::should_support_reshape_maybe_fused_3 ... [32mok(B[m
test tests::reshape::tests::should_support_reshape_maybe_fused_1 ... [32mok(B[m
test tests::reshape::tests::should_support_reshape_maybe_fused_4 ... [32mok(B[m
test tests::round::tests::should_round_ties_even ... [32mok(B[m
test tests::select::tests::should_select_1d ... [32mok(B[m
test tests::round::tests::should_support_round_ops ... [32mok(B[m
test tests::select::tests::should_select_1d_int ... [32mok(B[m
test tests::select::tests::should_select_2d_dim0_more_num_dim ... [32mok(B[m
test tests::select::tests::should_select_2d_dim0_same_num_dim ... [32mok(B[m
test tests::select::tests::should_select_2d_dim1 ... [32mok(B[m
test tests::select::tests::should_select_assign_1d ... [32mok(B[m
test tests::select::tests::should_select_assign_1d_int ... [32mok(B[m
test tests::select::tests::should_select_assign_2d_dim0 ... [32mok(B[m
test tests::select::tests::should_select_assign_2d_dim1 ... [32mok(B[m
test tests::sigmoid::tests::test_sigmoid ... [32mok(B[m
test tests::sigmoid::tests::test_sigmoid_overflow ... [32mok(B[m
test tests::sign::tests::should_support_sign_ops_float ... [32mok(B[m
test tests::select::tests::should_select_panic_invalid_dimension - should panic ... [32mok(B[m
test tests::sign::tests::should_support_sign_ops_int ... [32mok(B[m
test tests::silu::tests::test_silu ... [32mok(B[m
test tests::sin::tests::should_support_sin_ops ... [32mok(B[m
test tests::slice::tests::clamp_when_slice_exceeds_dimension ... [32mok(B[m
test tests::slice::tests::missing_dimensions ... [32mok(B[m
test tests::slice::tests::negative_dimensions ... [32mok(B[m
test tests::slice::tests::should_panic_when_slice_is_desc - should panic ... [32mok(B[m
test tests::slice::tests::should_slice_aggregation_result ... [32mok(B[m
test tests::slice::tests::should_support_full_sliceing_1d ... [32mok(B[m
test tests::slice::tests::should_support_partial_sliceing_1d ... [32mok(B[m
test tests::slice::tests::should_panic_when_slice_with_too_many_dimensions - should panic ... [32mok(B[m
test tests::slice::tests::should_panic_when_slice_is_equal - should panic ... [32mok(B[m
test tests::slice::tests::should_support_full_sliceing_2d ... [32mok(B[m
test tests::slice::tests::should_support_partial_sliceing_2d ... [32mok(B[m
test tests::slice::tests::should_support_partial_sliceing_3d ... [32mok(B[m
test tests::slice::tests::should_support_partial_sliceing_3d_non_contiguous ... [32mok(B[m
test tests::slice::tests::should_support_slice_assign_1d ... [32mok(B[m
test tests::slice::tests::should_support_slice_range_first_dim ... [32mok(B[m
test tests::slice::tests::should_support_slice_assign_2d ... [32mok(B[m
test tests::slice::tests::slice_should_not_corrupt_potentially_inplace_operations ... [32mok(B[m
test tests::slice::tests::slice_assign_should_not_corrupt_potentially_inplace_operations ... [32mok(B[m
test tests::squeeze::tests::should_squeeze ... [32mok(B[m
test tests::sqrt::tests::should_support_sqrt_ops ... [32mok(B[m
test tests::softmax::tests::test_softmax_d2 ... [32mok(B[m
test tests::squeeze::tests::should_squeeze_dims_with_empty_slice ... [32mok(B[m
test tests::squeeze::tests::should_squeeze_dims_dimension_mismatch_panic - should panic ... [32mok(B[m
test tests::squeeze::tests::should_squeeze_dims_with_negative_indices ... [32mok(B[m
test tests::squeeze::tests::should_squeeze_dims_with_positive_indices ... [32mok(B[m
test tests::squeeze::tests::should_squeeze_dims_panic_on_too_many_dimensions - should panic ... [32mok(B[m
test tests::squeeze::tests::should_squeeze_first ... [32mok(B[m
test tests::squeeze::tests::should_squeeze_dims_work_if_non_singleton - should panic ... [32mok(B[m
test tests::squeeze::tests::should_squeeze_last ... [32mok(B[m
test tests::squeeze::tests::should_unsqueeze_dim ... [32mok(B[m
test tests::squeeze::tests::should_unsqueeze_dim_first ... [32mok(B[m
test tests::squeeze::tests::should_unsqueeze_dim_last ... [32mok(B[m
test tests::squeeze::tests::should_squeeze_panic - should panic ... [32mok(B[m
test tests::squeeze::tests::should_unsqueeze_dims_handle_first_last ... [32mok(B[m
test tests::squeeze::tests::should_unsqueeze_dim_panic - should panic ... [32mok(B[m
test tests::squeeze::tests::should_unsqueeze_dims_multiple_trailing_negatives ... [32mok(B[m
test tests::squeeze::tests::should_unsqueeze_dims_support_dim_inference ... [32mok(B[m
test tests::squeeze::tests::should_unsqueeze_dims_work_with_single_dim ... [32mok(B[m
test tests::squeeze::tests::should_unsqueeze_dims_panic - should panic ... [32mok(B[m
test tests::sub::tests::should_support_sub_ops ... [32mok(B[m
test tests::sub::tests::should_support_sub_scalar_ops ... [32mok(B[m
test tests::sub::tests::should_support_sub_ops_int ... [32mok(B[m
test tests::sub::tests::should_support_sub_scalar_ops_int ... [32mok(B[m
test tests::sub::tests::test_sub_broadcast ... [32mok(B[m
test tests::sub::tests::test_sub_broadcast_int ... [32mok(B[m
test tests::tanh::tests::should_support_tanh_ops ... [32mok(B[m
test tests::transpose::tests::should_support_swap_dims ... [32mok(B[m
test tests::transpose::tests::should_support_swap_dims_bool ... [32mok(B[m
test tests::transpose::tests::should_support_swap_dims_int ... [32mok(B[m
test tests::transpose::tests::should_support_transpose_bool ... [32mok(B[m
test tests::transpose::tests::should_support_transpose_ops ... [32mok(B[m
test tests::transpose::tests::should_support_transpose_ops_int ... [32mok(B[m
test tests::var::tests::test_var ... [32mok(B[m
test tests::var::tests::test_var_bias ... [32mok(B[m
test tests::var::tests::test_var_mean ... [32mok(B[m
test tests::var::tests::test_var_mean_bias ... [32mok(B[m

test result: [32mok(B[m. 360 passed; 0 failed; 2 ignored; 0 measured; 0 filtered out; finished in 0.04s

[90m[[0m2025-02-09T11:17:41Z [32mINFO [0m tracel_xtask::utils::process[90m][0m Unit Tests: burn_common
[1m[32m     Running[0m unittests src/lib.rs (target/debug/deps/burn_common-054cadbdacefbbbd)

running 2 tests
test id::tests::thread_safety_test ... [32mok(B[m
test id::tests::uniqueness_test ... [32mok(B[m

test result: [32mok(B[m. 2 passed; 0 failed; 0 ignored; 0 measured; 0 filtered out; finished in 0.03s

[90m[[0m2025-02-09T11:17:41Z [32mINFO [0m tracel_xtask::utils::process[90m][0m Unit Tests: burn_core
[1m[32m     Running[0m unittests src/lib.rs (target/debug/deps/burn_core-67d4f08db7ddd563)

running 264 tests
test lr_scheduler::cosine::tests::config_initial_lr_too_high ... [32mok(B[m
test lr_scheduler::cosine::tests::config_initial_lr_too_low ... [32mok(B[m
test lr_scheduler::cosine::tests::config_min_lr_too_high ... [32mok(B[m
test lr_scheduler::cosine::tests::config_min_lr_too_low ... [32mok(B[m
test lr_scheduler::cosine::tests::config_num_iters_too_low ... [32mok(B[m
test grad_clipping::base::tests::test_clip_by_norm ... [32mok(B[m
test data::dataloader::batch::tests::test_batch_dataloader ... [32mok(B[m
test grad_clipping::base::tests::test_clip_by_value ... [32mok(B[m
test lr_scheduler::cosine::tests::test_lr_change ... [32mok(B[m
test lr_scheduler::cosine::tests::test_save_and_load ... [32mok(B[m
test lr_scheduler::exponential::tests::config_gamma_too_high ... [32mok(B[m
test lr_scheduler::exponential::tests::config_gamma_too_low ... [32mok(B[m
test data::dataloader::batch::tests::test_multi_thread_batch_dataloader ... [32mok(B[m
test lr_scheduler::exponential::tests::config_initial_lr_too_high ... [32mok(B[m
test lr_scheduler::exponential::tests::config_initial_lr_too_low ... [32mok(B[m
test lr_scheduler::exponential::tests::test_lr_change ... [32mok(B[m
test lr_scheduler::exponential::tests::test_save_and_load ... [32mok(B[m
test lr_scheduler::linear::tests::config_final_lr_too_high ... [32mok(B[m
test lr_scheduler::linear::tests::config_final_lr_too_low ... [32mok(B[m
test lr_scheduler::linear::tests::config_initial_lr_too_high ... [32mok(B[m
test lr_scheduler::linear::tests::config_initial_lr_too_low ... [32mok(B[m
test lr_scheduler::linear::tests::config_num_iters_too_low ... [32mok(B[m
test lr_scheduler::linear::tests::test_lr_decreasing ... [32mok(B[m
test lr_scheduler::linear::tests::test_lr_increasing ... [32mok(B[m
test lr_scheduler::linear::tests::test_lr_unchanging ... [32mok(B[m
test lr_scheduler::linear::tests::test_save_and_load ... [32mok(B[m
test lr_scheduler::noam::tests::test_config_model_size_invalid ... [32mok(B[m
test lr_scheduler::noam::tests::test_config_model_size_valid ... [32mok(B[m
test lr_scheduler::noam::tests::test_config_warmup_steps_invalid ... [32mok(B[m
test lr_scheduler::noam::tests::test_config_warmup_steps_valid ... [32mok(B[m
test lr_scheduler::noam::tests::test_function_increase_and_decrease ... [32mok(B[m
test lr_scheduler::step::tests::test_config_step_size_nonzero ... [32mok(B[m
test lr_scheduler::step::tests::test_config_default_gamma ... [32mok(B[m
test lr_scheduler::step::tests::test_config_step_size_zero ... [32mok(B[m
test lr_scheduler::step::tests::test_lr_decreasing ... [32mok(B[m
test lr_scheduler::step::tests::test_lr_increasing ... [32mok(B[m
test lr_scheduler::step::tests::test_lr_unchanging ... [32mok(B[m
test lr_scheduler::step::tests::test_number_of_calls_within_limit ... [32mok(B[m
test lr_scheduler::step::tests::test_save_and_load ... [32mok(B[m
test module::param::constant::tests::empty_module_with_phantom ... [32mok(B[m
test module::param::id::tests::param_serde_deserialize ... [32mok(B[m
test module::param::constant::tests::tensor_load_record_setting ... [32mok(B[m
test module::param::id::tests::param_serde_deserialize_legacy_uuid ... [32mok(B[m
test module::param::primitive::tests::dont_override_constant_module_when_loading_none_record ... [32mok(B[m
test module::param::primitive::tests::dont_override_constant_module_when_loading_record ... [32mok(B[m
test module::param::id::tests::param_serde_deserialize_legacy ... [32mok(B[m
test module::param::tensor::tests::test_load_record_setting ... [32mok(B[m
test nn::attention::mask::tests::test_generate_padding_mask ... [32mok(B[m
test nn::attention::mask::tests::test_generate_autoregressive_mask ... [32mok(B[m
test nn::conv::conv1d::tests::display ... [32mok(B[m
test nn::conv::conv1d::tests::initializer_default ... [32mok(B[m
test nn::attention::mha::tests::display ... [32mok(B[m
test nn::conv::conv2d::tests::display ... [32mok(B[m
test nn::conv::conv2d::tests::initializer_fan_out ... [32mok(B[m
test lr_scheduler::step::tests::test_number_of_calls_over_limit - should panic ... [32mok(B[m
test nn::conv::conv1d::tests::initializer_zeros ... [32mok(B[m
test module::param::id::tests::param_serde_deserialize_invalid_id - should panic ... [32mok(B[m
test nn::conv::conv2d::tests::initializer_zeros ... [32mok(B[m
test nn::conv::conv1d::tests::same_with_even_kernel_is_invalid - should panic ... [32mok(B[m
test nn::conv::conv2d::tests::same_with_even_kernel_is_invalid - should panic ... [32mok(B[m
test nn::conv::conv2d::tests::channels_with_groups_is_invalid - should panic ... [32mok(B[m
test nn::conv::conv2d::tests::initializer_default ... [32mok(B[m
test nn::conv::conv2d::tests::initializer_fan_with_groups_is_valid ... [32mok(B[m
test nn::conv::conv3d::tests::initializer_fan_out ... [32mok(B[m
test nn::conv::conv3d::tests::same_with_even_kernel_is_invalid - should panic ... [32mok(B[m
test nn::conv::conv_transpose2d::tests::display ... [32mok(B[m
test nn::conv::conv3d::tests::initializer_default ... [32mok(B[m
test nn::conv::conv_transpose1d::tests::display ... [32mok(B[m
test nn::conv::conv_transpose1d::tests::initializer_zeros ... [32mok(B[m
test nn::conv::conv3d::tests::display ... [32mok(B[m
test nn::conv::conv3d::tests::initializer_fan_with_groups_is_valid ... [32mok(B[m
test nn::conv::deform_conv2d::tests::channels_with_groups_is_invalid - should panic ... [32mok(B[m
test nn::conv::deform_conv2d::tests::display ... [32mok(B[m
test nn::conv::conv_transpose2d::tests::initializer_zeros ... [32mok(B[m
test nn::conv::conv3d::tests::initializer_zeros ... [32mok(B[m
test nn::conv::conv_transpose2d::tests::initializer_default ... [32mok(B[m
test nn::conv::deform_conv2d::tests::initializer_default ... [32mok(B[m
test nn::conv::conv_transpose3d::tests::initializer_zeros ... [32mok(B[m
test nn::conv::conv_transpose1d::tests::initializer_default ... [32mok(B[m
test nn::conv::deform_conv2d::tests::initializer_fan_out ... [32mok(B[m
test nn::conv::deform_conv2d::tests::initializer_fan_with_groups_is_valid ... [32mok(B[m
test nn::conv::deform_conv2d::tests::same_with_even_kernel_is_invalid - should panic ... [32mok(B[m
test nn::conv::conv_transpose3d::tests::display ... [32mok(B[m
test nn::dropout::tests::dropout_prob_invalid - should panic ... [32mok(B[m
test nn::dropout::tests::display ... [32mok(B[m
test nn::gelu::tests::display ... [32mok(B[m
test nn::hard_sigmoid::tests::display ... [32mok(B[m
test nn::hard_sigmoid::tests::test_hard_sigmoid_forward ... [32mok(B[m
test nn::embedding::tests::display ... [32mok(B[m
test nn::conv::deform_conv2d::tests::initializer_zeros ... [32mok(B[m
test nn::initializer::tests::initializer_constant_init ... [32mok(B[m
test nn::initializer::tests::initializer_kaiming_uniform_init_bias ... [32mok(B[m
test nn::embedding::tests::initializer_default ... [32mok(B[m
test nn::embedding::tests::initializer_zeros ... [32mok(B[m
test nn::conv::conv_transpose3d::tests::initializer_default ... [32mok(B[m
test nn::initializer::tests::initializer_ones_init ... [32mok(B[m
test nn::dropout::tests::without_ad_backend_should_not_change_input ... [32mok(B[m
test nn::attention::mha::tests::test_autoregressive_mask_should_have_same_output_as_autoregressive_decoding ... [32mok(B[m
test nn::initializer::tests::initializer_kaiming_uniform_init ... [32mok(B[m
test nn::initializer::tests::initializer_kaiming_uniform_no_fan - should panic ... [32mok(B[m
test nn::initializer::tests::initializer_zeros_init ... [32mok(B[m
test nn::initializer::tests::initializer_xavier_uniform_no_fan - should panic ... [32mok(B[m
test nn::interpolate::interpolate1d::tests::display ... [32mok(B[m
test nn::interpolate::interpolate1d::tests::test_large_scale_factor - should panic ... [32mok(B[m
test nn::attention::mha::tests::test_self_attention_shapes ... [32mok(B[m
test nn::interpolate::interpolate1d::tests::test_calculate_output_size ... [32mok(B[m
test nn::interpolate::interpolate1d::tests::test_panic - should panic ... [32mok(B[m
test nn::interpolate::interpolate2d::tests::display ... [32mok(B[m
test nn::interpolate::interpolate2d::tests::test_calculate_output_size ... [32mok(B[m
test nn::interpolate::interpolate2d::tests::test_infinite_height - should panic ... [32mok(B[m
test nn::interpolate::interpolate2d::tests::test_infinite_width - should panic ... [32mok(B[m
test nn::interpolate::interpolate2d::tests::test_missing_params - should panic ... [32mok(B[m
test nn::leaky_relu::tests::display ... [32mok(B[m
test nn::leaky_relu::tests::test_leaky_relu_forward ... [32mok(B[m
test nn::leaky_relu::tests::test_leaky_relu_forward_multi_dim ... [32mok(B[m
test nn::attention::mha::tests::test_self_attention_mask_pad ... [32mok(B[m
test nn::dropout::tests::with_ad_backend_should_mark_input ... [32mok(B[m
test nn::initializer::tests::initializer_kaiming_uniform_init_fan_out ... [32mok(B[m
test nn::initializer::tests::initializer_normal_init ... [32mok(B[m
test nn::initializer::tests::initializer_kaiming_normal_init ... [32mok(B[m
test nn::initializer::tests::initializer_xavier_uniform_init ... [32mok(B[m
test nn::loss::binary_cross_entropy::tests::display ... [32mok(B[m
test nn::linear::tests::display ... [32mok(B[m
test nn::loss::binary_cross_entropy::tests::multilabel_weights_should_match_target - should panic ... [32mok(B[m
test nn::linear::tests::initializer_zeros ... [32mok(B[m
test nn::linear::tests::initializer_default ... [32mok(B[m
test nn::loss::binary_cross_entropy::tests::test_binary_cross_entropy ... [32mok(B[m
test nn::loss::binary_cross_entropy::tests::test_binary_cross_entropy_multilabel ... [32mok(B[m
test nn::loss::binary_cross_entropy::tests::test_binary_cross_entropy_multilabel_with_smoothing ... [32mok(B[m
test nn::initializer::tests::initializer_uniform_init ... [32mok(B[m
test nn::loss::binary_cross_entropy::tests::test_binary_cross_entropy_multilabel_with_weights ... [32mok(B[m
test nn::linear::tests::test_linear_forward_no_bias ... [32mok(B[m
test nn::linear::tests::test_linear_1d ... [32mok(B[m
test nn::initializer::tests::initializer_xavier_normal_init ... [32mok(B[m
test nn::interpolate::interpolate1d::tests::test_module ... [32mok(B[m
test nn::loss::binary_cross_entropy::tests::test_binary_cross_entropy_preds_all_correct ... [32mok(B[m
test nn::linear::tests::test_linear_forward_with_bias ... [32mok(B[m
test nn::attention::mha::tests::test_generic_mha_shapes ... [32mok(B[m
test nn::interpolate::interpolate2d::tests::test_module ... [32mok(B[m
test nn::loss::binary_cross_entropy::tests::test_binary_cross_entropy_with_smoothing ... [32mok(B[m
test nn::loss::cross_entropy::tests::display ... [32mok(B[m
test nn::loss::binary_cross_entropy::tests::test_binary_cross_entropy_with_weights ... [32mok(B[m
test nn::loss::binary_cross_entropy::tests::test_binary_cross_entropy_preds_all_incorrect ... [32mok(B[m
test nn::loss::binary_cross_entropy::tests::test_binary_cross_entropy_with_logits ... [32mok(B[m
test nn::loss::cross_entropy::tests::test_cross_entropy_loss_with_pad_token ... [32mok(B[m
test nn::loss::cross_entropy::tests::test_label_smoothing_target_conversion ... [32mok(B[m
test nn::loss::cross_entropy::tests::test_label_smoothing ... [32mok(B[m
test nn::loss::cross_entropy::tests::test_label_smoothing_alpha_equal_zero ... [32mok(B[m
test nn::loss::cross_entropy::tests::test_cross_entropy_loss_with_weights ... [32mok(B[m
test nn::loss::cross_entropy::tests::test_cross_entropy_loss ... [32mok(B[m
test nn::loss::huber::tests::display ... [32mok(B[m
test nn::loss::huber::tests::test_huber_loss ... [32mok(B[m
test nn::loss::mse::tests::test_mse_loss ... [32mok(B[m
test nn::loss::mse::tests::display ... [32mok(B[m
test nn::loss::poisson::tests::display ... [32mok(B[m
test nn::loss::cross_entropy::tests::test_label_smoothing_with_weights_and_alpha_zero ... [32mok(B[m
test nn::loss::poisson::tests::test_negative_eps - should panic ... [32mok(B[m
test nn::loss::poisson::tests::test_poisson_nll_loss ... [32mok(B[m
test nn::loss::poisson::tests::test_exp_predictions_non_negative - should panic ... [32mok(B[m
test nn::loss::poisson::tests::test_poisson_nll_loss_no_log_input ... [32mok(B[m
test nn::loss::cross_entropy::tests::test_label_smoothing_with_zero_alpha_and_pad_token ... [32mok(B[m
test nn::loss::poisson::tests::test_shape_tensors - should panic ... [32mok(B[m
test nn::loss::huber::tests::test_huber_ad_loss ... [32mok(B[m
test nn::loss::poisson::tests::test_poisson_nll_loss_full ... [32mok(B[m
test nn::loss::poisson::tests::test_targets_with_negative_values - should panic ... [32mok(B[m
test nn::loss::poisson::tests::test_poisson_nll_loss_gradients ... [32mok(B[m
test nn::norm::batch::tests_2d::display ... [32mok(B[m
test nn::norm::group::tests::group_norm_forward_affine_false ... [32mok(B[m
test nn::norm::batch::tests_1d::batch_norm_forward_train ... [32mok(B[m
test nn::norm::batch::tests_2d::batch_norm_forward_train ... [32mok(B[m
test nn::norm::batch::tests_1d::batch_norm_forward_inference ... [32mok(B[m
test nn::norm::group::tests::display ... [32mok(B[m
test nn::norm::instance::tests::display ... [32mok(B[m
test nn::norm::group::tests::group_norm_forward_affine_true ... [32mok(B[m
test nn::norm::layer::tests::layer_norm_forward ... [32mok(B[m
test nn::norm::instance::tests::instance_norm_forward_affine_false ... [32mok(B[m
test nn::norm::layer::tests::layer_norm_forward_large_epsilon ... [32mok(B[m
test nn::norm::layer::tests::display ... [32mok(B[m
test nn::norm::rms::tests::display ... [32mok(B[m
test nn::pool::adaptive_avg_pool2d::tests::display ... [32mok(B[m
test nn::norm::instance::tests::instance_norm_forward_affine_true ... [32mok(B[m
test nn::norm::rms::tests::rms_norm_forward ... [32mok(B[m
test nn::pool::avg_pool2d::tests::display ... [32mok(B[m
test nn::pool::avg_pool1d::tests::same_with_even_kernel_is_invalid - should panic ... [32mok(B[m
test nn::pool::adaptive_avg_pool1d::tests::display ... [32mok(B[m
test nn::pool::avg_pool2d::tests::same_with_even_kernel_is_invalid - should panic ... [32mok(B[m
test nn::pool::max_pool1d::tests::display ... [32mok(B[m
test nn::pool::max_pool1d::tests::same_with_even_kernel_is_invalid - should panic ... [32mok(B[m
test nn::pool::max_pool2d::tests::same_with_even_kernel_is_invalid - should panic ... [32mok(B[m
test nn::pool::avg_pool1d::tests::display ... [32mok(B[m
test nn::pool::max_pool2d::tests::display ... [32mok(B[m
test nn::pos_encoding::tests::test_generate_sinusoids ... [32mok(B[m
test nn::relu::tests::display ... [32mok(B[m
test nn::rnn::gru::tests::display ... [32mok(B[m
test nn::prelu::tests::display ... [32mok(B[m
test nn::norm::batch::tests_2d::batch_norm_grads ... [32mok(B[m
test nn::norm::batch::tests_2d::batch_norm_running_var ... [32mok(B[m
test nn::norm::batch::tests_2d::batch_norm_running_mean ... [32mok(B[m
test nn::norm::batch::tests_2d::batch_norm_forward_inference ... [32mok(B[m
test nn::norm::batch::tests_2d::batch_norm_running_mean_inner_module ... [32mok(B[m
test nn::pos_encoding::tests::display ... [32mok(B[m
test nn::norm::layer::tests::layer_norm_backward ... [32mok(B[m
test nn::pos_encoding::tests::test_module ... [32mok(B[m
test nn::rnn::gru::tests::tests_forward_single_input_single_feature ... [32mok(B[m
test nn::pos_encoding::tests::d_model_input_should_match - should panic ... [32mok(B[m
test nn::rope_encoding::tests::display ... [32mok(B[m
test nn::pos_encoding::tests::input_length_should_be_less_than_max_len - should panic ... [32mok(B[m
test nn::rope_encoding::tests::test_rotary_encoding_forward ... [32mok(B[m
test nn::rope_encoding::tests::test_rotary_encoding_frequencies ... [32mok(B[m
test nn::rope_encoding::tests::test_valid_input_hidden_dim - should panic ... [32mok(B[m
test nn::rope_encoding::tests::test_rotary_encoding_with_frequency_scaling ... [32mok(B[m
test nn::sigmoid::tests::display ... [32mok(B[m
test nn::rnn::gru::tests::tests_forward_seq_len_3 ... [32mok(B[m
test nn::rope_encoding::tests::test_zero_input_rotary_encoding_forward ... [32mok(B[m
test nn::swiglu::tests::display ... [32mok(B[m
test nn::tanh::tests::display ... [32mok(B[m
test nn::swiglu::tests::test_swiglu_forward_no_bias ... [32mok(B[m
test nn::rnn::lstm::tests::display_bilstm ... [32mok(B[m
test nn::rnn::lstm::tests::display_lstm ... [32mok(B[m
test nn::rnn::lstm::tests::test_with_uniform_initializer ... [32mok(B[m
test nn::rnn::lstm::tests::test_forward_single_input_single_feature ... [32mok(B[m
test nn::swiglu::tests::test_swiglu_forward_with_bias ... [32mok(B[m
test nn::transformer::pwff::tests::display ... [32mok(B[m
test nn::unfold::tests::display ... [32mok(B[m
test nn::transformer::encoder::tests::display ... [32mok(B[m
test optim::adagrad::tests::test_adagrad_optimizer_save_load_state ... [32mok(B[m
test nn::transformer::decoder::tests::display ... [32mok(B[m
test optim::adagrad::tests::test_adagrad_optimizer_with_numbers ... [32mok(B[m
test optim::adam::tests::test_adam_optimizer_save_load_state ... [32mok(B[m
test optim::adam::tests::test_adam_optimizer_no_nan ... [32mok(B[m
test optim::adamw::tests::test_adamw_optimizer_save_load_state ... [32mok(B[m
test optim::adamw::tests::test_adam_optimizer_no_nan ... [32mok(B[m
test optim::adam::tests::test_adam_optimizer_with_numbers ... [32mok(B[m
test optim::grad_accum::tests::test_accumulate_gradients_one_step ... [32mok(B[m
test optim::adamw::tests::test_adamw_optimizer_with_numbers ... [32mok(B[m
test optim::grad_accum::tests::test_accumulate_gradients_two_steps ... [32mok(B[m
test nn::rnn::lstm::tests::test_bidirectional ... [32mok(B[m
test optim::grads::tests::test_convert_grads ... [32mok(B[m
test optim::sgd::tests::can_attach_gradient_clipping ... [32mok(B[m
test optim::rmsprop::tests::test_rmsprop_optimizer_save_load_state ... [32mok(B[m
test nn::transformer::encoder::tests::test_autoregressive_norm_first ... [32mok(B[m
test optim::sgd::tests::without_updated_params_should_not_have_state ... [32mok(B[m
test nn::transformer::encoder::tests::test_autoregressive_norm_last ... [32mok(B[m
test nn::rnn::lstm::tests::test_batched_backward_pass ... [32mok(B[m
test optim::rmsprop::tests::test_rmsprop_optimizer_with_numbers ... [32mok(B[m
test optim::rmsprop::tests::test_rmsprop_optimizer_with_numbers_basic ... [32mok(B[m
test optim::sgd::tests::should_load_state ... [32mok(B[m
test record::file::tests::test_can_save_and_load_bingz_format ... [32mok(B[m
test record::memory::tests::test_can_save_and_load_bin_format ... [32mok(B[m
test record::file::tests::test_can_save_and_load_bin_format ... [32mok(B[m
test record::file::tests::test_can_save_and_load_jsongz_format ... [32mok(B[m
test record::recorder::tests::err_when_invalid_item - should panic ... [32mok(B[m
test record::serde::ser::tests::test_param_serde ... [32mok(B[m
test record::serde::ser::tests::test_serialize ... [32mok(B[m
test record::file::tests::test_can_save_and_load_mpk_format ... [32mok(B[m
test optim::sgd::tests::with_updated_params_should_have_state ... [32mok(B[m
test record::file::tests::test_can_save_and_load_mpkgz_format ... [32mok(B[m
test record::file::tests::test_can_save_and_load_pretty_json_format ... [32mok(B[m
test record::memory::tests::test_can_save_and_load_named_mpk_format ... [32mok(B[m
test nn::rnn::lstm::tests::test_batched_forward_pass_batch_of_one ... [32mok(B[m
test nn::transformer::decoder::tests::test_autoregressive_norm_last ... [32mok(B[m
test nn::rnn::gru::tests::test_batched_forward_pass ... [32mok(B[m
test nn::transformer::decoder::tests::test_autoregressive_norm_first ... [32mok(B[m
test nn::rnn::lstm::tests::test_batched_forward_pass ... [32mok(B[m

test result: [32mok(B[m. 264 passed; 0 failed; 0 ignored; 0 measured; 0 filtered out; finished in 8.41s

[90m[[0m2025-02-09T11:17:50Z [32mINFO [0m tracel_xtask::utils::process[90m][0m Unit Tests: burn_dataset
[1m[32m     Running[0m unittests src/lib.rs (target/debug/deps/burn_dataset-c7593e56d7be4105)

running 46 tests
test dataset::in_memory::tests::from_json_rows ... [32mok(B[m
test dataset::in_memory::tests::from_csv_rows ... [32mok(B[m
test dataset::in_memory::tests::given_in_memory_dataset_when_iterate_should_iterate_though_all_items ... [32mok(B[m
test dataset::in_memory::tests::from_csv_rows_fmt ... [32mok(B[m
test transform::partial::tests::test_start_from_beginning ... [32mok(B[m
test transform::mapper::tests::given_mapper_dataset_when_iterate_should_iterate_though_all_map_items ... [32mok(B[m
test transform::partial::tests::test_split_contains_all_items_without_duplicates ... [32mok(B[m
test transform::sampler::tests::sampler_dataset_with_replacement_iter ... [32mok(B[m
test transform::sampler::tests::sampler_dataset_without_replacement_bucket_test ... [32mok(B[m
test transform::partial::tests::test_start_inside ... [32mok(B[m
test transform::window::tests::cloned_iterator_should_be_unaffected ... [32mok(B[m
test transform::window::tests::cloned_iterator_should_be_equal ... [32mok(B[m
test transform::window::tests::window_dataset_get_should_be_equal ... [32mok(B[m
test transform::window::tests::window_dataset_get_should_be_none ... [32mok(B[m
test transform::window::tests::window_dataset_len_should_be_equal ... [32mok(B[m
test transform::window::tests::window_dataset_len_should_be_zero ... [32mok(B[m
test transform::window::tests::window_iterator_should_be_empty ... [32mok(B[m
test transform::window::tests::windows_dataset_should_be_equal_to_vec_windows ... [32mok(B[m
test transform::window::tests::windows_should_be_equal_to_vec_windows ... [32mok(B[m
test transform::window::tests::new_window_dataset_should_panic - should panic ... [32mok(B[m
test transform::window::tests::windows_should_panic - should panic ... [32mok(B[m
test vision::image_folder::tests::image_folder_dataset_filtered ... [32mok(B[m
test vision::image_folder::tests::image_folder_dataset ... [32mok(B[m
test vision::image_folder::tests::image_folder_dataset_invalid_extension - should panic ... [32mok(B[m
test vision::image_folder::tests::coco_detection_dataset ... [32mok(B[m
test vision::image_folder::tests::parse_image_annotation_label_string ... [32mok(B[m
test vision::image_folder::tests::image_folder_dataset_multilabel ... [32mok(B[m
test vision::image_folder::tests::image_folder_dataset_with_items ... [32mok(B[m
test vision::image_folder::tests::parse_image_annotation_multilabel_string ... [32mok(B[m
test vision::image_folder::tests::pixel_depth_try_into_f32 ... [32mok(B[m
test vision::image_folder::tests::pixel_depth_try_into_u16 ... [32mok(B[m
test vision::image_folder::tests::pixel_depth_try_into_f32_invalid - should panic ... [32mok(B[m
test vision::image_folder::tests::pixel_depth_try_into_u8 ... [32mok(B[m
test vision::image_folder::tests::pixel_depth_try_into_u16_invalid - should panic ... [32mok(B[m
test vision::image_folder::tests::pixel_depth_try_into_u8_invalid - should panic ... [32mok(B[m
test dataset::in_memory::tests::from_dataset ... [32mok(B[m
test vision::image_folder::tests::segmask_image_path_to_vec_usize ... [32mok(B[m
test vision::image_folder::tests::segmask_folder_dataset ... [32mok(B[m
test dataset::sqlite::tests::get_none ... [32mok(B[m
test dataset::sqlite::tests::get_some ... [32mok(B[m
test dataset::sqlite::tests::len ... [32mok(B[m
test dataset::sqlite::tests::test_new ... [32mok(B[m
test dataset::sqlite::tests::sqlite_dataset_storage ... [32mok(B[m
test dataset::sqlite::tests::sqlite_writer_write ... [32mok(B[m
test dataset::sqlite::tests::multi_thread ... [32mok(B[m
test dataset::sqlite::tests::sqlite_writer_write_multi_thread ... [32mok(B[m

test result: [32mok(B[m. 46 passed; 0 failed; 0 ignored; 0 measured; 0 filtered out; finished in 0.85s

[1m[32m     Running[0m unittests examples/hf_dataset.rs (target/debug/examples/hf_dataset-0bfb5221129c1084)

running 0 tests

test result: [32mok(B[m. 0 passed; 0 failed; 0 ignored; 0 measured; 0 filtered out; finished in 0.00s

[1m[32m     Running[0m unittests examples/speech_commands.rs (target/debug/examples/speech_commands-0f78b3f08bb0b069)

running 0 tests

test result: [32mok(B[m. 0 passed; 0 failed; 0 ignored; 0 measured; 0 filtered out; finished in 0.00s

[90m[[0m2025-02-09T11:17:51Z [32mINFO [0m tracel_xtask::utils::process[90m][0m Unit Tests: burn_derive
[1m[32m     Running[0m unittests src/lib.rs (target/debug/deps/burn_derive-ec501e32430bbfe0)

running 0 tests

test result: [32mok(B[m. 0 passed; 0 failed; 0 ignored; 0 measured; 0 filtered out; finished in 0.00s

[90m[[0m2025-02-09T11:17:51Z [32mINFO [0m tracel_xtask::utils::process[90m][0m Unit Tests: burn_fusion
[1m[32m     Running[0m unittests src/lib.rs (target/debug/deps/burn_fusion-63e7cdb97ba574b3)

running 15 tests
test stream::context::tests::tensor_description_to_relative ... [32mok(B[m
test stream::execution::policy::tests::given_existing_optimizations_when_sync_should_execute_one_when_available ... [32mok(B[m
test stream::base::tests::stream_id_from_different_threads ... [32mok(B[m
test stream::execution::policy::tests::given_existing_plan_when_found_trigger_should_execute_plan ... [32mok(B[m
test stream::execution::policy::tests::given_no_optimization_should_explore ... [32mok(B[m
test stream::execution::policy::tests::should_select_right_optimization ... [32mok(B[m
test stream::execution::policy::tests::should_invalidate_wrong_optimizations ... [32mok(B[m
test stream::execution::policy::tests::should_support_multiple_triggers ... [32mok(B[m
test stream::execution::tests::should_reuse_basic_operations ... [32mok(B[m
test stream::execution::tests::should_support_complex_stream ... [32mok(B[m
test stream::store::index::tests::should_find_optimization_id_based_on_tensor_ops ... [32mok(B[m
test stream::store::index::tests::should_handle_hash_collisions ... [32mok(B[m
test stream::store::index::tests::should_only_find_optimization_with_correct_starting_ops ... [32mok(B[m
test stream::execution::tests::should_support_overlapping_optimizations ... [32mok(B[m
test stream::store::index::tests::should_support_multiple_optimization_ids_with_same_starting_ops ... [32mok(B[m

test result: [32mok(B[m. 15 passed; 0 failed; 0 ignored; 0 measured; 0 filtered out; finished in 0.00s

[90m[[0m2025-02-09T11:17:51Z [32mINFO [0m tracel_xtask::utils::process[90m][0m Unit Tests: burn_import
[1m[32m     Running[0m unittests src/lib.rs (target/debug/deps/burn_import-c8ab0bfac6f0ed90)

running 115 tests
test burn::node::binary::tests::test_binary_codegen_div_scalars ... [32mok(B[m
test burn::node::avg_pool2d::tests::test_codegen ... [32mok(B[m
test burn::node::binary::tests::test_binary_codegen_add ... [32mok(B[m
test burn::node::base::tests::test_codegen_two_nodes ... [32mok(B[m
test burn::node::binary::tests::test_binary_codegen_add_scalar ... [32mok(B[m
test burn::node::binary::tests::test_binary_codegen_add_scalars ... [32mok(B[m
test burn::node::argmax::tests::test_codegen_argmax ... [32mok(B[m
test burn::node::base::tests::test_codegen_clone_tensor ... [32mok(B[m
test burn::node::binary::tests::test_binary_codegen_div ... [32mok(B[m
test burn::node::batch_norm::tests::test_codegen ... [32mok(B[m
test burn::node::binary::tests::test_binary_codegen_div_scalar ... [32mok(B[m
test burn::node::avg_pool1d::tests::test_codegen ... [32mok(B[m
test burn::node::binary::tests::test_binary_codegen_equal_scalars ... [32mok(B[m
test burn::node::binary::tests::test_binary_codegen_greater ... [32mok(B[m
test burn::node::binary::tests::test_binary_codegen_greater_or_equal_scalar ... [32mok(B[m
test burn::node::binary::tests::test_binary_codegen_greater_scalar ... [32mok(B[m
test burn::node::binary::tests::test_binary_codegen_equal_tensors ... [32mok(B[m
test burn::node::binary::tests::test_binary_codegen_less_or_equal ... [32mok(B[m
test burn::node::binary::tests::test_binary_codegen_less_scalar ... [32mok(B[m
test burn::node::binary::tests::test_binary_codegen_less_or_equal_scalar ... [32mok(B[m
test burn::node::binary::tests::test_binary_codegen_greater_or_equal ... [32mok(B[m
test burn::node::binary::tests::test_binary_codegen_min ... [32mok(B[m
test burn::node::binary::tests::test_binary_codegen_max ... [32mok(B[m
test burn::node::binary::tests::test_binary_codegen_less ... [32mok(B[m
test burn::node::binary::tests::test_binary_codegen_mul_scalar ... [32mok(B[m
test burn::node::binary::tests::test_binary_codegen_powi_scalar ... [32mok(B[m
test burn::node::binary::tests::test_binary_codegen_powi ... [32mok(B[m
test burn::node::binary::tests::test_binary_codegen_mul ... [32mok(B[m
test burn::node::binary::tests::test_binary_codegen_mul_scalars ... [32mok(B[m
test burn::node::constant_of_shape::tests::test_constant_val ... [32mok(B[m
test burn::node::binary::tests::test_binary_codegen_powf_scalar ... [32mok(B[m
test burn::node::binary::tests::test_binary_codegen_sub ... [32mok(B[m
test burn::node::binary::tests::test_binary_codegen_powf ... [32mok(B[m
test burn::node::clip::tests::codegen_nodes_min ... [32mok(B[m
test burn::node::binary::tests::test_binary_codegen_sub_scalar ... [32mok(B[m
test burn::node::binary::tests::test_binary_codegen_sub_scalars ... [32mok(B[m
test burn::node::clip::tests::codegen_nodes_max ... [32mok(B[m
test burn::node::clip::tests::codegen_nodes_min_max ... [32mok(B[m
test burn::node::constant_of_shape::tests::test_codegen_nodes ... [32mok(B[m
test burn::node::concat::tests::test_codegen_concat ... [32mok(B[m
test burn::node::conv3d::tests::test_codegen ... [32mok(B[m
test burn::node::conv1d::tests::test_codegen ... [32mok(B[m
test burn::node::conv2d::tests::test_codegen ... [32mok(B[m
test burn::node::conv_transpose_2d::tests::test_codegen ... [32mok(B[m
test burn::node::conv_transpose_1d::tests::test_codegen ... [32mok(B[m
test burn::node::conv_transpose_3d::tests::test_codegen ... [32mok(B[m
test burn::node::dropout::tests::test_codegen ... [32mok(B[m
test burn::node::expand::tests::test_codegen_expand_shape ... [32mok(B[m
test burn::node::expand::tests::test_codegen_expand_static ... [32mok(B[m
test burn::node::gather::tests::test_codegen_gather_scalar_idx ... [32mok(B[m
test burn::node::expand::tests::test_codegen_expand_tensor ... [32mok(B[m
test burn::node::gather::tests::test_codegen_gather_2d_idx ... [32mok(B[m
test burn::node::gather_elements::tests::test_codegen_gather_elements ... [32mok(B[m
test burn::node::global_avg_pool::tests::test_codegen_1d ... [32mok(B[m
test burn::node::gather::tests::test_codegen_gather_1d_idx ... [32mok(B[m
test burn::node::global_avg_pool::tests::test_codegen_2d ... [32mok(B[m
test burn::node::gather::tests::test_codegen_gather_shape_input ... [32mok(B[m
test burn::node::layer_norm::tests::test_codegen ... [32mok(B[m
test burn::node::mask_where::tests::test_codegen_where_all_scalar ... [32mok(B[m
test burn::node::mask_where::tests::test_codegen_where ... [32mok(B[m
test burn::node::linear::tests::test_codegen ... [32mok(B[m
test burn::node::mask_where::tests::test_codegen_where_broadcasted ... [32mok(B[m
test burn::node::matmul::tests::test_codegen_matmul_matrix_vector ... [32mok(B[m
test burn::node::mask_where::tests::test_codegen_where_scalar_x ... [32mok(B[m
test burn::node::matmul::tests::test_codegen_matmul ... [32mok(B[m
test burn::node::mask_where::tests::test_codegen_where_scalar_y ... [32mok(B[m
test burn::node::max_pool1d::tests::test_codegen ... [32mok(B[m
test burn::node::matmul::tests::test_codegen_matmul_vector_matrix ... [32mok(B[m
test burn::node::max_pool2d::tests::test_codegen ... [32mok(B[m
test burn::node::mean::tests::test_codegen_mean ... [32mok(B[m
test burn::node::one_hot::tests::test_codegen_nodes ... [32mok(B[m
test burn::node::pad::tests::test_codegen_pad ... [32mok(B[m
test burn::node::prelu::tests::test_codegen ... [32mok(B[m
test burn::node::random_normal::tests::test_codegen_nodes ... [32mok(B[m
test burn::node::random_uniform_like::tests::test_random_normal_like_codegen ... [32mok(B[m
test burn::node::random_uniform::tests::test_codegen_nodes ... [32mok(B[m
test burn::node::random_normal_like::tests::test_random_normal_like_codegen ... [32mok(B[m
test burn::node::range::tests::codegen_nodes_range ... [32mok(B[m
test burn::node::resize::tests::test_codegen_nodes_2d ... [32mok(B[m
test burn::node::reshape::tests::test_codegen_nodes ... [32mok(B[m
test burn::node::slice::tests::test_codegen_slice ... [32mok(B[m
test burn::node::resize::tests::test_codegen_nodes_1d ... [32mok(B[m
test burn::node::squeeze::tests::test_codegen_nodes ... [32mok(B[m
test burn::node::tile::tests::test_codegen_tile ... [32mok(B[m
test burn::node::sum::tests::test_codegen_sum ... [32mok(B[m
test burn::node::trilu::tests::test_codegen_triu ... [32mok(B[m
test burn::node::unary::tests::test_unary_codegen_cos ... [32mok(B[m
test burn::node::unary::tests::test_unary_codegen_flatten ... [32mok(B[m
test burn::node::unary::tests::test_unary_codegen_exp ... [32mok(B[m
test burn::node::unary::tests::test_unary_codegen_erf ... [32mok(B[m
test burn::node::unary::tests::test_unary_codegen_gelu ... [32mok(B[m
test burn::node::unary::tests::test_unary_codegen_hard_sigmoid ... [32mok(B[m
test burn::node::unary::tests::test_unary_codegen_log ... [32mok(B[m
test burn::node::trilu::tests::test_codegen_tril ... [32mok(B[m
test burn::node::unary::tests::test_unary_codegen_leaky_relu ... [32mok(B[m
test burn::node::unary::tests::test_unary_codegen_log_softmax ... [32mok(B[m
test burn::node::unary::tests::test_unary_codegen_not ... [32mok(B[m
test burn::node::unary::tests::test_unary_codegen_reciprocal ... [32mok(B[m
test burn::node::unary::tests::test_unary_codegen_shape ... [32mok(B[m
test burn::node::unary::tests::test_unary_codegen_relu ... [32mok(B[m
test burn::node::unary::tests::test_unary_codegen_sin ... [32mok(B[m
test burn::node::unary::tests::test_unary_codegen_sigmoid ... [32mok(B[m
test burn::node::unary::tests::test_unary_codegen_softmax ... [32mok(B[m
test burn::node::unary::tests::test_unary_codegen_reduce_max ... [32mok(B[m
test burn::node::unary::tests::test_unary_codegen_reduce_mean ... [32mok(B[m
test burn::node::unary::tests::test_unary_codegen_tanh ... [32mok(B[m
test burn::node::unary::tests::test_unary_codegen_reduce_sum ... [32mok(B[m
test burn::node::unary::tests::test_unary_codegen_reduce_min ... [32mok(B[m
test burn::node::unary::tests::test_unary_codegen_reduce_prod ... [32mok(B[m
test burn::node::unary::tests::test_unary_codegen_transpose ... [32mok(B[m
test burn::node::unary::tests::test_unary_neg_tensor ... [32mok(B[m
test burn::node::unary::tests::test_unary_neg_scalar ... [32mok(B[m
test burn::node::unary::tests::test_unary_sign_tensor ... [32mok(B[m
test burn::node::unsqueeze::tests::test_codegen_nodes ... [32mok(B[m
test burn::node::unary::tests::test_unary_codegen_cast ... [32mok(B[m

test result: [32mok(B[m. 115 passed; 0 failed; 0 ignored; 0 measured; 0 filtered out; finished in 2.00s

[90m[[0m2025-02-09T11:17:53Z [32mINFO [0m tracel_xtask::utils::process[90m][0m Unit Tests: onnx2burn
[1m[32m     Running[0m unittests src/bin/onnx2burn.rs (target/debug/deps/onnx2burn-fa7cc4947d3ccf4e)

running 0 tests

test result: [32mok(B[m. 0 passed; 0 failed; 0 ignored; 0 measured; 0 filtered out; finished in 0.00s

[90m[[0m2025-02-09T11:17:54Z [32mINFO [0m tracel_xtask::utils::process[90m][0m Unit Tests: burn_jit
[1m[32m     Running[0m unittests src/lib.rs (target/debug/deps/burn_jit-5656c09dff82573e)

running 8 tests
test kernel::matmul::tune::key::tests::matmul_autotune_key_all_different ... [32mok(B[m
test kernel::matmul::tune::key::tests::matmul_autotune_key_large_batch ... [32mok(B[m
test kernel::matmul::tune::key::tests::matmul_autotune_key_all_same_and_round ... [32mok(B[m
test tensor::base::tests::is_contiguous_4d_positive ... [32mok(B[m
test tensor::base::tests::is_contiguous_basic ... [32mok(B[m
test tensor::base::tests::is_contiguous_permuted ... [32mok(B[m
test tensor::base::tests::is_contiguous_4d_negative ... [32mok(B[m
test tensor::base::tests::is_contiguous_slice ... [32mok(B[m

test result: [32mok(B[m. 8 passed; 0 failed; 0 ignored; 0 measured; 0 filtered out; finished in 0.00s

[90m[[0m2025-02-09T11:17:54Z [32mINFO [0m tracel_xtask::utils::process[90m][0m Unit Tests: burn_ndarray
[1m[32m     Running[0m unittests src/lib.rs (target/debug/deps/burn_ndarray-f15fd89b0e1fb03b)

running 1043 tests
test ops::matmul::tests::test_output_shape ... [32mok(B[m
test tensor::tests::should_support_into_and_from_data_1d ... [32mok(B[m
test tensor::tests::should_support_into_and_from_data_2d ... [32mok(B[m
test ops::base::tests::should_generate_row_major_layout_for_cat ... [32mok(B[m
test tensor::tests::should_support_into_and_from_data_3d ... [32mok(B[m
test tensor::tests::should_support_into_and_from_data_4d ... [32mok(B[m
test tests::autodiff::ad_add::tests::should_diff_add ... [32mok(B[m
test tests::autodiff::ad_add::tests::should_diff_add_scalar ... [32mok(B[m
test tensor::tests::should_support_qtensor_strategy ... [32mok(B[m
test tests::autodiff::ad_add::tests::test_add_complex_1 ... [32mok(B[m
test tests::autodiff::ad_adaptive_avg_pool1d::tests::test_avg_pool1d_simple ... [32mok(B[m
test tests::autodiff::ad_adaptive_avg_pool2d::tests::test_avg_pool2d_simple ... [32mok(B[m
test tests::autodiff::ad_avg_pool1d::tests::test_avg_pool1d_complex ... [32mok(B[m
test ops::matmul::tests::test_output_shape_bad_matrix_dims - should panic ... [32mok(B[m
test ops::matmul::tests::test_output_shape_non_broadcast - should panic ... [32mok(B[m
test ops::matmul::tests::test_output_shape_too_small - should panic ... [32mok(B[m
test tests::autodiff::ad_aggregation::tests::should_diff_sum_1 ... [32mok(B[m
test tests::autodiff::ad_abs::tests::should_diff_abs ... [32mok(B[m
test tests::autodiff::ad_avg_pool2d::tests::test_avg_pool2d_complex ... [32mok(B[m
test tests::autodiff::ad_abs::tests::should_diff_abs_no_nans ... [32mok(B[m
test tests::autodiff::ad_avg_pool2d::tests::test_avg_pool2d_simple ... [32mok(B[m
test tests::autodiff::ad_avg_pool1d::tests::test_avg_pool1d_simple ... [32mok(B[m
test tests::autodiff::ad_avg_pool1d::tests::test_avg_pool1d_complex_dont_count_pad ... [32mok(B[m
test tests::autodiff::ad_avg_pool2d::tests::test_avg_pool2d_complex_dont_include_pad ... [32mok(B[m
test tests::autodiff::ad_aggregation::tests::should_diff_sum_dim ... [32mok(B[m
test tests::autodiff::ad_aggregation::tests::should_diff_mean_dim ... [32mok(B[m
test tests::autodiff::ad_broadcast::tests::add_broadcast ... [32mok(B[m
test tests::autodiff::ad_broadcast::tests::sub_broadcast ... [32mok(B[m
test tests::autodiff::ad_broadcast::tests::matmul_broadcast ... [32mok(B[m
test tests::autodiff::ad_broadcast::tests::mul_broadcast ... [32mok(B[m
test tests::autodiff::ad_ceil::tests::should_diff_ceil ... [32mok(B[m
test tests::autodiff::ad_aggregation::tests::should_diff_mean ... [32mok(B[m
test tests::autodiff::ad_broadcast::tests::div_broadcast ... [32mok(B[m
test tests::autodiff::ad_aggregation::tests::should_diff_sum_2 ... [32mok(B[m
test tests::autodiff::ad_cat::tests::should_diff_cat_more_than_1_dim ... [32mok(B[m
test tests::autodiff::ad_complex::tests::should_diff_full_complex_1 ... [32mok(B[m
test tests::autodiff::ad_conv1d::tests::test_conv1d_different_channels ... [32mok(B[m
test tests::autodiff::ad_conv1d::tests::test_conv1d_dilation ... [32mok(B[m
test tests::autodiff::ad_broadcast::tests::mask_where_broadcast ... [32mok(B[m
test tests::autodiff::ad_complex::tests::should_diff_full_complex_3 ... [32mok(B[m
test tests::autodiff::ad_conv1d::tests::test_conv1d_groups ... [32mok(B[m
test tests::autodiff::ad_conv1d::tests::test_conv1d_with_padding ... [32mok(B[m
test tests::autodiff::ad_conv2d::tests::test_conv2d_complex ... [32mok(B[m
test tests::autodiff::ad_cat::tests::should_diff_cat ... [32mok(B[m
test tests::autodiff::ad_complex::tests::should_diff_full_complex_2 ... [32mok(B[m
test tests::autodiff::ad_conv1d::tests::test_conv1d_with_stride ... [32mok(B[m
test tests::autodiff::ad_conv1d::tests::test_conv1d_basic ... [32mok(B[m
test tests::autodiff::ad_conv2d::tests::test_conv2d_basic ... [32mok(B[m
test tests::autodiff::ad_conv2d::tests::test_conv2d_different_kernel_size ... [32mok(B[m
test tests::autodiff::ad_conv2d::tests::test_conv2d_different_stride ... [32mok(B[m
test tests::autodiff::ad_conv2d::tests::test_conv2d_different_width ... [32mok(B[m
test tests::autodiff::ad_conv2d::tests::test_conv2d_different_channels ... [32mok(B[m
test tests::autodiff::ad_conv2d::tests::test_conv2d_stride_2 ... [32mok(B[m
test tests::autodiff::ad_conv2d::tests::test_conv2d_dilation_2 ... [32mok(B[m
test tests::autodiff::ad_conv2d::tests::test_conv2d_groups_stride_2 ... [32mok(B[m
test tests::autodiff::ad_conv2d::tests::test_conv2d_groups ... [32mok(B[m
test tests::autodiff::ad_conv2d::tests::test_conv2d_different_padding ... [32mok(B[m
test tests::autodiff::ad_conv2d::tests::test_conv2d_different_dilation ... [32mok(B[m
test tests::autodiff::ad_conv3d::tests::test_conv3d_complex ... [32mok(B[m
test tests::autodiff::ad_conv3d::tests::test_conv3d_basic ... [32mok(B[m
test tests::autodiff::ad_conv2d::tests::test_conv2d_groups_different_channels ... [32mok(B[m
test tests::autodiff::ad_conv_transpose1d::tests::test_conv_transpose1d_complex ... [32mok(B[m
test tests::autodiff::ad_conv_transpose1d::tests::test_conv_transpose1d_stride_padding_out ... [32mok(B[m
test tests::autodiff::ad_conv_transpose2d::tests::test_conv_transpose2d_dilation ... [32mok(B[m
test tests::autodiff::ad_conv_transpose2d::tests::test_conv_transpose2d_groups ... [32mok(B[m
test tests::autodiff::ad_conv_transpose2d::tests::test_conv_transpose2d_channels ... [32mok(B[m
test tests::autodiff::ad_conv_transpose2d::tests::test_conv_transpose2d_complex_groups ... [32mok(B[m
test tests::autodiff::ad_conv_transpose2d::tests::test_conv_transpose2d_basic ... [32mok(B[m
test tests::autodiff::ad_conv_transpose2d::tests::test_conv_transpose2d_complex_no_groups ... [32mok(B[m
test tests::autodiff::ad_conv_transpose1d::tests::test_conv_transpose1d_padding ... [32mok(B[m
test tests::autodiff::ad_conv_transpose1d::tests::test_conv_transpose1d_basic ... [32mok(B[m
test tests::autodiff::ad_conv_transpose2d::tests::test_conv_transpose2d_complex_no_groups_2 ... [32mok(B[m
test tests::autodiff::ad_conv_transpose1d::tests::test_conv_transpose1d_stride ... [32mok(B[m
test tests::autodiff::ad_conv_transpose2d::tests::test_conv_transpose2d_stride_padding_out ... [32mok(B[m
test tests::autodiff::ad_cos::tests::should_diff_cos ... [32mok(B[m
test tests::autodiff::ad_conv_transpose3d::tests::test_conv_transpose3d_basic ... [32mok(B[m
test tests::autodiff::ad_conv_transpose2d::tests::test_conv_transpose2d_kernel_size ... [32mok(B[m
test tests::autodiff::ad_conv_transpose1d::tests::test_conv_transpose1d_dilation ... [32mok(B[m
test tests::autodiff::ad_conv_transpose2d::tests::test_conv_transpose2d_padding ... [32mok(B[m
test tests::autodiff::ad_conv_transpose2d::tests::test_conv_transpose2d_stride ... [32mok(B[m
test tests::autodiff::ad_div::tests::should_diff_div_scalar ... [32mok(B[m
test tests::autodiff::ad_div::tests::should_diff_div ... [32mok(B[m
test tests::autodiff::ad_div::tests::test_div_complex_1 ... [32mok(B[m
test tests::autodiff::ad_expand::tests::should_diff_expand ... [32mok(B[m
test tests::autodiff::ad_deform_conv2d::tests::test_deform_conv2d_basic ... [32mok(B[m
test tests::autodiff::ad_floor::tests::should_diff_floor ... [32mok(B[m
test tests::autodiff::ad_deform_conv2d::tests::test_deform_conv2d_different_kernel_size ... [32mok(B[m
test tests::autodiff::ad_deform_conv2d::tests::test_deform_conv2d_batched ... [32mok(B[m
test tests::autodiff::ad_cross_entropy_loss::tests::test_cross_entropy_loss_grad ... [32mok(B[m
test tests::autodiff::ad_flip::tests::should_diff_flip ... [32mok(B[m
test tests::autodiff::ad_deform_conv2d::tests::test_deform_conv2d_different_padding ... [32mok(B[m
test tests::autodiff::ad_log_sigmoid::tests::should_diff_log_sigmoid ... [32mok(B[m
test tests::autodiff::ad_conv_transpose3d::tests::test_conv_transpose3d_complex_groups ... [32mok(B[m
test tests::autodiff::ad_erf::tests::should_diff_erf ... [32mok(B[m
test tests::autodiff::ad_div::tests::test_div_complex_2 ... [32mok(B[m
test tests::autodiff::ad_log1p::tests::should_diff_log1p ... [32mok(B[m
test tests::autodiff::ad_gelu::tests::should_diff_gelu ... [32mok(B[m
test tests::autodiff::ad_exp::tests::should_diff_exp ... [32mok(B[m
test tests::autodiff::ad_gather_scatter::tests::test_gather_grad ... [32mok(B[m
test tests::autodiff::ad_log::tests::should_diff_log ... [32mok(B[m
test tests::autodiff::ad_mask::tests::should_diff_mask_where ... [32mok(B[m
test tests::autodiff::ad_max_pool1d::tests::test_max_pool1d_simple ... [32mok(B[m
test tests::autodiff::ad_matmul::tests::should_diff_matmul ... [32mok(B[m
test tests::autodiff::ad_max_pool1d::tests::test_max_pool1d_complex_with_padding ... [32mok(B[m
test tests::autodiff::ad_max_pool2d::tests::test_max_pool2d_complex ... [32mok(B[m
test tests::autodiff::ad_mask::tests::should_diff_mask_fill ... [32mok(B[m
test tests::autodiff::ad_gather_scatter::tests::test_scatter_grad ... [32mok(B[m
test tests::autodiff::ad_max_pool1d::tests::test_max_pool1d_complex ... [32mok(B[m
test tests::autodiff::ad_max_pool1d::tests::test_max_pool1d_with_dilation ... [32mok(B[m
test tests::autodiff::ad_mul::tests::should_diff_mul_scalar ... [32mok(B[m
test tests::autodiff::ad_mul::tests::should_diff_mul ... [32mok(B[m
test tests::autodiff::ad_matmul::tests::test_matmul_complex_1 ... [32mok(B[m
test tests::autodiff::ad_max_pool2d::tests::test_max_pool2d_simple_2 ... [32mok(B[m
test tests::autodiff::ad_max_pool2d::tests::test_max_pool2d_simple_1 ... [32mok(B[m
test tests::autodiff::ad_matmul::tests::test_matmul_complex_2 ... [32mok(B[m
test tests::autodiff::ad_powf::tests::should_diff_powf ... [32mok(B[m
test tests::autodiff::ad_maxmin::tests::should_diff_max_dim ... [32mok(B[m
test tests::autodiff::ad_nearest_interpolate::tests::test_upsample_interpolation ... [32mok(B[m
test tests::autodiff::ad_nearest_interpolate::tests::test_downsample_interpolation ... [32mok(B[m
test tests::autodiff::ad_neg::tests::should_diff_neg ... [32mok(B[m
test tests::autodiff::ad_permute::tests::should_diff_permute ... [32mok(B[m
test tests::autodiff::ad_powf::tests::should_diff_powf_scalar ... [32mok(B[m
test tests::autodiff::ad_max_pool2d::tests::test_max_pool2d_with_dilation ... [32mok(B[m
test tests::autodiff::ad_powf::tests::should_diff_powf_with_untracked_rhs ... [32mok(B[m
test tests::autodiff::ad_powf::tests::should_diff_powf_with_untracked_lhs ... [32mok(B[m
test tests::autodiff::ad_nonzero::tests::should_diff_nonzero ... [32mok(B[m
test tests::autodiff::ad_mul::tests::test_mul_complex_1 ... [32mok(B[m
test tests::autodiff::ad_recip::tests::should_diff_recip ... [32mok(B[m
test tests::autodiff::ad_remainder::tests::should_diff_remainder ... [32mok(B[m
test tests::autodiff::ad_round::tests::should_diff_round ... [32mok(B[m
test tests::autodiff::ad_repeat_dim::tests::should_diff_repeat ... [32mok(B[m
test tests::autodiff::ad_repeat_dim::tests::should_diff_repeat_multi_dim ... [32mok(B[m
test tests::autodiff::ad_reshape::tests::should_diff_reshape ... [32mok(B[m
test tests::autodiff::ad_maxmin::tests::should_diff_min_dim ... [32mok(B[m
test tests::autodiff::ad_sigmoid::tests::should_diff_sigmoid ... [32mok(B[m
test tests::autodiff::ad_select::tests::test_select_grad ... [32mok(B[m
test tests::autodiff::ad_relu::tests::should_diff_relu ... [32mok(B[m
test tests::autodiff::ad_sign::tests::should_diff_sign ... [32mok(B[m
test tests::autodiff::ad_sigmoid::tests::small_neg_val_should_not_cause_grad_overflow ... [32mok(B[m
test tests::autodiff::ad_select::tests::test_select_assign_grad ... [32mok(B[m
test tests::autodiff::ad_select::tests::test_select_assign_grad_different_shapes ... [32mok(B[m
test tests::autodiff::ad_slice::tests::should_diff_matmul_with_slice ... [32mok(B[m
test tests::autodiff::ad_slice::tests::should_diff_matmul_with_slice_assign ... [32mok(B[m
test tests::autodiff::ad_slice::tests::slice_assign_diff_should_give_same_results_as_cat ... [32mok(B[m
test tests::autodiff::ad_slice::tests::should_diff_matmul_with_slice_assign_complex ... [32mok(B[m
test tests::autodiff::ad_sub::tests::should_diff_sub_scalar ... [32mok(B[m
test tests::autodiff::ad_sqrt::tests::should_diff_sqrt ... [32mok(B[m
test tests::autodiff::ad_sort::tests::should_diff_sort ... [32mok(B[m
test tests::autodiff::ad_sub::tests::should_diff_sub ... [32mok(B[m
test tests::autodiff::ad_softmax::tests::test_log_softmax_grad ... [32mok(B[m
test tests::autodiff::ad_sin::tests::should_diff_sin ... [32mok(B[m
test tests::autodiff::ad_multithread::tests::should_behave_the_same_with_multithread ... [32mok(B[m
test tests::autodiff::ad_sort::tests::should_diff_sort_with_indices ... [32mok(B[m
test tests::autodiff::ad_sub::tests::test_sub_complex_1 ... [32mok(B[m
test tests::autodiff::ad_tanh::tests::should_diff_tanh ... [32mok(B[m
test tests::autodiff::ad_softmax::tests::test_softmax_grad ... [32mok(B[m
test tests::autodiff::ad_transpose::tests::should_diff_transpose ... [32mok(B[m
test tests::autodiff::ad_transpose::tests::should_diff_swap_dims ... [32mok(B[m
test tests::autodiff::checkpoint::tests::test_autodiff_checkpoint_with_missing_requirement ... [32mok(B[m
test tests::autodiff::bridge::tests::test_full_precision ... [32mok(B[m
test tests::autodiff::ad_softmax::tests::test_quiet_softmax_grad ... [32mok(B[m
test tests::autodiff::checkpoint::tests::test_autodiff_checkpoint_with_long_chain_of_eager_memory_bound ... [32mok(B[m
test tests::autodiff::checkpoint::tests::test_autodiff_checkpoint_half_sub_graph_not_tracked ... [32mok(B[m
test tests::autodiff::gradients::tests::should_update_tensor_when_grad_replace ... [32mok(B[m
test tests::autodiff::memory_management::tests::test_mm_deletables_propagate_well - should panic ... [32mok(B[m
test tests::autodiff::checkpoint::tests::test_autodiff_checkpoint_complicated_computation ... [32mok(B[m
test tests::autodiff::memory_management::tests::test_mm_crossover_trees_with_referred_subtree ... [32mok(B[m
test tests::autodiff::memory_management::tests::test_mm_crossover_trees_root_unavailable - should panic ... [32mok(B[m
test tests::calibration::tests::min_max_calibration_range ... [32mok(B[m
test tests::q_abs::tests::should_support_abs_ops ... [32mok(B[m
test tests::autodiff::memory_management::tests::test_mm_with_missing_require_grad_after_cleanup ... [32mok(B[m
test tests::q_add::tests::should_support_add_scalar_ops ... [32mok(B[m
test tests::q_add::tests::test_add_broadcast ... [32mok(B[m
test tests::autodiff::memory_management::tests::test_mm_with_non_impacting_detach ... [32mok(B[m
test tests::q_add::tests::test_add_d2 ... [32mok(B[m
test tests::q_add::tests::test_add_different_strides_broadcast ... [32mok(B[m
test tests::q_add::tests::test_add_different_strides_lhs ... [32mok(B[m
test tests::q_add::tests::test_add_different_strides_rhs ... [32mok(B[m
test tests::autodiff::checkpoint::tests::test_autodiff_checkpoint_with_many_duplicates ... [32mok(B[m
test tests::autodiff::memory_management::tests::test_mm_independent_trees ... [32mok(B[m
test tests::autodiff::memory_management::tests::test_mm_self_referencing_tree ... [32mok(B[m
test tests::q_aggregation::tests::test_should_mean ... [32mok(B[m
test tests::q_aggregation::tests::test_should_mean_first_dim ... [32mok(B[m
test tests::q_aggregation::tests::test_should_mean_last_dim ... [32mok(B[m
test tests::q_aggregation::tests::test_should_sum_first_dim ... [32mok(B[m
test tests::q_aggregation::tests::test_should_sum ... [32mok(B[m
test tests::q_aggregation::tests::test_should_sum_last_dim ... [32mok(B[m
test tests::autodiff::checkpoint::tests::test_autodiff_checkpoint_very_complex ... [32mok(B[m
test tests::q_aggregation::tests::test_prod_float ... [32mok(B[m
test tests::q_aggregation::tests::test_should_sum_mid_dim_3d_non_contiguous_1 ... [32mok(B[m
test tests::q_aggregation::tests::test_should_sum_mid_dim_3d_non_contiguous_2 ... [32mok(B[m
test tests::q_all::tests::test_all ... [32mok(B[m
test tests::q_arg::tests::test_argmin_2d_dim0 ... [32mok(B[m
test tests::q_arg::tests::test_argmax_2d_dim0 ... [32mok(B[m
test tests::q_all::tests::test_all_dim ... [32mok(B[m
test tests::autodiff::module_backward::tests::test_embedding_backward ... [32mok(B[m
test tests::q_aggregation::tests::test_prod_dim_float ... [32mok(B[m
test tests::q_any::tests::test_any ... [32mok(B[m
test tests::q_arg::tests::test_argmax_2d_dim1 ... [32mok(B[m
test tests::q_any::tests::test_any_dim ... [32mok(B[m
test tests::q_arg::tests::test_argmin_2d_dim1 ... [32mok(B[m
test tests::autodiff::memory_management::tests::test_mm_with_detach_after_cleanup ... [32mok(B[m
test tests::q_cat::tests::should_panic_when_dimensions_are_not_the_same - should panic ... [32mok(B[m
test tests::autodiff::memory_management::tests::test_mm_three_crossover_trees_last_still_usable ... [32mok(B[m
test tests::q_cat::tests::should_support_cat_ops_2d_dim0 ... [32mok(B[m
test tests::autodiff::memory_management::tests::test_mm_three_crossover_trees_middle_one_unavailable - should panic ... [32mok(B[m
test tests::q_clamp::tests::clamp_max ... [32mok(B[m
test tests::q_cat::tests::should_support_cat_ops_3d ... [32mok(B[m
test tests::q_clamp::tests::clamp_min ... [32mok(B[m
test tests::q_chunk::tests::test_chunk_multi_dimension ... [32mok(B[m
test tests::q_cat::tests::should_support_cat_ops_2d_dim1 ... [32mok(B[m
test tests::q_chunk::tests::test_invalid_dim - should panic ... [32mok(B[m
test tests::q_cat::tests::should_panic_when_cat_exceeds_dimension - should panic ... [32mok(B[m
test tests::q_cos::tests::should_support_cos_ops ... [32mok(B[m
test tests::q_div::tests::should_support_div_scalar_ops ... [32mok(B[m
test tests::q_clamp::tests::clamp_min_max ... [32mok(B[m
test tests::q_chunk::tests::test_chunk_not_evenly_divisible ... [32mok(B[m
test tests::q_div::tests::should_support_div_ops ... [32mok(B[m
test tests::q_div::tests::test_div_broadcast ... [32mok(B[m
test tests::q_expand::tests::broadcast_single ... [32mok(B[m
test tests::q_expand::tests::expand_3d ... [32mok(B[m
test tests::q_erf::tests::should_support_erf_ops ... [32mok(B[m
test tests::q_chunk::tests::test_chunk_not_divisible ... [32mok(B[m
test tests::q_expand::tests::expand_2d ... [32mok(B[m
test tests::q_erf::tests::should_support_erf_ops_with_negative_number ... [32mok(B[m
test tests::q_exp::tests::should_support_exp_ops ... [32mok(B[m
test tests::q_expand::tests::expand_higher_dimensions ... [32mok(B[m
test tests::q_flip::tests::flip_out_of_bound_axis - should panic ... [32mok(B[m
test tests::q_expand::tests::should_all_negative_one ... [32mok(B[m
test tests::q_gather_scatter::tests::should_gather_1d_dim0 ... [32mok(B[m
test tests::q_gather_scatter::tests::scatter_should_panic_on_mismatch_of_shapes - should panic ... [32mok(B[m
test tests::q_expand::tests::should_fail_expand_incompatible_shapes - should panic ... [32mok(B[m
test tests::q_expand::tests::should_panic_negative_one_on_non_existing_dim - should panic ... [32mok(B[m
test tests::q_flip::tests::flip_duplicated_axes - should panic ... [32mok(B[m
test tests::q_gather_scatter::tests::should_gather_2d_dim1 ... [32mok(B[m
test tests::q_gather_scatter::tests::should_gather_2d_dim0 ... [32mok(B[m
test tests::q_flip::tests::flip_float ... [32mok(B[m
test tests::q_gather_scatter::tests::should_gather_2d_only_1dim ... [32mok(B[m
test tests::q_gather_scatter::tests::should_gather_3d_dim1 ... [32mok(B[m
test tests::q_log1p::tests::should_support_exp_log1p ... [32mok(B[m
test tests::q_gather_scatter::tests::should_scatter_1d ... [32mok(B[m
test tests::q_log::tests::should_support_log_ops ... [32mok(B[m
test tests::q_gather_scatter::tests::should_scatter_2d_dim1 ... [32mok(B[m
test tests::q_gather_scatter::tests::should_scatter_2d_dim0 ... [32mok(B[m
test tests::q_gather_scatter::tests::should_scatter_2d_dim1_diff_shape ... [32mok(B[m
test tests::q_gather_scatter::tests::should_scatter_3d_dim1 ... [32mok(B[m
test tests::q_map_comparison::tests::test_greater_elem ... [32mok(B[m
test tests::q_map_comparison::tests::test_equal_elem ... [32mok(B[m
test tests::autodiff::memory_management::tests::test_mm_node_explored_once_can_still_be_tagged_as_useful_when_found_again_deeper ... [32mok(B[m
test tests::q_mask::tests::should_support_mask_fill_ops ... [32mok(B[m
test tests::q_map_comparison::tests::test_equal ... [32mok(B[m
test tests::q_map_comparison::tests::test_not_equal_elem ... [32mok(B[m
test tests::q_map_comparison::tests::test_lower_equal_elem ... [32mok(B[m
test tests::q_map_comparison::tests::test_greater ... [32mok(B[m
test tests::q_map_comparison::tests::test_lower_elem ... [32mok(B[m
test tests::q_map_comparison::tests::test_greater_equal_elem ... [32mok(B[m
test tests::q_mask::tests::should_support_mask_where_ops ... [32mok(B[m
test tests::q_map_comparison::tests::test_greater_equal ... [32mok(B[m
test tests::q_map_comparison::tests::test_lower ... [32mok(B[m
test tests::q_map_comparison::tests::test_lower_equal ... [32mok(B[m
test tests::q_map_comparison::tests::test_not_equal ... [32mok(B[m
test tests::q_matmul::tests::test_matmul_simple_3 ... [32mok(B[m
test tests::q_matmul::tests::should_panic_when_inner_dimensions_are_not_equal - should panic ... [32mok(B[m
test tests::q_matmul::tests::test_matmul_d3 ... [32mok(B[m
test tests::q_matmul::tests::test_matmul_simple_2 ... [32mok(B[m
test tests::q_matmul::tests::test_matmul_trivial ... [32mok(B[m
test tests::q_matmul::tests::test_matmul_broadcast_1 ... [32mok(B[m
test tests::q_matmul::tests::test_matmul_4_3 ... [32mok(B[m
test tests::q_matmul::tests::test_matmul_broadcast_4d ... [32mok(B[m
test tests::q_maxmin::tests::test_max_dim_2d ... [32mok(B[m
test tests::q_matmul::tests::test_matmul_simple_1 ... [32mok(B[m
test tests::q_matmul::tests::test_matmul_d2 ... [32mok(B[m
test tests::q_matmul::tests::test_matmul_trivial_transposed ... [32mok(B[m
test tests::q_maxmin::tests::test_max_dim_2d_with_0th_dim ... [32mok(B[m
test tests::q_maxmin::tests::test_max_dim_with_indices_2d ... [32mok(B[m
test tests::q_maxmin::tests::test_min_dim_with_indices_2d ... [32mok(B[m
test tests::q_maxmin::tests::test_min_dim_2d ... [32mok(B[m
test tests::q_maxmin::tests::test_min_dim_2d_with_0th_dim ... [32mok(B[m
test tests::q_maxmin::tests::test_max_dim_with_indices_2d_with_dim_0th ... [32mok(B[m
test tests::q_mul::tests::should_support_mul_ops ... [32mok(B[m
test tests::q_maxmin::tests::test_min_dim_with_indices_2d_with_0th_dim ... [32mok(B[m
test tests::q_mul::tests::should_support_mul_scalar_ops ... [32mok(B[m
test tests::q_mul::tests::test_mul_broadcast_2_dims ... [32mok(B[m
test tests::q_mul::tests::test_mul_broadcast ... [32mok(B[m
test tests::q_narrow::tests::test_narrow_invalid_start - should panic ... [32mok(B[m
test tests::q_maxmin::tests::test_maximum_pair ... [32mok(B[m
test tests::q_narrow::tests::test_narrow_invalid_dim - should panic ... [32mok(B[m
test tests::q_narrow::tests::test_narrow ... [32mok(B[m
test tests::q_maxmin::tests::test_minimum_pair ... [32mok(B[m
test tests::q_narrow::tests::test_narrow_invalid_length - should panic ... [32mok(B[m
test tests::q_neg::tests::should_support_neg_ops ... [32mok(B[m
test tests::q_narrow::tests::test_narrow_invalid_zero_length - should panic ... [32mok(B[m
test tests::q_powf_scalar::tests::should_support_neg_power ... [32mok(B[m
test tests::q_powf::tests::should_support_neg_values_with_odd_power ... [32mok(B[m
test tests::q_permute::tests::edge_out_of_bound_axis - should panic ... [32mok(B[m
test tests::q_powf::tests::should_support_neg_power ... [32mok(B[m
test tests::q_recip::tests::should_support_recip_ops ... [32mok(B[m
test tests::q_powf_scalar::tests::should_support_neg_values_with_odd_power ... [32mok(B[m
test tests::q_powf_scalar::tests::should_support_neg_values_with_even_power ... [32mok(B[m
test tests::q_permute::tests::permute_float ... [32mok(B[m
test tests::q_powf::tests::should_support_neg_values_with_even_power ... [32mok(B[m
test tests::q_powf_scalar::tests::should_support_powf_ops ... [32mok(B[m
test tests::q_permute::tests::edge_repeated_axes - should panic ... [32mok(B[m
test tests::q_remainder::tests::should_be_negative ... [32mok(B[m
test tests::q_remainder::tests::should_be_zero_scalar ... [32mok(B[m
test tests::q_remainder::tests::should_be_negative_scalar ... [32mok(B[m
test tests::q_powf::tests::should_support_powf_ops ... [32mok(B[m
test tests::q_remainder::tests::should_have_no_remainder ... [32mok(B[m
test tests::q_remainder::tests::should_be_zero ... [32mok(B[m
test tests::q_remainder::tests::should_have_no_remainder_scalar ... [32mok(B[m
test tests::q_remainder::tests::should_support_fp_dividends ... [32mok(B[m
test tests::q_remainder::tests::should_support_large_divisor_scalar ... [32mok(B[m
test tests::q_remainder::tests::should_support_large_divisor ... [32mok(B[m
test tests::q_remainder::tests::should_support_remainder_float_scalar ... [32mok(B[m
test tests::q_remainder::tests::should_support_remainder_basic ... [32mok(B[m
test tests::q_remainder::tests::should_support_remainder_float ... [32mok(B[m
test tests::q_reshape::tests::neg_value - should panic ... [32mok(B[m
test tests::q_remainder::tests::should_support_remainder_op ... [32mok(B[m
test tests::q_reshape::tests::should_not_corrupt_after_slice ... [32mok(B[m
test tests::q_reshape::tests::multiple_neg_ones - should panic ... [32mok(B[m
test tests::q_remainder::tests::should_support_remainder_basic_scalar ... [32mok(B[m
test tests::q_remainder::tests::should_support_remainder_scalar_op ... [32mok(B[m
test tests::q_round::tests::should_round_ties_even ... [32mok(B[m
test tests::q_repeat_dim::tests::should_support_repeat_ops ... [32mok(B[m
test tests::q_reshape::tests::should_support_reshape_2d ... [32mok(B[m
test tests::q_round::tests::should_support_round_ops ... [32mok(B[m
test tests::q_repeat_dim::tests::should_support_repeat_on_dims_larger_than_1 ... [32mok(B[m
test tests::q_reshape::tests::should_support_dim_infererence ... [32mok(B[m
test tests::q_reshape::tests::should_support_reshape_1d ... [32mok(B[m
test tests::q_select::tests::should_select_2d_dim0_same_num_dim ... [32mok(B[m
test tests::q_select::tests::should_select_2d_dim1 ... [32mok(B[m
test tests::q_select::tests::should_select_1d ... [32mok(B[m
test tests::q_select::tests::should_select_2d_dim0_more_num_dim ... [32mok(B[m
test tests::q_sin::tests::should_support_sin_ops ... [32mok(B[m
test tests::q_select::tests::should_select_panic_invalid_dimension - should panic ... [32mok(B[m
test tests::q_select::tests::should_select_assign_2d_dim0 ... [32mok(B[m
test tests::q_slice::tests::clamp_when_slice_exceeds_dimension ... [32mok(B[m
test tests::q_select::tests::should_select_assign_2d_dim1 ... [32mok(B[m
test tests::q_slice::tests::negative_dimensions ... [32mok(B[m
test tests::q_slice::tests::missing_dimensions ... [32mok(B[m
test tests::q_slice::tests::should_support_partial_sliceing_1d ... [32mok(B[m
test tests::q_slice::tests::should_panic_when_slice_is_desc - should panic ... [32mok(B[m
test tests::q_slice::tests::should_support_partial_sliceing_2d ... [32mok(B[m
test tests::q_select::tests::should_select_assign_1d ... [32mok(B[m
test tests::q_slice::tests::should_panic_when_slice_is_equal - should panic ... [32mok(B[m
test tests::q_slice::tests::should_support_full_sliceing_2d ... [32mok(B[m
test tests::q_slice::tests::should_support_full_sliceing_1d ... [32mok(B[m
test tests::q_slice::tests::should_panic_when_slice_with_too_many_dimensions - should panic ... [32mok(B[m
test tests::q_slice::tests::should_support_partial_sliceing_3d_non_contiguous ... [32mok(B[m
test tests::q_slice::tests::should_support_partial_sliceing_3d ... [32mok(B[m
test tests::q_slice::tests::should_support_slice_assign_1d ... [32mok(B[m
test tests::q_sort_argsort::tests::test_argsort_1d_float ... [32mok(B[m
test tests::q_split::tests::test_split_along_dim1 ... [32mok(B[m
test tests::q_sort_argsort::tests::test_argsort_float ... [32mok(B[m
test tests::q_sort_argsort::tests::test_sort_descending_1d ... [32mok(B[m
test tests::q_slice::tests::slice_should_not_corrupt_potentially_inplace_operations ... [32mok(B[m
test tests::q_split::tests::test_split_evenly_divisible ... [32mok(B[m
test tests::q_split::tests::test_split_invalid_dim - should panic ... [32mok(B[m
test tests::q_slice::tests::should_support_slice_assign_2d ... [32mok(B[m
test tests::q_split::tests::test_split_not_evenly_divisible ... [32mok(B[m
test tests::q_split::tests::test_split_split_size_larger_than_tensor_size ... [32mok(B[m
test tests::q_slice::tests::slice_assign_should_not_corrupt_potentially_inplace_operations ... [32mok(B[m
test tests::q_sort_argsort::tests::test_sort_with_indices_float ... [32mok(B[m
test tests::q_split::tests::test_split_with_zero_split_size_non_zero_tensor - should panic ... [32mok(B[m
test tests::q_split::tests::test_split_with_sizes_invalid_sum - should panic ... [32mok(B[m
test tests::q_split::tests::test_split_with_sizes_zero_length ... [32mok(B[m
test tests::q_sort_argsort::tests::test_sort_float ... [32mok(B[m
test tests::q_sort_argsort::tests::test_sort_with_indices_descending_float ... [32mok(B[m
test tests::q_sqrt::tests::should_support_sqrt_ops ... [32mok(B[m
test tests::q_split::tests::test_split_with_sizes ... [32mok(B[m
test tests::q_sort_argsort::tests::test_sort_1d_float ... [32mok(B[m
test tests::q_stack::tests::should_panic_when_dimensions_are_not_the_same - should panic ... [32mok(B[m
test tests::q_stack::tests::should_panic_when_stack_exceeds_dimension - should panic ... [32mok(B[m
test tests::q_transpose::tests::should_support_transpose_ops ... [32mok(B[m
test tests::q_stack::tests::should_support_stack_ops_2d_dim0 ... [32mok(B[m
test tests::quantize::tests::should_support_dequantize ... [32mok(B[m
test tests::q_sub::tests::should_support_sub_scalar_ops ... [32mok(B[m
test tests::q_sub::tests::should_support_sub_ops ... [32mok(B[m
test tests::q_transpose::tests::should_support_swap_dims ... [32mok(B[m
test tests::q_topk::tests::test_topk_1d ... [32mok(B[m
test tests::q_tanh::tests::should_support_tanh_ops ... [32mok(B[m
test tests::quantize::tests::should_support_quantize_affine_int8 ... [32mok(B[m
test tests::quantize::tests::should_support_quantize_dynamic_int8 ... [32mok(B[m
test tests::q_stack::tests::should_support_stack_ops_2d_dim1 ... [32mok(B[m
test tests::quantize::tests::should_support_quantize_symmetric_int8 ... [32mok(B[m
test tests::scheme::tests::per_tensor_symmetric_int8 ... [32mok(B[m
test tests::scheme::tests::per_tensor_affine_int8 ... [32mok(B[m
test tests::q_sub::tests::test_sub_broadcast ... [32mok(B[m
test tests::q_topk::tests::test_topk ... [32mok(B[m
test tests::tensor::abs::tests::should_support_abs_ops_float ... [32mok(B[m
test tests::tensor::add::tests::should_support_add_scalar_ops_int ... [32mok(B[m
test tests::tensor::add::tests::test_add_d2 ... [32mok(B[m
test tests::tensor::add::tests::test_add_broadcast_int ... [32mok(B[m
test tests::tensor::abs::tests::should_support_abs_ops_int ... [32mok(B[m
test tests::tensor::add::tests::should_support_add_scalar_ops ... [32mok(B[m
test tests::tensor::add::tests::test_add_different_strides_broadcast ... [32mok(B[m
test tests::q_stack::tests::should_support_stack_ops_3d ... [32mok(B[m
test tests::tensor::add::tests::test_add_broadcast ... [32mok(B[m
test tests::tensor::add::tests::test_add_d2_int ... [32mok(B[m
test tests::tensor::aggregation::tests::test_prod_dim_int ... [33mignored, Not implemented for all backends yet(B[m
test tests::tensor::aggregation::tests::test_prod_int ... [33mignored, Not implemented for all backends yet(B[m
test tests::tensor::add::tests::test_add_different_strides_lhs ... [32mok(B[m
test tests::tensor::aggregation::tests::test_prod_float ... [32mok(B[m
test tests::tensor::aggregation::tests::test_should_mean ... [32mok(B[m
test tests::tensor::aggregation::tests::test_prod_dim_float ... [32mok(B[m
test tests::tensor::aggregation::tests::test_should_mean_first_dim ... [32mok(B[m
test tests::tensor::aggregation::tests::test_should_mean_int ... [32mok(B[m
test tests::tensor::aggregation::tests::test_should_mean_last_dim_int ... [32mok(B[m
test tests::tensor::aggregation::tests::test_should_sum ... [32mok(B[m
test tests::tensor::aggregation::tests::test_should_sum_first_dim ... [32mok(B[m
test tests::tensor::aggregation::tests::test_should_mean_last_dim ... [32mok(B[m
test tests::tensor::aggregation::tests::test_should_sum_int ... [32mok(B[m
test tests::tensor::aggregation::tests::test_should_sum_last_dim ... [32mok(B[m
test tests::tensor::aggregation::tests::test_should_sum_last_dim_int ... [32mok(B[m
test tests::tensor::add::tests::test_add_different_strides_rhs ... [32mok(B[m
test tests::q_topk::tests::test_topk_with_indices ... [32mok(B[m
test tests::tensor::aggregation::tests::test_should_sum_mid_dim_3d_non_contiguous_2 ... [32mok(B[m
test tests::tensor::aggregation::tests::test_should_sum_mid_dim_3d_non_contiguous_1 ... [32mok(B[m
test tests::tensor::all_op::tests::test_all_with_bool_from_lower_equal ... [32mok(B[m
test tests::tensor::all_op::tests::test_all_dim ... [32mok(B[m
test tests::tensor::arange::tests::test_arange ... [32mok(B[m
test tests::tensor::all_op::tests::test_all ... [32mok(B[m
test tests::tensor::any::tests::test_any ... [32mok(B[m
test tests::tensor::any::tests::test_any_dim ... [32mok(B[m
test tests::tensor::arange_step::tests::should_panic_when_step_is_zero - should panic ... [32mok(B[m
test tests::tensor::arg::tests::test_argmax_2d_dim0 ... [32mok(B[m
test tests::tensor::arg::tests::test_argmax_2d_dim0_int ... [32mok(B[m
test tests::tensor::arg::tests::test_argmin_2d_dim0 ... [32mok(B[m
test tests::tensor::arange_step::tests::test_arange_step ... [32mok(B[m
test tests::tensor::arg::tests::test_argmin_2d_dim0_int ... [32mok(B[m
test tests::tensor::arg::tests::test_argmin_2d_dim1 ... [32mok(B[m
test tests::tensor::argwhere_nonzero::tests::test_argwhere_2d ... [32mok(B[m
test tests::tensor::arg::tests::test_argmax_2d_dim1 ... [32mok(B[m
test tests::tensor::argwhere_nonzero::tests::test_nonzero_1d ... [32mok(B[m
test tests::tensor::argwhere_nonzero::tests::test_nonzero_2d ... [32mok(B[m
test tests::tensor::argwhere_nonzero::tests::test_argwhere_1d ... [32mok(B[m
test tests::tensor::argwhere_nonzero::tests::test_nonzero_empty ... [32mok(B[m
test tests::tensor::argwhere_nonzero::tests::test_nonzero_3d ... [32mok(B[m
test tests::tensor::bool::tests::test_from_int ... [32mok(B[m
test tests::tensor::cast::tests::cast_bool_to_float_tensor ... [32mok(B[m
test tests::tensor::bool::tests::test_from_float ... [32mok(B[m
test tests::tensor::cast::tests::cast_float_precision ... [32mok(B[m
test tests::tensor::cast::tests::cast_bool_to_int_tensor ... [32mok(B[m
test tests::tensor::cast::tests::cast_float_to_int ... [32mok(B[m
test tests::tensor::argwhere_nonzero::tests::test_argwhere_3d ... [32mok(B[m
test tests::tensor::cast::tests::cast_int_to_float_tensor ... [32mok(B[m
test tests::tensor::cartesian_grid::tests::test_cartesian_grid ... [32mok(B[m
test tests::tensor::cat::tests::should_panic_when_list_of_vectors_is_empty - should panic ... [32mok(B[m
test tests::tensor::cat::tests::should_support_cat_ops_2d_dim0 ... [32mok(B[m
test tests::tensor::cat::tests::should_support_cat_ops_2d_dim1 ... [32mok(B[m
test tests::tensor::cat::tests::should_panic_when_dimensions_are_not_the_same - should panic ... [32mok(B[m
test tests::tensor::cat::tests::should_support_cat_ops_3d ... [32mok(B[m
test tests::tensor::ceil::tests::should_support_ceil_ops ... [32mok(B[m
test tests::tensor::cat::tests::should_panic_when_cat_exceeds_dimension - should panic ... [32mok(B[m
test tests::tensor::chunk::tests::test_chunk_multi_dimension ... [32mok(B[m
test tests::tensor::cat::tests::should_support_cat_ops_bool ... [32mok(B[m
test tests::tensor::chunk::tests::test_chunk_evenly_divisible ... [32mok(B[m
test tests::tensor::chunk::tests::test_chunk_not_divisible ... [32mok(B[m
test tests::tensor::chunk::tests::test_chunk_not_evenly_divisible ... [32mok(B[m
test tests::tensor::cat::tests::should_support_cat_ops_int ... [32mok(B[m
test tests::tensor::chunk::tests::test_invalid_dim - should panic ... [32mok(B[m
test tests::tensor::clamp::tests::clamp_min ... [32mok(B[m
test tests::tensor::clamp::tests::clamp_max ... [32mok(B[m
test tests::tensor::clamp::tests::clamp_min_max ... [32mok(B[m
test tests::tensor::chunk::tests::test_chunk_not_evenly_divisible_remains_several ... [32mok(B[m
test tests::tensor::clone_invariance::tests::float::Abs ... [32mok(B[m
test tests::tensor::clone_invariance::tests::float::Argmax ... [32mok(B[m
test tests::tensor::clone_invariance::tests::float::Add ... [32mok(B[m
test tests::tensor::clone_invariance::tests::float::Div ... [32mok(B[m
test tests::tensor::clone_invariance::tests::float::AddScalar ... [32mok(B[m
test tests::tensor::clone_invariance::tests::float::Argmin ... [32mok(B[m
test tests::tensor::clone_invariance::tests::float::Cat ... [32mok(B[m
test tests::tensor::clone_invariance::tests::float::Clamp ... [32mok(B[m
test tests::tensor::clone_invariance::tests::float::Equal ... [32mok(B[m
test tests::tensor::clone_invariance::tests::float::ClampMin ... [32mok(B[m
test tests::tensor::clone_invariance::tests::float::EqualElem ... [32mok(B[m
test tests::tensor::clone_invariance::tests::float::Greater ... [32mok(B[m
test tests::tensor::clone_invariance::tests::float::Cos ... [32mok(B[m
test tests::tensor::clone_invariance::tests::float::GreaterEqual ... [32mok(B[m
test tests::tensor::clone_invariance::tests::float::Log ... [32mok(B[m
test tests::tensor::clone_invariance::tests::float::ClampMax ... [32mok(B[m
test tests::tensor::clone_invariance::tests::float::Erf ... [32mok(B[m
test tests::tensor::clone_invariance::tests::float::Log1P ... [32mok(B[m
test tests::tensor::clone_invariance::tests::float::Exp ... [32mok(B[m
test tests::tensor::clone_invariance::tests::float::LowerEqual ... [32mok(B[m
test tests::tensor::clone_invariance::tests::float::LogSigmoid ... [32mok(B[m
test tests::tensor::clone_invariance::tests::float::Lower ... [32mok(B[m
test tests::tensor::clone_invariance::tests::float::LowerEqualElem ... [32mok(B[m
test tests::tensor::clone_invariance::tests::float::Gatter ... [32mok(B[m
test tests::tensor::clone_invariance::tests::float::GreaterElem ... [32mok(B[m
test tests::tensor::clone_invariance::tests::float::DivScalar ... [32mok(B[m
test tests::tensor::clone_invariance::tests::float::GreaterEqualElem ... [32mok(B[m
test tests::tensor::clone_invariance::tests::float::MaskWhere ... [32mok(B[m
test tests::tensor::clone_invariance::tests::float::Matmul ... [32mok(B[m
test tests::tensor::clone_invariance::tests::float::MaxDimWithIndices ... [32mok(B[m
test tests::tensor::clone_invariance::tests::float::LogSoftmax ... [32mok(B[m
test tests::tensor::clone_invariance::tests::float::MaskFill ... [32mok(B[m
test tests::tensor::clone_invariance::tests::float::MeanDim ... [32mok(B[m
test tests::tensor::clone_invariance::tests::float::Gelu ... [32mok(B[m
test tests::tensor::clone_invariance::tests::float::MaxDim ... [32mok(B[m
test tests::tensor::clone_invariance::tests::float::Mean ... [32mok(B[m
test tests::tensor::clone_invariance::tests::float::Mul ... [32mok(B[m
test tests::tensor::clone_invariance::tests::float::LowerElem ... [32mok(B[m
test tests::tensor::clone_invariance::tests::float::Min ... [32mok(B[m
test tests::tensor::clone_invariance::tests::float::MinDim ... [32mok(B[m
test tests::tensor::clone_invariance::tests::float::Relu ... [32mok(B[m
test tests::tensor::clone_invariance::tests::float::MinDimWithIndices ... [32mok(B[m
test tests::tensor::clone_invariance::tests::float::Mish ... [32mok(B[m
test tests::tensor::clone_invariance::tests::float::Neg ... [32mok(B[m
test tests::tensor::clone_invariance::tests::float::MulScalar ... [32mok(B[m
test tests::tensor::clone_invariance::tests::float::Sigmoid ... [32mok(B[m
test tests::tensor::clone_invariance::tests::float::SelectAssign ... [32mok(B[m
test tests::tensor::clone_invariance::tests::float::Scatter ... [32mok(B[m
test tests::tensor::clone_invariance::tests::float::Silu ... [32mok(B[m
test tests::tensor::clone_invariance::tests::float::NotEqualElem ... [32mok(B[m
test tests::tensor::clone_invariance::tests::float::Max ... [32mok(B[m
test tests::tensor::clone_invariance::tests::float::PowScalar ... [32mok(B[m
test tests::tensor::clone_invariance::tests::float::SliceAssign ... [32mok(B[m
test tests::tensor::clone_invariance::tests::float::Reshape ... [32mok(B[m
test tests::tensor::clone_invariance::tests::float::Select ... [32mok(B[m
test tests::tensor::clone_invariance::tests::float::Sum ... [32mok(B[m
test tests::tensor::clone_invariance::tests::float::Sub ... [32mok(B[m
test tests::tensor::clone_invariance::tests::float::Sin ... [32mok(B[m
test tests::tensor::clone_invariance::tests::float::Slice ... [32mok(B[m
test tests::tensor::clone_invariance::tests::float::Repeat ... [32mok(B[m
test tests::tensor::clone_invariance::tests::float::Sqrt ... [32mok(B[m
test tests::tensor::clone_invariance::tests::float::SumDim ... [32mok(B[m
test tests::tensor::clone_invariance::tests::float::Softplus ... [32mok(B[m
test tests::tensor::clone_invariance::tests::float::SubScalar ... [32mok(B[m
test tests::tensor::clone_invariance::tests::float::Softmax ... [32mok(B[m
test tests::tensor::clone_invariance::tests::float::SwapDims ... [32mok(B[m
test tests::tensor::clone_invariance::tests::float::Transpose ... [32mok(B[m
test tests::tensor::clone_invariance::tests::float::Tanh ... [32mok(B[m
test tests::tensor::clone_invariance::tests::int::Abs ... [32mok(B[m
test tests::tensor::clone_invariance::tests::int::AddScalar ... [32mok(B[m
test tests::tensor::clone_invariance::tests::int::Argmax ... [32mok(B[m
test tests::tensor::clone_invariance::tests::int::Argmin ... [32mok(B[m
test tests::tensor::clone_invariance::tests::int::Clamp ... [32mok(B[m
test tests::tensor::clone_invariance::tests::int::ClampMax ... [32mok(B[m
test tests::tensor::clone_invariance::tests::int::ClampMin ... [32mok(B[m
test tests::tensor::clone_invariance::tests::int::DivScalar ... [32mok(B[m
test tests::tensor::clone_invariance::tests::int::Add ... [32mok(B[m
test tests::tensor::clone_invariance::tests::int::EqualElem ... [32mok(B[m
test tests::tensor::clone_invariance::tests::int::GreaterElem ... [32mok(B[m
test tests::tensor::clone_invariance::tests::int::Gatter ... [32mok(B[m
test tests::tensor::clone_invariance::tests::int::Cat ... [32mok(B[m
test tests::tensor::clone_invariance::tests::int::GreaterEqualElem ... [32mok(B[m
test tests::tensor::clone_invariance::tests::int::GreaterEqual ... [32mok(B[m
test tests::tensor::clone_invariance::tests::int::MaskFill ... [32mok(B[m
test tests::tensor::clone_invariance::tests::int::LowerElem ... [32mok(B[m
test tests::tensor::clone_invariance::tests::int::Greater ... [32mok(B[m
test tests::tensor::clone_invariance::tests::int::LowerEqualElem ... [32mok(B[m
test tests::tensor::clone_invariance::tests::int::Div ... [32mok(B[m
test tests::tensor::clone_invariance::tests::int::Max ... [32mok(B[m
test tests::tensor::clone_invariance::tests::int::Equal ... [32mok(B[m
test tests::tensor::clone_invariance::tests::int::MaxDim ... [32mok(B[m
test tests::tensor::clone_invariance::tests::int::Mean ... [32mok(B[m
test tests::tensor::clone_invariance::tests::int::MaxDimWithIndices ... [32mok(B[m
test tests::tensor::clone_invariance::tests::int::Lower ... [32mok(B[m
test tests::tensor::clone_invariance::tests::int::MeanDim ... [32mok(B[m
test tests::tensor::clone_invariance::tests::int::LowerEqual ... [32mok(B[m
test tests::tensor::clone_invariance::tests::int::Min ... [32mok(B[m
test tests::tensor::clone_invariance::tests::int::MinDimWithIndices ... [32mok(B[m
test tests::tensor::clone_invariance::tests::int::MaskWhere ... [32mok(B[m
test tests::tensor::clone_invariance::tests::int::Neg ... [32mok(B[m
test tests::tensor::clone_invariance::tests::int::Mul ... [32mok(B[m
test tests::tensor::clone_invariance::tests::int::Repeat ... [32mok(B[m
test tests::tensor::clone_invariance::tests::int::NotEqual ... [32mok(B[m
test tests::tensor::clone_invariance::tests::int::NotEqualElem ... [32mok(B[m
test tests::tensor::clone_invariance::tests::int::MinDim ... [32mok(B[m
test tests::tensor::clone_invariance::tests::int::Reshape ... [32mok(B[m
test tests::tensor::clone_invariance::tests::int::Select ... [32mok(B[m
test tests::tensor::close::tests::test_all_close ... [32mok(B[m
test tests::tensor::close::tests::test_is_close ... [32mok(B[m
test tests::tensor::cos::tests::should_support_cos_ops ... [32mok(B[m
test tests::tensor::cov::tests::test_cov_1 ... [32mok(B[m
test tests::tensor::cov::tests::test_cov_2 ... [32mok(B[m
test tests::tensor::clone_invariance::tests::int::Slice ... [32mok(B[m
test tests::tensor::clone_invariance::tests::int::MulScalar ... [32mok(B[m
test tests::tensor::cov::tests::test_cov_4 ... [32mok(B[m
test tests::tensor::cov::tests::test_cov_3 ... [32mok(B[m
test tests::tensor::create_like::tests::should_support_ones_like ... [32mok(B[m
test tests::tensor::create_like::tests::should_support_zeros_like ... [32mok(B[m
test tests::tensor::display::tests::test_display_2d_bool_tensor ... [32mok(B[m
test tests::tensor::display::tests::test_display_2d_float_tensor ... [32mok(B[m
test tests::tensor::display::tests::test_display_2d_int_tensor ... [32mok(B[m
test tests::tensor::display::tests::test_display_3d_tensor ... [32mok(B[m
test tests::tensor::display::tests::test_display_4d_tensor ... [32mok(B[m
test tests::tensor::display::tests::test_display_precision ... [32mok(B[m
test tests::tensor::clone_invariance::tests::int::SubScalar ... [32mok(B[m
test tests::tensor::display::tests::test_display_tensor_summarize_1 ... [32mok(B[m
test tests::tensor::div::tests::should_support_div_ops ... [32mok(B[m
test tests::tensor::div::tests::should_support_div_ops_int ... [32mok(B[m
test tests::tensor::div::tests::should_support_div_scalar_ops ... [32mok(B[m
test tests::tensor::div::tests::should_support_div_scalar_ops_int ... [32mok(B[m
test tests::tensor::div::tests::test_div_broadcast ... [32mok(B[m
test tests::tensor::div::tests::test_div_broadcast_int ... [32mok(B[m
test tests::tensor::display::tests::test_display_tensor_summarize_2 ... [32mok(B[m
test tests::tensor::erf::tests::should_support_erf_ops ... [32mok(B[m
test tests::tensor::erf::tests::should_support_erf_ops_with_negative_number ... [32mok(B[m
test tests::tensor::exp::tests::should_support_exp_ops ... [32mok(B[m
test tests::tensor::expand::tests::broadcast_single ... [32mok(B[m
test tests::tensor::expand::tests::expand_2d ... [32mok(B[m
test tests::tensor::expand::tests::expand_2d_int ... [32mok(B[m
test tests::tensor::expand::tests::expand_2d_bool ... [32mok(B[m
test tests::tensor::expand::tests::expand_3d ... [32mok(B[m
test tests::tensor::display::tests::test_display_tensor_summarize_3 ... [32mok(B[m
test tests::tensor::expand::tests::expand_higher_dimensions ... [32mok(B[m
test tests::tensor::expand::tests::inplace_op_after_expand ... [32mok(B[m
test tests::tensor::expand::tests::should_all_negative_one ... [32mok(B[m
test tests::tensor::expand::tests::should_fail_expand_incompatible_shapes - should panic ... [32mok(B[m
test tests::tensor::expand::tests::should_panic_negative_one_on_non_existing_dim - should panic ... [32mok(B[m
test tests::tensor::flatten::tests::not_enough_destination_dimension - should panic ... [32mok(B[m
test tests::tensor::flatten::tests::should_flatten_begin ... [32mok(B[m
test tests::tensor::eye::tests::test_eye_float ... [32mok(B[m
test tests::tensor::flatten::tests::should_flatten_end ... [32mok(B[m
test tests::tensor::flatten::tests::should_flatten_middle ... [32mok(B[m
test tests::tensor::flatten::tests::should_flatten_to_1d ... [32mok(B[m
test tests::tensor::flatten::tests::should_flatten_panic - should panic ... [32mok(B[m
test tests::tensor::flip::tests::flip_duplicated_axes - should panic ... [32mok(B[m
test tests::tensor::flip::tests::flip_bool ... [32mok(B[m
test tests::tensor::flip::tests::flip_float ... [32mok(B[m
test tests::tensor::flip::tests::flip_int ... [32mok(B[m
test tests::tensor::floor::tests::should_support_floor_ops ... [32mok(B[m
test tests::tensor::create_like::tests::should_support_randoms_like ... [32mok(B[m
test tests::tensor::full::tests::test_data_full ... [32mok(B[m
test tests::tensor::flip::tests::flip_out_of_bound_axis - should panic ... [32mok(B[m
test tests::tensor::full::tests::test_tensor_full ... [32mok(B[m
test tests::tensor::gather_scatter::tests::scatter_should_panic_on_mismatch_of_shapes - should panic ... [32mok(B[m
test tests::tensor::gather_scatter::tests::should_gather_1d_dim0 ... [32mok(B[m
test tests::tensor::gather_scatter::tests::should_gather_1d_dim0_int ... [32mok(B[m
test tests::tensor::gather_scatter::tests::should_gather_2d_dim0 ... [32mok(B[m
test tests::tensor::gather_scatter::tests::should_gather_2d_dim1 ... [32mok(B[m
test tests::tensor::gather_scatter::tests::should_gather_2d_only_1dim ... [32mok(B[m
test tests::tensor::gather_scatter::tests::should_scatter_1d_int ... [32mok(B[m
test tests::tensor::gather_scatter::tests::should_gather_3d_dim1 ... [32mok(B[m
test tests::tensor::gather_scatter::tests::should_scatter_1d ... [32mok(B[m
test tests::tensor::gather_scatter::tests::should_scatter_2d_dim0 ... [32mok(B[m
test tests::tensor::gather_scatter::tests::should_scatter_2d_dim1 ... [32mok(B[m
test tests::tensor::gather_scatter::tests::should_scatter_2d_dim1_diff_shape ... [32mok(B[m
test tests::tensor::gelu::tests::test_gelu ... [32mok(B[m
test tests::tensor::init::tests::should_support_bool_empty ... [32mok(B[m
test tests::tensor::gather_scatter::tests::should_scatter_3d_dim1 ... [32mok(B[m
test tests::tensor::init::tests::should_support_float_empty ... [32mok(B[m
test tests::tensor::init::tests::should_support_float_ones ... [32mok(B[m
test tests::tensor::init::tests::should_support_float_zeros ... [32mok(B[m
test tests::tensor::init::tests::should_support_int_empty ... [32mok(B[m
test tests::tensor::init::tests::should_support_int_zeros ... [32mok(B[m
test tests::tensor::init::tests::should_support_int_ones ... [32mok(B[m
test tests::tensor::iter_dim::test::test_1d_iter_last_item ... [32mok(B[m
test tests::tensor::iter_dim::test::test_iter_dim_single_element ... [32mok(B[m
test tests::tensor::iter_dim::test::test_transposed ... [32mok(B[m
test tests::tensor::iter_dim::test::test_too_high_dimension - should panic ... [32mok(B[m
test tests::tensor::iter_dim::test::test_iter_dim_double_end ... [32mok(B[m
test tests::tensor::leaky_relu::tests::test_leaky_relu_d2 ... [32mok(B[m
test tests::tensor::log1p::tests::should_support_exp_log1p ... [32mok(B[m
test tests::tensor::log::tests::should_support_log_ops ... [32mok(B[m
test tests::tensor::log_sigmoid::tests::test_log_sigmoid ... [32mok(B[m
test tests::tensor::log_sigmoid::tests::test_log_sigmoid_numerical_stability ... [32mok(B[m
test tests::tensor::map_comparison::tests::should_support_bool_equal ... [32mok(B[m
test tests::tensor::map_comparison::tests::should_support_bool_not ... [32mok(B[m
test tests::tensor::clone_invariance::tests::int::SumDim ... [32mok(B[m
test tests::tensor::map_comparison::tests::should_support_bool_not_equal ... [32mok(B[m
test tests::tensor::map_comparison::tests::test_equal ... [32mok(B[m
test tests::tensor::map_comparison::tests::test_equal_inf ... [32mok(B[m
test tests::tensor::map_comparison::tests::test_equal_elem ... [32mok(B[m
test tests::tensor::map_comparison::tests::test_greater ... [32mok(B[m
test tests::tensor::map_comparison::tests::test_greater_elem ... [32mok(B[m
test tests::tensor::map_comparison::tests::test_greater_equal ... [32mok(B[m
test tests::tensor::map_comparison::tests::test_greater_equal_elem ... [32mok(B[m
test tests::tensor::map_comparison::tests::test_int_equal ... [32mok(B[m
test tests::tensor::map_comparison::tests::test_int_equal_elem ... [32mok(B[m
test tests::tensor::map_comparison::tests::test_int_greater ... [32mok(B[m
test tests::tensor::map_comparison::tests::test_int_greater_elem ... [32mok(B[m
test tests::tensor::map_comparison::tests::test_int_greater_equal ... [32mok(B[m
test tests::tensor::map_comparison::tests::test_int_greater_equal_elem ... [32mok(B[m
test tests::tensor::map_comparison::tests::test_int_lower ... [32mok(B[m
test tests::tensor::map_comparison::tests::test_int_lower_elem ... [32mok(B[m
test tests::tensor::map_comparison::tests::test_int_lower_equal_elem ... [32mok(B[m
test tests::tensor::map_comparison::tests::test_int_not_equal ... [32mok(B[m
test tests::tensor::map_comparison::tests::test_int_not_equal_elem ... [32mok(B[m
test tests::tensor::map_comparison::tests::test_int_lower_equal ... [32mok(B[m
test tests::tensor::map_comparison::tests::test_lower ... [32mok(B[m
test tests::tensor::map_comparison::tests::test_lower_elem ... [32mok(B[m
test tests::tensor::map_comparison::tests::test_lower_equal ... [32mok(B[m
test tests::tensor::map_comparison::tests::test_lower_equal_elem ... [32mok(B[m
test tests::tensor::map_comparison::tests::test_not_equal ... [32mok(B[m
test tests::tensor::map_comparison::tests::test_not_equal_elem ... [32mok(B[m
test tests::tensor::map_comparison::tests::test_not_equal_inf ... [32mok(B[m
test tests::tensor::mask::tests::float_mask_fill_infinite ... [32mok(B[m
test tests::tensor::mask::tests::should_handle_mask_where_nans ... [32mok(B[m
test tests::tensor::clone_invariance::tests::int::SwapDims ... [32mok(B[m
test tests::tensor::mask::tests::should_support_int_mask_fill_ops ... [32mok(B[m
test tests::tensor::mask::tests::should_support_int_mask_where_ops ... [32mok(B[m
test tests::tensor::mask::tests::should_support_mask_fill_ops ... [32mok(B[m
test tests::tensor::mask::tests::should_support_mask_where_ops ... [32mok(B[m
test tests::tensor::mask::tests::should_support_mask_where_broadcast_int ... [32mok(B[m
test tests::tensor::mask::tests::should_support_mask_where_broadcast ... [32mok(B[m
test tests::tensor::matmul::tests::should_panic_when_inner_dimensions_are_not_equal - should panic ... [32mok(B[m
test tests::tensor::matmul::tests::test_matmul_4_3 ... [32mok(B[m
test tests::tensor::clone_invariance::tests::int::Transpose ... [32mok(B[m
test tests::tensor::matmul::tests::test_matmul_broadcast_1 ... [32mok(B[m
test tests::tensor::matmul::tests::test_matmul_d2 ... [32mok(B[m
test tests::tensor::matmul::tests::test_matmul_simple_1 ... [32mok(B[m
test tests::tensor::matmul::tests::test_matmul_d3 ... [32mok(B[m
test tests::tensor::matmul::tests::test_matmul_simple_2 ... [32mok(B[m
test tests::tensor::matmul::tests::test_matmul_broadcast_4d ... [32mok(B[m
test tests::tensor::matmul::tests::test_matmul_4_8 ... [32mok(B[m
test tests::tensor::matmul::tests::test_matmul_simple_3 ... [32mok(B[m
test tests::tensor::maxmin::tests::test_max_dim_2d ... [32mok(B[m
test tests::tensor::matmul::tests::test_matmul_trivial_transposed ... [32mok(B[m
test tests::tensor::maxmin::tests::test_max_dim_2d_with_0th_dim ... [32mok(B[m
test tests::tensor::maxmin::tests::test_max_dim_with_indices_2d_with_dim_0th ... [32mok(B[m
test tests::tensor::matmul::tests::test_matmul_trivial ... [32mok(B[m
test tests::tensor::maxmin::tests::test_maximum_pair ... [32mok(B[m
test tests::tensor::maxmin::tests::test_max_dim_with_indices_2d ... [32mok(B[m
test tests::tensor::maxmin::tests::test_mean_dim_2d ... [32mok(B[m
test tests::tensor::clone_invariance::tests::int::SelectAssign ... [32mok(B[m
test tests::tensor::maxmin::tests::test_min_dim_2d_with_0th_dim ... [32mok(B[m
test tests::tensor::maxmin::tests::test_min_dim_2d ... [32mok(B[m
test tests::tensor::maxmin::tests::test_min_dim_with_indices_2d ... [32mok(B[m
test tests::tensor::clone_invariance::tests::int::Sum ... [32mok(B[m
test tests::tensor::clone_invariance::tests::int::SliceAssign ... [32mok(B[m
test tests::tensor::maxmin::tests::test_min_dim_with_indices_2d_with_0th_dim ... [32mok(B[m
test tests::tensor::maxmin::tests::test_minimum_pair ... [32mok(B[m
test tests::tensor::maxmin::tests::test_sum_dim_2d ... [32mok(B[m
test tests::tensor::mish::tests::test_mish ... [32mok(B[m
test tests::tensor::clone_invariance::tests::int::Sub ... [32mok(B[m
test tests::tensor::module_adaptive_avg_pool1d::tests::test_adaptive_avg_pool1d_bigger_output ... [32mok(B[m
test tests::tensor::module_adaptive_avg_pool1d::tests::test_adaptive_avg_pool1d_dyn_filter_size ... [32mok(B[m
test tests::tensor::module_adaptive_avg_pool2d::tests::test_adaptive_avg_pool2d_bigger_output ... [32mok(B[m
test tests::tensor::module_adaptive_avg_pool1d::tests::test_adaptive_avg_pool1d_simple ... [32mok(B[m
test tests::tensor::clone_invariance::tests::int::Scatter ... [32mok(B[m
test tests::tensor::module_adaptive_avg_pool2d::tests::test_adaptive_avg_pool2d_dyn_filter_size ... [32mok(B[m
test tests::tensor::module_adaptive_avg_pool2d::tests::test_adaptive_avg_pool2d_simple ... [32mok(B[m
test tests::tensor::module_avg_pool2d::tests::test_avg_pool2d_complex ... [32mok(B[m
test tests::tensor::module_avg_pool1d::tests::test_avg_pool1d_complex_dont_count_pad ... [32mok(B[m
test tests::tensor::module_avg_pool1d::tests::test_avg_pool1d_simple ... [32mok(B[m
test tests::tensor::module_bicubic_interpolate::tests::test_1d_bicubic ... [32mok(B[m
test tests::tensor::module_avg_pool1d::tests::test_avg_pool1d_complex ... [32mok(B[m
test tests::tensor::module_avg_pool2d::tests::test_avg_pool2d_complex_dont_include_pad ... [32mok(B[m
test tests::tensor::module_avg_pool2d::tests::test_avg_pool2d_simple ... [32mok(B[m
test tests::tensor::module_bilinear_interpolate::tests::test_1d_bilinear ... [32mok(B[m
test tests::tensor::module_conv1d::tests::test_conv1d_complex ... [32mok(B[m
test tests::tensor::module_conv1d::tests::test_conv1d_groups ... [32mok(B[m
test tests::tensor::module_conv1d::tests::test_conv1d_simple ... [32mok(B[m
test tests::tensor::module_bilinear_interpolate::tests::test_upsample_interpolation ... [32mok(B[m
test tests::tensor::module_bicubic_interpolate::tests::test_downsample_interpolation ... [32mok(B[m
test tests::tensor::module_conv2d::tests::test_conv2d_complex ... [32mok(B[m
test tests::tensor::module_bicubic_interpolate::tests::test_upsample_interpolation ... [32mok(B[m
test tests::tensor::module_bilinear_interpolate::tests::test_downsample_interpolation ... [32mok(B[m
test tests::tensor::module_conv2d::tests::test_conv2d_groups ... [32mok(B[m
test tests::tensor::module_conv1d::tests::test_conv1d_dilation ... [32mok(B[m
test tests::tensor::module_conv2d::tests::test_conv2d_groups_multiple_channels ... [32mok(B[m
test tests::tensor::module_conv2d::tests::test_conv2d_simple ... [32mok(B[m
test tests::tensor::module_conv_transpose1d::tests::test_conv_transpose1d_diff_channels ... [32mok(B[m
test tests::tensor::module_conv3d::tests::test_conv3d_groups ... [32mok(B[m
test tests::tensor::module_conv2d::tests::test_conv2d_simple_implicit ... [32mok(B[m
test tests::tensor::module_conv2d::tests::test_conv2d_implicit_padded_in_channels ... [32mok(B[m
test tests::tensor::module_conv_transpose1d::tests::test_conv_transpose1d_groups ... [32mok(B[m
test tests::tensor::module_conv_transpose2d::tests::test_conv_transpose2d_groups_2 ... [32mok(B[m
test tests::tensor::module_conv_transpose1d::tests::test_conv_transpose1d_dilation ... [32mok(B[m
test tests::tensor::module_conv_transpose1d::tests::test_conv_transpose1d_stride ... [32mok(B[m
test tests::tensor::module_conv_transpose2d::tests::test_conv_transpose2d_dilation_2 ... [32mok(B[m
test tests::tensor::module_conv_transpose2d::tests::test_conv_transpose2d_groups_different_channels ... [32mok(B[m
test tests::tensor::module_conv3d::tests::test_conv3d_complex ... [32mok(B[m
test tests::tensor::module_conv3d::tests::test_conv3d_simple ... [32mok(B[m
test tests::tensor::module_conv_transpose2d::tests::test_conv_transpose2d_simple_1 ... [32mok(B[m
test tests::tensor::module_conv_transpose2d::tests::test_conv_transpose2d_simple_3 ... [32mok(B[m
test tests::tensor::module_conv_transpose2d::tests::test_conv_transpose2d_stride_2 ... [32mok(B[m
test tests::tensor::module_conv_transpose3d::tests::test_conv_transpose3d_groups_2 ... [32mok(B[m
test tests::tensor::module_conv_transpose2d::tests::test_conv_transpose2d_stride2_out_padding ... [32mok(B[m
test tests::tensor::module_conv_transpose2d::tests::test_conv_transpose2d_simple_2 ... [32mok(B[m
test tests::tensor::module_deform_conv2d::tests::test_deform_conv2d_different_stride ... [32mok(B[m
test tests::tensor::module_deform_conv2d::tests::test_deform_conv2d_batched ... [32mok(B[m
test tests::tensor::module_conv_transpose3d::tests::test_conv_transpose3d_stride_2 ... [32mok(B[m
test tests::tensor::module_conv_transpose3d::tests::test_conv_transpose3d_groups_different_channels ... [32mok(B[m
test tests::tensor::module_deform_conv2d::tests::test_deform_conv2d_different_kernel_size ... [32mok(B[m
test tests::tensor::module_conv_transpose3d::tests::test_conv_transpose3d_dilation_2 ... [32mok(B[m
test tests::tensor::module_deform_conv2d::tests::test_deform_conv2d_different_dilation ... [32mok(B[m
test tests::tensor::module_conv_transpose3d::tests::test_conv_transpose3d_simple_1 ... [32mok(B[m
test tests::tensor::module_deform_conv2d::tests::test_deform_conv2d_different_width ... [32mok(B[m
test tests::tensor::module_deform_conv2d::tests::test_deform_conv2d_offset_groups ... [32mok(B[m
test tests::tensor::module_forward::tests::test_embedding_forward ... [32mok(B[m
test tests::tensor::module_max_pool1d::tests::test_max_pool1d_with_indices ... [32mok(B[m
test tests::tensor::module_max_pool1d::tests::test_max_pool1d_with_neg ... [32mok(B[m
test tests::tensor::module_max_pool1d::tests::test_max_pool1d_different_padding_stride_kernel ... [32mok(B[m
test tests::tensor::module_conv_transpose3d::tests::test_conv_transpose3d_stride2_out_padding ... [32mok(B[m
test tests::tensor::module_max_pool1d::tests::test_max_pool1d_complex ... [32mok(B[m
test tests::tensor::module_deform_conv2d::tests::test_deform_conv2d_simple ... [32mok(B[m
test tests::tensor::module_deform_conv2d::tests::test_deform_conv2d_different_padding_size ... [32mok(B[m
test tests::tensor::module_max_pool2d::tests::test_max_pool2d_different_padding_stride_kernel ... [32mok(B[m
test tests::tensor::module_deform_conv2d::tests::test_deform_conv2d_weight_groups ... [32mok(B[m
test tests::tensor::module_max_pool1d::tests::test_max_pool1d_simple ... [32mok(B[m
test tests::tensor::module_max_pool2d::tests::test_max_pool2d_complex ... [32mok(B[m
test tests::tensor::module_max_pool2d::tests::test_max_pool2d_with_neg ... [32mok(B[m
test tests::tensor::module_max_pool1d::tests::test_max_pool1d_with_dilation ... [32mok(B[m
test tests::tensor::module_max_pool2d::tests::test_max_pool2d_with_dilation ... [32mok(B[m
test tests::tensor::module_max_pool2d::tests::test_max_pool2d_simple ... [32mok(B[m
test tests::tensor::module_nearest_interpolate::tests::test_upsample_interpolation ... [32mok(B[m
test tests::tensor::module_unfold4d::tests::test_unfold4d_complex ... [32mok(B[m
test tests::tensor::movedim::tests::different_input_types ... [32mok(B[m
test tests::tensor::movedim::tests::movedim_float ... [32mok(B[m
test tests::tensor::movedim::tests::edge_out_of_bound_axis - should panic ... [32mok(B[m
test tests::tensor::movedim::tests::edge_different_sizes - should panic ... [32mok(B[m
test tests::tensor::movedim::tests::edge_out_of_bound_axis_vec - should panic ... [32mok(B[m
test tests::tensor::module_unfold4d::tests::test_unfold4d_shape ... [32mok(B[m
test tests::tensor::movedim::tests::movedim_bool ... [32mok(B[m
test tests::tensor::movedim::tests::edge_vec_is_not_a_set - should panic ... [32mok(B[m
test tests::tensor::module_nearest_interpolate::tests::test_downsample_interpolation ... [32mok(B[m
test tests::tensor::module_unfold4d::tests::test_unfold4d_simple ... [32mok(B[m
test tests::tensor::module_nearest_interpolate::tests::test_1d_nearest ... [32mok(B[m
test tests::tensor::module_conv_transpose3d::tests::test_conv_transpose3d_simple_2 ... [32mok(B[m
test tests::tensor::movedim::tests::movedim_int ... [32mok(B[m
test tests::tensor::movedim::tests::vec_input_bool ... [32mok(B[m
test tests::tensor::movedim::tests::vec_input_float ... [32mok(B[m
test tests::tensor::mul::tests::should_support_mul_ops_int ... [32mok(B[m
test tests::tensor::mul::tests::should_support_mul_ops ... [32mok(B[m
test tests::tensor::movedim::tests::vec_input_int ... [32mok(B[m
test tests::tensor::mul::tests::should_support_mul_scalar_ops ... [32mok(B[m
test tests::tensor::mul::tests::should_support_mul_scalar_ops_int ... [32mok(B[m
test tests::tensor::nan::tests::contains_nan ... [33mignored, https://github.com/tracel-ai/burn/issues/2089(B[m
test tests::tensor::mul::tests::test_mul_broadcast ... [32mok(B[m
test tests::tensor::nan::tests::is_nan ... [33mignored, https://github.com/tracel-ai/burn/issues/2089(B[m
test tests::tensor::mul::tests::test_mul_broadcast_2_dims ... [32mok(B[m
test tests::tensor::mul::tests::test_mul_broadcast_int ... [32mok(B[m
test tests::tensor::narrow::tests::test_narrow_1 ... [32mok(B[m
test tests::tensor::narrow::tests::test_narrow_2 ... [32mok(B[m
test tests::tensor::narrow::tests::test_narrow_3 ... [32mok(B[m
test tests::tensor::narrow::tests::test_narrow_invalid_dim - should panic ... [32mok(B[m
test tests::tensor::neg::tests::should_support_neg_ops ... [32mok(B[m
test tests::tensor::narrow::tests::test_narrow_invalid_zero_length - should panic ... [32mok(B[m
test tests::tensor::narrow::tests::test_narrow_invalid_length - should panic ... [32mok(B[m
test tests::tensor::narrow::tests::test_narrow_invalid_start - should panic ... [32mok(B[m
test tests::tensor::one_hot::tests::float_one_hot_should_panic_when_index_exceeds_number_of_classes - should panic ... [32mok(B[m
test tests::tensor::one_hot::tests::float_one_hot_should_panic_when_number_of_classes_is_zero - should panic ... [32mok(B[m
test tests::tensor::one_hot::tests::int_one_hot_should_panic_when_index_exceeds_number_of_classes - should panic ... [32mok(B[m
test tests::tensor::one_hot::tests::float_should_support_one_hot_index ... [32mok(B[m
test tests::tensor::one_hot::tests::float_should_support_one_hot ... [32mok(B[m
test tests::tensor::one_hot::tests::int_one_hot_should_panic_when_number_of_classes_is_zero - should panic ... [32mok(B[m
test tests::tensor::one_hot::tests::int_should_support_one_hot ... [32mok(B[m
test tests::tensor::one_hot::tests::one_hot_fill_with_negative_axis_and_indices ... [32mok(B[m
test tests::tensor::padding::tests::padding_2d_test ... [32mok(B[m
test tests::tensor::one_hot::tests::one_hot_fill_with_negative_indices ... [32mok(B[m
test tests::tensor::one_hot::tests::one_hot_fill_should_panic_when_axis_out_range_of_rank - should panic ... [32mok(B[m
test tests::tensor::one_hot::tests::one_hot_fill_with_positive_axis_and_indices ... [32mok(B[m
test tests::tensor::padding::tests::padding_asymmetric_integer_test ... [32mok(B[m
test tests::tensor::padding::tests::padding_asymmetric_test ... [32mok(B[m
test tests::tensor::padding::tests::padding_4d_test ... [32mok(B[m
test tests::tensor::permute::tests::edge_out_of_bound_axis - should panic ... [32mok(B[m
test tests::tensor::permute::tests::permute_bool ... [32mok(B[m
test tests::tensor::permute::tests::edge_repeated_axes - should panic ... [32mok(B[m
test tests::tensor::permute::tests::permute_float ... [32mok(B[m
test tests::tensor::permute::tests::permute_int ... [32mok(B[m
test tests::tensor::powf::tests::should_support_neg_power ... [32mok(B[m
test tests::tensor::powf::tests::should_support_neg_values_with_even_power ... [32mok(B[m
test tests::tensor::powf::tests::should_support_neg_values_with_odd_power ... [32mok(B[m
test tests::tensor::powf::tests::should_support_powf_broadcasted ... [32mok(B[m
test tests::tensor::powf_scalar::tests::should_support_neg_power ... [32mok(B[m
test tests::tensor::powf_scalar::tests::should_support_neg_values_with_odd_power ... [32mok(B[m
test tests::tensor::powf_scalar::tests::should_support_neg_values_with_even_power ... [32mok(B[m
test tests::tensor::powf::tests::should_support_powf_ops ... [32mok(B[m
test tests::tensor::powf_scalar::tests::should_support_powf_ops ... [32mok(B[m
test tests::tensor::primitive::tests::should_support_float_dtype ... [32mok(B[m
test tests::tensor::primitive::tests::should_support_int_dtype ... [32mok(B[m
test tests::tensor::prod::tests::test_prod_float ... [32mok(B[m
test tests::tensor::random::tests::rand_bernoulli ... [32mok(B[m
test tests::tensor::random::tests::rand_default ... [32mok(B[m
test tests::tensor::random::tests::rand_uniform ... [32mok(B[m
test tests::tensor::recip::tests::should_support_recip_ops ... [32mok(B[m
test tests::tensor::relu::tests::test_relu_d2 ... [32mok(B[m
test tests::tensor::remainder::tests::should_be_negative ... [32mok(B[m
test tests::tensor::remainder::tests::should_be_negative_scalar ... [32mok(B[m
test tests::tensor::remainder::tests::should_be_zero ... [32mok(B[m
test tests::tensor::remainder::tests::should_be_zero_scalar ... [32mok(B[m
test tests::tensor::remainder::tests::should_have_no_remainder_scalar ... [32mok(B[m
test tests::tensor::remainder::tests::should_support_fp_dividends ... [32mok(B[m
test tests::tensor::remainder::tests::should_have_no_remainder ... [32mok(B[m
test tests::tensor::remainder::tests::should_support_large_divisor ... [32mok(B[m
test tests::tensor::remainder::tests::should_support_large_divisor_scalar ... [32mok(B[m
test tests::tensor::remainder::tests::should_support_remainder_basic_scalar ... [32mok(B[m
test tests::tensor::remainder::tests::should_support_remainder_basic ... [32mok(B[m
test tests::tensor::remainder::tests::should_support_remainder_float ... [32mok(B[m
test tests::tensor::remainder::tests::should_support_remainder_float_scalar ... [32mok(B[m
test tests::tensor::remainder::tests::should_support_remainder_scalar_op ... [32mok(B[m
test tests::tensor::remainder::tests::should_support_remainder_op ... [32mok(B[m
test tests::tensor::repeat::tests::should_support_bool_repeat_ops_one_dimension ... [32mok(B[m
test tests::tensor::repeat::tests::should_support_int_repeat_ops_one_dimension ... [32mok(B[m
test tests::tensor::repeat::tests::should_support_repeat_ops_one_dimension ... [32mok(B[m
test tests::tensor::repeat::tests::should_support_bool_repeat_on_many_dimension ... [32mok(B[m
test tests::tensor::repeat_dim::tests::should_support_bool_repeat_on_dims_larger_than_1 ... [32mok(B[m
test tests::tensor::repeat_dim::tests::should_support_int_repeat_on_dims_larger_than_1 ... [32mok(B[m
test tests::tensor::repeat::tests::should_support_int_repeat_on_many_dims ... [32mok(B[m
test tests::tensor::repeat_dim::tests::should_support_float_repeat_on_dims_larger_than_1 ... [32mok(B[m
test tests::tensor::repeat_dim::tests::should_support_repeat_ops ... [32mok(B[m
test tests::tensor::repeat_dim::tests::should_support_bool_repeat_ops ... [32mok(B[m
test tests::tensor::repeat::tests::should_support_float_repeat_repeating_on_many_dimensions ... [32mok(B[m
test tests::tensor::reshape::tests::multiple_neg_ones - should panic ... [32mok(B[m
test tests::tensor::reshape::tests::should_not_corrupt_after_slice ... [32mok(B[m
test tests::tensor::reshape::tests::neg_value - should panic ... [32mok(B[m
test tests::tensor::repeat_dim::tests::should_support_int_repeat_ops ... [32mok(B[m
test tests::tensor::reshape::tests::should_support_reshape_1d ... [32mok(B[m
test tests::tensor::reshape::tests::should_support_dim_infererence ... [32mok(B[m
test tests::tensor::reshape::tests::should_support_reshape_2d ... [32mok(B[m
test tests::tensor::reshape::tests::should_support_reshape_int ... [32mok(B[m
test tests::tensor::reshape::tests::should_support_reshape_bool ... [32mok(B[m
test tests::tensor::reshape::tests::should_support_reshape_maybe_fused_2 ... [32mok(B[m
test tests::tensor::reshape::tests::should_support_reshape_maybe_fused_3 ... [32mok(B[m
test tests::tensor::reshape::tests::should_support_reshape_maybe_fused_4 ... [32mok(B[m
test tests::tensor::round::tests::should_round_ties_even ... [32mok(B[m
test tests::tensor::round::tests::should_support_round_ops ... [32mok(B[m
test tests::tensor::select::tests::should_select_1d_int ... [32mok(B[m
test tests::tensor::select::tests::should_select_2d_dim0_more_num_dim ... [32mok(B[m
test tests::tensor::select::tests::should_select_2d_dim1 ... [32mok(B[m
test tests::tensor::select::tests::should_select_2d_dim0_same_num_dim ... [32mok(B[m
test tests::tensor::reshape::tests::should_support_reshape_maybe_fused_1 ... [32mok(B[m
test tests::tensor::select::tests::should_select_assign_1d ... [32mok(B[m
test tests::tensor::select::tests::should_select_assign_1d_int ... [32mok(B[m
test tests::tensor::select::tests::should_select_1d ... [32mok(B[m
test tests::tensor::sigmoid::tests::test_sigmoid ... [32mok(B[m
test tests::tensor::select::tests::should_select_assign_2d_dim0 ... [32mok(B[m
test tests::tensor::select::tests::should_select_assign_2d_dim1 ... [32mok(B[m
test tests::tensor::sigmoid::tests::test_sigmoid_overflow ... [32mok(B[m
test tests::tensor::select::tests::should_select_panic_invalid_dimension - should panic ... [32mok(B[m
test tests::tensor::sign::tests::should_support_sign_ops_float ... [32mok(B[m
test tests::tensor::sign::tests::should_support_sign_ops_int ... [32mok(B[m
test tests::tensor::silu::tests::test_silu ... [32mok(B[m
test tests::tensor::sin::tests::should_support_sin_ops ... [32mok(B[m
test tests::tensor::slice::tests::clamp_when_slice_exceeds_dimension ... [32mok(B[m
test tests::tensor::slice::tests::negative_dimensions ... [32mok(B[m
test tests::tensor::slice::tests::missing_dimensions ... [32mok(B[m
test tests::tensor::slice::tests::should_panic_when_slice_is_desc - should panic ... [32mok(B[m
test tests::tensor::slice::tests::should_slice_aggregation_result ... [32mok(B[m
test tests::tensor::slice::tests::should_support_full_sliceing_1d ... [32mok(B[m
test tests::tensor::slice::tests::should_support_full_sliceing_2d ... [32mok(B[m
test tests::tensor::slice::tests::should_panic_when_slice_with_too_many_dimensions - should panic ... [32mok(B[m
test tests::tensor::slice::tests::should_support_partial_sliceing_1d ... [32mok(B[m
test tests::tensor::slice::tests::should_panic_when_slice_is_equal - should panic ... [32mok(B[m
test tests::tensor::slice::tests::should_support_partial_sliceing_2d ... [32mok(B[m
test tests::tensor::slice::tests::should_support_partial_sliceing_3d ... [32mok(B[m
test tests::tensor::slice::tests::should_support_partial_sliceing_3d_non_contiguous ... [32mok(B[m
test tests::tensor::slice::tests::should_support_slice_assign_1d ... [32mok(B[m
test tests::tensor::slice::tests::should_support_slice_range_first_dim ... [32mok(B[m
test tests::tensor::slice::tests::should_support_slice_assign_2d ... [32mok(B[m
test tests::tensor::slice::tests::slice_assign_should_not_corrupt_potentially_inplace_operations ... [32mok(B[m
test tests::tensor::slice::tests::slice_should_not_corrupt_potentially_inplace_operations ... [32mok(B[m
test tests::tensor::softplus::tests::test_softplus_d2 ... [32mok(B[m
test tests::tensor::sort_argsort::tests::test_argsort_1d_float ... [32mok(B[m
test tests::tensor::softmax::tests::test_softmax_d2 ... [32mok(B[m
test tests::tensor::sort_argsort::tests::test_argsort_1d_int ... [32mok(B[m
test tests::tensor::softmin::tests::test_softmin_d2 ... [32mok(B[m
test tests::tensor::sort_argsort::tests::test_sort_1d_int ... [32mok(B[m
test tests::tensor::sort_argsort::tests::test_sort_1d_float ... [32mok(B[m
test tests::tensor::sort_argsort::tests::test_argsort_float ... [32mok(B[m
test tests::tensor::sort_argsort::tests::test_sort_descending_1d ... [32mok(B[m
test tests::tensor::sort_argsort::tests::test_argsort_int ... [32mok(B[m
test tests::tensor::sort_argsort::tests::test_sort_float ... [32mok(B[m
test tests::tensor::sort_argsort::tests::test_sort_int ... [32mok(B[m
test tests::tensor::sort_argsort::tests::test_sort_with_indices_descending_int ... [32mok(B[m
test tests::tensor::sort_argsort::tests::test_sort_with_indices_descending_float ... [32mok(B[m
test tests::tensor::split::tests::test_split_3d_tensor_along_dim0 ... [32mok(B[m
test tests::tensor::split::tests::test_split_3d_tensor_along_dim1 ... [32mok(B[m
test tests::tensor::sort_argsort::tests::test_sort_with_indices_int ... [32mok(B[m
test tests::tensor::sort_argsort::tests::test_sort_with_indices_float ... [32mok(B[m
test tests::tensor::split::tests::test_split_along_dim1 ... [32mok(B[m
test tests::tensor::split::tests::test_split_evenly_divisible ... [32mok(B[m
test tests::tensor::sort_argsort::tests::test_sort_float_nan ... [32mok(B[m
test tests::tensor::split::tests::test_split_split_size_larger_than_tensor_size ... [32mok(B[m
test tests::tensor::split::tests::test_split_invalid_dim - should panic ... [32mok(B[m
test tests::tensor::split::tests::test_split_with_sizes ... [32mok(B[m
test tests::tensor::split::tests::test_split_with_sizes_zero_length ... [32mok(B[m
test tests::tensor::split::tests::test_split_not_evenly_divisible ... [32mok(B[m
test tests::tensor::split::tests::test_split_with_zero_split_size_zero_tensor_size ... [32mok(B[m
test tests::tensor::split::tests::test_split_with_zero_split_size_non_zero_tensor - should panic ... [32mok(B[m
test tests::tensor::split::tests::test_split_zero_sized_tensor ... [32mok(B[m
test tests::tensor::split::tests::test_split_with_sizes_invalid_sum - should panic ... [32mok(B[m
test tests::tensor::sqrt::tests::should_support_sqrt_ops ... [32mok(B[m
test tests::tensor::squeeze::tests::should_squeeze ... [32mok(B[m
test tests::tensor::squeeze::tests::should_squeeze_dims_dimension_mismatch_panic - should panic ... [32mok(B[m
test tests::tensor::squeeze::tests::should_squeeze_dims_with_empty_slice ... [32mok(B[m
test tests::tensor::squeeze::tests::should_squeeze_dims_with_negative_indices ... [32mok(B[m
test tests::tensor::squeeze::tests::should_squeeze_dims_panic_on_too_many_dimensions - should panic ... [32mok(B[m
test tests::tensor::squeeze::tests::should_squeeze_dims_with_positive_indices ... [32mok(B[m
test tests::tensor::squeeze::tests::should_squeeze_last ... [32mok(B[m
test tests::tensor::squeeze::tests::should_squeeze_dims_work_if_non_singleton - should panic ... [32mok(B[m
test tests::tensor::squeeze::tests::should_squeeze_first ... [32mok(B[m
test tests::tensor::squeeze::tests::should_unsqueeze_dim ... [32mok(B[m
test tests::tensor::squeeze::tests::should_unsqueeze_dim_last ... [32mok(B[m
test tests::tensor::squeeze::tests::should_squeeze_panic - should panic ... [32mok(B[m
test tests::tensor::squeeze::tests::should_unsqueeze_dims_handle_first_last ... [32mok(B[m
test tests::tensor::squeeze::tests::should_unsqueeze_dim_panic - should panic ... [32mok(B[m
test tests::tensor::squeeze::tests::should_unsqueeze_dim_first ... [32mok(B[m
test tests::tensor::squeeze::tests::should_unsqueeze_dims_multiple_trailing_negatives ... [32mok(B[m
test tests::tensor::squeeze::tests::should_unsqueeze_dims_support_dim_inference ... [32mok(B[m
test tests::tensor::squeeze::tests::should_unsqueeze_dims_work_with_single_dim ... [32mok(B[m
test tests::tensor::squeeze::tests::should_unsqueeze_dims_panic - should panic ... [32mok(B[m
test tests::tensor::stack::tests::should_panic_when_list_of_vectors_is_empty - should panic ... [32mok(B[m
test tests::tensor::stack::tests::should_panic_when_dimensions_are_not_the_same - should panic ... [32mok(B[m
test tests::tensor::stack::tests::should_generate_row_major_layout ... [32mok(B[m
test tests::tensor::stack::tests::should_panic_when_stack_exceeds_dimension - should panic ... [32mok(B[m
test tests::tensor::stack::tests::should_support_stack_ops_2d_dim0 ... [32mok(B[m
test tests::tensor::stack::tests::should_support_stack_ops_2d_dim1 ... [32mok(B[m
test tests::tensor::stack::tests::should_support_stack_ops_bool ... [32mok(B[m
test tests::tensor::stack::tests::should_support_stack_ops_int ... [32mok(B[m
test tests::tensor::sub::tests::should_support_sub_ops ... [32mok(B[m
test tests::tensor::sub::tests::should_support_sub_ops_int ... [32mok(B[m
test tests::tensor::sub::tests::should_support_sub_scalar_ops ... [32mok(B[m
test tests::tensor::stack::tests::should_support_stack_ops_3d ... [32mok(B[m
test tests::tensor::sub::tests::test_sub_broadcast ... [32mok(B[m
test tests::tensor::tanh::tests::should_support_tanh_ops ... [32mok(B[m
test tests::tensor::tanh_activation::tests::test_tanh ... [32mok(B[m
test tests::tensor::sub::tests::test_sub_broadcast_int ... [32mok(B[m
test tests::tensor::sub::tests::should_support_sub_scalar_ops_int ... [32mok(B[m
test tests::tensor::transpose::tests::should_support_swap_dims_bool ... [32mok(B[m
test tests::tensor::topk::tests::test_topk_1d ... [32mok(B[m
test tests::tensor::transpose::tests::should_support_swap_dims ... [32mok(B[m
test tests::tensor::transpose::tests::should_support_swap_dims_int ... [32mok(B[m
test tests::tensor::transpose::tests::should_support_transpose_bool ... [32mok(B[m
test tests::tensor::transpose::tests::should_support_transpose_ops ... [32mok(B[m
test tests::tensor::topk::tests::test_topk ... [32mok(B[m
test tests::tensor::topk::tests::test_topk_with_indices ... [32mok(B[m
test tests::tensor::transpose::tests::should_support_transpose_ops_int ... [32mok(B[m
test tests::tensor::tri::tests::test_tril ... [32mok(B[m
test tests::tensor::tri::tests::test_tril_batch_tensors ... [32mok(B[m
test tests::tensor::tri::tests::test_tril_negative_diagonal ... [32mok(B[m
test tests::tensor::tri::tests::test_tril_positive_diagonal ... [32mok(B[m
test tests::tensor::tri::tests::test_tril_too_few_dims - should panic ... [32mok(B[m
test tests::tensor::tri::tests::test_triu ... [32mok(B[m
test tests::tensor::tri::tests::test_triu_batch_tensors ... [32mok(B[m
test tests::tensor::tri::tests::test_triu_negative_diagonal ... [32mok(B[m
test tests::tensor::tri::tests::test_triu_too_few_dims - should panic ... [32mok(B[m
test tests::tensor::tri_mask::tests::square_diag_offset ... [32mok(B[m
test tests::tensor::tri_mask::tests::square_tri_lower ... [32mok(B[m
test tests::tensor::tri::tests::test_triu_positive_diagonal ... [32mok(B[m
test tests::tensor::tri_mask::tests::square_tri_upper_offset ... [32mok(B[m
test tests::tensor::tri_mask::tests::square_tri_upper ... [32mok(B[m
test tests::tensor::tri_mask::tests::square_diag ... [32mok(B[m
test tests::tensor::var::tests::test_var ... [32mok(B[m
test tests::tensor::tri_mask::tests::rect_diag ... [32mok(B[m
test tests::tensor::tri_mask::tests::square_tri_lower_offset ... [32mok(B[m
test tests::tensor::var::tests::test_var_bias ... [32mok(B[m
test tests::tensor::var::tests::test_var_mean ... [32mok(B[m
test tests::tensor::var::tests::test_var_mean_bias ... [32mok(B[m

test result: [32mok(B[m. 1039 passed; 0 failed; 4 ignored; 0 measured; 0 filtered out; finished in 0.50s

[90m[[0m2025-02-09T11:17:54Z [32mINFO [0m tracel_xtask::utils::process[90m][0m Unit Tests: burn_no_std_tests
[1m[32m     Running[0m unittests src/lib.rs (target/debug/deps/burn_no_std_tests-f09a39a10a7cb73e)

running 0 tests

test result: [32mok(B[m. 0 passed; 0 failed; 0 ignored; 0 measured; 0 filtered out; finished in 0.00s

[90m[[0m2025-02-09T11:17:55Z [32mINFO [0m tracel_xtask::utils::process[90m][0m Unit Tests: burn_remote
[1m[32m     Running[0m unittests src/lib.rs (target/debug/deps/burn_remote-65f2162f884701a2)

running 0 tests

test result: [32mok(B[m. 0 passed; 0 failed; 0 ignored; 0 measured; 0 filtered out; finished in 0.00s

[90m[[0m2025-02-09T11:17:55Z [32mINFO [0m tracel_xtask::utils::process[90m][0m Unit Tests: burn_router
[1m[32m     Running[0m unittests src/lib.rs (target/debug/deps/burn_router-84427c5f6fd747a0)

running 822 tests
test tests::autodiff::ad_abs::tests::should_diff_abs ... [32mok(B[m
test tests::autodiff::ad_add::tests::should_diff_add_scalar ... [32mok(B[m
test tests::autodiff::ad_adaptive_avg_pool1d::tests::test_avg_pool1d_simple ... [32mok(B[m
test tests::autodiff::ad_adaptive_avg_pool2d::tests::test_avg_pool2d_simple ... [32mok(B[m
test tests::autodiff::ad_aggregation::tests::should_diff_mean ... [32mok(B[m
test tests::autodiff::ad_aggregation::tests::should_diff_sum_2 ... [32mok(B[m
test tests::autodiff::ad_avg_pool1d::tests::test_avg_pool1d_complex ... [32mok(B[m
test tests::autodiff::ad_aggregation::tests::should_diff_mean_dim ... [32mok(B[m
test tests::autodiff::ad_add::tests::should_diff_add ... [32mok(B[m
test tests::autodiff::ad_avg_pool2d::tests::test_avg_pool2d_complex ... [32mok(B[m
test tests::autodiff::ad_avg_pool2d::tests::test_avg_pool2d_simple ... [32mok(B[m
test tests::autodiff::ad_aggregation::tests::should_diff_sum_dim ... [32mok(B[m
test tests::autodiff::ad_avg_pool1d::tests::test_avg_pool1d_complex_dont_count_pad ... [32mok(B[m
test tests::autodiff::ad_add::tests::test_add_complex_1 ... [32mok(B[m
test tests::autodiff::ad_broadcast::tests::add_broadcast ... [32mok(B[m
test tests::autodiff::ad_broadcast::tests::matmul_broadcast ... [32mok(B[m
test tests::autodiff::ad_broadcast::tests::mask_where_broadcast ... [32mok(B[m
test tests::autodiff::ad_abs::tests::should_diff_abs_no_nans ... [32mok(B[m
test tests::autodiff::ad_ceil::tests::should_diff_ceil ... [32mok(B[m
test tests::autodiff::ad_avg_pool1d::tests::test_avg_pool1d_simple ... [32mok(B[m
test tests::autodiff::ad_aggregation::tests::should_diff_sum_1 ... [32mok(B[m
test tests::autodiff::ad_avg_pool2d::tests::test_avg_pool2d_complex_dont_include_pad ... [32mok(B[m
test tests::autodiff::ad_broadcast::tests::mul_broadcast ... [32mok(B[m
test tests::autodiff::ad_broadcast::tests::div_broadcast ... [32mok(B[m
test tests::autodiff::ad_cat::tests::should_diff_cat_more_than_1_dim ... [32mok(B[m
test tests::autodiff::ad_broadcast::tests::sub_broadcast ... [32mok(B[m
test tests::autodiff::ad_conv1d::tests::test_conv1d_basic ... [32mok(B[m
test tests::autodiff::ad_conv1d::tests::test_conv1d_groups ... [32mok(B[m
test tests::autodiff::ad_conv1d::tests::test_conv1d_with_padding ... [32mok(B[m
test tests::autodiff::ad_conv1d::tests::test_conv1d_different_channels ... [32mok(B[m
test tests::autodiff::ad_conv1d::tests::test_conv1d_dilation ... [32mok(B[m
test tests::autodiff::ad_complex::tests::should_diff_full_complex_2 ... [32mok(B[m
test tests::autodiff::ad_complex::tests::should_diff_full_complex_3 ... [32mok(B[m
test tests::autodiff::ad_conv1d::tests::test_conv1d_with_stride ... [32mok(B[m
test tests::autodiff::ad_complex::tests::should_diff_full_complex_1 ... [32mok(B[m
test tests::autodiff::ad_cat::tests::should_diff_cat ... [32mok(B[m
test tests::autodiff::ad_conv2d::tests::test_conv2d_complex ... [32mok(B[m
test tests::autodiff::ad_conv2d::tests::test_conv2d_basic ... [32mok(B[m
test tests::autodiff::ad_conv2d::tests::test_conv2d_dilation_2 ... [32mok(B[m
test tests::autodiff::ad_conv2d::tests::test_conv2d_different_width ... [32mok(B[m
test tests::autodiff::ad_conv2d::tests::test_conv2d_different_dilation ... [32mok(B[m
test tests::autodiff::ad_conv2d::tests::test_conv2d_different_padding ... [32mok(B[m
test tests::autodiff::ad_conv2d::tests::test_conv2d_different_kernel_size ... [32mok(B[m
test tests::autodiff::ad_conv2d::tests::test_conv2d_groups ... [32mok(B[m
test tests::autodiff::ad_conv2d::tests::test_conv2d_groups_different_channels ... [32mok(B[m
test tests::autodiff::ad_conv2d::tests::test_conv2d_different_channels ... [32mok(B[m
test tests::autodiff::ad_conv2d::tests::test_conv2d_different_stride ... [32mok(B[m
test tests::autodiff::ad_conv3d::tests::test_conv3d_basic ... [32mok(B[m
test tests::autodiff::ad_conv_transpose1d::tests::test_conv_transpose1d_complex ... [32mok(B[m
test tests::autodiff::ad_conv2d::tests::test_conv2d_groups_stride_2 ... [32mok(B[m
test tests::autodiff::ad_conv_transpose1d::tests::test_conv_transpose1d_padding ... [32mok(B[m
test tests::autodiff::ad_conv2d::tests::test_conv2d_stride_2 ... [32mok(B[m
test tests::autodiff::ad_conv_transpose1d::tests::test_conv_transpose1d_stride_padding_out ... [32mok(B[m
test tests::autodiff::ad_conv_transpose1d::tests::test_conv_transpose1d_basic ... [32mok(B[m
test tests::autodiff::ad_conv_transpose1d::tests::test_conv_transpose1d_dilation ... [32mok(B[m
test tests::autodiff::ad_conv_transpose1d::tests::test_conv_transpose1d_stride ... [32mok(B[m
test tests::autodiff::ad_conv_transpose2d::tests::test_conv_transpose2d_complex_no_groups ... [32mok(B[m
test tests::autodiff::ad_conv3d::tests::test_conv3d_complex ... [32mok(B[m
test tests::autodiff::ad_conv_transpose2d::tests::test_conv_transpose2d_groups ... [32mok(B[m
test tests::autodiff::ad_conv_transpose2d::tests::test_conv_transpose2d_complex_groups ... [32mok(B[m
test tests::autodiff::ad_conv_transpose2d::tests::test_conv_transpose2d_dilation ... [32mok(B[m
test tests::autodiff::ad_conv_transpose2d::tests::test_conv_transpose2d_complex_no_groups_2 ... [32mok(B[m
test tests::autodiff::ad_conv_transpose2d::tests::test_conv_transpose2d_kernel_size ... [32mok(B[m
test tests::autodiff::ad_conv_transpose2d::tests::test_conv_transpose2d_basic ... [32mok(B[m
test tests::autodiff::ad_conv_transpose2d::tests::test_conv_transpose2d_channels ... [32mok(B[m
test tests::autodiff::ad_conv_transpose2d::tests::test_conv_transpose2d_padding ... [32mok(B[m
test tests::autodiff::ad_conv_transpose2d::tests::test_conv_transpose2d_stride ... [32mok(B[m
test tests::autodiff::ad_cos::tests::should_diff_cos ... [32mok(B[m
test tests::autodiff::ad_conv_transpose3d::tests::test_conv_transpose3d_basic ... [32mok(B[m
test tests::autodiff::ad_conv_transpose3d::tests::test_conv_transpose3d_complex_groups ... [32mok(B[m
test tests::autodiff::ad_div::tests::should_diff_div_scalar ... [32mok(B[m
test tests::autodiff::ad_div::tests::should_diff_div ... [32mok(B[m
test tests::autodiff::ad_deform_conv2d::tests::test_deform_conv2d_basic ... [32mok(B[m
test tests::autodiff::ad_conv_transpose2d::tests::test_conv_transpose2d_stride_padding_out ... [32mok(B[m
test tests::autodiff::ad_div::tests::test_div_complex_2 ... [32mok(B[m
test tests::autodiff::ad_erf::tests::should_diff_erf ... [32mok(B[m
test tests::autodiff::ad_floor::tests::should_diff_floor ... [32mok(B[m
test tests::autodiff::ad_div::tests::test_div_complex_1 ... [32mok(B[m
test tests::autodiff::ad_exp::tests::should_diff_exp ... [32mok(B[m
test tests::autodiff::ad_flip::tests::should_diff_flip ... [32mok(B[m
test tests::autodiff::ad_log_sigmoid::tests::should_diff_log_sigmoid ... [32mok(B[m
test tests::autodiff::ad_deform_conv2d::tests::test_deform_conv2d_different_kernel_size ... [32mok(B[m
test tests::autodiff::ad_expand::tests::should_diff_expand ... [32mok(B[m
test tests::autodiff::ad_gather_scatter::tests::test_gather_grad ... [32mok(B[m
test tests::autodiff::ad_deform_conv2d::tests::test_deform_conv2d_batched ... [32mok(B[m
test tests::autodiff::ad_log1p::tests::should_diff_log1p ... [32mok(B[m
test tests::autodiff::ad_gelu::tests::should_diff_gelu ... [32mok(B[m
test tests::autodiff::ad_cross_entropy_loss::tests::test_cross_entropy_loss_grad ... [32mok(B[m
test tests::autodiff::ad_mask::tests::should_diff_mask_fill ... [32mok(B[m
test tests::autodiff::ad_gather_scatter::tests::test_scatter_grad ... [32mok(B[m
test tests::autodiff::ad_deform_conv2d::tests::test_deform_conv2d_different_padding ... [32mok(B[m
test tests::autodiff::ad_matmul::tests::should_diff_matmul ... [32mok(B[m
test tests::autodiff::ad_max_pool1d::tests::test_max_pool1d_complex_with_padding ... [32mok(B[m
test tests::autodiff::ad_max_pool2d::tests::test_max_pool2d_complex ... [32mok(B[m
test tests::autodiff::ad_max_pool2d::tests::test_max_pool2d_simple_2 ... [32mok(B[m
test tests::autodiff::ad_max_pool2d::tests::test_max_pool2d_simple_1 ... [32mok(B[m
test tests::autodiff::ad_max_pool1d::tests::test_max_pool1d_with_dilation ... [32mok(B[m
test tests::autodiff::ad_mask::tests::should_diff_mask_where ... [32mok(B[m
test tests::autodiff::ad_matmul::tests::test_matmul_complex_1 ... [32mok(B[m
test tests::autodiff::ad_log::tests::should_diff_log ... [32mok(B[m
test tests::autodiff::ad_max_pool2d::tests::test_max_pool2d_with_dilation ... [32mok(B[m
test tests::autodiff::ad_max_pool1d::tests::test_max_pool1d_simple ... [32mok(B[m
test tests::autodiff::ad_mul::tests::should_diff_mul_scalar ... [32mok(B[m
test tests::autodiff::ad_max_pool1d::tests::test_max_pool1d_complex ... [32mok(B[m
test tests::autodiff::ad_nearest_interpolate::tests::test_downsample_interpolation ... [32mok(B[m
test tests::autodiff::ad_matmul::tests::test_matmul_complex_2 ... [32mok(B[m
test tests::autodiff::ad_nearest_interpolate::tests::test_upsample_interpolation ... [32mok(B[m
test tests::autodiff::ad_mul::tests::should_diff_mul ... [32mok(B[m
test tests::autodiff::ad_powf::tests::should_diff_powf ... [32mok(B[m
test tests::autodiff::ad_neg::tests::should_diff_neg ... [32mok(B[m
test tests::autodiff::ad_powf::tests::should_diff_powf_with_untracked_rhs ... [32mok(B[m
test tests::autodiff::ad_mul::tests::test_mul_complex_1 ... [32mok(B[m
test tests::autodiff::ad_maxmin::tests::should_diff_max_dim ... [32mok(B[m
test tests::autodiff::ad_maxmin::tests::should_diff_min_dim ... [32mok(B[m
test tests::autodiff::ad_remainder::tests::should_diff_remainder ... [32mok(B[m
test tests::autodiff::ad_powf::tests::should_diff_powf_with_untracked_lhs ... [32mok(B[m
test tests::autodiff::ad_powf::tests::should_diff_powf_scalar ... [32mok(B[m
test tests::autodiff::ad_recip::tests::should_diff_recip ... [32mok(B[m
test tests::autodiff::ad_permute::tests::should_diff_permute ... [32mok(B[m
test tests::autodiff::ad_round::tests::should_diff_round ... [32mok(B[m
test tests::autodiff::ad_reshape::tests::should_diff_reshape ... [32mok(B[m
test tests::autodiff::ad_repeat_dim::tests::should_diff_repeat_multi_dim ... [32mok(B[m
test tests::autodiff::ad_sigmoid::tests::small_neg_val_should_not_cause_grad_overflow ... [32mok(B[m
test tests::autodiff::ad_nonzero::tests::should_diff_nonzero ... [32mok(B[m
test tests::autodiff::ad_sign::tests::should_diff_sign ... [32mok(B[m
test tests::autodiff::ad_sigmoid::tests::should_diff_sigmoid ... [32mok(B[m
test tests::autodiff::ad_relu::tests::should_diff_relu ... [32mok(B[m
test tests::autodiff::ad_select::tests::test_select_grad ... [32mok(B[m
test tests::autodiff::ad_select::tests::test_select_assign_grad ... [32mok(B[m
test tests::autodiff::ad_slice::tests::should_diff_matmul_with_slice ... [32mok(B[m
test tests::autodiff::ad_repeat_dim::tests::should_diff_repeat ... [32mok(B[m
test tests::autodiff::ad_select::tests::test_select_assign_grad_different_shapes ... [32mok(B[m
test tests::autodiff::ad_multithread::tests::should_behave_the_same_with_multithread ... [32mok(B[m
test tests::autodiff::ad_sin::tests::should_diff_sin ... [32mok(B[m
test tests::autodiff::ad_slice::tests::should_diff_matmul_with_slice_assign_complex ... [32mok(B[m
test tests::autodiff::ad_sort::tests::should_diff_sort_with_indices ... [32mok(B[m
test tests::autodiff::ad_sort::tests::should_diff_sort ... [32mok(B[m
test tests::autodiff::ad_sub::tests::should_diff_sub_scalar ... [32mok(B[m
test tests::autodiff::ad_sub::tests::should_diff_sub ... [32mok(B[m
test tests::autodiff::ad_slice::tests::should_diff_matmul_with_slice_assign ... [32mok(B[m
test tests::autodiff::ad_softmax::tests::test_quiet_softmax_grad ... [32mok(B[m
test tests::autodiff::ad_softmax::tests::test_softmax_grad ... [32mok(B[m
test tests::autodiff::ad_slice::tests::slice_assign_diff_should_give_same_results_as_cat ... [32mok(B[m
test tests::autodiff::ad_sqrt::tests::should_diff_sqrt ... [32mok(B[m
test tests::autodiff::ad_softmax::tests::test_log_softmax_grad ... [32mok(B[m
test tests::autodiff::ad_tanh::tests::should_diff_tanh ... [32mok(B[m
test tests::autodiff::ad_sub::tests::test_sub_complex_1 ... [32mok(B[m
test tests::autodiff::ad_transpose::tests::should_diff_swap_dims ... [32mok(B[m
test tests::autodiff::bridge::tests::test_full_precision ... [32mok(B[m
test tests::autodiff::ad_transpose::tests::should_diff_transpose ... [32mok(B[m
test tests::autodiff::checkpoint::tests::test_autodiff_checkpoint_half_sub_graph_not_tracked ... [32mok(B[m
test tests::autodiff::checkpoint::tests::test_autodiff_checkpoint_with_long_chain_of_eager_memory_bound ... [32mok(B[m
test tests::autodiff::checkpoint::tests::test_autodiff_checkpoint_with_many_duplicates ... [32mok(B[m
test tests::autodiff::memory_management::tests::test_mm_crossover_trees_with_referred_subtree ... [32mok(B[m
test tests::autodiff::gradients::tests::should_update_tensor_when_grad_replace ... [32mok(B[m
test tests::autodiff::checkpoint::tests::test_autodiff_checkpoint_complicated_computation ... [32mok(B[m
test tests::autodiff::checkpoint::tests::test_autodiff_checkpoint_with_missing_requirement ... [32mok(B[m
test tests::autodiff::memory_management::tests::test_mm_deletables_propagate_well - should panic ... [32mok(B[m
test tests::tensor::abs::tests::should_support_abs_ops_float ... [32mok(B[m
test tests::tensor::abs::tests::should_support_abs_ops_int ... [32mok(B[m
test tests::tensor::add::tests::should_support_add_scalar_ops ... [32mok(B[m
test tests::tensor::add::tests::should_support_add_scalar_ops_int ... [32mok(B[m
test tests::autodiff::memory_management::tests::test_mm_self_referencing_tree ... [32mok(B[m
test tests::tensor::add::tests::test_add_broadcast_int ... [32mok(B[m
test tests::tensor::add::tests::test_add_broadcast ... [32mok(B[m
test tests::tensor::add::tests::test_add_d2 ... [32mok(B[m
test tests::autodiff::memory_management::tests::test_mm_crossover_trees_root_unavailable - should panic ... [32mok(B[m
test tests::tensor::add::tests::test_add_d2_int ... [32mok(B[m
test tests::autodiff::memory_management::tests::test_mm_with_missing_require_grad_after_cleanup ... [32mok(B[m
test tests::tensor::add::tests::test_add_different_strides_broadcast ... [32mok(B[m
test tests::tensor::aggregation::tests::test_prod_dim_int ... [33mignored, Not implemented for all backends yet(B[m
test tests::tensor::add::tests::test_add_different_strides_rhs ... [32mok(B[m
test tests::tensor::aggregation::tests::test_prod_int ... [33mignored, Not implemented for all backends yet(B[m
test tests::tensor::add::tests::test_add_different_strides_lhs ... [32mok(B[m
test tests::tensor::aggregation::tests::test_should_mean ... [32mok(B[m
test tests::tensor::aggregation::tests::test_prod_float ... [32mok(B[m
test tests::tensor::aggregation::tests::test_should_mean_first_dim ... [32mok(B[m
test tests::tensor::aggregation::tests::test_should_mean_int ... [32mok(B[m
test tests::autodiff::module_backward::tests::test_embedding_backward ... [32mok(B[m
test tests::tensor::aggregation::tests::test_prod_dim_float ... [32mok(B[m
test tests::tensor::aggregation::tests::test_should_sum ... [32mok(B[m
test tests::tensor::aggregation::tests::test_should_sum_first_dim ... [32mok(B[m
test tests::tensor::aggregation::tests::test_should_mean_last_dim ... [32mok(B[m
test tests::tensor::aggregation::tests::test_should_sum_last_dim ... [32mok(B[m
test tests::tensor::aggregation::tests::test_should_sum_int ... [32mok(B[m
test tests::tensor::aggregation::tests::test_should_sum_last_dim_int ... [32mok(B[m
test tests::tensor::aggregation::tests::test_should_mean_last_dim_int ... [32mok(B[m
test tests::autodiff::memory_management::tests::test_mm_with_detach_after_cleanup ... [32mok(B[m
test tests::tensor::any::tests::test_any ... [32mok(B[m
test tests::tensor::aggregation::tests::test_should_sum_mid_dim_3d_non_contiguous_1 ... [32mok(B[m
test tests::tensor::aggregation::tests::test_should_sum_mid_dim_3d_non_contiguous_2 ... [32mok(B[m
test tests::tensor::arange_step::tests::should_panic_when_step_is_zero - should panic ... [32mok(B[m
test tests::tensor::any::tests::test_any_dim ... [32mok(B[m
test tests::tensor::all_op::tests::test_all_with_bool_from_lower_equal ... [32mok(B[m
test tests::tensor::arg::tests::test_argmax_2d_dim0 ... [32mok(B[m
test tests::tensor::arg::tests::test_argmax_2d_dim0_int ... [32mok(B[m
test tests::tensor::all_op::tests::test_all_dim ... [32mok(B[m
test tests::tensor::all_op::tests::test_all ... [32mok(B[m
test tests::tensor::arg::tests::test_argmin_2d_dim0 ... [32mok(B[m
test tests::tensor::arg::tests::test_argmin_2d_dim1 ... [32mok(B[m
test tests::tensor::arg::tests::test_argmax_2d_dim1 ... [32mok(B[m
test tests::tensor::arange::tests::test_arange ... [32mok(B[m
test tests::tensor::arg::tests::test_argmin_2d_dim0_int ... [32mok(B[m
test tests::tensor::argwhere_nonzero::tests::test_nonzero_2d ... [32mok(B[m
test tests::autodiff::memory_management::tests::test_mm_with_non_impacting_detach ... [32mok(B[m
test tests::tensor::argwhere_nonzero::tests::test_nonzero_empty ... [32mok(B[m
test tests::tensor::argwhere_nonzero::tests::test_argwhere_1d ... [32mok(B[m
test tests::tensor::argwhere_nonzero::tests::test_nonzero_1d ... [32mok(B[m
test tests::tensor::arange_step::tests::test_arange_step ... [32mok(B[m
test tests::tensor::argwhere_nonzero::tests::test_nonzero_3d ... [32mok(B[m
test tests::tensor::argwhere_nonzero::tests::test_argwhere_3d ... [32mok(B[m
test tests::tensor::bool::tests::test_from_int ... [32mok(B[m
test tests::tensor::cast::tests::cast_bool_to_float_tensor ... [32mok(B[m
test tests::tensor::cast::tests::cast_bool_to_int_tensor ... [32mok(B[m
test tests::tensor::bool::tests::test_from_float ... [32mok(B[m
test tests::tensor::cast::tests::cast_float_to_int ... [32mok(B[m
test tests::tensor::cast::tests::cast_float_precision ... [32mok(B[m
test tests::tensor::cartesian_grid::tests::test_cartesian_grid ... [32mok(B[m
test tests::tensor::cat::tests::should_panic_when_list_of_vectors_is_empty - should panic ... [32mok(B[m
test tests::tensor::argwhere_nonzero::tests::test_argwhere_2d ... [32mok(B[m
test tests::tensor::cat::tests::should_panic_when_cat_exceeds_dimension - should panic ... [32mok(B[m
test tests::tensor::cast::tests::cast_int_to_float_tensor ... [32mok(B[m
test tests::tensor::ceil::tests::should_support_ceil_ops ... [32mok(B[m
test tests::tensor::cat::tests::should_support_cat_ops_2d_dim0 ... [32mok(B[m
test tests::tensor::cat::tests::should_support_cat_ops_3d ... [32mok(B[m
test tests::tensor::cat::tests::should_panic_when_dimensions_are_not_the_same - should panic ... [32mok(B[m
test tests::tensor::cat::tests::should_support_cat_ops_2d_dim1 ... [32mok(B[m
test tests::tensor::chunk::tests::test_chunk_not_evenly_divisible_remains_several ... [32mok(B[m
test tests::tensor::chunk::tests::test_invalid_dim - should panic ... [32mok(B[m
test tests::tensor::clamp::tests::clamp_max ... [32mok(B[m
test tests::tensor::clamp::tests::clamp_min ... [32mok(B[m
test tests::tensor::clamp::tests::clamp_min_max ... [32mok(B[m
test tests::tensor::cat::tests::should_support_cat_ops_int ... [32mok(B[m
test tests::tensor::chunk::tests::test_chunk_multi_dimension ... [32mok(B[m
test tests::tensor::cat::tests::should_support_cat_ops_bool ... [32mok(B[m
test tests::tensor::chunk::tests::test_chunk_not_divisible ... [32mok(B[m
test tests::tensor::chunk::tests::test_chunk_evenly_divisible ... [32mok(B[m
test tests::autodiff::memory_management::tests::test_mm_independent_trees ... [32mok(B[m
test tests::tensor::clone_invariance::tests::float::Abs ... [32mok(B[m
test tests::tensor::clone_invariance::tests::float::AddScalar ... [32mok(B[m
test tests::tensor::clone_invariance::tests::float::Argmax ... [32mok(B[m
test tests::autodiff::memory_management::tests::test_mm_three_crossover_trees_last_still_usable ... [32mok(B[m
test tests::tensor::clone_invariance::tests::float::Argmin ... [32mok(B[m
test tests::tensor::clone_invariance::tests::float::Cos ... [32mok(B[m
test tests::tensor::chunk::tests::test_chunk_not_evenly_divisible ... [32mok(B[m
test tests::tensor::clone_invariance::tests::float::Div ... [32mok(B[m
test tests::tensor::clone_invariance::tests::float::Add ... [32mok(B[m
test tests::tensor::clone_invariance::tests::float::Cat ... [32mok(B[m
test tests::tensor::clone_invariance::tests::float::ClampMax ... [32mok(B[m
test tests::tensor::clone_invariance::tests::float::DivScalar ... [32mok(B[m
test tests::tensor::clone_invariance::tests::float::Clamp ... [32mok(B[m
test tests::tensor::clone_invariance::tests::float::ClampMin ... [32mok(B[m
test tests::tensor::clone_invariance::tests::float::Erf ... [32mok(B[m
test tests::tensor::clone_invariance::tests::float::EqualElem ... [32mok(B[m
test tests::autodiff::memory_management::tests::test_mm_three_crossover_trees_middle_one_unavailable - should panic ... [32mok(B[m
test tests::tensor::clone_invariance::tests::float::Log ... [32mok(B[m
test tests::tensor::clone_invariance::tests::float::GreaterElem ... [32mok(B[m
test tests::tensor::clone_invariance::tests::float::GreaterEqual ... [32mok(B[m
test tests::tensor::clone_invariance::tests::float::GreaterEqualElem ... [32mok(B[m
test tests::tensor::clone_invariance::tests::float::Equal ... [32mok(B[m
test tests::tensor::clone_invariance::tests::float::Gelu ... [32mok(B[m
test tests::tensor::clone_invariance::tests::float::Exp ... [32mok(B[m
test tests::tensor::clone_invariance::tests::float::Greater ... [32mok(B[m
test tests::tensor::clone_invariance::tests::float::Log1P ... [32mok(B[m
test tests::tensor::clone_invariance::tests::float::LogSoftmax ... [32mok(B[m
test tests::tensor::clone_invariance::tests::float::Gatter ... [32mok(B[m
test tests::tensor::clone_invariance::tests::float::LogSigmoid ... [32mok(B[m
test tests::tensor::clone_invariance::tests::float::MaskFill ... [32mok(B[m
test tests::tensor::clone_invariance::tests::float::MaxDim ... [32mok(B[m
test tests::tensor::clone_invariance::tests::float::LowerElem ... [32mok(B[m
test tests::tensor::clone_invariance::tests::float::LowerEqualElem ... [32mok(B[m
test tests::tensor::clone_invariance::tests::float::Lower ... [32mok(B[m
test tests::tensor::clone_invariance::tests::float::LowerEqual ... [32mok(B[m
test tests::tensor::clone_invariance::tests::float::Mish ... [32mok(B[m
test tests::tensor::clone_invariance::tests::float::Mean ... [32mok(B[m
test tests::tensor::clone_invariance::tests::float::MaskWhere ... [32mok(B[m
test tests::tensor::clone_invariance::tests::float::MaxDimWithIndices ... [32mok(B[m
test tests::tensor::clone_invariance::tests::float::Matmul ... [32mok(B[m
test tests::tensor::clone_invariance::tests::float::MinDimWithIndices ... [32mok(B[m
test tests::tensor::clone_invariance::tests::float::Max ... [32mok(B[m
test tests::tensor::clone_invariance::tests::float::Min ... [32mok(B[m
test tests::tensor::clone_invariance::tests::float::MeanDim ... [32mok(B[m
test tests::autodiff::checkpoint::tests::test_autodiff_checkpoint_very_complex ... [32mok(B[m
test tests::tensor::clone_invariance::tests::float::MinDim ... [32mok(B[m
test tests::tensor::clone_invariance::tests::float::MulScalar ... [32mok(B[m
test tests::tensor::clone_invariance::tests::float::Neg ... [32mok(B[m
test tests::tensor::clone_invariance::tests::float::Relu ... [32mok(B[m
test tests::tensor::clone_invariance::tests::float::Sigmoid ... [32mok(B[m
test tests::tensor::clone_invariance::tests::float::Mul ... [32mok(B[m
test tests::tensor::clone_invariance::tests::float::PowScalar ... [32mok(B[m
test tests::tensor::clone_invariance::tests::float::Softmax ... [32mok(B[m
test tests::tensor::clone_invariance::tests::float::Select ... [32mok(B[m
test tests::tensor::clone_invariance::tests::float::NotEqualElem ... [32mok(B[m
test tests::tensor::clone_invariance::tests::float::Sin ... [32mok(B[m
test tests::tensor::clone_invariance::tests::float::Reshape ... [32mok(B[m
test tests::tensor::clone_invariance::tests::float::SelectAssign ... [32mok(B[m
test tests::tensor::clone_invariance::tests::float::Repeat ... [32mok(B[m
test tests::tensor::clone_invariance::tests::float::Scatter ... [32mok(B[m
test tests::tensor::clone_invariance::tests::float::Slice ... [32mok(B[m
test tests::tensor::clone_invariance::tests::float::Silu ... [32mok(B[m
test tests::tensor::clone_invariance::tests::float::Softplus ... [32mok(B[m
test tests::tensor::clone_invariance::tests::float::SliceAssign ... [32mok(B[m
test tests::tensor::clone_invariance::tests::float::SumDim ... [32mok(B[m
test tests::tensor::clone_invariance::tests::float::SubScalar ... [32mok(B[m
test tests::tensor::clone_invariance::tests::float::Sum ... [32mok(B[m
test tests::tensor::clone_invariance::tests::float::SwapDims ... [32mok(B[m
test tests::tensor::clone_invariance::tests::float::Tanh ... [32mok(B[m
test tests::tensor::clone_invariance::tests::int::Abs ... [32mok(B[m
test tests::tensor::clone_invariance::tests::float::Sqrt ... [32mok(B[m
test tests::tensor::clone_invariance::tests::int::AddScalar ... [32mok(B[m
test tests::tensor::clone_invariance::tests::float::Transpose ... [32mok(B[m
test tests::tensor::clone_invariance::tests::int::Argmax ... [32mok(B[m
test tests::tensor::clone_invariance::tests::float::Sub ... [32mok(B[m
test tests::tensor::clone_invariance::tests::int::ClampMax ... [32mok(B[m
test tests::tensor::clone_invariance::tests::int::Argmin ... [32mok(B[m
test tests::tensor::clone_invariance::tests::int::Clamp ... [32mok(B[m
test tests::tensor::clone_invariance::tests::int::Gatter ... [32mok(B[m
test tests::tensor::clone_invariance::tests::int::Equal ... [32mok(B[m
test tests::tensor::clone_invariance::tests::int::GreaterElem ... [32mok(B[m
test tests::tensor::clone_invariance::tests::int::EqualElem ... [32mok(B[m
test tests::tensor::clone_invariance::tests::int::Div ... [32mok(B[m
test tests::tensor::clone_invariance::tests::int::Cat ... [32mok(B[m
test tests::tensor::clone_invariance::tests::int::DivScalar ... [32mok(B[m
test tests::tensor::clone_invariance::tests::int::Add ... [32mok(B[m
test tests::tensor::clone_invariance::tests::int::ClampMin ... [32mok(B[m
test tests::tensor::clone_invariance::tests::int::GreaterEqualElem ... [32mok(B[m
test tests::tensor::clone_invariance::tests::int::LowerEqualElem ... [32mok(B[m
test tests::tensor::clone_invariance::tests::int::Max ... [32mok(B[m
test tests::tensor::clone_invariance::tests::int::Greater ... [32mok(B[m
test tests::tensor::clone_invariance::tests::int::LowerEqual ... [32mok(B[m
test tests::tensor::clone_invariance::tests::int::GreaterEqual ... [32mok(B[m
test tests::tensor::clone_invariance::tests::int::LowerElem ... [32mok(B[m
test tests::tensor::clone_invariance::tests::int::Lower ... [32mok(B[m
test tests::tensor::clone_invariance::tests::int::MeanDim ... [32mok(B[m
test tests::tensor::clone_invariance::tests::int::MaskFill ... [32mok(B[m
test tests::tensor::clone_invariance::tests::int::Mean ... [32mok(B[m
test tests::tensor::clone_invariance::tests::int::MinDim ... [32mok(B[m
test tests::tensor::clone_invariance::tests::int::Mul ... [32mok(B[m
test tests::tensor::clone_invariance::tests::int::Neg ... [32mok(B[m
test tests::tensor::clone_invariance::tests::int::MinDimWithIndices ... [32mok(B[m
test tests::tensor::clone_invariance::tests::int::MaskWhere ... [32mok(B[m
test tests::tensor::clone_invariance::tests::int::Min ... [32mok(B[m
test tests::tensor::clone_invariance::tests::int::NotEqualElem ... [32mok(B[m
test tests::tensor::clone_invariance::tests::int::MulScalar ... [32mok(B[m
test tests::tensor::clone_invariance::tests::int::MaxDimWithIndices ... [32mok(B[m
test tests::tensor::clone_invariance::tests::int::MaxDim ... [32mok(B[m
test tests::tensor::clone_invariance::tests::int::Reshape ... [32mok(B[m
test tests::tensor::clone_invariance::tests::int::Select ... [32mok(B[m
test tests::tensor::clone_invariance::tests::int::Repeat ... [32mok(B[m
test tests::tensor::clone_invariance::tests::int::NotEqual ... [32mok(B[m
test tests::tensor::clone_invariance::tests::int::Scatter ... [32mok(B[m
test tests::tensor::clone_invariance::tests::int::SelectAssign ... [32mok(B[m
test tests::tensor::clone_invariance::tests::int::Slice ... [32mok(B[m
test tests::tensor::clone_invariance::tests::int::SwapDims ... [32mok(B[m
test tests::tensor::cos::tests::should_support_cos_ops ... [32mok(B[m
test tests::tensor::close::tests::test_is_close ... [32mok(B[m
test tests::tensor::clone_invariance::tests::int::Transpose ... [32mok(B[m
test tests::tensor::close::tests::test_all_close ... [32mok(B[m
test tests::tensor::clone_invariance::tests::int::Sub ... [32mok(B[m
test tests::tensor::clone_invariance::tests::int::Sum ... [32mok(B[m
test tests::tensor::clone_invariance::tests::int::SubScalar ... [32mok(B[m
test tests::tensor::clone_invariance::tests::int::SumDim ... [32mok(B[m
test tests::tensor::cov::tests::test_cov_1 ... [32mok(B[m
test tests::tensor::clone_invariance::tests::int::SliceAssign ... [32mok(B[m
test tests::tensor::create_like::tests::should_support_zeros_like ... [32mok(B[m
test tests::tensor::cov::tests::test_cov_3 ... [32mok(B[m
test tests::tensor::cov::tests::test_cov_4 ... [32mok(B[m
test tests::tensor::cov::tests::test_cov_2 ... [32mok(B[m
test tests::tensor::create_like::tests::should_support_randoms_like ... [32mok(B[m
test tests::tensor::create_like::tests::should_support_ones_like ... [32mok(B[m
test tests::tensor::div::tests::should_support_div_ops_int ... [32mok(B[m
test tests::tensor::div::tests::should_support_div_ops ... [32mok(B[m
test tests::tensor::div::tests::should_support_div_scalar_ops ... [32mok(B[m
test tests::tensor::display::tests::test_display_2d_float_tensor ... [32mok(B[m
test tests::tensor::display::tests::test_display_2d_bool_tensor ... [32mok(B[m
test tests::tensor::div::tests::test_div_broadcast ... [32mok(B[m
test tests::tensor::div::tests::should_support_div_scalar_ops_int ... [32mok(B[m
test tests::tensor::erf::tests::should_support_erf_ops ... [32mok(B[m
test tests::tensor::exp::tests::should_support_exp_ops ... [32mok(B[m
test tests::tensor::erf::tests::should_support_erf_ops_with_negative_number ... [32mok(B[m
test tests::tensor::expand::tests::expand_2d ... [32mok(B[m
test tests::tensor::div::tests::test_div_broadcast_int ... [32mok(B[m
test tests::tensor::expand::tests::expand_2d_bool ... [32mok(B[m
test tests::tensor::expand::tests::expand_3d ... [32mok(B[m
test tests::tensor::expand::tests::broadcast_single ... [32mok(B[m
test tests::tensor::display::tests::test_display_precision ... [32mok(B[m
test tests::tensor::expand::tests::expand_higher_dimensions ... [32mok(B[m
test tests::tensor::display::tests::test_display_2d_int_tensor ... [32mok(B[m
test tests::tensor::expand::tests::expand_2d_int ... [32mok(B[m
test tests::tensor::expand::tests::inplace_op_after_expand ... [32mok(B[m
test tests::tensor::expand::tests::should_all_negative_one ... [32mok(B[m
test tests::tensor::expand::tests::should_panic_negative_one_on_non_existing_dim - should panic ... [32mok(B[m
test tests::tensor::flatten::tests::should_flatten_begin ... [32mok(B[m
test tests::tensor::flatten::tests::should_flatten_middle ... [32mok(B[m
test tests::tensor::flatten::tests::should_flatten_end ... [32mok(B[m
test tests::tensor::flatten::tests::not_enough_destination_dimension - should panic ... [32mok(B[m
test tests::tensor::expand::tests::should_fail_expand_incompatible_shapes - should panic ... [32mok(B[m
test tests::tensor::eye::tests::test_eye_float ... [32mok(B[m
test tests::tensor::flatten::tests::should_flatten_to_1d ... [32mok(B[m
test tests::tensor::flatten::tests::should_flatten_panic - should panic ... [32mok(B[m
test tests::tensor::flip::tests::flip_duplicated_axes - should panic ... [32mok(B[m
test tests::tensor::full::tests::test_data_full ... [32mok(B[m
test tests::tensor::flip::tests::flip_int ... [32mok(B[m
test tests::tensor::full::tests::test_tensor_full ... [32mok(B[m
test tests::tensor::flip::tests::flip_float ... [32mok(B[m
test tests::tensor::gather_scatter::tests::scatter_should_panic_on_mismatch_of_shapes - should panic ... [32mok(B[m
test tests::tensor::flip::tests::flip_out_of_bound_axis - should panic ... [32mok(B[m
test tests::tensor::gather_scatter::tests::should_gather_2d_dim0 ... [32mok(B[m
test tests::tensor::gather_scatter::tests::should_gather_1d_dim0 ... [32mok(B[m
test tests::tensor::gather_scatter::tests::should_gather_2d_dim1 ... [32mok(B[m
test tests::tensor::floor::tests::should_support_floor_ops ... [32mok(B[m
test tests::tensor::gather_scatter::tests::should_gather_2d_only_1dim ... [32mok(B[m
test tests::tensor::gather_scatter::tests::should_scatter_1d ... [32mok(B[m
test tests::tensor::gather_scatter::tests::should_gather_3d_dim1 ... [32mok(B[m
test tests::tensor::gather_scatter::tests::should_gather_1d_dim0_int ... [32mok(B[m
test tests::tensor::gather_scatter::tests::should_scatter_2d_dim0 ... [32mok(B[m
test tests::tensor::gather_scatter::tests::should_scatter_2d_dim1 ... [32mok(B[m
test tests::tensor::gather_scatter::tests::should_scatter_1d_int ... [32mok(B[m
test tests::tensor::gather_scatter::tests::should_scatter_3d_dim1 ... [32mok(B[m
test tests::tensor::flip::tests::flip_bool ... [32mok(B[m
test tests::tensor::init::tests::should_support_float_empty ... [32mok(B[m
test tests::tensor::display::tests::test_display_4d_tensor ... [32mok(B[m
test tests::tensor::init::tests::should_support_int_empty ... [32mok(B[m
test tests::tensor::gelu::tests::test_gelu ... [32mok(B[m
test tests::tensor::init::tests::should_support_bool_empty ... [32mok(B[m
test tests::tensor::gather_scatter::tests::should_scatter_2d_dim1_diff_shape ... [32mok(B[m
test tests::tensor::init::tests::should_support_int_zeros ... [32mok(B[m
test tests::tensor::init::tests::should_support_float_zeros ... [32mok(B[m
test tests::tensor::init::tests::should_support_int_ones ... [32mok(B[m
test tests::tensor::leaky_relu::tests::test_leaky_relu_d2 ... [32mok(B[m
test tests::tensor::init::tests::should_support_float_ones ... [32mok(B[m
test tests::tensor::log1p::tests::should_support_exp_log1p ... [32mok(B[m
test tests::tensor::iter_dim::test::test_too_high_dimension - should panic ... [32mok(B[m
test tests::tensor::log::tests::should_support_log_ops ... [32mok(B[m
test tests::tensor::iter_dim::test::test_iter_dim_single_element ... [32mok(B[m
test tests::tensor::map_comparison::tests::should_support_bool_not ... [32mok(B[m
test tests::tensor::iter_dim::test::test_transposed ... [32mok(B[m
test tests::tensor::log_sigmoid::tests::test_log_sigmoid ... [32mok(B[m
test tests::tensor::map_comparison::tests::should_support_bool_not_equal ... [32mok(B[m
test tests::tensor::map_comparison::tests::should_support_bool_equal ... [32mok(B[m
test tests::tensor::iter_dim::test::test_1d_iter_last_item ... [32mok(B[m
test tests::tensor::display::tests::test_display_3d_tensor ... [32mok(B[m
test tests::tensor::map_comparison::tests::test_equal_inf ... [32mok(B[m
test tests::tensor::display::tests::test_display_tensor_summarize_1 ... [32mok(B[m
test tests::tensor::map_comparison::tests::test_greater_equal ... [32mok(B[m
test tests::tensor::map_comparison::tests::test_equal ... [32mok(B[m
test tests::tensor::log_sigmoid::tests::test_log_sigmoid_numerical_stability ... [32mok(B[m
test tests::tensor::map_comparison::tests::test_greater_equal_elem ... [32mok(B[m
test tests::tensor::map_comparison::tests::test_greater ... [32mok(B[m
test tests::tensor::map_comparison::tests::test_greater_elem ... [32mok(B[m
test tests::tensor::iter_dim::test::test_iter_dim_double_end ... [32mok(B[m
test tests::tensor::map_comparison::tests::test_equal_elem ... [32mok(B[m
test tests::tensor::map_comparison::tests::test_int_greater_elem ... [32mok(B[m
test tests::tensor::map_comparison::tests::test_int_equal ... [32mok(B[m
test tests::tensor::map_comparison::tests::test_int_lower ... [32mok(B[m
test tests::tensor::map_comparison::tests::test_int_equal_elem ... [32mok(B[m
test tests::tensor::map_comparison::tests::test_int_lower_elem ... [32mok(B[m
test tests::tensor::map_comparison::tests::test_int_greater ... [32mok(B[m
test tests::tensor::map_comparison::tests::test_int_not_equal ... [32mok(B[m
test tests::tensor::map_comparison::tests::test_lower_elem ... [32mok(B[m
test tests::tensor::map_comparison::tests::test_int_greater_equal ... [32mok(B[m
test tests::tensor::map_comparison::tests::test_int_lower_equal_elem ... [32mok(B[m
test tests::tensor::map_comparison::tests::test_lower ... [32mok(B[m
test tests::tensor::map_comparison::tests::test_int_greater_equal_elem ... [32mok(B[m
test tests::tensor::map_comparison::tests::test_int_not_equal_elem ... [32mok(B[m
test tests::tensor::map_comparison::tests::test_lower_equal_elem ... [32mok(B[m
test tests::tensor::mask::tests::should_support_int_mask_fill_ops ... [32mok(B[m
test tests::tensor::mask::tests::should_support_mask_fill_ops ... [32mok(B[m
test tests::tensor::map_comparison::tests::test_lower_equal ... [32mok(B[m
test tests::tensor::map_comparison::tests::test_int_lower_equal ... [32mok(B[m
test tests::tensor::mask::tests::float_mask_fill_infinite ... [32mok(B[m
test tests::tensor::mask::tests::should_handle_mask_where_nans ... [32mok(B[m
test tests::tensor::mask::tests::should_support_int_mask_where_ops ... [32mok(B[m
test tests::tensor::mask::tests::should_support_mask_where_broadcast ... [32mok(B[m
test tests::tensor::map_comparison::tests::test_not_equal_elem ... [32mok(B[m
test tests::tensor::matmul::tests::test_matmul_broadcast_1 ... [32mok(B[m
test tests::tensor::map_comparison::tests::test_not_equal ... [32mok(B[m
test tests::tensor::map_comparison::tests::test_not_equal_inf ... [32mok(B[m
test tests::tensor::mask::tests::should_support_mask_where_broadcast_int ... [32mok(B[m
test tests::tensor::matmul::tests::test_matmul_4_8 ... [32mok(B[m
test tests::tensor::mask::tests::should_support_mask_where_ops ... [32mok(B[m
test tests::tensor::matmul::tests::should_panic_when_inner_dimensions_are_not_equal - should panic ... [32mok(B[m
test tests::tensor::matmul::tests::test_matmul_trivial ... [32mok(B[m
test tests::tensor::matmul::tests::test_matmul_d3 ... [32mok(B[m
test tests::tensor::matmul::tests::test_matmul_simple_1 ... [32mok(B[m
test tests::tensor::matmul::tests::test_matmul_trivial_transposed ... [32mok(B[m
test tests::tensor::matmul::tests::test_matmul_4_3 ... [32mok(B[m
test tests::tensor::matmul::tests::test_matmul_broadcast_4d ... [32mok(B[m
test tests::tensor::maxmin::tests::test_max_dim_2d_with_0th_dim ... [32mok(B[m
test tests::tensor::maxmin::tests::test_maximum_pair ... [32mok(B[m
test tests::tensor::matmul::tests::test_matmul_simple_2 ... [32mok(B[m
test tests::tensor::maxmin::tests::test_min_dim_2d_with_0th_dim ... [32mok(B[m
test tests::tensor::maxmin::tests::test_min_dim_2d ... [32mok(B[m
test tests::tensor::matmul::tests::test_matmul_d2 ... [32mok(B[m
test tests::tensor::maxmin::tests::test_max_dim_with_indices_2d_with_dim_0th ... [32mok(B[m
test tests::tensor::maxmin::tests::test_mean_dim_2d ... [32mok(B[m
test tests::tensor::maxmin::tests::test_max_dim_2d ... [32mok(B[m
test tests::tensor::maxmin::tests::test_max_dim_with_indices_2d ... [32mok(B[m
test tests::tensor::maxmin::tests::test_sum_dim_2d ... [32mok(B[m
test tests::tensor::maxmin::tests::test_min_dim_with_indices_2d ... [32mok(B[m
test tests::tensor::maxmin::tests::test_min_dim_with_indices_2d_with_0th_dim ... [32mok(B[m
test tests::tensor::matmul::tests::test_matmul_simple_3 ... [32mok(B[m
test tests::tensor::module_adaptive_avg_pool1d::tests::test_adaptive_avg_pool1d_dyn_filter_size ... [32mok(B[m
test tests::tensor::module_adaptive_avg_pool2d::tests::test_adaptive_avg_pool2d_bigger_output ... [32mok(B[m
test tests::tensor::maxmin::tests::test_minimum_pair ... [32mok(B[m
test tests::tensor::module_adaptive_avg_pool1d::tests::test_adaptive_avg_pool1d_simple ... [32mok(B[m
test tests::tensor::module_avg_pool1d::tests::test_avg_pool1d_complex ... [32mok(B[m
test tests::tensor::module_adaptive_avg_pool2d::tests::test_adaptive_avg_pool2d_simple ... [32mok(B[m
test tests::tensor::module_avg_pool1d::tests::test_avg_pool1d_complex_dont_count_pad ... [32mok(B[m
test tests::tensor::module_adaptive_avg_pool1d::tests::test_adaptive_avg_pool1d_bigger_output ... [32mok(B[m
test tests::tensor::mish::tests::test_mish ... [32mok(B[m
test tests::tensor::module_adaptive_avg_pool2d::tests::test_adaptive_avg_pool2d_dyn_filter_size ... [32mok(B[m
test tests::tensor::module_avg_pool2d::tests::test_avg_pool2d_complex_dont_include_pad ... [32mok(B[m
test tests::tensor::module_avg_pool1d::tests::test_avg_pool1d_simple ... [32mok(B[m
test tests::tensor::module_bicubic_interpolate::tests::test_upsample_interpolation ... [32mok(B[m
test tests::tensor::module_bicubic_interpolate::tests::test_1d_bicubic ... [32mok(B[m
test tests::tensor::module_avg_pool2d::tests::test_avg_pool2d_simple ... [32mok(B[m
test tests::tensor::module_bicubic_interpolate::tests::test_downsample_interpolation ... [32mok(B[m
test tests::tensor::module_bilinear_interpolate::tests::test_upsample_interpolation ... [32mok(B[m
test tests::tensor::module_bilinear_interpolate::tests::test_1d_bilinear ... [32mok(B[m
test tests::tensor::module_conv1d::tests::test_conv1d_complex ... [32mok(B[m
test tests::tensor::module_avg_pool2d::tests::test_avg_pool2d_complex ... [32mok(B[m
test tests::tensor::module_bilinear_interpolate::tests::test_downsample_interpolation ... [32mok(B[m
test tests::tensor::module_conv1d::tests::test_conv1d_dilation ... [32mok(B[m
test tests::tensor::module_conv1d::tests::test_conv1d_groups ... [32mok(B[m
test tests::tensor::module_conv2d::tests::test_conv2d_complex ... [32mok(B[m
test tests::tensor::module_conv1d::tests::test_conv1d_simple ... [32mok(B[m
test tests::tensor::module_conv2d::tests::test_conv2d_implicit_padded_in_channels ... [32mok(B[m
test tests::tensor::module_conv2d::tests::test_conv2d_groups ... [32mok(B[m
test tests::tensor::module_conv_transpose1d::tests::test_conv_transpose1d_diff_channels ... [32mok(B[m
test tests::tensor::module_conv2d::tests::test_conv2d_simple ... [32mok(B[m
test tests::tensor::module_conv3d::tests::test_conv3d_complex ... [32mok(B[m
test tests::tensor::module_conv2d::tests::test_conv2d_groups_multiple_channels ... [32mok(B[m
test tests::tensor::module_conv3d::tests::test_conv3d_simple ... [32mok(B[m
test tests::autodiff::memory_management::tests::test_mm_node_explored_once_can_still_be_tagged_as_useful_when_found_again_deeper ... [32mok(B[m
test tests::tensor::module_conv2d::tests::test_conv2d_simple_implicit ... [32mok(B[m
test tests::tensor::module_conv_transpose2d::tests::test_conv_transpose2d_simple_1 ... [32mok(B[m
test tests::tensor::module_conv_transpose2d::tests::test_conv_transpose2d_groups_2 ... [32mok(B[m
test tests::tensor::module_conv3d::tests::test_conv3d_groups ... [32mok(B[m
test tests::tensor::module_conv_transpose1d::tests::test_conv_transpose1d_dilation ... [32mok(B[m
test tests::tensor::module_conv_transpose1d::tests::test_conv_transpose1d_stride ... [32mok(B[m
test tests::tensor::module_conv_transpose2d::tests::test_conv_transpose2d_dilation_2 ... [32mok(B[m
test tests::tensor::module_conv_transpose2d::tests::test_conv_transpose2d_groups_different_channels ... [32mok(B[m
test tests::tensor::module_conv_transpose2d::tests::test_conv_transpose2d_simple_2 ... [32mok(B[m
test tests::tensor::module_conv_transpose1d::tests::test_conv_transpose1d_groups ... [32mok(B[m
test tests::tensor::module_conv_transpose2d::tests::test_conv_transpose2d_stride_2 ... [32mok(B[m
test tests::tensor::module_conv_transpose2d::tests::test_conv_transpose2d_stride2_out_padding ... [32mok(B[m
test tests::tensor::module_conv_transpose2d::tests::test_conv_transpose2d_simple_3 ... [32mok(B[m
test tests::tensor::module_conv_transpose3d::tests::test_conv_transpose3d_groups_2 ... [32mok(B[m
test tests::tensor::module_conv_transpose3d::tests::test_conv_transpose3d_groups_different_channels ... [32mok(B[m
test tests::tensor::module_conv_transpose3d::tests::test_conv_transpose3d_dilation_2 ... [32mok(B[m
test tests::tensor::module_conv_transpose3d::tests::test_conv_transpose3d_stride_2 ... [32mok(B[m
test tests::tensor::module_conv_transpose3d::tests::test_conv_transpose3d_simple_2 ... [32mok(B[m
test tests::tensor::module_conv_transpose3d::tests::test_conv_transpose3d_simple_1 ... [32mok(B[m
test tests::tensor::display::tests::test_display_tensor_summarize_3 ... [32mok(B[m
test tests::tensor::module_deform_conv2d::tests::test_deform_conv2d_different_kernel_size ... [32mok(B[m
test tests::tensor::module_deform_conv2d::tests::test_deform_conv2d_different_width ... [32mok(B[m
test tests::tensor::module_conv_transpose3d::tests::test_conv_transpose3d_stride2_out_padding ... [32mok(B[m
test tests::tensor::module_forward::tests::test_embedding_forward ... [32mok(B[m
test tests::tensor::module_max_pool1d::tests::test_max_pool1d_complex ... [32mok(B[m
test tests::tensor::module_max_pool1d::tests::test_max_pool1d_different_padding_stride_kernel ... [32mok(B[m
test tests::tensor::module_max_pool1d::tests::test_max_pool1d_with_indices ... [32mok(B[m
test tests::tensor::module_deform_conv2d::tests::test_deform_conv2d_batched ... [32mok(B[m
test tests::tensor::module_max_pool1d::tests::test_max_pool1d_with_dilation ... [32mok(B[m
test tests::tensor::module_max_pool1d::tests::test_max_pool1d_with_neg ... [32mok(B[m
test tests::tensor::module_deform_conv2d::tests::test_deform_conv2d_different_dilation ... [32mok(B[m
test tests::tensor::module_deform_conv2d::tests::test_deform_conv2d_different_stride ... [32mok(B[m
test tests::tensor::module_deform_conv2d::tests::test_deform_conv2d_different_padding_size ... [32mok(B[m
test tests::tensor::module_max_pool2d::tests::test_max_pool2d_complex ... [32mok(B[m
test tests::tensor::module_deform_conv2d::tests::test_deform_conv2d_weight_groups ... [32mok(B[m
test tests::tensor::module_max_pool2d::tests::test_max_pool2d_simple ... [32mok(B[m
test tests::tensor::module_max_pool1d::tests::test_max_pool1d_simple ... [32mok(B[m
test tests::tensor::module_max_pool2d::tests::test_max_pool2d_with_neg ... [32mok(B[m
test tests::tensor::module_unfold4d::tests::test_unfold4d_shape ... [32mok(B[m
test tests::tensor::display::tests::test_display_tensor_summarize_2 ... [32mok(B[m
test tests::tensor::module_deform_conv2d::tests::test_deform_conv2d_offset_groups ... [32mok(B[m
test tests::tensor::module_max_pool2d::tests::test_max_pool2d_with_dilation ... [32mok(B[m
test tests::tensor::module_unfold4d::tests::test_unfold4d_simple ... [32mok(B[m
test tests::tensor::module_unfold4d::tests::test_unfold4d_complex ... [32mok(B[m
test tests::tensor::module_nearest_interpolate::tests::test_1d_nearest ... [32mok(B[m
test tests::tensor::movedim::tests::edge_out_of_bound_axis_vec - should panic ... [32mok(B[m
test tests::tensor::module_max_pool2d::tests::test_max_pool2d_different_padding_stride_kernel ... [32mok(B[m
test tests::tensor::module_nearest_interpolate::tests::test_upsample_interpolation ... [32mok(B[m
test tests::tensor::movedim::tests::different_input_types ... [32mok(B[m
test tests::tensor::movedim::tests::edge_different_sizes - should panic ... [32mok(B[m
test tests::tensor::module_nearest_interpolate::tests::test_downsample_interpolation ... [32mok(B[m
test tests::tensor::movedim::tests::movedim_float ... [32mok(B[m
test tests::tensor::mul::tests::should_support_mul_scalar_ops_int ... [32mok(B[m
test tests::tensor::movedim::tests::edge_vec_is_not_a_set - should panic ... [32mok(B[m
test tests::tensor::movedim::tests::movedim_bool ... [32mok(B[m
test tests::tensor::mul::tests::should_support_mul_ops_int ... [32mok(B[m
test tests::tensor::nan::tests::contains_nan ... [33mignored, https://github.com/tracel-ai/burn/issues/2089(B[m
test tests::tensor::nan::tests::is_nan ... [33mignored, https://github.com/tracel-ai/burn/issues/2089(B[m
test tests::tensor::movedim::tests::edge_out_of_bound_axis - should panic ... [32mok(B[m
test tests::tensor::mul::tests::should_support_mul_ops ... [32mok(B[m
test tests::tensor::mul::tests::test_mul_broadcast_int ... [32mok(B[m
test tests::tensor::movedim::tests::vec_input_float ... [32mok(B[m
test tests::tensor::mul::tests::test_mul_broadcast ... [32mok(B[m
test tests::tensor::narrow::tests::test_narrow_1 ... [32mok(B[m
test tests::tensor::movedim::tests::movedim_int ... [32mok(B[m
test tests::tensor::narrow::tests::test_narrow_invalid_length - should panic ... [32mok(B[m
test tests::tensor::mul::tests::test_mul_broadcast_2_dims ... [32mok(B[m
test tests::tensor::movedim::tests::vec_input_bool ... [32mok(B[m
test tests::tensor::module_deform_conv2d::tests::test_deform_conv2d_simple ... [32mok(B[m
test tests::tensor::narrow::tests::test_narrow_2 ... [32mok(B[m
test tests::tensor::narrow::tests::test_narrow_invalid_dim - should panic ... [32mok(B[m
test tests::tensor::mul::tests::should_support_mul_scalar_ops ... [32mok(B[m
test tests::tensor::narrow::tests::test_narrow_invalid_zero_length - should panic ... [32mok(B[m
test tests::tensor::one_hot::tests::int_one_hot_should_panic_when_number_of_classes_is_zero - should panic ... [32mok(B[m
test tests::tensor::narrow::tests::test_narrow_3 ... [32mok(B[m
test tests::tensor::one_hot::tests::float_one_hot_should_panic_when_index_exceeds_number_of_classes - should panic ... [32mok(B[m
test tests::tensor::narrow::tests::test_narrow_invalid_start - should panic ... [32mok(B[m
test tests::tensor::neg::tests::should_support_neg_ops ... [32mok(B[m
test tests::tensor::one_hot::tests::one_hot_fill_with_positive_axis_and_indices ... [32mok(B[m
test tests::tensor::one_hot::tests::float_should_support_one_hot_index ... [32mok(B[m
test tests::tensor::one_hot::tests::one_hot_fill_should_panic_when_axis_out_range_of_rank - should panic ... [32mok(B[m
test tests::tensor::padding::tests::padding_4d_test ... [32mok(B[m
test tests::tensor::permute::tests::edge_out_of_bound_axis - should panic ... [32mok(B[m
test tests::tensor::one_hot::tests::one_hot_fill_with_negative_indices ... [32mok(B[m
test tests::tensor::padding::tests::padding_asymmetric_test ... [32mok(B[m
test tests::tensor::movedim::tests::vec_input_int ... [32mok(B[m
test tests::tensor::one_hot::tests::one_hot_fill_with_negative_axis_and_indices ... [32mok(B[m
test tests::tensor::permute::tests::permute_int ... [32mok(B[m
test tests::tensor::powf::tests::should_support_neg_values_with_odd_power ... [32mok(B[m
test tests::tensor::one_hot::tests::float_one_hot_should_panic_when_number_of_classes_is_zero - should panic ... [32mok(B[m
test tests::tensor::one_hot::tests::int_one_hot_should_panic_when_index_exceeds_number_of_classes - should panic ... [32mok(B[m
test tests::tensor::powf_scalar::tests::should_support_neg_power ... [32mok(B[m
test tests::tensor::powf::tests::should_support_powf_ops ... [32mok(B[m
test tests::tensor::one_hot::tests::float_should_support_one_hot ... [32mok(B[m
test tests::tensor::powf::tests::should_support_powf_broadcasted ... [32mok(B[m
test tests::tensor::padding::tests::padding_2d_test ... [32mok(B[m
test tests::tensor::powf_scalar::tests::should_support_powf_ops ... [32mok(B[m
test tests::tensor::powf_scalar::tests::should_support_neg_values_with_odd_power ... [32mok(B[m
test tests::tensor::permute::tests::permute_bool ... [32mok(B[m
test tests::tensor::primitive::tests::should_support_int_dtype ... [32mok(B[m
test tests::tensor::one_hot::tests::int_should_support_one_hot ... [32mok(B[m
test tests::tensor::powf_scalar::tests::should_support_neg_values_with_even_power ... [32mok(B[m
test tests::tensor::primitive::tests::should_support_float_dtype ... [32mok(B[m
test tests::tensor::permute::tests::edge_repeated_axes - should panic ... [32mok(B[m
test tests::tensor::padding::tests::padding_asymmetric_integer_test ... [32mok(B[m
test tests::tensor::powf::tests::should_support_neg_power ... [32mok(B[m
test tests::tensor::random::tests::rand_bernoulli ... [32mok(B[m
test tests::tensor::remainder::tests::should_be_negative_scalar ... [32mok(B[m
test tests::tensor::permute::tests::permute_float ... [32mok(B[m
test tests::tensor::random::tests::rand_default ... [32mok(B[m
test tests::tensor::relu::tests::test_relu_d2 ... [32mok(B[m
test tests::tensor::random::tests::rand_uniform ... [32mok(B[m
test tests::tensor::remainder::tests::should_have_no_remainder ... [32mok(B[m
test tests::tensor::remainder::tests::should_support_remainder_basic ... [32mok(B[m
test tests::tensor::remainder::tests::should_have_no_remainder_scalar ... [32mok(B[m
test tests::tensor::powf::tests::should_support_neg_values_with_even_power ... [32mok(B[m
test tests::tensor::remainder::tests::should_support_large_divisor ... [32mok(B[m
test tests::tensor::prod::tests::test_prod_float ... [32mok(B[m
test tests::tensor::remainder::tests::should_support_fp_dividends ... [32mok(B[m
test tests::tensor::recip::tests::should_support_recip_ops ... [32mok(B[m
test tests::tensor::remainder::tests::should_be_zero ... [32mok(B[m
test tests::tensor::remainder::tests::should_be_zero_scalar ... [32mok(B[m
test tests::tensor::remainder::tests::should_support_remainder_op ... [32mok(B[m
test tests::tensor::remainder::tests::should_support_remainder_float_scalar ... [32mok(B[m
test tests::tensor::remainder::tests::should_be_negative ... [32mok(B[m
test tests::tensor::repeat::tests::should_support_bool_repeat_on_many_dimension ... [32mok(B[m
test tests::tensor::repeat::tests::should_support_float_repeat_repeating_on_many_dimensions ... [32mok(B[m
test tests::tensor::remainder::tests::should_support_remainder_basic_scalar ... [32mok(B[m
test tests::tensor::repeat::tests::should_support_bool_repeat_ops_one_dimension ... [32mok(B[m
test tests::tensor::remainder::tests::should_support_remainder_scalar_op ... [32mok(B[m
test tests::tensor::remainder::tests::should_support_large_divisor_scalar ... [32mok(B[m
test tests::tensor::repeat::tests::should_support_int_repeat_ops_one_dimension ... [32mok(B[m
test tests::tensor::repeat_dim::tests::should_support_int_repeat_on_dims_larger_than_1 ... [32mok(B[m
test tests::tensor::reshape::tests::multiple_neg_ones - should panic ... [32mok(B[m
test tests::tensor::repeat_dim::tests::should_support_repeat_ops ... [32mok(B[m
test tests::tensor::repeat::tests::should_support_repeat_ops_one_dimension ... [32mok(B[m
test tests::tensor::remainder::tests::should_support_remainder_float ... [32mok(B[m
test tests::tensor::repeat::tests::should_support_int_repeat_on_many_dims ... [32mok(B[m
test tests::tensor::reshape::tests::should_support_reshape_1d ... [32mok(B[m
test tests::tensor::repeat_dim::tests::should_support_bool_repeat_on_dims_larger_than_1 ... [32mok(B[m
test tests::tensor::repeat_dim::tests::should_support_int_repeat_ops ... [32mok(B[m
test tests::tensor::reshape::tests::should_not_corrupt_after_slice ... [32mok(B[m
test tests::tensor::repeat_dim::tests::should_support_float_repeat_on_dims_larger_than_1 ... [32mok(B[m
test tests::tensor::reshape::tests::should_support_reshape_maybe_fused_2 ... [32mok(B[m
test tests::tensor::reshape::tests::should_support_reshape_int ... [32mok(B[m
test tests::tensor::round::tests::should_support_round_ops ... [32mok(B[m
test tests::tensor::reshape::tests::should_support_reshape_2d ... [32mok(B[m
test tests::tensor::reshape::tests::neg_value - should panic ... [32mok(B[m
test tests::tensor::repeat_dim::tests::should_support_bool_repeat_ops ... [32mok(B[m
test tests::tensor::select::tests::should_select_2d_dim0_more_num_dim ... [32mok(B[m
test tests::tensor::select::tests::should_select_2d_dim0_same_num_dim ... [32mok(B[m
test tests::tensor::reshape::tests::should_support_dim_infererence ... [32mok(B[m
test tests::tensor::round::tests::should_round_ties_even ... [32mok(B[m
test tests::tensor::select::tests::should_select_assign_2d_dim1 ... [32mok(B[m
test tests::tensor::reshape::tests::should_support_reshape_maybe_fused_1 ... [32mok(B[m
test tests::tensor::reshape::tests::should_support_reshape_maybe_fused_3 ... [32mok(B[m
test tests::tensor::select::tests::should_select_2d_dim1 ... [32mok(B[m
test tests::tensor::select::tests::should_select_1d ... [32mok(B[m
test tests::tensor::select::tests::should_select_panic_invalid_dimension - should panic ... [32mok(B[m
test tests::tensor::select::tests::should_select_assign_1d_int ... [32mok(B[m
test tests::tensor::reshape::tests::should_support_reshape_bool ... [32mok(B[m
test tests::tensor::select::tests::should_select_assign_2d_dim0 ... [32mok(B[m
test tests::tensor::select::tests::should_select_1d_int ... [32mok(B[m
test tests::tensor::sin::tests::should_support_sin_ops ... [32mok(B[m
test tests::tensor::reshape::tests::should_support_reshape_maybe_fused_4 ... [32mok(B[m
test tests::tensor::slice::tests::missing_dimensions ... [32mok(B[m
test tests::tensor::select::tests::should_select_assign_1d ... [32mok(B[m
test tests::tensor::slice::tests::should_panic_when_slice_is_desc - should panic ... [32mok(B[m
test tests::tensor::slice::tests::should_support_full_sliceing_1d ... [32mok(B[m
test tests::tensor::sign::tests::should_support_sign_ops_float ... [32mok(B[m
test tests::tensor::slice::tests::clamp_when_slice_exceeds_dimension ... [32mok(B[m
test tests::tensor::slice::tests::should_support_full_sliceing_2d ... [32mok(B[m
test tests::tensor::slice::tests::should_support_partial_sliceing_3d_non_contiguous ... [32mok(B[m
test tests::tensor::slice::tests::should_panic_when_slice_is_equal - should panic ... [32mok(B[m
test tests::tensor::sign::tests::should_support_sign_ops_int ... [32mok(B[m
test tests::tensor::slice::tests::should_support_partial_sliceing_2d ... [32mok(B[m
test tests::tensor::sigmoid::tests::test_sigmoid ... [32mok(B[m
test tests::tensor::silu::tests::test_silu ... [32mok(B[m
test tests::tensor::slice::tests::should_support_partial_sliceing_1d ... [32mok(B[m
test tests::tensor::slice::tests::should_support_slice_assign_1d ... [32mok(B[m
test tests::tensor::softmin::tests::test_softmin_d2 ... [32mok(B[m
test tests::tensor::slice::tests::should_support_slice_range_first_dim ... [32mok(B[m
test tests::tensor::slice::tests::should_support_partial_sliceing_3d ... [32mok(B[m
test tests::tensor::sigmoid::tests::test_sigmoid_overflow ... [32mok(B[m
test tests::tensor::slice::tests::should_slice_aggregation_result ... [32mok(B[m
test tests::tensor::softmax::tests::test_softmax_d2 ... [32mok(B[m
test tests::tensor::slice::tests::should_panic_when_slice_with_too_many_dimensions - should panic ... [32mok(B[m
test tests::tensor::slice::tests::slice_assign_should_not_corrupt_potentially_inplace_operations ... [32mok(B[m
test tests::tensor::sort_argsort::tests::test_argsort_1d_float ... [32mok(B[m
test tests::tensor::sort_argsort::tests::test_argsort_1d_int ... [32mok(B[m
test tests::tensor::slice::tests::should_support_slice_assign_2d ... [32mok(B[m
test tests::tensor::sort_argsort::tests::test_sort_1d_int ... [32mok(B[m
test tests::tensor::sort_argsort::tests::test_argsort_int ... [32mok(B[m
test tests::tensor::slice::tests::slice_should_not_corrupt_potentially_inplace_operations ... [32mok(B[m
test tests::tensor::sort_argsort::tests::test_sort_descending_1d ... [32mok(B[m
test tests::tensor::softplus::tests::test_softplus_d2 ... [32mok(B[m
test tests::tensor::slice::tests::negative_dimensions ... [32mok(B[m
test tests::tensor::sort_argsort::tests::test_sort_float_nan ... [32mok(B[m
test tests::tensor::sort_argsort::tests::test_sort_1d_float ... [32mok(B[m
test tests::tensor::sort_argsort::tests::test_argsort_float ... [32mok(B[m
test tests::tensor::sort_argsort::tests::test_sort_float ... [32mok(B[m
test tests::tensor::split::tests::test_split_3d_tensor_along_dim1 ... [32mok(B[m
test tests::tensor::split::tests::test_split_evenly_divisible ... [32mok(B[m
test tests::tensor::split::tests::test_split_3d_tensor_along_dim0 ... [32mok(B[m
test tests::tensor::split::tests::test_split_invalid_dim - should panic ... [32mok(B[m
test tests::tensor::sort_argsort::tests::test_sort_with_indices_float ... [32mok(B[m
test tests::tensor::sort_argsort::tests::test_sort_with_indices_descending_float ... [32mok(B[m
test tests::tensor::sort_argsort::tests::test_sort_int ... [32mok(B[m
test tests::tensor::split::tests::test_split_with_sizes_invalid_sum - should panic ... [32mok(B[m
test tests::tensor::split::tests::test_split_with_zero_split_size_non_zero_tensor - should panic ... [32mok(B[m
test tests::tensor::split::tests::test_split_with_zero_split_size_zero_tensor_size ... [32mok(B[m
test tests::tensor::split::tests::test_split_with_sizes ... [32mok(B[m
test tests::tensor::split::tests::test_split_along_dim1 ... [32mok(B[m
test tests::tensor::split::tests::test_split_zero_sized_tensor ... [32mok(B[m
test tests::tensor::sort_argsort::tests::test_sort_with_indices_int ... [32mok(B[m
test tests::tensor::squeeze::tests::should_squeeze ... [32mok(B[m
test tests::tensor::split::tests::test_split_split_size_larger_than_tensor_size ... [32mok(B[m
test tests::tensor::sqrt::tests::should_support_sqrt_ops ... [32mok(B[m
test tests::tensor::sort_argsort::tests::test_sort_with_indices_descending_int ... [32mok(B[m
test tests::tensor::squeeze::tests::should_squeeze_dims_dimension_mismatch_panic - should panic ... [32mok(B[m
test tests::tensor::squeeze::tests::should_squeeze_dims_work_if_non_singleton - should panic ... [32mok(B[m
test tests::tensor::squeeze::tests::should_squeeze_dims_with_positive_indices ... [32mok(B[m
test tests::tensor::squeeze::tests::should_squeeze_last ... [32mok(B[m
test tests::tensor::squeeze::tests::should_squeeze_dims_with_empty_slice ... [32mok(B[m
test tests::tensor::squeeze::tests::should_squeeze_first ... [32mok(B[m
test tests::tensor::squeeze::tests::should_squeeze_dims_panic_on_too_many_dimensions - should panic ... [32mok(B[m
test tests::tensor::squeeze::tests::should_squeeze_panic - should panic ... [32mok(B[m
test tests::tensor::squeeze::tests::should_squeeze_dims_with_negative_indices ... [32mok(B[m
test tests::tensor::split::tests::test_split_not_evenly_divisible ... [32mok(B[m
test tests::tensor::squeeze::tests::should_unsqueeze_dim ... [32mok(B[m
test tests::tensor::stack::tests::should_panic_when_list_of_vectors_is_empty - should panic ... [32mok(B[m
test tests::tensor::squeeze::tests::should_unsqueeze_dims_panic - should panic ... [32mok(B[m
test tests::tensor::squeeze::tests::should_unsqueeze_dims_work_with_single_dim ... [32mok(B[m
test tests::tensor::squeeze::tests::should_unsqueeze_dim_panic - should panic ... [32mok(B[m
test tests::tensor::stack::tests::should_generate_row_major_layout ... [32mok(B[m
test tests::tensor::split::tests::test_split_with_sizes_zero_length ... [32mok(B[m
test tests::tensor::squeeze::tests::should_unsqueeze_dim_last ... [32mok(B[m
test tests::tensor::squeeze::tests::should_unsqueeze_dim_first ... [32mok(B[m
test tests::tensor::squeeze::tests::should_unsqueeze_dims_multiple_trailing_negatives ... [32mok(B[m
test tests::tensor::squeeze::tests::should_unsqueeze_dims_handle_first_last ... [32mok(B[m
test tests::tensor::stack::tests::should_panic_when_dimensions_are_not_the_same - should panic ... [32mok(B[m
test tests::tensor::stack::tests::should_support_stack_ops_2d_dim0 ... [32mok(B[m
test tests::tensor::stack::tests::should_support_stack_ops_2d_dim1 ... [32mok(B[m
test tests::tensor::stack::tests::should_panic_when_stack_exceeds_dimension - should panic ... [32mok(B[m
test tests::tensor::stack::tests::should_support_stack_ops_int ... [32mok(B[m
test tests::tensor::tanh::tests::should_support_tanh_ops ... [32mok(B[m
test tests::tensor::sub::tests::should_support_sub_ops_int ... [32mok(B[m
test tests::tensor::sub::tests::should_support_sub_scalar_ops_int ... [32mok(B[m
test tests::tensor::sub::tests::should_support_sub_scalar_ops ... [32mok(B[m
test tests::tensor::squeeze::tests::should_unsqueeze_dims_support_dim_inference ... [32mok(B[m
test tests::tensor::tanh_activation::tests::test_tanh ... [32mok(B[m
test tests::tensor::sub::tests::test_sub_broadcast ... [32mok(B[m
test tests::tensor::stack::tests::should_support_stack_ops_3d ... [32mok(B[m
test tests::tensor::sub::tests::should_support_sub_ops ... [32mok(B[m
test tests::tensor::transpose::tests::should_support_swap_dims ... [32mok(B[m
test tests::tensor::transpose::tests::should_support_swap_dims_bool ... [32mok(B[m
test tests::tensor::transpose::tests::should_support_transpose_bool ... [32mok(B[m
test tests::tensor::tri::tests::test_tril_negative_diagonal ... [32mok(B[m
test tests::tensor::topk::tests::test_topk ... [32mok(B[m
test tests::tensor::transpose::tests::should_support_transpose_ops_int ... [32mok(B[m
test tests::tensor::sub::tests::test_sub_broadcast_int ... [32mok(B[m
test tests::tensor::stack::tests::should_support_stack_ops_bool ... [32mok(B[m
test tests::tensor::transpose::tests::should_support_swap_dims_int ... [32mok(B[m
test tests::tensor::tri::tests::test_triu_batch_tensors ... [32mok(B[m
test tests::tensor::tri::tests::test_tril_positive_diagonal ... [32mok(B[m
test tests::tensor::tri::tests::test_tril_too_few_dims - should panic ... [32mok(B[m
test tests::tensor::tri::tests::test_triu_too_few_dims - should panic ... [32mok(B[m
test tests::tensor::tri::tests::test_tril ... [32mok(B[m
test tests::tensor::transpose::tests::should_support_transpose_ops ... [32mok(B[m
test tests::tensor::topk::tests::test_topk_1d ... [32mok(B[m
test tests::tensor::tri::tests::test_triu ... [32mok(B[m
test tests::tensor::tri::tests::test_triu_negative_diagonal ... [32mok(B[m
test tests::tensor::var::tests::test_var ... [32mok(B[m
test tests::tensor::topk::tests::test_topk_with_indices ... [32mok(B[m
test tests::tensor::tri_mask::tests::square_diag_offset ... [32mok(B[m
test tests::tensor::tri_mask::tests::square_tri_upper_offset ... [32mok(B[m
test tests::tensor::tri_mask::tests::square_tri_lower ... [32mok(B[m
test tests::tensor::tri_mask::tests::square_diag ... [32mok(B[m
test tests::tensor::tri_mask::tests::square_tri_lower_offset ... [32mok(B[m
test tests::tensor::tri::tests::test_tril_batch_tensors ... [32mok(B[m
test tests::tensor::var::tests::test_var_bias ... [32mok(B[m
test tests::tensor::tri_mask::tests::square_tri_upper ... [32mok(B[m
test tests::tensor::var::tests::test_var_mean_bias ... [32mok(B[m
test tests::tensor::tri_mask::tests::rect_diag ... [32mok(B[m
test tests::tensor::tri::tests::test_triu_positive_diagonal ... [32mok(B[m
test tests::tensor::var::tests::test_var_mean ... [32mok(B[m
test types::tests::should_support_dual_byte_bridge ... [32mok(B[m

test result: [32mok(B[m. 818 passed; 0 failed; 4 ignored; 0 measured; 0 filtered out; finished in 1.17s

[90m[[0m2025-02-09T11:17:56Z [32mINFO [0m tracel_xtask::utils::process[90m][0m Unit Tests: burn_tensor
[1m[32m     Running[0m unittests src/lib.rs (target/debug/deps/burn_tensor-6087da56245fbc92)

running 69 tests
test tensor::api::check::tests::binary_ops_shapes_with_broadcast ... [32mok(B[m
test tensor::api::check::tests::movedim_args_i32 ... [32mok(B[m
test tensor::bytes::tests::test_grow ... [32mok(B[m
test tensor::api::check::tests::reshape_valid_shape ... [32mok(B[m
test tensor::bytes::tests::test_into_vec ... [32mok(B[m
test tensor::bytes::tests::test_large_elems ... [32mok(B[m
test tensor::bytes::tests::test_serialization ... [32mok(B[m
test tensor::data::tests::into_vec_should_yield_same_value_as_iter ... [32mok(B[m
test tensor::api::check::tests::binary_ops_devices - should panic ... [32mok(B[m
test tensor::data::tests::should_assert_appox_eq_check_shape - should panic ... [32mok(B[m
test tensor::api::check::tests::binary_ops_shapes_no_broadcast - should panic ... [32mok(B[m
test tensor::data::tests::should_assert_appox_eq_limit ... [32mok(B[m
test tensor::api::check::tests::index_range_exceed_number_of_dimensions - should panic ... [32mok(B[m
test tensor::data::tests::should_convert_bytes_correctly ... [32mok(B[m
test tensor::api::check::tests::movedim_args_length - should panic ... [32mok(B[m
test tensor::api::check::tests::movedim_args_out_of_bounds - should panic ... [32mok(B[m
test tensor::api::check::tests::movedim_args_vec_duplicates - should panic ... [32mok(B[m
test tensor::data::tests::should_have_right_shape ... [32mok(B[m
test tensor::data::tests::should_convert_bytes_correctly_inplace ... [32mok(B[m
test tensor::api::check::tests::movedim_args_too_negative - should panic ... [32mok(B[m
test tensor::element::cast::tests::to_element_float ... [32mok(B[m
test tensor::api::check::tests::reshape_invalid_shape - should panic ... [32mok(B[m
test tensor::data::tests::should_have_right_num_elements ... [32mok(B[m
test tensor::api::check::tests::movedim_args_vec_out_of_bounds - should panic ... [32mok(B[m
test tensor::data::tests::into_vec_should_assert_wrong_dtype - should panic ... [32mok(B[m
test tensor::element::cast::tests::to_element_int_to_float ... [32mok(B[m
test tensor::api::check::tests::index_range_exceed_dimension - should panic ... [32mok(B[m
test tensor::data::tests::should_assert_approx_eq_above_limit - should panic ... [32mok(B[m
test tensor::data::tests::should_not_dequantize - should panic ... [32mok(B[m
test tensor::element::cast::tests::to_element_float_to_int ... [32mok(B[m
test tensor::element::cast::tests::to_element_signed_to_u128_underflow - should panic ... [32mok(B[m
test tensor::element::cast::tests::to_element_signed_to_u32_underflow - should panic ... [32mok(B[m
test tensor::element::cast::tests::to_element_signed_to_u16_underflow - should panic ... [32mok(B[m
test tensor::element::cast::tests::to_element_signed_to_u64_underflow - should panic ... [32mok(B[m
test tensor::element::cast::tests::to_element_signed_to_u8_underflow - should panic ... [32mok(B[m
test tensor::element::cast::tests::to_element_unsigned_to_u16_overflow - should panic ... [32mok(B[m
test tensor::element::cast::tests::to_element_unsigned_to_u64_overflow - should panic ... [32mok(B[m
test tensor::element::cast::tests::to_element_unsigned_to_u8_overflow - should panic ... [32mok(B[m
test tensor::element::cast::tests::to_element_unsigned_to_u32_overflow - should panic ... [32mok(B[m
test tensor::element::cast::tests::to_element_signed_to_usize_underflow - should panic ... [32mok(B[m
test tensor::ops::modules::base::tests::conv_options_dilation_zero - should panic ... [32mok(B[m
test tensor::ops::modules::base::tests::conv_transpose_options_dilation_zero - should panic ... [32mok(B[m
test tensor::ops::modules::base::tests::conv_options_groups_zero - should panic ... [32mok(B[m
test tensor::ops::modules::base::tests::conv_options_stride_zero - should panic ... [32mok(B[m
test tensor::ops::modules::base::tests::conv_transpose_options_groups_zero - should panic ... [32mok(B[m
test tensor::data::tests::should_support_dequantize ... [32mok(B[m
test tensor::ops::modules::base::tests::deform_conv_options_offset_groups_zero - should panic ... [32mok(B[m
test tensor::ops::modules::base::tests::deform_conv_options_dilation_zero - should panic ... [32mok(B[m
test tensor::ops::modules::base::tests::conv_transpose_options_stride_zero - should panic ... [32mok(B[m
test tensor::ops::modules::conv::tests::test_calculate_output_padding_1 ... [32mok(B[m
test tensor::ops::modules::conv::tests::test_calculate_output_size_1 ... [32mok(B[m
test tensor::ops::modules::base::tests::unfold_options_stride_zero - should panic ... [32mok(B[m
test tensor::ops::modules::conv::tests::test_calculate_output_size_2 ... [32mok(B[m
test tensor::ops::modules::base::tests::deform_conv_options_weights_groups_zero - should panic ... [32mok(B[m
test tensor::ops::modules::conv::tests::test_calculate_output_size_3 ... [32mok(B[m
test tensor::ops::modules::base::tests::unfold_options_dilation_zero - should panic ... [32mok(B[m
test tensor::ops::modules::conv::tests::test_calculate_same_padding_1 ... [32mok(B[m
test tensor::ops::modules::conv::tests::test_calculate_same_padding_2 ... [32mok(B[m
test tensor::ops::modules::base::tests::deform_conv_options_stride_zero - should panic ... [32mok(B[m
test tensor::quantization::bytes::tests::should_pack_unpack_quantization_parameters_affine ... [32mok(B[m
test tensor::quantization::bytes::tests::should_pack_unpack_quantization_parameters_symmetric ... [32mok(B[m
test tensor::quantization::data::tests::should_pack_i8s_to_u32 ... [32mok(B[m
test tensor::quantization::data::tests::should_pack_i8s_to_u32_padded ... [32mok(B[m
test tensor::quantization::data::tests::should_unpack_u32s_to_i8s ... [32mok(B[m
test tensor::quantization::data::tests::should_unpack_u32s_to_i8s_padded ... [32mok(B[m
test tensor::quantization::strategy::tests::test_int8_symmetric_quantization ... [32mok(B[m
test tensor::shape::tests::num_elements ... [32mok(B[m
test tensor::quantization::strategy::tests::test_affine_should_ensure_zero_point ... [32mok(B[m
test tensor::quantization::strategy::tests::test_int8_affine_quantization ... [32mok(B[m

test result: [32mok(B[m. 69 passed; 0 failed; 0 ignored; 0 measured; 0 filtered out; finished in 0.01s

[90m[[0m2025-02-09T11:17:56Z [32mINFO [0m tracel_xtask::utils::process[90m][0m Unit Tests: burn_tensor_testgen
[1m[32m     Running[0m unittests src/lib.rs (target/debug/deps/burn_tensor_testgen-9f57f67a3a6b2342)

running 0 tests

test result: [32mok(B[m. 0 passed; 0 failed; 0 ignored; 0 measured; 0 filtered out; finished in 0.00s

[90m[[0m2025-02-09T11:17:56Z [32mINFO [0m tracel_xtask::utils::process[90m][0m Unit Tests: burn_train
[1m[32m     Running[0m unittests src/lib.rs (target/debug/deps/burn_train-6a188e519ca34a6d)

running 112 tests
test checkpoint::strategy::composed::tests::should_delete_when_both_deletes ... [32mok(B[m
test learner::summary::tests::test_summary_should_be_empty ... [32mok(B[m
test learner::early_stopping::tests::early_stop_when_no_improvement_since_two_epochs ... [32mok(B[m
test learner::early_stopping::tests::early_stop_when_stays_equal ... [32mok(B[m
test metric::acc::tests::test_accuracy_without_padding ... [32mok(B[m
test metric::acc::tests::test_accuracy_with_padding ... [32mok(B[m
test checkpoint::strategy::metric::tests::always_keep_the_best_epoch ... [32mok(B[m
test checkpoint::strategy::lastn::tests::should_always_delete_lastn_epoch_if_higher_than_one ... [32mok(B[m
test metric::confusion_stats::tests::test_false_negatives::case_1_binary_micro ... [32mok(B[m
test metric::auroc::tests::test_auroc_all_one_class ... [32mok(B[m
test learner::early_stopping::tests::never_early_stop_while_it_is_improving ... [32mok(B[m
test metric::auroc::tests::test_auroc ... [32mok(B[m
test metric::auroc::tests::test_auroc_random ... [32mok(B[m
test metric::confusion_stats::tests::test_false_negatives::case_2_binary_macro ... [32mok(B[m
test learner::summary::tests::test_summary_should_be_collected ... [32mok(B[m
test metric::auroc::tests::test_auroc_perfect_separation ... [32mok(B[m
test metric::confusion_stats::tests::test_false_negatives::case_3_multiclass_micro ... [32mok(B[m
test metric::confusion_stats::tests::test_false_negatives::case_4_multiclass_macro ... [32mok(B[m
test metric::confusion_stats::tests::test_false_negatives::case_7_multilabel_micro ... [32mok(B[m
test metric::confusion_stats::tests::test_false_negatives::case_8_multilabel_macro ... [32mok(B[m
test metric::confusion_stats::tests::test_false_negatives::case_6_multiclass_macro ... [32mok(B[m
test metric::confusion_stats::tests::test_false_negatives::case_5_multiclass_micro ... [32mok(B[m
test metric::confusion_stats::tests::test_false_positive::case_2_binary_macro ... [32mok(B[m
test metric::confusion_stats::tests::test_false_positive::case_1_binary_micro ... [32mok(B[m
test metric::confusion_stats::tests::test_false_positive::case_5_multiclass_micro ... [32mok(B[m
test metric::confusion_stats::tests::test_false_positive::case_4_multiclass_macro ... [32mok(B[m
test metric::confusion_stats::tests::test_false_positive::case_3_multiclass_micro ... [32mok(B[m
test metric::confusion_stats::tests::test_false_positive::case_7_multilabel_micro ... [32mok(B[m
test metric::confusion_stats::tests::test_negative::case_1_binary_micro ... [32mok(B[m
test metric::confusion_stats::tests::test_false_positive::case_6_multiclass_macro ... [32mok(B[m
test metric::confusion_stats::tests::test_false_positive::case_8_multilabel_macro ... [32mok(B[m
test metric::confusion_stats::tests::test_negative::case_2_binary_macro ... [32mok(B[m
test metric::confusion_stats::tests::test_negative::case_3_multiclass_micro ... [32mok(B[m
test metric::confusion_stats::tests::test_negative::case_5_multiclass_micro ... [32mok(B[m
test metric::confusion_stats::tests::test_negative::case_4_multiclass_macro ... [32mok(B[m
test metric::confusion_stats::tests::test_negative::case_7_multilabel_micro ... [32mok(B[m
test metric::confusion_stats::tests::test_negative::case_8_multilabel_macro ... [32mok(B[m
test metric::confusion_stats::tests::test_negative::case_6_multiclass_macro ... [32mok(B[m
test metric::confusion_stats::tests::test_positive::case_1_binary_micro ... [32mok(B[m
test metric::confusion_stats::tests::test_positive::case_2_binary_macro ... [32mok(B[m
test learner::summary::tests::test_artifact_dir_should_exist - should panic ... [32mok(B[m
test learner::summary::tests::test_train_valid_artifacts_should_exist - should panic ... [32mok(B[m
test metric::confusion_stats::tests::test_positive::case_3_multiclass_micro ... [32mok(B[m
test metric::confusion_stats::tests::test_positive::case_4_multiclass_macro ... [32mok(B[m
test metric::auroc::tests::test_auroc_multiclass_error - should panic ... [32mok(B[m
test metric::confusion_stats::tests::test_positive::case_8_multilabel_macro ... [32mok(B[m
test metric::confusion_stats::tests::test_positive::case_7_multilabel_micro ... [32mok(B[m
test metric::confusion_stats::tests::test_predicted_positive::case_2_binary_macro ... [32mok(B[m
test metric::confusion_stats::tests::test_predicted_positive::case_1_binary_micro ... [32mok(B[m
test metric::confusion_stats::tests::test_predicted_positive::case_3_multiclass_micro ... [32mok(B[m
test metric::confusion_stats::tests::test_positive::case_6_multiclass_macro ... [32mok(B[m
test metric::confusion_stats::tests::test_predicted_positive::case_5_multiclass_micro ... [32mok(B[m
test metric::confusion_stats::tests::test_positive::case_5_multiclass_micro ... [32mok(B[m
test metric::confusion_stats::tests::test_predicted_positive::case_4_multiclass_macro ... [32mok(B[m
test metric::confusion_stats::tests::test_predicted_positive::case_7_multilabel_micro ... [32mok(B[m
test metric::confusion_stats::tests::test_true_negative::case_1_binary_micro ... [32mok(B[m
test metric::confusion_stats::tests::test_predicted_positive::case_8_multilabel_macro ... [32mok(B[m
test metric::confusion_stats::tests::test_true_negative::case_2_binary_macro ... [32mok(B[m
test metric::confusion_stats::tests::test_predicted_positive::case_6_multiclass_macro ... [32mok(B[m
test metric::confusion_stats::tests::test_true_negative::case_3_multiclass_micro ... [32mok(B[m
test metric::confusion_stats::tests::test_true_negative::case_4_multiclass_macro ... [32mok(B[m
test metric::confusion_stats::tests::test_true_negative::case_7_multilabel_micro ... [32mok(B[m
test metric::confusion_stats::tests::test_true_negative::case_8_multilabel_macro ... [32mok(B[m
test metric::confusion_stats::tests::test_true_negative::case_5_multiclass_micro ... [32mok(B[m
test metric::confusion_stats::tests::test_true_negative::case_6_multiclass_macro ... [32mok(B[m
test metric::confusion_stats::tests::test_true_positive::case_1_binary_micro ... [32mok(B[m
test metric::confusion_stats::tests::test_true_positive::case_2_binary_macro ... [32mok(B[m
test metric::confusion_stats::tests::test_true_positive::case_3_multiclass_micro ... [32mok(B[m
test metric::confusion_stats::tests::test_true_positive::case_7_multilabel_micro ... [32mok(B[m
test metric::confusion_stats::tests::test_true_positive::case_4_multiclass_macro ... [32mok(B[m
test metric::confusion_stats::tests::test_true_positive::case_8_multilabel_macro ... [32mok(B[m
test metric::confusion_stats::tests::test_true_positive::case_6_multiclass_macro ... [32mok(B[m
test metric::confusion_stats::tests::test_true_positive::case_5_multiclass_micro ... [32mok(B[m
test metric::fbetascore::tests::test_binary_fscore::case_2_binary_b2 ... [32mok(B[m
test metric::fbetascore::tests::test_binary_fscore::case_1_binary_b1 ... [32mok(B[m
test metric::fbetascore::tests::test_multiclass_fscore::case_1_multiclass_b1_micro_k1 ... [32mok(B[m
test metric::fbetascore::tests::test_multiclass_fscore::case_2_multiclass_b1_micro_k2 ... [32mok(B[m
test metric::fbetascore::tests::test_multiclass_fscore::case_5_multiclass_b2_micro_k1 ... [32mok(B[m
test metric::fbetascore::tests::test_multilabel_fscore::case_1_multilabel_micro ... [32mok(B[m
test metric::fbetascore::tests::test_multiclass_fscore::case_6_multiclass_b2_micro_k2 ... [32mok(B[m
test metric::fbetascore::tests::test_multiclass_fscore::case_3_multiclass_b1_macro_k1 ... [32mok(B[m
test metric::fbetascore::tests::test_multiclass_fscore::case_4_multiclass_b1_macro_k2 ... [32mok(B[m
test metric::fbetascore::tests::test_multiclass_fscore::case_7_multiclass_b2_macro_k1 ... [32mok(B[m
test metric::fbetascore::tests::test_multiclass_fscore::case_8_multiclass_b2_macro_k2 ... [32mok(B[m
test metric::fbetascore::tests::test_multilabel_fscore::case_2_multilabel_macro ... [32mok(B[m
test metric::fbetascore::tests::test_multilabel_fscore::case_3_multilabel_micro ... [32mok(B[m
test metric::hamming::tests::test_hamming_score ... [32mok(B[m
test metric::fbetascore::tests::test_multilabel_fscore::case_4_multilabel_macro ... [32mok(B[m
test metric::precision::tests::test_multilabel_precision::case_1_multilabel_micro ... [32mok(B[m
test metric::precision::tests::test_multiclass_precision::case_1_multiclass_micro_k1 ... [32mok(B[m
test metric::precision::tests::test_multiclass_precision::case_2_multiclass_micro_k2 ... [32mok(B[m
test metric::precision::tests::test_multilabel_precision::case_2_multilabel_macro ... [32mok(B[m
test metric::precision::tests::test_binary_precision::case_1_binary ... [32mok(B[m
test metric::precision::tests::test_multiclass_precision::case_4_multiclass_macro_k2 ... [32mok(B[m
test metric::recall::tests::test_binary_recall::case_1_binary ... [32mok(B[m
test metric::precision::tests::test_multiclass_precision::case_3_multiclass_macro_k1 ... [32mok(B[m
test metric::recall::tests::test_multiclass_recall::case_1_multiclass_micro_k1 ... [32mok(B[m
test metric::store::aggregate::tests::should_aggregate_numeric_entry ... [32mok(B[m
test metric::recall::tests::test_multilabel_recall::case_1_multilabel_micro ... [32mok(B[m
test metric::recall::tests::test_multiclass_recall::case_2_multiclass_micro_k2 ... [32mok(B[m
test metric::recall::tests::test_multiclass_recall::case_3_multiclass_macro_k1 ... [32mok(B[m
test metric::recall::tests::test_multilabel_recall::case_2_multilabel_macro ... [32mok(B[m
test metric::recall::tests::test_multiclass_recall::case_4_multiclass_macro_k2 ... [32mok(B[m
test renderer::tui::progress::tests::calculate_progress_for_eta_with_warmup ... [32mok(B[m
test metric::top_k_acc::tests::test_accuracy_without_padding ... [32mok(B[m
test renderer::tui::full_history::tests::test_points ... [32mok(B[m
test renderer::tui::progress::tests::test_format_eta ... [32mok(B[m
test renderer::tui::recent_history::tests::test_push_update_bounds_max_y ... [32mok(B[m
test renderer::tui::progress::tests::calculate_progress_for_eta ... [32mok(B[m
test renderer::tui::recent_history::tests::test_push_update_bounds_min_y ... [32mok(B[m
test metric::top_k_acc::tests::test_accuracy_with_padding ... [32mok(B[m
test metric::store::aggregate::tests::should_find_epoch ... [32mok(B[m

test result: [32mok(B[m. 112 passed; 0 failed; 0 ignored; 0 measured; 0 filtered out; finished in 0.01s

[90m[[0m2025-02-09T11:17:56Z [32mINFO [0m tracel_xtask::utils::process[90m][0m Unit Tests: burn_wgpu
[1m[32m     Running[0m unittests src/lib.rs (target/debug/deps/burn_wgpu-cf7db90da5d17753)

running 2481 tests
test tests::jit::autodiff::f32_ty::ad_add::tests::should_diff_add_scalar ... [32mok(B[m
test tests::jit::autodiff::f32_ty::ad_add::tests::should_diff_add ... [32mok(B[m
test tests::jit::autodiff::f32_ty::ad_adaptive_avg_pool1d::tests::test_avg_pool1d_simple ... [32mok(B[m
test tests::jit::autodiff::f32_ty::ad_avg_pool1d::tests::test_avg_pool1d_complex ... [32mok(B[m
test tests::jit::autodiff::f32_ty::ad_abs::tests::should_diff_abs_no_nans ... [32mok(B[m
test tests::jit::autodiff::f32_ty::ad_abs::tests::should_diff_abs ... [32mok(B[m
test tests::jit::autodiff::f32_ty::ad_adaptive_avg_pool2d::tests::test_avg_pool2d_simple ... [32mok(B[m
test tests::jit::autodiff::f32_ty::ad_aggregation::tests::should_diff_sum_1 ... [32mok(B[m
test tests::jit::autodiff::f32_ty::ad_avg_pool1d::tests::test_avg_pool1d_simple ... [32mok(B[m
test tests::jit::autodiff::f32_ty::ad_avg_pool1d::tests::test_avg_pool1d_complex_dont_count_pad ... [32mok(B[m
test tests::jit::autodiff::f32_ty::ad_aggregation::tests::should_diff_mean ... [32mok(B[m
test tests::jit::autodiff::f32_ty::ad_avg_pool2d::tests::test_avg_pool2d_complex ... [32mok(B[m
test tests::jit::autodiff::f32_ty::ad_avg_pool2d::tests::test_avg_pool2d_complex_dont_include_pad ... [32mok(B[m
test tests::jit::autodiff::f32_ty::ad_broadcast::tests::div_broadcast ... [32mok(B[m
test tests::jit::autodiff::f32_ty::ad_avg_pool2d::tests::test_avg_pool2d_simple ... [32mok(B[m
test tests::jit::autodiff::f32_ty::ad_aggregation::tests::should_diff_sum_2 ... [32mok(B[m
test tests::jit::autodiff::f32_ty::ad_add::tests::test_add_complex_1 ... [32mok(B[m
test tests::jit::autodiff::f32_ty::ad_broadcast::tests::mul_broadcast ... [32mok(B[m
test tests::jit::autodiff::f32_ty::ad_broadcast::tests::mask_where_broadcast ... [32mok(B[m
test tests::jit::autodiff::f32_ty::ad_aggregation::tests::should_diff_sum_dim ... [32mok(B[m
test tests::jit::autodiff::f32_ty::ad_ceil::tests::should_diff_ceil ... [32mok(B[m
test tests::jit::autodiff::f32_ty::ad_broadcast::tests::matmul_broadcast ... [32mok(B[m
test tests::jit::autodiff::f32_ty::ad_complex::tests::should_diff_full_complex_2 ... [32mok(B[m
test tests::jit::autodiff::f32_ty::ad_conv1d::tests::test_conv1d_basic ... [32mok(B[m
test tests::jit::autodiff::f32_ty::ad_cat::tests::should_diff_cat_more_than_1_dim ... [32mok(B[m
test tests::jit::autodiff::f32_ty::ad_conv1d::tests::test_conv1d_different_channels ... [32mok(B[m
test tests::jit::autodiff::f32_ty::ad_aggregation::tests::should_diff_mean_dim ... [32mok(B[m
test tests::jit::autodiff::f32_ty::ad_broadcast::tests::sub_broadcast ... [32mok(B[m
test tests::jit::autodiff::f32_ty::ad_complex::tests::should_diff_full_complex_3 ... [32mok(B[m
test tests::jit::autodiff::f32_ty::ad_broadcast::tests::add_broadcast ... [32mok(B[m
test tests::jit::autodiff::f32_ty::ad_conv1d::tests::test_conv1d_dilation ... [32mok(B[m
test tests::jit::autodiff::f32_ty::ad_conv1d::tests::test_conv1d_with_stride ... [32mok(B[m
test tests::jit::autodiff::f32_ty::ad_conv2d::tests::test_conv2d_basic ... [32mok(B[m
test tests::jit::autodiff::f32_ty::ad_conv2d::tests::test_conv2d_different_channels ... [32mok(B[m
test tests::jit::autodiff::f32_ty::ad_complex::tests::should_diff_full_complex_1 ... [32mok(B[m
test tests::jit::autodiff::f32_ty::ad_conv1d::tests::test_conv1d_with_padding ... [32mok(B[m
test tests::jit::autodiff::f32_ty::ad_conv2d::tests::test_conv2d_different_kernel_size ... [32mok(B[m
test tests::jit::autodiff::f32_ty::ad_conv1d::tests::test_conv1d_groups ... [32mok(B[m
test tests::jit::autodiff::f32_ty::ad_cat::tests::should_diff_cat ... [32mok(B[m
test tests::jit::autodiff::f32_ty::ad_conv2d::tests::test_conv2d_different_dilation ... [32mok(B[m
test tests::jit::autodiff::f32_ty::ad_conv2d::tests::test_conv2d_complex ... [32mok(B[m
test tests::jit::autodiff::f32_ty::ad_conv2d::tests::test_conv2d_different_padding ... [32mok(B[m
test tests::jit::autodiff::f32_ty::ad_conv2d::tests::test_conv2d_groups ... [32mok(B[m
test tests::jit::autodiff::f32_ty::ad_conv2d::tests::test_conv2d_stride_2 ... [32mok(B[m
test tests::jit::autodiff::f32_ty::ad_conv2d::tests::test_conv2d_different_width ... [32mok(B[m
test tests::jit::autodiff::f32_ty::ad_conv2d::tests::test_conv2d_dilation_2 ... [32mok(B[m
test tests::jit::autodiff::f32_ty::ad_conv2d::tests::test_conv2d_groups_stride_2 ... [32mok(B[m
test tests::jit::autodiff::f32_ty::ad_conv2d::tests::test_conv2d_groups_different_channels ... [32mok(B[m
test tests::jit::autodiff::f32_ty::ad_conv2d::tests::test_conv2d_different_stride ... [32mok(B[m
test tests::jit::autodiff::f32_ty::ad_conv3d::tests::test_conv3d_complex ... [32mok(B[m
test tests::jit::autodiff::f32_ty::ad_conv3d::tests::test_conv3d_basic ... [32mok(B[m
test tests::jit::autodiff::f32_ty::ad_conv_transpose1d::tests::test_conv_transpose1d_basic ... [32mok(B[m
test tests::jit::autodiff::f32_ty::ad_conv_transpose1d::tests::test_conv_transpose1d_stride ... [32mok(B[m
test tests::jit::autodiff::f32_ty::ad_conv_transpose2d::tests::test_conv_transpose2d_basic ... [32mok(B[m
test tests::jit::autodiff::f32_ty::ad_conv_transpose1d::tests::test_conv_transpose1d_dilation ... [32mok(B[m
test tests::jit::autodiff::f32_ty::ad_conv_transpose1d::tests::test_conv_transpose1d_complex ... [32mok(B[m
test tests::jit::autodiff::f32_ty::ad_conv_transpose2d::tests::test_conv_transpose2d_complex_no_groups ... [32mok(B[m
test tests::jit::autodiff::f32_ty::ad_conv_transpose1d::tests::test_conv_transpose1d_stride_padding_out ... [32mok(B[m
test tests::jit::autodiff::f32_ty::ad_conv_transpose2d::tests::test_conv_transpose2d_groups ... [32mok(B[m
test tests::jit::autodiff::f32_ty::ad_conv_transpose2d::tests::test_conv_transpose2d_complex_no_groups_2 ... [32mok(B[m
test tests::jit::autodiff::f32_ty::ad_conv_transpose2d::tests::test_conv_transpose2d_padding ... [32mok(B[m
test tests::jit::autodiff::f32_ty::ad_conv_transpose2d::tests::test_conv_transpose2d_channels ... [32mok(B[m
test tests::jit::autodiff::f32_ty::ad_conv_transpose1d::tests::test_conv_transpose1d_padding ... [32mok(B[m
test tests::jit::autodiff::f32_ty::ad_conv_transpose2d::tests::test_conv_transpose2d_dilation ... [32mok(B[m
test tests::jit::autodiff::f32_ty::ad_conv_transpose2d::tests::test_conv_transpose2d_complex_groups ... [32mok(B[m
test tests::jit::autodiff::f32_ty::ad_conv_transpose3d::tests::test_conv_transpose3d_basic ... [32mok(B[m
test tests::jit::autodiff::f32_ty::ad_conv_transpose2d::tests::test_conv_transpose2d_stride_padding_out ... [32mok(B[m
test tests::jit::autodiff::f32_ty::ad_conv_transpose2d::tests::test_conv_transpose2d_kernel_size ... [32mok(B[m
test tests::jit::autodiff::f32_ty::ad_div::tests::should_diff_div ... [32mok(B[m
test tests::jit::autodiff::f32_ty::ad_conv_transpose2d::tests::test_conv_transpose2d_stride ... [32mok(B[m
test tests::jit::autodiff::f32_ty::ad_cos::tests::should_diff_cos ... [32mok(B[m
test tests::jit::autodiff::f32_ty::ad_div::tests::should_diff_div_scalar ... [32mok(B[m
test tests::jit::autodiff::f32_ty::ad_conv_transpose3d::tests::test_conv_transpose3d_complex_groups ... [32mok(B[m
test tests::jit::autodiff::f32_ty::ad_div::tests::test_div_complex_1 ... [32mok(B[m
test tests::jit::autodiff::f32_ty::ad_floor::tests::should_diff_floor ... [32mok(B[m
test tests::jit::autodiff::f32_ty::ad_deform_conv2d::tests::test_deform_conv2d_different_kernel_size ... [32mok(B[m
test tests::jit::autodiff::f32_ty::ad_erf::tests::should_diff_erf ... [32mok(B[m
test tests::jit::autodiff::f32_ty::ad_deform_conv2d::tests::test_deform_conv2d_basic ... [32mok(B[m
test tests::jit::autodiff::f32_ty::ad_exp::tests::should_diff_exp ... [32mok(B[m
test tests::jit::autodiff::f32_ty::ad_div::tests::test_div_complex_2 ... [32mok(B[m
test tests::jit::autodiff::f32_ty::ad_flip::tests::should_diff_flip ... [32mok(B[m
test tests::jit::autodiff::f32_ty::ad_deform_conv2d::tests::test_deform_conv2d_different_padding ... [32mok(B[m
test tests::jit::autodiff::f32_ty::ad_log_sigmoid::tests::should_diff_log_sigmoid ... [32mok(B[m
test tests::jit::autodiff::f32_ty::ad_mask::tests::should_diff_mask_fill ... [32mok(B[m
test tests::jit::autodiff::f32_ty::ad_deform_conv2d::tests::test_deform_conv2d_batched ... [32mok(B[m
test tests::jit::autodiff::f32_ty::ad_gather_scatter::tests::test_gather_grad ... [32mok(B[m
test tests::jit::autodiff::f32_ty::ad_expand::tests::should_diff_expand ... [32mok(B[m
test tests::jit::autodiff::f32_ty::ad_matmul::tests::should_diff_matmul ... [32mok(B[m
test tests::jit::autodiff::f32_ty::ad_gather_scatter::tests::test_scatter_grad ... [32mok(B[m
test tests::jit::autodiff::f32_ty::ad_log1p::tests::should_diff_log1p ... [32mok(B[m
test tests::jit::autodiff::f32_ty::ad_max_pool1d::tests::test_max_pool1d_complex ... [32mok(B[m
test tests::jit::autodiff::f32_ty::ad_max_pool1d::tests::test_max_pool1d_complex_with_padding ... [32mok(B[m
test tests::jit::autodiff::f32_ty::ad_mask::tests::should_diff_mask_where ... [32mok(B[m
test tests::jit::autodiff::f32_ty::ad_max_pool1d::tests::test_max_pool1d_simple ... [32mok(B[m
test tests::jit::autodiff::f32_ty::ad_max_pool1d::tests::test_max_pool1d_with_dilation ... [32mok(B[m
test tests::jit::autodiff::f32_ty::ad_gelu::tests::should_diff_gelu ... [32mok(B[m
test tests::jit::autodiff::f32_ty::ad_max_pool2d::tests::test_max_pool2d_with_dilation ... [32mok(B[m
test tests::jit::autodiff::f32_ty::ad_max_pool2d::tests::test_max_pool2d_simple_2 ... [32mok(B[m
test tests::jit::autodiff::f32_ty::ad_log::tests::should_diff_log ... [32mok(B[m
test tests::jit::autodiff::f32_ty::ad_matmul::tests::test_matmul_complex_1 ... [32mok(B[m
test tests::jit::autodiff::f32_ty::ad_mul::tests::should_diff_mul_scalar ... [32mok(B[m
test tests::jit::autodiff::f32_ty::ad_matmul::tests::test_matmul_complex_2 ... [32mok(B[m
test tests::jit::autodiff::f32_ty::ad_mul::tests::should_diff_mul ... [32mok(B[m
test tests::jit::autodiff::f32_ty::ad_cross_entropy_loss::tests::test_cross_entropy_loss_grad ... [32mok(B[m
test tests::jit::autodiff::f32_ty::ad_max_pool2d::tests::test_max_pool2d_simple_1 ... [32mok(B[m
test tests::jit::autodiff::f32_ty::ad_maxmin::tests::should_diff_max_dim ... [32mok(B[m
test tests::jit::autodiff::f32_ty::ad_nearest_interpolate::tests::test_downsample_interpolation ... [32mok(B[m
test tests::jit::autodiff::f32_ty::ad_nearest_interpolate::tests::test_upsample_interpolation ... [32mok(B[m
test tests::jit::autodiff::f32_ty::ad_maxmin::tests::should_diff_min_dim ... [32mok(B[m
test tests::jit::autodiff::f32_ty::ad_max_pool2d::tests::test_max_pool2d_complex ... [32mok(B[m
test tests::jit::autodiff::f32_ty::ad_powf::tests::should_diff_powf_with_untracked_rhs ... [32mok(B[m
test tests::jit::autodiff::f32_ty::ad_neg::tests::should_diff_neg ... [32mok(B[m
test tests::jit::autodiff::f32_ty::ad_permute::tests::should_diff_permute ... [32mok(B[m
test tests::jit::autodiff::f32_ty::ad_powf::tests::should_diff_powf_with_untracked_lhs ... [32mok(B[m
test tests::jit::autodiff::f32_ty::ad_nonzero::tests::should_diff_nonzero ... [32mok(B[m
test tests::jit::autodiff::f32_ty::ad_recip::tests::should_diff_recip ... [32mok(B[m
test tests::jit::autodiff::f32_ty::ad_powf::tests::should_diff_powf ... [32mok(B[m
test tests::jit::autodiff::f32_ty::ad_remainder::tests::should_diff_remainder ... [32mok(B[m
test tests::jit::autodiff::f32_ty::ad_powf::tests::should_diff_powf_scalar ... [32mok(B[m
test tests::jit::autodiff::f32_ty::ad_relu::tests::should_diff_relu ... [32mok(B[m
test tests::jit::autodiff::f32_ty::ad_repeat_dim::tests::should_diff_repeat ... [32mok(B[m
test tests::jit::autodiff::f32_ty::ad_round::tests::should_diff_round ... [32mok(B[m
test tests::jit::autodiff::f32_ty::ad_mul::tests::test_mul_complex_1 ... [32mok(B[m
test tests::jit::autodiff::f32_ty::ad_sigmoid::tests::should_diff_sigmoid ... [32mok(B[m
test tests::jit::autodiff::f32_ty::ad_sigmoid::tests::small_neg_val_should_not_cause_grad_overflow ... [32mok(B[m
test tests::jit::autodiff::f32_ty::ad_select::tests::test_select_assign_grad_different_shapes ... [32mok(B[m
test tests::jit::autodiff::f32_ty::ad_reshape::tests::should_diff_reshape ... [32mok(B[m
test tests::jit::autodiff::f32_ty::ad_repeat_dim::tests::should_diff_repeat_multi_dim ... [32mok(B[m
test tests::jit::autodiff::f32_ty::ad_sign::tests::should_diff_sign ... [32mok(B[m
test tests::jit::autodiff::f32_ty::ad_select::tests::test_select_assign_grad ... [32mok(B[m
test tests::jit::autodiff::f32_ty::ad_select::tests::test_select_grad ... [32mok(B[m
test tests::jit::autodiff::f32_ty::ad_slice::tests::should_diff_matmul_with_slice ... [32mok(B[m
test tests::jit::autodiff::f32_ty::ad_sin::tests::should_diff_sin ... [32mok(B[m
test tests::jit::autodiff::f32_ty::ad_slice::tests::should_diff_matmul_with_slice_assign ... [32mok(B[m
test tests::jit::autodiff::f32_ty::ad_sub::tests::should_diff_sub ... [32mok(B[m
test tests::jit::autodiff::f32_ty::ad_slice::tests::should_diff_matmul_with_slice_assign_complex ... [32mok(B[m
test tests::jit::autodiff::f32_ty::ad_sort::tests::should_diff_sort ... [32mok(B[m
test tests::jit::autodiff::f32_ty::ad_sub::tests::should_diff_sub_scalar ... [32mok(B[m
test tests::jit::autodiff::f32_ty::ad_multithread::tests::should_behave_the_same_with_multithread ... [32mok(B[m
test tests::jit::autodiff::f32_ty::ad_sqrt::tests::should_diff_sqrt ... [32mok(B[m
test tests::jit::autodiff::f32_ty::ad_transpose::tests::should_diff_transpose ... [32mok(B[m
test tests::jit::autodiff::f32_ty::ad_softmax::tests::test_log_softmax_grad ... [32mok(B[m
test tests::jit::autodiff::f32_ty::ad_sort::tests::should_diff_sort_with_indices ... [32mok(B[m
test tests::jit::autodiff::f32_ty::ad_slice::tests::slice_assign_diff_should_give_same_results_as_cat ... [32mok(B[m
test tests::jit::autodiff::f32_ty::bridge::tests::test_full_precision ... [32mok(B[m
test tests::jit::autodiff::f32_ty::ad_transpose::tests::should_diff_swap_dims ... [32mok(B[m
test tests::jit::autodiff::f32_ty::ad_softmax::tests::test_quiet_softmax_grad ... [32mok(B[m
test tests::jit::autodiff::f32_ty::ad_sub::tests::test_sub_complex_1 ... [32mok(B[m
test tests::jit::autodiff::f32_ty::ad_softmax::tests::test_softmax_grad ... [32mok(B[m
test tests::jit::autodiff::f32_ty::checkpoint::tests::test_autodiff_checkpoint_half_sub_graph_not_tracked ... [32mok(B[m
test tests::jit::autodiff::f32_ty::ad_tanh::tests::should_diff_tanh ... [32mok(B[m
test tests::jit::autodiff::f32_ty::memory_management::tests::test_mm_deletables_propagate_well - should panic ... [32mok(B[m
test tests::jit::autodiff::f32_ty::checkpoint::tests::test_autodiff_checkpoint_with_missing_requirement ... [32mok(B[m
test tests::jit::autodiff::f32_ty::checkpoint::tests::test_autodiff_checkpoint_complicated_computation ... [32mok(B[m
test tests::jit::autodiff::f32_ty::gradients::tests::should_update_tensor_when_grad_replace ... [32mok(B[m
test tests::jit::autodiff::f32_ty::memory_management::tests::test_mm_crossover_trees_with_referred_subtree ... [32mok(B[m
test tests::jit::autodiff::f32_ty::checkpoint::tests::test_autodiff_checkpoint_with_many_duplicates ... [32mok(B[m
test tests::jit::autodiff::f32_ty::memory_management::tests::test_mm_crossover_trees_root_unavailable - should panic ... [32mok(B[m
test tests::jit::autodiff::f32_ty::checkpoint::tests::test_autodiff_checkpoint_with_long_chain_of_eager_memory_bound ... [32mok(B[m
test tests::jit::autodiff::f32_ty::memory_management::tests::test_mm_self_referencing_tree ... [32mok(B[m
test tests::jit::calibration::tests::min_max_calibration_range ... [32mok(B[m
test tests::jit::autodiff::f32_ty::module_backward::tests::test_embedding_backward ... [32mok(B[m
test tests::jit::kernel::bernoulli::tests::number_of_1_proportional_to_prob ... [32mok(B[m
test tests::jit::autodiff::f32_ty::memory_management::tests::test_mm_independent_trees ... [32mok(B[m
test tests::jit::autodiff::f32_ty::memory_management::tests::test_mm_with_non_impacting_detach ... [32mok(B[m
test tests::jit::autodiff::f32_ty::memory_management::tests::test_mm_with_missing_require_grad_after_cleanup ... [32mok(B[m
test tests::jit::autodiff::f32_ty::memory_management::tests::test_mm_with_detach_after_cleanup ... [32mok(B[m
test tests::jit::autodiff::f32_ty::memory_management::tests::test_mm_three_crossover_trees_last_still_usable ... [32mok(B[m
test tests::jit::kernel::bernoulli::tests::runs_test ... [32mok(B[m
test tests::jit::kernel::cast::tests::should_cast_bool_to_int ... [32mok(B[m
test tests::jit::kernel::cast::tests::should_cast_int_to_float ... [32mok(B[m
test tests::jit::kernel::cast::tests::should_cast_bool_to_float ... [32mok(B[m
test tests::jit::kernel::clamp::tests::clamp_should_match_reference ... [32mok(B[m
test tests::jit::kernel::cat::tests::cat_should_match_reference_backend_dim1 ... [32mok(B[m
test tests::jit::kernel::cat::tests::cat_should_match_reference_backend_dim0 ... [32mok(B[m
test tests::jit::kernel::conv2d::tests::nchw_to_nhwc_should_match_into_contiguous_regression ... [32mok(B[m
test tests::jit::kernel::cat::tests::cat_should_support_uneven_launch ... [32mok(B[m
test tests::jit::autodiff::f32_ty::checkpoint::tests::test_autodiff_checkpoint_very_complex ... [32mok(B[m
test tests::jit::autodiff::f32_ty::memory_management::tests::test_mm_three_crossover_trees_middle_one_unavailable - should panic ... [32mok(B[m
test tests::jit::kernel::conv2d::tests::nchw_to_nhwc_should_match_into_contiguous ... [32mok(B[m
test tests::jit::kernel::gather::tests::gather_should_work_with_multiple_workgroups_dim0 ... [32mok(B[m
test tests::jit::kernel::gather::tests::gather_should_work_with_multiple_workgroups_dim1 ... [32mok(B[m
test tests::jit::kernel::mask_fill::tests::mask_fill_inplace_should_match_reference_backend ... [32mok(B[m
test tests::jit::kernel::mask_fill::tests::mask_fill_should_match_reference_backend ... [32mok(B[m
test tests::jit::kernel::mask_where::tests::mask_where_inplace_lhs_should_match_reference_backend ... [32mok(B[m
test tests::jit::kernel::mask_where::tests::mask_where_inplace_rhs_should_match_reference_backend ... [32mok(B[m
test tests::jit::kernel::mask_where::tests::mask_where_should_match_reference_backend ... [32mok(B[m
test tests::jit::autodiff::f32_ty::memory_management::tests::test_mm_node_explored_once_can_still_be_tagged_as_useful_when_found_again_deeper ... [32mok(B[m
test tests::jit::kernel::normal::tests::empirical_mean_close_to_expectation ... [32mok(B[m
test tests::jit::kernel::normal::tests::normal_respects_68_95_99_rule ... [32mok(B[m
test tests::jit::kernel::conv2d::tests::conv2d_should_match_reference_backend_implicit ... [32mok(B[m
test tests::jit::kernel::conv_transpose2d::tests::conv_transpose2d_should_match_reference_backend ... [32mok(B[m
test tests::jit::kernel::conv2d::tests::conv2d_should_match_reference_backend ... [32mok(B[m
test tests::jit::kernel::conv2d::tests::conv2d_should_match_reference_backend_bias_regression ... [32mok(B[m
test tests::jit::kernel::conv3d::tests::conv3d_should_match_reference_backend ... [32mok(B[m
test tests::jit::kernel::quantization::tests::should_quantize_dequantize_affine_multiple ... [32mok(B[m
test tests::jit::kernel::conv_transpose3d::tests::conv_transpose3d_should_match_reference_backend ... [32mok(B[m
test tests::jit::kernel::max_pool2d::tests::max_pool2d_should_match_reference_backends ... [32mok(B[m
test tests::jit::kernel::reduce::reduce::reduction_mean_should_match_reference_backend ... [32mok(B[m
test tests::jit::kernel::quantization::tests::should_quantize_dequantize_symmetric_single ... [32mok(B[m
test tests::jit::kernel::max_pool2d::tests::max_pool2d_with_indices_should_match_reference_backend ... [32mok(B[m
test tests::jit::kernel::reduce::reduce::reduction_sum_should_match_reference_backend ... [32mok(B[m
test tests::jit::kernel::quantization::tests::should_quantize_dequantize_symmetric_multiple ... [32mok(B[m
test tests::jit::kernel::avg_pool2d::tests::avg_pool2d_should_match_reference_backend ... [32mok(B[m
test tests::jit::kernel::repeat_dim::tests::repeat_dim_0_few_times ... [32mok(B[m
test tests::jit::kernel::quantization::tests::should_quantize_dequantize_affine_single ... [32mok(B[m
test tests::jit::kernel::repeat_dim::tests::repeat_dim_1_few_times ... [32mok(B[m
test tests::jit::kernel::repeat_dim::tests::repeat_dim_2_few_times ... [32mok(B[m
test tests::jit::kernel::repeat_dim::tests::repeat_dim_2_many_times ... [32mok(B[m
test tests::jit::kernel::scatter::tests::scatter_should_work_with_multiple_workgroups_2d_dim1 ... [32mok(B[m
test tests::jit::kernel::scatter::tests::scatter_should_work_with_multiple_workgroups_2d_dim0 ... [32mok(B[m
test tests::jit::kernel::scatter::tests::scatter_should_work_with_multiple_workgroups_3d_dim0 ... [32mok(B[m
test tests::jit::kernel::select::tests::select_should_work_with_multiple_workgroups ... [32mok(B[m
test tests::jit::kernel::scatter::tests::scatter_should_work_with_multiple_workgroups_3d_dim1 ... [32mok(B[m
test tests::jit::kernel::scatter::tests::scatter_should_work_with_multiple_workgroups_3d_dim2 ... [32mok(B[m
test tests::jit::kernel::avg_pool2d::tests::avg_pool2d_backward_should_match_reference_backend ... [32mok(B[m
test tests::jit::kernel::select_assign::tests::select_assign_should_work_with_multiple_workgroups_2d_dim0 ... [32mok(B[m
test tests::jit::kernel::scatter::tests::scatter_should_work_with_multiple_workgroups_diff_shapes ... [32mok(B[m
test tests::jit::kernel::max_pool2d_backward::tests::max_pool2d_with_indices_backward_should_match_reference_backend ... [32mok(B[m
test tests::jit::kernel::select_assign::tests::select_assign_should_work_with_multiple_workgroups_2d_dim1 ... [32mok(B[m
test tests::jit::kernel::slice::tests::slice_should_work_with_multiple_workgroups ... [32mok(B[m
test tests::jit::kernel::slice_assign::tests::slice_assign_should_work_with_multiple_workgroups ... [32mok(B[m
test tests::jit::kernel::select_assign::tests::select_assign_should_work_with_multiple_workgroups_3d_dim0 ... [32mok(B[m
test tests::jit::kernel::uniform::tests::at_least_one_value_per_bin_int_uniform ... [32mok(B[m
test tests::jit::kernel::select_assign::tests::select_assign_should_work_with_multiple_workgroups_3d_dim1 ... [32mok(B[m
test tests::jit::kernel::uniform::tests::at_least_one_value_per_bin_uniform ... [32mok(B[m
test tests::jit::kernel::select_assign::tests::select_assign_should_work_with_multiple_workgroups_3d_dim2 ... [32mok(B[m
test tests::jit::kernel::uniform::tests::int_values_all_within_interval_uniform ... [32mok(B[m
test tests::jit::kernel::uniform::tests::should_not_fail_on_non_float_autotune ... [32mok(B[m
test tests::jit::quantize::tests::should_support_dequantize ... [32mok(B[m
test tests::jit::kernel::unary::tests::tanh_should_not_have_numerical_bugs_on_macos ... [32mok(B[m
test tests::jit::quantize::tests::should_support_quantize_affine_int8 ... [32mok(B[m
test tests::jit::quantize::tests::should_support_quantize_symmetric_int8 ... [32mok(B[m
test tests::jit::kernel::uniform::tests::runs_test ... [32mok(B[m
test tests::jit::kernel::uniform::tests::values_all_within_interval_default ... [32mok(B[m
test tests::jit::scheme::tests::per_tensor_affine_int8 ... [32mok(B[m
test tests::jit::kernel::uniform::tests::values_all_within_interval_uniform ... [32mok(B[m
test tests::jit::quantize::tests::should_support_quantize_dynamic_int8 ... [32mok(B[m
test tests::jit::scheme::tests::per_tensor_symmetric_int8 ... [32mok(B[m
test tests::jit::tensor::clone_invariance::tests::float::AddScalar ... [32mok(B[m
test tests::jit::tensor::clone_invariance::tests::float::Abs ... [32mok(B[m
test tests::jit::tensor::clone_invariance::tests::float::Add ... [32mok(B[m
test tests::jit::tensor::clone_invariance::tests::float::Clamp ... [32mok(B[m
test tests::jit::tensor::clone_invariance::tests::float::Cat ... [32mok(B[m
test tests::jit::tensor::clone_invariance::tests::float::Cos ... [32mok(B[m
test tests::jit::tensor::clone_invariance::tests::float::ClampMin ... [32mok(B[m
test tests::jit::tensor::clone_invariance::tests::float::ClampMax ... [32mok(B[m
test tests::jit::tensor::clone_invariance::tests::float::Div ... [32mok(B[m
test tests::jit::tensor::clone_invariance::tests::float::DivScalar ... [32mok(B[m
test tests::jit::tensor::clone_invariance::tests::float::Equal ... [32mok(B[m
test tests::jit::tensor::clone_invariance::tests::float::EqualElem ... [32mok(B[m
test tests::jit::tensor::clone_invariance::tests::float::Exp ... [32mok(B[m
test tests::jit::tensor::clone_invariance::tests::float::Erf ... [32mok(B[m
test tests::jit::tensor::clone_invariance::tests::float::Gatter ... [32mok(B[m
test tests::jit::tensor::clone_invariance::tests::float::GreaterElem ... [32mok(B[m
test tests::jit::tensor::clone_invariance::tests::float::Greater ... [32mok(B[m
test tests::jit::tensor::clone_invariance::tests::float::Gelu ... [32mok(B[m
test tests::jit::tensor::clone_invariance::tests::float::GreaterEqualElem ... [32mok(B[m
test tests::jit::tensor::clone_invariance::tests::float::Log ... [32mok(B[m
test tests::jit::tensor::clone_invariance::tests::float::Log1P ... [32mok(B[m
test tests::jit::tensor::clone_invariance::tests::float::GreaterEqual ... [32mok(B[m
test tests::jit::tensor::clone_invariance::tests::float::LowerElem ... [32mok(B[m
test tests::jit::tensor::clone_invariance::tests::float::Lower ... [32mok(B[m
test tests::jit::tensor::clone_invariance::tests::float::LogSigmoid ... [32mok(B[m
test tests::jit::tensor::clone_invariance::tests::float::LowerEqual ... [32mok(B[m
test tests::jit::tensor::clone_invariance::tests::float::LowerEqualElem ... [32mok(B[m
test tests::jit::tensor::clone_invariance::tests::float::MaskFill ... [32mok(B[m
test tests::jit::tensor::clone_invariance::tests::float::MaskWhere ... [32mok(B[m
test tests::jit::tensor::clone_invariance::tests::float::Matmul ... [32mok(B[m
test tests::jit::tensor::clone_invariance::tests::float::Argmin ... [32mok(B[m
test tests::jit::kernel::reduce::reduce::reduction_prod_should_match_reference_backend ... [32mok(B[m
test tests::jit::tensor::clone_invariance::tests::float::Argmax ... [32mok(B[m
test tests::jit::tensor::clone_invariance::tests::float::MaxDim ... [32mok(B[m
test tests::jit::tensor::clone_invariance::tests::float::Max ... [32mok(B[m
test tests::jit::tensor::clone_invariance::tests::float::MaxDimWithIndices ... [32mok(B[m
test tests::jit::tensor::clone_invariance::tests::float::MeanDim ... [32mok(B[m
test tests::jit::tensor::clone_invariance::tests::float::MinDim ... [32mok(B[m
test tests::jit::tensor::clone_invariance::tests::float::Min ... [32mok(B[m
test tests::jit::tensor::clone_invariance::tests::float::MinDimWithIndices ... [32mok(B[m
test tests::jit::tensor::clone_invariance::tests::float::Mean ... [32mok(B[m
test tests::jit::tensor::clone_invariance::tests::float::LogSoftmax ... [32mok(B[m
test tests::jit::tensor::clone_invariance::tests::float::Mul ... [32mok(B[m
test tests::jit::tensor::clone_invariance::tests::float::MulScalar ... [32mok(B[m
test tests::jit::tensor::clone_invariance::tests::float::Neg ... [32mok(B[m
test tests::jit::tensor::clone_invariance::tests::float::Mish ... [32mok(B[m
test tests::jit::tensor::clone_invariance::tests::float::Reshape ... [32mok(B[m
test tests::jit::tensor::clone_invariance::tests::float::NotEqualElem ... [32mok(B[m
test tests::jit::tensor::clone_invariance::tests::float::Repeat ... [32mok(B[m
test tests::jit::tensor::clone_invariance::tests::float::PowScalar ... [32mok(B[m
test tests::jit::tensor::clone_invariance::tests::float::Select ... [32mok(B[m
test tests::jit::tensor::clone_invariance::tests::float::Relu ... [32mok(B[m
test tests::jit::tensor::clone_invariance::tests::float::Scatter ... [32mok(B[m
test tests::jit::tensor::clone_invariance::tests::float::Slice ... [32mok(B[m
test tests::jit::tensor::clone_invariance::tests::float::Sin ... [32mok(B[m
test tests::jit::tensor::clone_invariance::tests::float::SliceAssign ... [32mok(B[m
test tests::jit::tensor::clone_invariance::tests::float::SelectAssign ... [32mok(B[m
test tests::jit::tensor::clone_invariance::tests::float::Silu ... [32mok(B[m
test tests::jit::tensor::clone_invariance::tests::float::Sigmoid ... [32mok(B[m
test tests::jit::tensor::clone_invariance::tests::float::Sqrt ... [32mok(B[m
test tests::jit::tensor::clone_invariance::tests::float::Softplus ... [32mok(B[m
test tests::jit::tensor::clone_invariance::tests::float::Tanh ... [32mok(B[m
test tests::jit::tensor::clone_invariance::tests::float::SwapDims ... [32mok(B[m
test tests::jit::tensor::clone_invariance::tests::float::Sub ... [32mok(B[m
test tests::jit::tensor::clone_invariance::tests::float::SumDim ... [32mok(B[m
test tests::jit::tensor::clone_invariance::tests::float::Sum ... [32mok(B[m
test tests::jit::tensor::clone_invariance::tests::float::SubScalar ... [32mok(B[m
test tests::jit::tensor::clone_invariance::tests::float::Softmax ... [32mok(B[m
test tests::jit::tensor::clone_invariance::tests::float::Transpose ... [32mok(B[m
test tests::jit::tensor::clone_invariance::tests::int::Abs ... [32mok(B[m
test tests::jit::tensor::clone_invariance::tests::int::Add ... [32mok(B[m
test tests::jit::tensor::clone_invariance::tests::int::AddScalar ... [32mok(B[m
test tests::jit::tensor::clone_invariance::tests::int::Clamp ... [32mok(B[m
test tests::jit::tensor::clone_invariance::tests::int::Div ... [32mok(B[m
test tests::jit::tensor::clone_invariance::tests::int::ClampMax ... [32mok(B[m
test tests::jit::tensor::clone_invariance::tests::int::Cat ... [32mok(B[m
test tests::jit::tensor::clone_invariance::tests::int::ClampMin ... [32mok(B[m
test tests::jit::tensor::clone_invariance::tests::int::DivScalar ... [32mok(B[m
test tests::jit::tensor::clone_invariance::tests::int::EqualElem ... [32mok(B[m
test tests::jit::tensor::clone_invariance::tests::int::Gatter ... [32mok(B[m
test tests::jit::tensor::clone_invariance::tests::int::Greater ... [32mok(B[m
test tests::jit::tensor::clone_invariance::tests::int::Equal ... [32mok(B[m
test tests::jit::tensor::clone_invariance::tests::int::GreaterEqual ... [32mok(B[m
test tests::jit::tensor::clone_invariance::tests::int::GreaterElem ... [32mok(B[m
test tests::jit::tensor::clone_invariance::tests::int::GreaterEqualElem ... [32mok(B[m
test tests::jit::tensor::clone_invariance::tests::int::LowerEqualElem ... [32mok(B[m
test tests::jit::tensor::clone_invariance::tests::int::Lower ... [32mok(B[m
test tests::jit::tensor::clone_invariance::tests::int::MaskFill ... [32mok(B[m
test tests::jit::tensor::clone_invariance::tests::int::LowerElem ... [32mok(B[m
test tests::jit::tensor::clone_invariance::tests::int::LowerEqual ... [32mok(B[m
test tests::jit::tensor::clone_invariance::tests::int::MaskWhere ... [32mok(B[m
test tests::jit::tensor::clone_invariance::tests::int::Mean ... [32mok(B[m
test tests::jit::tensor::clone_invariance::tests::int::Argmax ... [32mok(B[m
test tests::jit::kernel::reduce::reduce::reduction_argmin_should_match_reference_backend ... [32mok(B[m
test tests::jit::tensor::clone_invariance::tests::int::Argmin ... [32mok(B[m
test tests::jit::tensor::clone_invariance::tests::int::MaxDimWithIndices ... [32mok(B[m
test tests::jit::tensor::clone_invariance::tests::int::Max ... [32mok(B[m
test tests::jit::tensor::clone_invariance::tests::int::MeanDim ... [32mok(B[m
test tests::jit::kernel::reduce::reduce::reduction_prod_dim_should_match_reference_backend ... [32mok(B[m
test tests::jit::tensor::clone_invariance::tests::int::MinDim ... [32mok(B[m
test tests::jit::tensor::clone_invariance::tests::int::MaxDim ... [32mok(B[m
test tests::jit::kernel::reduce::reduce::reduction_mean_dim_should_match_reference_backend ... [32mok(B[m
test tests::jit::kernel::reduce::reduce::reduction_sum_dim_should_match_reference_backend ... [32mok(B[m
test tests::jit::kernel::reduce::reduce::reduction_argmax_should_match_reference_backend ... [32mok(B[m
test tests::jit::tensor::clone_invariance::tests::int::Min ... [32mok(B[m
test tests::jit::tensor::clone_invariance::tests::int::MinDimWithIndices ... [32mok(B[m
test tests::jit::tensor::clone_invariance::tests::int::MulScalar ... [32mok(B[m
test tests::jit::tensor::clone_invariance::tests::int::Neg ... [32mok(B[m
test tests::jit::tensor::clone_invariance::tests::int::Mul ... [32mok(B[m
test tests::jit::tensor::clone_invariance::tests::int::Slice ... [32mok(B[m
test tests::jit::tensor::clone_invariance::tests::int::Repeat ... [32mok(B[m
test tests::jit::tensor::clone_invariance::tests::int::NotEqualElem ... [32mok(B[m
test tests::jit::tensor::clone_invariance::tests::int::SubScalar ... [32mok(B[m
test tests::jit::tensor::clone_invariance::tests::int::Select ... [32mok(B[m
test tests::jit::tensor::clone_invariance::tests::int::Reshape ... [32mok(B[m
test tests::jit::tensor::clone_invariance::tests::int::Scatter ... [32mok(B[m
test tests::jit::tensor::clone_invariance::tests::int::Sub ... [32mok(B[m
test tests::jit::tensor::clone_invariance::tests::int::SliceAssign ... [32mok(B[m
test tests::jit::tensor::clone_invariance::tests::int::NotEqual ... [32mok(B[m
test tests::jit::tensor::clone_invariance::tests::int::SelectAssign ... [32mok(B[m
test tests::jit::tensor::clone_invariance::tests::int::SwapDims ... [32mok(B[m
test tests::jit::tensor::clone_invariance::tests::int::SumDim ... [32mok(B[m
test tests::jit::tensor::clone_invariance::tests::int::Sum ... [32mok(B[m
test tests::jit::tensor::f32_ty::abs::tests::should_support_abs_ops_float ... [32mok(B[m
test tests::jit::tensor::clone_invariance::tests::int::Transpose ... [32mok(B[m
test tests::jit::tensor::f32_ty::add::tests::should_support_add_scalar_ops_int ... [32mok(B[m
test tests::jit::tensor::f32_ty::add::tests::should_support_add_scalar_ops ... [32mok(B[m
test tests::jit::tensor::f32_ty::add::tests::test_add_broadcast ... [32mok(B[m
test tests::jit::tensor::f32_ty::abs::tests::should_support_abs_ops_int ... [32mok(B[m
test tests::jit::tensor::f32_ty::add::tests::test_add_broadcast_int ... [32mok(B[m
test tests::jit::tensor::f32_ty::add::tests::test_add_d2_int ... [32mok(B[m
test tests::jit::tensor::f32_ty::add::tests::test_add_d2 ... [32mok(B[m
test tests::jit::tensor::f32_ty::add::tests::test_add_different_strides_lhs ... [32mok(B[m
test tests::jit::tensor::display::tests::test_display_2d_float_tensor ... [32mok(B[m
test tests::jit::tensor::f32_ty::aggregation::tests::test_prod_dim_int ... [33mignored, Not implemented for all backends yet(B[m
test tests::jit::tensor::f32_ty::add::tests::test_add_different_strides_rhs ... [32mok(B[m
test tests::jit::tensor::f32_ty::aggregation::tests::test_prod_int ... [33mignored, Not implemented for all backends yet(B[m
test tests::jit::tensor::f32_ty::add::tests::test_add_different_strides_broadcast ... [32mok(B[m
test tests::jit::tensor::f32_ty::aggregation::tests::test_should_mean ... [32mok(B[m
test tests::jit::tensor::display::tests::test_display_precision ... [32mok(B[m
test tests::jit::tensor::f32_ty::aggregation::tests::test_prod_dim_float ... [32mok(B[m
test tests::jit::tensor::display::tests::test_display_2d_int_tensor ... [32mok(B[m
test tests::jit::tensor::f32_ty::aggregation::tests::test_should_sum ... [32mok(B[m
test tests::jit::tensor::f32_ty::aggregation::tests::test_should_mean_int ... [32mok(B[m
test tests::jit::tensor::f32_ty::aggregation::tests::test_should_mean_last_dim ... [32mok(B[m
test tests::jit::tensor::f32_ty::aggregation::tests::test_should_sum_int ... [32mok(B[m
test tests::jit::tensor::display::tests::test_display_2d_bool_tensor ... [32mok(B[m
test tests::jit::tensor::f32_ty::aggregation::tests::test_should_sum_last_dim ... [32mok(B[m
test tests::jit::tensor::display::tests::test_display_3d_tensor ... [32mok(B[m
test tests::jit::tensor::display::tests::test_display_4d_tensor ... [32mok(B[m
test tests::jit::tensor::f32_ty::all_op::tests::test_all ... [32mok(B[m
test tests::jit::tensor::f32_ty::all_op::tests::test_all_with_bool_from_lower_equal ... [32mok(B[m
test tests::jit::tensor::f32_ty::all_op::tests::test_all_dim ... [32mok(B[m
test tests::jit::tensor::f32_ty::any::tests::test_any ... [32mok(B[m
test tests::jit::tensor::f32_ty::any::tests::test_any_dim ... [32mok(B[m
test tests::jit::tensor::f32_ty::arange_step::tests::should_panic_when_step_is_zero - should panic ... [32mok(B[m
test tests::jit::tensor::f32_ty::arange::tests::test_arange ... [32mok(B[m
test tests::jit::tensor::f32_ty::arange_step::tests::test_arange_step ... [32mok(B[m
test tests::jit::tensor::display::tests::test_display_tensor_summarize_1 ... [32mok(B[m
test tests::jit::tensor::f32_ty::arg::tests::test_argmax_2d_dim1 ... [32mok(B[m
test tests::jit::tensor::f32_ty::aggregation::tests::test_should_sum_first_dim ... [32mok(B[m
test tests::jit::tensor::f32_ty::aggregation::tests::test_should_mean_first_dim ... [32mok(B[m
test tests::jit::tensor::f32_ty::arg::tests::test_argmax_2d_dim0_int ... [32mok(B[m
test tests::jit::tensor::f32_ty::arg::tests::test_argmin_2d_dim0 ... [32mok(B[m
test tests::jit::tensor::f32_ty::aggregation::tests::test_should_sum_last_dim_int ... [32mok(B[m
test tests::jit::tensor::f32_ty::arg::tests::test_argmax_2d_dim0 ... [32mok(B[m
test tests::jit::tensor::f32_ty::arg::tests::test_argmin_2d_dim0_int ... [32mok(B[m
test tests::jit::tensor::f32_ty::arg::tests::test_argmin_2d_dim1 ... [32mok(B[m
test tests::jit::tensor::f32_ty::aggregation::tests::test_should_mean_last_dim_int ... [32mok(B[m
test tests::jit::tensor::f32_ty::aggregation::tests::test_should_sum_mid_dim_3d_non_contiguous_2 ... [32mok(B[m
test tests::jit::tensor::f32_ty::aggregation::tests::test_should_sum_mid_dim_3d_non_contiguous_1 ... [32mok(B[m
test tests::jit::tensor::f32_ty::argwhere_nonzero::tests::test_argwhere_1d ... [32mok(B[m
test tests::jit::tensor::f32_ty::bool::tests::test_from_int ... [32mok(B[m
test tests::jit::tensor::f32_ty::argwhere_nonzero::tests::test_argwhere_2d ... [32mok(B[m
test tests::jit::tensor::f32_ty::bool::tests::test_from_float ... [32mok(B[m
test tests::jit::tensor::f32_ty::argwhere_nonzero::tests::test_argwhere_3d ... [32mok(B[m
test tests::jit::tensor::f32_ty::argwhere_nonzero::tests::test_nonzero_empty ... [32mok(B[m
test tests::jit::tensor::f32_ty::argwhere_nonzero::tests::test_nonzero_1d ... [32mok(B[m
test tests::jit::tensor::f32_ty::cast::tests::cast_bool_to_int_tensor ... [32mok(B[m
test tests::jit::tensor::f32_ty::aggregation::tests::test_prod_float ... [32mok(B[m
test tests::jit::tensor::f32_ty::cat::tests::should_panic_when_list_of_vectors_is_empty - should panic ... [32mok(B[m
test tests::jit::tensor::f32_ty::cat::tests::should_panic_when_cat_exceeds_dimension - should panic ... [32mok(B[m
test tests::jit::tensor::f32_ty::cat::tests::should_panic_when_dimensions_are_not_the_same - should panic ... [32mok(B[m
test tests::jit::tensor::f32_ty::cast::tests::cast_float_precision ... [32mok(B[m
test tests::jit::tensor::f32_ty::cast::tests::cast_float_to_int ... [32mok(B[m
test tests::jit::tensor::f32_ty::cast::tests::cast_int_to_float_tensor ... [32mok(B[m
test tests::jit::tensor::f32_ty::cat::tests::should_support_cat_ops_bool ... [32mok(B[m
test tests::jit::tensor::f32_ty::ceil::tests::should_support_ceil_ops ... [32mok(B[m
test tests::jit::tensor::f32_ty::argwhere_nonzero::tests::test_nonzero_2d ... [32mok(B[m
test tests::jit::tensor::f32_ty::cat::tests::should_support_cat_ops_int ... [32mok(B[m
test tests::jit::tensor::f32_ty::cat::tests::should_support_cat_ops_2d_dim1 ... [32mok(B[m
test tests::jit::tensor::f32_ty::cat::tests::should_support_cat_ops_2d_dim0 ... [32mok(B[m
test tests::jit::tensor::f32_ty::chunk::tests::test_invalid_dim - should panic ... [32mok(B[m
test tests::jit::tensor::f32_ty::chunk::tests::test_chunk_multi_dimension ... [32mok(B[m
test tests::jit::tensor::f32_ty::cat::tests::should_support_cat_ops_3d ... [32mok(B[m
test tests::jit::tensor::f32_ty::cartesian_grid::tests::test_cartesian_grid ... [32mok(B[m
test tests::jit::tensor::f32_ty::cast::tests::cast_bool_to_float_tensor ... [32mok(B[m
test tests::jit::tensor::f32_ty::chunk::tests::test_chunk_not_evenly_divisible_remains_several ... [32mok(B[m
test tests::jit::tensor::f32_ty::clamp::tests::clamp_min_max ... [32mok(B[m
test tests::jit::tensor::f32_ty::chunk::tests::test_chunk_evenly_divisible ... [32mok(B[m
test tests::jit::tensor::f32_ty::cos::tests::should_support_cos_ops ... [32mok(B[m
test tests::jit::tensor::f32_ty::chunk::tests::test_chunk_not_evenly_divisible ... [32mok(B[m
test tests::jit::tensor::f32_ty::argwhere_nonzero::tests::test_nonzero_3d ... [32mok(B[m
test tests::jit::tensor::f32_ty::create_like::tests::should_support_ones_like ... [32mok(B[m
test tests::jit::tensor::f32_ty::cov::tests::test_cov_1 ... [32mok(B[m
test tests::jit::tensor::f32_ty::clamp::tests::clamp_max ... [32mok(B[m
test tests::jit::tensor::f32_ty::chunk::tests::test_chunk_not_divisible ... [32mok(B[m
test tests::jit::tensor::f32_ty::create_like::tests::should_support_zeros_like ... [32mok(B[m
test tests::jit::tensor::f32_ty::cov::tests::test_cov_4 ... [32mok(B[m
test tests::jit::tensor::f32_ty::cov::tests::test_cov_3 ... [32mok(B[m
test tests::jit::tensor::f32_ty::clamp::tests::clamp_min ... [32mok(B[m
test tests::jit::tensor::f32_ty::cov::tests::test_cov_2 ... [32mok(B[m
test tests::jit::tensor::f32_ty::div::tests::should_support_div_ops ... [32mok(B[m
test tests::jit::tensor::f32_ty::div::tests::should_support_div_ops_int ... [32mok(B[m
test tests::jit::tensor::f32_ty::div::tests::should_support_div_scalar_ops ... [32mok(B[m
test tests::jit::tensor::f32_ty::div::tests::test_div_broadcast ... [32mok(B[m
test tests::jit::tensor::f32_ty::div::tests::test_div_broadcast_int ... [32mok(B[m
test tests::jit::tensor::f32_ty::create_like::tests::should_support_randoms_like ... [32mok(B[m
test tests::jit::tensor::f32_ty::close::tests::test_is_close ... [32mok(B[m
test tests::jit::tensor::f32_ty::div::tests::should_support_div_scalar_ops_int ... [32mok(B[m
test tests::jit::tensor::f32_ty::exp::tests::should_support_exp_ops ... [32mok(B[m
test tests::jit::tensor::f32_ty::expand::tests::expand_2d_int ... [32mok(B[m
test tests::jit::tensor::f32_ty::expand::tests::expand_2d_bool ... [32mok(B[m
test tests::jit::tensor::f32_ty::erf::tests::should_support_erf_ops_with_negative_number ... [32mok(B[m
test tests::jit::tensor::f32_ty::expand::tests::should_panic_negative_one_on_non_existing_dim - should panic ... [32mok(B[m
test tests::jit::tensor::f32_ty::expand::tests::expand_higher_dimensions ... [32mok(B[m
test tests::jit::tensor::f32_ty::expand::tests::broadcast_single ... [32mok(B[m
test tests::jit::tensor::f32_ty::expand::tests::should_fail_expand_incompatible_shapes - should panic ... [32mok(B[m
test tests::jit::tensor::f32_ty::expand::tests::expand_2d ... [32mok(B[m
test tests::jit::tensor::f32_ty::flatten::tests::should_flatten_begin ... [32mok(B[m
test tests::jit::tensor::f32_ty::flatten::tests::not_enough_destination_dimension - should panic ... [32mok(B[m
test tests::jit::tensor::f32_ty::erf::tests::should_support_erf_ops ... [32mok(B[m
test tests::jit::tensor::f32_ty::expand::tests::expand_3d ... [32mok(B[m
test tests::jit::tensor::f32_ty::flatten::tests::should_flatten_middle ... [32mok(B[m
test tests::jit::tensor::f32_ty::flatten::tests::should_flatten_to_1d ... [32mok(B[m
test tests::jit::tensor::f32_ty::flatten::tests::should_flatten_panic - should panic ... [32mok(B[m
test tests::jit::tensor::f32_ty::flatten::tests::should_flatten_end ... [32mok(B[m
test tests::jit::tensor::f32_ty::expand::tests::inplace_op_after_expand ... [32mok(B[m
test tests::jit::tensor::f32_ty::full::tests::test_data_full ... [32mok(B[m
test tests::jit::tensor::f32_ty::expand::tests::should_all_negative_one ... [32mok(B[m
test tests::jit::tensor::f32_ty::floor::tests::should_support_floor_ops ... [32mok(B[m
test tests::jit::tensor::f32_ty::gather_scatter::tests::scatter_should_panic_on_mismatch_of_shapes - should panic ... [32mok(B[m
test tests::jit::tensor::f32_ty::flip::tests::flip_out_of_bound_axis - should panic ... [32mok(B[m
test tests::jit::tensor::f32_ty::flip::tests::flip_duplicated_axes - should panic ... [32mok(B[m
test tests::jit::tensor::f32_ty::eye::tests::test_eye_float ... [32mok(B[m
test tests::jit::tensor::f32_ty::gather_scatter::tests::should_gather_2d_dim0 ... [32mok(B[m
test tests::jit::tensor::f32_ty::gather_scatter::tests::should_gather_1d_dim0_int ... [32mok(B[m
test tests::jit::tensor::f32_ty::close::tests::test_all_close ... [32mok(B[m
test tests::jit::tensor::f32_ty::full::tests::test_tensor_full ... [32mok(B[m
test tests::jit::tensor::f32_ty::gather_scatter::tests::should_gather_1d_dim0 ... [32mok(B[m
test tests::jit::tensor::f32_ty::gather_scatter::tests::should_scatter_1d ... [32mok(B[m
test tests::jit::tensor::f32_ty::gather_scatter::tests::should_gather_2d_dim1 ... [32mok(B[m
test tests::jit::tensor::f32_ty::flip::tests::flip_bool ... [32mok(B[m
test tests::jit::tensor::f32_ty::flip::tests::flip_float ... [32mok(B[m
test tests::jit::tensor::f32_ty::flip::tests::flip_int ... [32mok(B[m
test tests::jit::tensor::f32_ty::init::tests::should_support_bool_empty ... [32mok(B[m
test tests::jit::tensor::f32_ty::init::tests::should_support_float_empty ... [32mok(B[m
test tests::jit::tensor::f32_ty::gather_scatter::tests::should_gather_2d_only_1dim ... [32mok(B[m
test tests::jit::tensor::f32_ty::init::tests::should_support_float_ones ... [32mok(B[m
test tests::jit::tensor::f32_ty::init::tests::should_support_int_empty ... [32mok(B[m
test tests::jit::tensor::f32_ty::gather_scatter::tests::should_gather_3d_dim1 ... [32mok(B[m
test tests::jit::tensor::f32_ty::init::tests::should_support_float_zeros ... [32mok(B[m
test tests::jit::tensor::f32_ty::init::tests::should_support_int_ones ... [32mok(B[m
test tests::jit::tensor::f32_ty::init::tests::should_support_int_zeros ... [32mok(B[m
test tests::jit::tensor::f32_ty::gather_scatter::tests::should_scatter_2d_dim1_diff_shape ... [32mok(B[m
test tests::jit::tensor::f32_ty::gelu::tests::test_gelu ... [32mok(B[m
test tests::jit::tensor::f32_ty::iter_dim::test::test_too_high_dimension - should panic ... [32mok(B[m
test tests::jit::tensor::f32_ty::iter_dim::test::test_1d_iter_last_item ... [32mok(B[m
test tests::jit::tensor::f32_ty::gather_scatter::tests::should_scatter_1d_int ... [32mok(B[m
test tests::jit::tensor::f32_ty::gather_scatter::tests::should_scatter_2d_dim0 ... [32mok(B[m
test tests::jit::tensor::f32_ty::leaky_relu::tests::test_leaky_relu_d2 ... [32mok(B[m
test tests::jit::tensor::f32_ty::log1p::tests::should_support_exp_log1p ... [32mok(B[m
test tests::jit::tensor::f32_ty::gather_scatter::tests::should_scatter_2d_dim1 ... [32mok(B[m
test tests::jit::tensor::f32_ty::gather_scatter::tests::should_scatter_3d_dim1 ... [32mok(B[m
test tests::jit::tensor::f32_ty::log::tests::should_support_log_ops ... [32mok(B[m
test tests::jit::tensor::f32_ty::iter_dim::test::test_transposed ... [32mok(B[m
test tests::jit::tensor::f32_ty::iter_dim::test::test_iter_dim_single_element ... [32mok(B[m
test tests::jit::tensor::f32_ty::map_comparison::tests::should_support_bool_not ... [32mok(B[m
test tests::jit::tensor::f32_ty::map_comparison::tests::should_support_bool_equal ... [32mok(B[m
test tests::jit::tensor::f32_ty::map_comparison::tests::test_equal ... [32mok(B[m
test tests::jit::tensor::f32_ty::map_comparison::tests::test_equal_inf ... [32mok(B[m
test tests::jit::tensor::f32_ty::map_comparison::tests::test_greater ... [32mok(B[m
test tests::jit::tensor::f32_ty::map_comparison::tests::test_greater_elem ... [32mok(B[m
test tests::jit::tensor::f32_ty::map_comparison::tests::test_greater_equal ... [32mok(B[m
test tests::jit::tensor::f32_ty::map_comparison::tests::test_equal_elem ... [32mok(B[m
test tests::jit::tensor::f32_ty::log_sigmoid::tests::test_log_sigmoid ... [32mok(B[m
test tests::jit::tensor::f32_ty::map_comparison::tests::should_support_bool_not_equal ... [32mok(B[m
test tests::jit::tensor::f32_ty::map_comparison::tests::test_int_greater_elem ... [32mok(B[m
test tests::jit::tensor::f32_ty::map_comparison::tests::test_int_equal ... [32mok(B[m
test tests::jit::tensor::f32_ty::map_comparison::tests::test_int_equal_elem ... [32mok(B[m
test tests::jit::tensor::f32_ty::map_comparison::tests::test_greater_equal_elem ... [32mok(B[m
test tests::jit::tensor::f32_ty::iter_dim::test::test_iter_dim_double_end ... [32mok(B[m
test tests::jit::tensor::f32_ty::map_comparison::tests::test_int_lower_elem ... [32mok(B[m
test tests::jit::tensor::f32_ty::map_comparison::tests::test_int_greater ... [32mok(B[m
test tests::jit::tensor::f32_ty::map_comparison::tests::test_int_greater_equal_elem ... [32mok(B[m
test tests::jit::tensor::f32_ty::map_comparison::tests::test_int_lower_equal ... [32mok(B[m
test tests::jit::tensor::f32_ty::map_comparison::tests::test_int_lower_equal_elem ... [32mok(B[m
test tests::jit::tensor::f32_ty::map_comparison::tests::test_int_greater_equal ... [32mok(B[m
test tests::jit::tensor::f32_ty::map_comparison::tests::test_int_not_equal ... [32mok(B[m
test tests::jit::tensor::f32_ty::map_comparison::tests::test_lower_elem ... [32mok(B[m
test tests::jit::tensor::f32_ty::map_comparison::tests::test_int_lower ... [32mok(B[m
test tests::jit::tensor::f32_ty::map_comparison::tests::test_lower_equal ... [32mok(B[m
test tests::jit::tensor::f32_ty::map_comparison::tests::test_lower ... [32mok(B[m
test tests::jit::tensor::f32_ty::map_comparison::tests::test_lower_equal_elem ... [32mok(B[m
test tests::jit::tensor::f32_ty::map_comparison::tests::test_int_not_equal_elem ... [32mok(B[m
test tests::jit::tensor::f32_ty::mask::tests::float_mask_fill_infinite ... [32mok(B[m
test tests::jit::tensor::f32_ty::mask::tests::should_handle_mask_where_nans ... [32mok(B[m
test tests::jit::tensor::f32_ty::mask::tests::should_support_int_mask_fill_ops ... [32mok(B[m
test tests::jit::tensor::f32_ty::mask::tests::should_support_int_mask_where_ops ... [32mok(B[m
test tests::jit::tensor::f32_ty::log_sigmoid::tests::test_log_sigmoid_numerical_stability ... [32mok(B[m
test tests::jit::tensor::f32_ty::map_comparison::tests::test_not_equal_inf ... [32mok(B[m
test tests::jit::tensor::f32_ty::map_comparison::tests::test_not_equal_elem ... [32mok(B[m
test tests::jit::tensor::f32_ty::matmul::tests::test_matmul_broadcast_4d ... [32mok(B[m
test tests::jit::tensor::f32_ty::map_comparison::tests::test_not_equal ... [32mok(B[m
test tests::jit::tensor::f32_ty::mask::tests::should_support_mask_fill_ops ... [32mok(B[m
test tests::jit::tensor::f32_ty::mask::tests::should_support_mask_where_ops ... [32mok(B[m
test tests::jit::tensor::f32_ty::matmul::tests::should_panic_when_inner_dimensions_are_not_equal - should panic ... [32mok(B[m
test tests::jit::tensor::f32_ty::mask::tests::should_support_mask_where_broadcast ... [32mok(B[m
test tests::jit::tensor::f32_ty::matmul::tests::test_matmul_broadcast_1 ... [32mok(B[m
test tests::jit::tensor::f32_ty::matmul::tests::test_matmul_d2 ... [32mok(B[m
test tests::jit::tensor::f32_ty::mask::tests::should_support_mask_where_broadcast_int ... [32mok(B[m
test tests::jit::tensor::f32_ty::matmul::tests::test_matmul_d3 ... [32mok(B[m
test tests::jit::tensor::f32_ty::matmul::tests::test_matmul_simple_1 ... [32mok(B[m
test tests::jit::tensor::f32_ty::maxmin::tests::test_max_dim_2d ... [32mok(B[m
test tests::jit::tensor::f32_ty::matmul::tests::test_matmul_trivial_transposed ... [32mok(B[m
test tests::jit::tensor::f32_ty::maxmin::tests::test_max_dim_2d_with_0th_dim ... [32mok(B[m
test tests::jit::tensor::f32_ty::matmul::tests::test_matmul_simple_2 ... [32mok(B[m
test tests::jit::tensor::f32_ty::matmul::tests::test_matmul_trivial ... [32mok(B[m
test tests::jit::tensor::f32_ty::maxmin::tests::test_maximum_pair ... [32mok(B[m
test tests::jit::tensor::f32_ty::maxmin::tests::test_min_dim_2d_with_0th_dim ... [32mok(B[m
test tests::jit::tensor::f32_ty::maxmin::tests::test_max_dim_with_indices_2d ... [32mok(B[m
test tests::jit::tensor::f32_ty::maxmin::tests::test_min_dim_2d ... [32mok(B[m
test tests::jit::tensor::f32_ty::maxmin::tests::test_min_dim_with_indices_2d_with_0th_dim ... [32mok(B[m
test tests::jit::tensor::f32_ty::maxmin::tests::test_mean_dim_2d ... [32mok(B[m
test tests::jit::tensor::f32_ty::maxmin::tests::test_minimum_pair ... [32mok(B[m
test tests::jit::tensor::f32_ty::matmul::tests::test_matmul_simple_3 ... [32mok(B[m
test tests::jit::tensor::f32_ty::matmul::tests::test_matmul_4_8 ... [32mok(B[m
test tests::jit::tensor::f32_ty::matmul::tests::test_matmul_4_3 ... [32mok(B[m
test tests::jit::tensor::f32_ty::maxmin::tests::test_sum_dim_2d ... [32mok(B[m
test tests::jit::tensor::f32_ty::maxmin::tests::test_min_dim_with_indices_2d ... [32mok(B[m
test tests::jit::tensor::f32_ty::module_adaptive_avg_pool1d::tests::test_adaptive_avg_pool1d_bigger_output ... [32mok(B[m
test tests::jit::tensor::f32_ty::maxmin::tests::test_max_dim_with_indices_2d_with_dim_0th ... [32mok(B[m
test tests::jit::tensor::f32_ty::module_adaptive_avg_pool2d::tests::test_adaptive_avg_pool2d_bigger_output ... [32mok(B[m
test tests::jit::tensor::f32_ty::module_adaptive_avg_pool1d::tests::test_adaptive_avg_pool1d_simple ... [32mok(B[m
test tests::jit::tensor::f32_ty::module_adaptive_avg_pool1d::tests::test_adaptive_avg_pool1d_dyn_filter_size ... [32mok(B[m
test tests::jit::tensor::f32_ty::module_adaptive_avg_pool2d::tests::test_adaptive_avg_pool2d_dyn_filter_size ... [32mok(B[m
test tests::jit::tensor::f32_ty::module_adaptive_avg_pool2d::tests::test_adaptive_avg_pool2d_simple ... [32mok(B[m
test tests::jit::tensor::f32_ty::mish::tests::test_mish ... [32mok(B[m
test tests::jit::tensor::f32_ty::module_avg_pool1d::tests::test_avg_pool1d_complex_dont_count_pad ... [32mok(B[m
test tests::jit::tensor::f32_ty::module_avg_pool2d::tests::test_avg_pool2d_complex ... [32mok(B[m
test tests::jit::tensor::f32_ty::module_avg_pool1d::tests::test_avg_pool1d_complex ... [32mok(B[m
test tests::jit::tensor::f32_ty::module_avg_pool2d::tests::test_avg_pool2d_simple ... [32mok(B[m
test tests::jit::tensor::f32_ty::module_avg_pool2d::tests::test_avg_pool2d_complex_dont_include_pad ... [32mok(B[m
test tests::jit::tensor::f32_ty::module_bicubic_interpolate::tests::test_upsample_interpolation ... [32mok(B[m
test tests::jit::tensor::f32_ty::module_bicubic_interpolate::tests::test_1d_bicubic ... [32mok(B[m
test tests::jit::tensor::f32_ty::module_bilinear_interpolate::tests::test_1d_bilinear ... [32mok(B[m
test tests::jit::tensor::f32_ty::module_bilinear_interpolate::tests::test_downsample_interpolation ... [32mok(B[m
test tests::jit::tensor::f32_ty::module_bicubic_interpolate::tests::test_downsample_interpolation ... [32mok(B[m
test tests::jit::tensor::f32_ty::module_conv1d::tests::test_conv1d_simple ... [32mok(B[m
test tests::jit::tensor::f32_ty::module_bilinear_interpolate::tests::test_upsample_interpolation ... [32mok(B[m
test tests::jit::tensor::f32_ty::module_conv1d::tests::test_conv1d_dilation ... [32mok(B[m
test tests::jit::tensor::f32_ty::module_avg_pool1d::tests::test_avg_pool1d_simple ... [32mok(B[m
test tests::jit::tensor::f32_ty::module_conv2d::tests::test_conv2d_implicit_padded_in_channels ... [32mok(B[m
test tests::jit::tensor::f32_ty::module_conv2d::tests::test_conv2d_simple ... [32mok(B[m
test tests::jit::tensor::f32_ty::module_conv1d::tests::test_conv1d_groups ... [32mok(B[m
test tests::jit::tensor::f32_ty::module_conv2d::tests::test_conv2d_groups ... [32mok(B[m
test tests::jit::tensor::f32_ty::module_conv2d::tests::test_conv2d_complex ... [32mok(B[m
test tests::jit::tensor::f32_ty::module_conv2d::tests::test_conv2d_groups_multiple_channels ... [32mok(B[m
test tests::jit::tensor::f32_ty::module_conv3d::tests::test_conv3d_groups ... [32mok(B[m
test tests::jit::tensor::f32_ty::module_conv_transpose1d::tests::test_conv_transpose1d_dilation ... [32mok(B[m
test tests::jit::tensor::f32_ty::module_conv3d::tests::test_conv3d_simple ... [32mok(B[m
test tests::jit::tensor::f32_ty::module_conv_transpose1d::tests::test_conv_transpose1d_diff_channels ... [32mok(B[m
test tests::jit::tensor::f32_ty::module_conv3d::tests::test_conv3d_complex ... [32mok(B[m
test tests::jit::tensor::f32_ty::module_conv_transpose2d::tests::test_conv_transpose2d_dilation_2 ... [32mok(B[m
test tests::jit::tensor::f32_ty::module_conv1d::tests::test_conv1d_complex ... [32mok(B[m
test tests::jit::tensor::f32_ty::module_conv_transpose1d::tests::test_conv_transpose1d_stride ... [32mok(B[m
test tests::jit::tensor::f32_ty::module_conv2d::tests::test_conv2d_simple_implicit ... [32mok(B[m
test tests::jit::tensor::f32_ty::module_conv_transpose2d::tests::test_conv_transpose2d_groups_different_channels ... [32mok(B[m
test tests::jit::tensor::f32_ty::module_conv_transpose2d::tests::test_conv_transpose2d_groups_2 ... [32mok(B[m
test tests::jit::tensor::f32_ty::module_conv_transpose1d::tests::test_conv_transpose1d_groups ... [32mok(B[m
test tests::jit::tensor::f32_ty::module_conv_transpose2d::tests::test_conv_transpose2d_simple_2 ... [32mok(B[m
test tests::jit::tensor::f32_ty::module_conv_transpose2d::tests::test_conv_transpose2d_stride_2 ... [32mok(B[m
test tests::jit::tensor::f32_ty::module_conv_transpose3d::tests::test_conv_transpose3d_groups_2 ... [32mok(B[m
test tests::jit::tensor::f32_ty::module_conv_transpose2d::tests::test_conv_transpose2d_simple_1 ... [32mok(B[m
test tests::jit::tensor::f32_ty::module_conv_transpose3d::tests::test_conv_transpose3d_dilation_2 ... [32mok(B[m
test tests::jit::tensor::f32_ty::module_conv_transpose3d::tests::test_conv_transpose3d_simple_2 ... [32mok(B[m
test tests::jit::tensor::f32_ty::module_conv_transpose2d::tests::test_conv_transpose2d_stride2_out_padding ... [32mok(B[m
test tests::jit::tensor::f32_ty::module_conv_transpose3d::tests::test_conv_transpose3d_groups_different_channels ... [32mok(B[m
test tests::jit::tensor::f32_ty::module_conv_transpose3d::tests::test_conv_transpose3d_stride2_out_padding ... [32mok(B[m
test tests::jit::tensor::f32_ty::module_conv_transpose3d::tests::test_conv_transpose3d_stride_2 ... [32mok(B[m
test tests::jit::tensor::f32_ty::module_conv_transpose2d::tests::test_conv_transpose2d_simple_3 ... [32mok(B[m
test tests::jit::tensor::f32_ty::module_conv_transpose3d::tests::test_conv_transpose3d_simple_1 ... [32mok(B[m
test tests::jit::tensor::f32_ty::module_forward::tests::test_embedding_forward ... [32mok(B[m
test tests::jit::tensor::f32_ty::module_deform_conv2d::tests::test_deform_conv2d_different_dilation ... [32mok(B[m
test tests::jit::tensor::f32_ty::module_deform_conv2d::tests::test_deform_conv2d_batched ... [32mok(B[m
test tests::jit::tensor::f32_ty::module_max_pool1d::tests::test_max_pool1d_simple ... [32mok(B[m
test tests::jit::tensor::f32_ty::module_deform_conv2d::tests::test_deform_conv2d_different_padding_size ... [32mok(B[m
test tests::jit::tensor::f32_ty::module_max_pool1d::tests::test_max_pool1d_different_padding_stride_kernel ... [32mok(B[m
test tests::jit::tensor::f32_ty::module_max_pool1d::tests::test_max_pool1d_complex ... [32mok(B[m
test tests::jit::tensor::f32_ty::module_deform_conv2d::tests::test_deform_conv2d_simple ... [32mok(B[m
test tests::jit::tensor::f32_ty::module_deform_conv2d::tests::test_deform_conv2d_offset_groups ... [32mok(B[m
test tests::jit::tensor::f32_ty::module_deform_conv2d::tests::test_deform_conv2d_different_stride ... [32mok(B[m
test tests::jit::tensor::f32_ty::module_deform_conv2d::tests::test_deform_conv2d_different_width ... [32mok(B[m
test tests::jit::tensor::f32_ty::module_deform_conv2d::tests::test_deform_conv2d_different_kernel_size ... [32mok(B[m
test tests::jit::tensor::f32_ty::module_max_pool1d::tests::test_max_pool1d_with_dilation ... [32mok(B[m
test tests::jit::tensor::f32_ty::module_max_pool2d::tests::test_max_pool2d_simple ... [32mok(B[m
test tests::jit::tensor::f32_ty::module_max_pool2d::tests::test_max_pool2d_with_dilation ... [32mok(B[m
test tests::jit::tensor::f32_ty::module_max_pool2d::tests::test_max_pool2d_different_padding_stride_kernel ... [32mok(B[m
test tests::jit::tensor::f32_ty::module_max_pool2d::tests::test_max_pool2d_complex ... [32mok(B[m
test tests::jit::tensor::f32_ty::module_max_pool1d::tests::test_max_pool1d_with_neg ... [32mok(B[m
test tests::jit::tensor::f32_ty::module_unfold4d::tests::test_unfold4d_shape ... [32mok(B[m
test tests::jit::tensor::f32_ty::module_max_pool2d::tests::test_max_pool2d_with_neg ... [32mok(B[m
test tests::jit::tensor::f32_ty::movedim::tests::edge_different_sizes - should panic ... [32mok(B[m
test tests::jit::tensor::f32_ty::movedim::tests::edge_out_of_bound_axis - should panic ... [32mok(B[m
test tests::jit::tensor::f32_ty::module_max_pool1d::tests::test_max_pool1d_with_indices ... [32mok(B[m
test tests::jit::tensor::f32_ty::module_nearest_interpolate::tests::test_downsample_interpolation ... [32mok(B[m
test tests::jit::tensor::f32_ty::module_nearest_interpolate::tests::test_upsample_interpolation ... [32mok(B[m
test tests::jit::tensor::f32_ty::movedim::tests::edge_vec_is_not_a_set - should panic ... [32mok(B[m
test tests::jit::tensor::f32_ty::movedim::tests::edge_out_of_bound_axis_vec - should panic ... [32mok(B[m
test tests::jit::tensor::f32_ty::module_unfold4d::tests::test_unfold4d_complex ... [32mok(B[m
test tests::jit::tensor::f32_ty::module_unfold4d::tests::test_unfold4d_simple ... [32mok(B[m
test tests::jit::tensor::f32_ty::movedim::tests::vec_input_int ... [32mok(B[m
test tests::jit::tensor::f32_ty::movedim::tests::different_input_types ... [32mok(B[m
test tests::jit::tensor::f32_ty::movedim::tests::movedim_bool ... [32mok(B[m
test tests::jit::tensor::f32_ty::module_deform_conv2d::tests::test_deform_conv2d_weight_groups ... [32mok(B[m
test tests::jit::tensor::f32_ty::movedim::tests::vec_input_bool ... [32mok(B[m
test tests::jit::tensor::f32_ty::module_nearest_interpolate::tests::test_1d_nearest ... [32mok(B[m
test tests::jit::tensor::f32_ty::mul::tests::should_support_mul_scalar_ops ... [32mok(B[m
test tests::jit::tensor::f32_ty::nan::tests::contains_nan ... [33mignored, https://github.com/tracel-ai/burn/issues/2089(B[m
test tests::jit::tensor::f32_ty::nan::tests::is_nan ... [33mignored, https://github.com/tracel-ai/burn/issues/2089(B[m
test tests::jit::tensor::f32_ty::mul::tests::should_support_mul_ops ... [32mok(B[m
test tests::jit::tensor::f32_ty::mul::tests::should_support_mul_ops_int ... [32mok(B[m
test tests::jit::tensor::f32_ty::mul::tests::test_mul_broadcast_2_dims ... [32mok(B[m
test tests::jit::tensor::f32_ty::narrow::tests::test_narrow_invalid_dim - should panic ... [32mok(B[m
test tests::jit::tensor::f32_ty::narrow::tests::test_narrow_invalid_length - should panic ... [32mok(B[m
test tests::jit::tensor::f32_ty::movedim::tests::movedim_int ... [32mok(B[m
test tests::jit::tensor::f32_ty::narrow::tests::test_narrow_3 ... [32mok(B[m
test tests::jit::tensor::f32_ty::narrow::tests::test_narrow_invalid_start - should panic ... [32mok(B[m
test tests::jit::tensor::f32_ty::narrow::tests::test_narrow_invalid_zero_length - should panic ... [32mok(B[m
test tests::jit::tensor::f32_ty::narrow::tests::test_narrow_1 ... [32mok(B[m
test tests::jit::tensor::f32_ty::mul::tests::test_mul_broadcast_int ... [32mok(B[m
test tests::jit::tensor::f32_ty::mul::tests::test_mul_broadcast ... [32mok(B[m
test tests::jit::tensor::f32_ty::neg::tests::should_support_neg_ops ... [32mok(B[m
test tests::jit::tensor::f32_ty::narrow::tests::test_narrow_2 ... [32mok(B[m
test tests::jit::tensor::f32_ty::one_hot::tests::float_one_hot_should_panic_when_index_exceeds_number_of_classes - should panic ... [32mok(B[m
test tests::jit::tensor::f32_ty::movedim::tests::vec_input_float ... [32mok(B[m
test tests::jit::tensor::f32_ty::movedim::tests::movedim_float ... [32mok(B[m
test tests::jit::tensor::f32_ty::one_hot::tests::float_one_hot_should_panic_when_number_of_classes_is_zero - should panic ... [32mok(B[m
test tests::jit::tensor::f32_ty::one_hot::tests::one_hot_fill_should_panic_when_axis_out_range_of_rank - should panic ... [32mok(B[m
test tests::jit::tensor::f32_ty::one_hot::tests::int_one_hot_should_panic_when_index_exceeds_number_of_classes - should panic ... [32mok(B[m
test tests::jit::tensor::f32_ty::padding::tests::padding_2d_test ... [32mok(B[m
test tests::jit::tensor::f32_ty::one_hot::tests::int_one_hot_should_panic_when_number_of_classes_is_zero - should panic ... [32mok(B[m
test tests::jit::tensor::f32_ty::padding::tests::padding_4d_test ... [32mok(B[m
test tests::jit::tensor::f32_ty::permute::tests::edge_out_of_bound_axis - should panic ... [32mok(B[m
test tests::jit::tensor::f32_ty::mul::tests::should_support_mul_scalar_ops_int ... [32mok(B[m
test tests::jit::tensor::f32_ty::permute::tests::permute_bool ... [32mok(B[m
test tests::jit::tensor::f32_ty::one_hot::tests::one_hot_fill_with_negative_indices ... [32mok(B[m
test tests::jit::tensor::f32_ty::permute::tests::edge_repeated_axes - should panic ... [32mok(B[m
test tests::jit::tensor::f32_ty::powf::tests::should_support_neg_power ... [32mok(B[m
test tests::jit::tensor::f32_ty::powf::tests::should_support_neg_values_with_even_power ... [32mok(B[m
test tests::jit::tensor::f32_ty::padding::tests::padding_asymmetric_test ... [32mok(B[m
test tests::jit::tensor::f32_ty::padding::tests::padding_asymmetric_integer_test ... [32mok(B[m
test tests::jit::tensor::f32_ty::powf::tests::should_support_neg_values_with_odd_power ... [32mok(B[m
test tests::jit::tensor::f32_ty::powf::tests::should_support_powf_ops ... [32mok(B[m
test tests::jit::tensor::f32_ty::one_hot::tests::float_should_support_one_hot ... [32mok(B[m
test tests::jit::tensor::f32_ty::powf_scalar::tests::should_support_neg_values_with_even_power ... [32mok(B[m
test tests::jit::tensor::f32_ty::one_hot::tests::one_hot_fill_with_positive_axis_and_indices ... [32mok(B[m
test tests::jit::tensor::f32_ty::permute::tests::permute_float ... [32mok(B[m
test tests::jit::tensor::f32_ty::powf::tests::should_support_powf_broadcasted ... [32mok(B[m
test tests::jit::tensor::f32_ty::one_hot::tests::one_hot_fill_with_negative_axis_and_indices ... [32mok(B[m
test tests::jit::tensor::f32_ty::random::tests::rand_default ... [32mok(B[m
test tests::jit::tensor::f32_ty::powf_scalar::tests::should_support_powf_ops ... [32mok(B[m
test tests::jit::tensor::f32_ty::powf_scalar::tests::should_support_neg_values_with_odd_power ... [32mok(B[m
test tests::jit::tensor::f32_ty::prod::tests::test_prod_float ... [32mok(B[m
test tests::jit::tensor::f32_ty::powf_scalar::tests::should_support_neg_power ... [32mok(B[m
test tests::jit::tensor::f32_ty::relu::tests::test_relu_d2 ... [32mok(B[m
test tests::jit::tensor::f32_ty::permute::tests::permute_int ... [32mok(B[m
test tests::jit::tensor::f32_ty::random::tests::rand_bernoulli ... [32mok(B[m
test tests::jit::tensor::f32_ty::recip::tests::should_support_recip_ops ... [32mok(B[m
test tests::jit::tensor::f32_ty::remainder::tests::should_be_zero ... [32mok(B[m
test tests::jit::tensor::f32_ty::remainder::tests::should_be_negative ... [32mok(B[m
test tests::jit::tensor::f32_ty::remainder::tests::should_have_no_remainder_scalar ... [32mok(B[m
test tests::jit::tensor::f32_ty::remainder::tests::should_be_negative_scalar ... [32mok(B[m
test tests::jit::tensor::f32_ty::one_hot::tests::float_should_support_one_hot_index ... [32mok(B[m
test tests::jit::tensor::f32_ty::remainder::tests::should_be_zero_scalar ... [32mok(B[m
test tests::jit::tensor::f32_ty::remainder::tests::should_have_no_remainder ... [31mFAILED(B[m
test tests::jit::tensor::f32_ty::one_hot::tests::int_should_support_one_hot ... [32mok(B[m
test tests::jit::tensor::f32_ty::remainder::tests::should_support_remainder_float ... [32mok(B[m
test tests::jit::tensor::f32_ty::remainder::tests::should_support_large_divisor_scalar ... [32mok(B[m
test tests::jit::tensor::f32_ty::remainder::tests::should_support_remainder_float_scalar ... [32mok(B[m
test tests::jit::tensor::f32_ty::remainder::tests::should_support_remainder_op ... [32mok(B[m
test tests::jit::tensor::f32_ty::remainder::tests::should_support_remainder_scalar_op ... [32mok(B[m
test tests::jit::tensor::f32_ty::remainder::tests::should_support_fp_dividends ... [32mok(B[m
test tests::jit::tensor::f32_ty::remainder::tests::should_support_remainder_basic_scalar ... [32mok(B[m
test tests::jit::tensor::f32_ty::random::tests::rand_uniform ... [32mok(B[m
test tests::jit::tensor::f32_ty::remainder::tests::should_support_large_divisor ... [32mok(B[m
test tests::jit::tensor::f32_ty::remainder::tests::should_support_remainder_basic ... [32mok(B[m
test tests::jit::tensor::f32_ty::repeat::tests::should_support_repeat_ops_one_dimension ... [32mok(B[m
test tests::jit::tensor::f32_ty::repeat_dim::tests::should_support_bool_repeat_ops ... [32mok(B[m
test tests::jit::tensor::f32_ty::repeat_dim::tests::should_support_float_repeat_on_dims_larger_than_1 ... [32mok(B[m
test tests::jit::tensor::f32_ty::repeat_dim::tests::should_support_bool_repeat_on_dims_larger_than_1 ... [32mok(B[m
test tests::jit::tensor::f32_ty::reshape::tests::multiple_neg_ones - should panic ... [32mok(B[m
test tests::jit::tensor::f32_ty::reshape::tests::neg_value - should panic ... [32mok(B[m
test tests::jit::tensor::f32_ty::repeat::tests::should_support_float_repeat_repeating_on_many_dimensions ... [32mok(B[m
test tests::jit::tensor::f32_ty::repeat_dim::tests::should_support_int_repeat_on_dims_larger_than_1 ... [32mok(B[m
test tests::jit::tensor::f32_ty::reshape::tests::should_support_dim_infererence ... [32mok(B[m
test tests::jit::tensor::f32_ty::repeat_dim::tests::should_support_int_repeat_ops ... [32mok(B[m
test tests::jit::tensor::f32_ty::reshape::tests::should_support_reshape_2d ... [32mok(B[m
test tests::jit::tensor::f32_ty::repeat_dim::tests::should_support_repeat_ops ... [32mok(B[m
test tests::jit::tensor::f32_ty::reshape::tests::should_support_reshape_1d ... [32mok(B[m
test tests::jit::tensor::f32_ty::reshape::tests::should_support_reshape_bool ... [32mok(B[m
test tests::jit::tensor::f32_ty::reshape::tests::should_support_reshape_int ... [32mok(B[m
test tests::jit::tensor::f32_ty::round::tests::should_round_ties_even ... [32mok(B[m
test tests::jit::tensor::f32_ty::reshape::tests::should_support_reshape_maybe_fused_1 ... [32mok(B[m
test tests::jit::tensor::f32_ty::repeat::tests::should_support_bool_repeat_ops_one_dimension ... [32mok(B[m
test tests::jit::tensor::f32_ty::repeat::tests::should_support_int_repeat_ops_one_dimension ... [32mok(B[m
test tests::jit::tensor::f32_ty::reshape::tests::should_not_corrupt_after_slice ... [32mok(B[m
test tests::jit::tensor::f32_ty::round::tests::should_support_round_ops ... [32mok(B[m
test tests::jit::tensor::f32_ty::repeat::tests::should_support_bool_repeat_on_many_dimension ... [32mok(B[m
test tests::jit::tensor::f32_ty::reshape::tests::should_support_reshape_maybe_fused_4 ... [32mok(B[m
test tests::jit::tensor::f32_ty::select::tests::should_select_2d_dim1 ... [32mok(B[m
test tests::jit::tensor::f32_ty::select::tests::should_select_2d_dim0_more_num_dim ... [32mok(B[m
test tests::jit::tensor::f32_ty::reshape::tests::should_support_reshape_maybe_fused_3 ... [32mok(B[m
test tests::jit::tensor::f32_ty::select::tests::should_select_panic_invalid_dimension - should panic ... [32mok(B[m
test tests::jit::tensor::f32_ty::reshape::tests::should_support_reshape_maybe_fused_2 ... [32mok(B[m
test tests::jit::tensor::f32_ty::select::tests::should_select_1d ... [32mok(B[m
test tests::jit::tensor::f32_ty::select::tests::should_select_1d_int ... [32mok(B[m
test tests::jit::tensor::f32_ty::select::tests::should_select_assign_1d_int ... [32mok(B[m
test tests::jit::tensor::f32_ty::select::tests::should_select_assign_1d ... [32mok(B[m
test tests::jit::tensor::f32_ty::select::tests::should_select_assign_2d_dim1 ... [32mok(B[m
test tests::jit::tensor::f32_ty::repeat::tests::should_support_int_repeat_on_many_dims ... [32mok(B[m
test tests::jit::tensor::f32_ty::select::tests::should_select_2d_dim0_same_num_dim ... [32mok(B[m
test tests::jit::tensor::f32_ty::select::tests::should_select_assign_2d_dim0 ... [32mok(B[m
test tests::jit::tensor::f32_ty::slice::tests::should_panic_when_slice_is_desc - should panic ... [32mok(B[m
test tests::jit::tensor::f32_ty::slice::tests::should_panic_when_slice_is_equal - should panic ... [32mok(B[m
test tests::jit::tensor::f32_ty::sin::tests::should_support_sin_ops ... [32mok(B[m
test tests::jit::tensor::f32_ty::slice::tests::clamp_when_slice_exceeds_dimension ... [32mok(B[m
test tests::jit::tensor::f32_ty::slice::tests::should_support_full_sliceing_1d ... [32mok(B[m
test tests::jit::tensor::f32_ty::slice::tests::should_panic_when_slice_with_too_many_dimensions - should panic ... [32mok(B[m
test tests::jit::tensor::f32_ty::slice::tests::should_support_partial_sliceing_1d ... [32mok(B[m
test tests::jit::tensor::f32_ty::sign::tests::should_support_sign_ops_float ... [32mok(B[m
test tests::jit::tensor::f32_ty::sigmoid::tests::test_sigmoid ... [32mok(B[m
test tests::jit::tensor::f32_ty::silu::tests::test_silu ... [32mok(B[m
test tests::jit::tensor::f32_ty::slice::tests::should_support_partial_sliceing_2d ... [32mok(B[m
test tests::jit::tensor::display::tests::test_display_tensor_summarize_3 ... [32mok(B[m
test tests::jit::tensor::f32_ty::slice::tests::should_slice_aggregation_result ... [32mok(B[m
test tests::jit::tensor::f32_ty::slice::tests::should_support_full_sliceing_2d ... [32mok(B[m
test tests::jit::tensor::f32_ty::sigmoid::tests::test_sigmoid_overflow ... [32mok(B[m
test tests::jit::tensor::f32_ty::slice::tests::should_support_slice_assign_1d ... [32mok(B[m
test tests::jit::tensor::f32_ty::slice::tests::should_support_slice_assign_2d ... [32mok(B[m
test tests::jit::tensor::f32_ty::slice::tests::should_support_partial_sliceing_3d ... [32mok(B[m
test tests::jit::tensor::f32_ty::slice::tests::should_support_partial_sliceing_3d_non_contiguous ... [32mok(B[m
test tests::jit::tensor::f32_ty::sign::tests::should_support_sign_ops_int ... [32mok(B[m
test tests::jit::tensor::f32_ty::slice::tests::should_support_slice_range_first_dim ... [32mok(B[m
test tests::jit::tensor::f32_ty::slice::tests::missing_dimensions ... [32mok(B[m
test tests::jit::tensor::f32_ty::slice::tests::negative_dimensions ... [32mok(B[m
test tests::jit::tensor::f32_ty::slice::tests::slice_should_not_corrupt_potentially_inplace_operations ... [32mok(B[m
test tests::jit::tensor::f32_ty::sort_argsort::tests::test_argsort_1d_int ... [32mok(B[m
test tests::jit::tensor::f32_ty::slice::tests::slice_assign_should_not_corrupt_potentially_inplace_operations ... [32mok(B[m
test tests::jit::tensor::f32_ty::sort_argsort::tests::test_argsort_1d_float ... [32mok(B[m
test tests::jit::tensor::f32_ty::sort_argsort::tests::test_sort_1d_int ... [32mok(B[m
test tests::jit::tensor::f32_ty::softmax::tests::test_softmax_d2 ... [32mok(B[m
test tests::jit::tensor::f32_ty::sort_argsort::tests::test_sort_1d_float ... [32mok(B[m
test tests::jit::tensor::f32_ty::sort_argsort::tests::test_sort_float_nan ... [32mok(B[m
test tests::jit::tensor::f32_ty::sort_argsort::tests::test_argsort_float ... [32mok(B[m
test tests::jit::tensor::f32_ty::softmin::tests::test_softmin_d2 ... [32mok(B[m
test tests::jit::tensor::f32_ty::split::tests::test_split_3d_tensor_along_dim0 ... [32mok(B[m
test tests::jit::tensor::f32_ty::sort_argsort::tests::test_sort_descending_1d ... [32mok(B[m
test tests::jit::tensor::f32_ty::sort_argsort::tests::test_argsort_int ... [32mok(B[m
test tests::jit::tensor::f32_ty::split::tests::test_split_invalid_dim - should panic ... [32mok(B[m
test tests::jit::tensor::f32_ty::sort_argsort::tests::test_sort_with_indices_descending_float ... [32mok(B[m
test tests::jit::tensor::f32_ty::sort_argsort::tests::test_sort_float ... [32mok(B[m
test tests::jit::tensor::f32_ty::split::tests::test_split_split_size_larger_than_tensor_size ... [32mok(B[m
test tests::jit::tensor::f32_ty::split::tests::test_split_with_sizes_invalid_sum - should panic ... [32mok(B[m
test tests::jit::tensor::f32_ty::softplus::tests::test_softplus_d2 ... [32mok(B[m
test tests::jit::tensor::f32_ty::split::tests::test_split_with_zero_split_size_non_zero_tensor - should panic ... [32mok(B[m
test tests::jit::tensor::f32_ty::split::tests::test_split_not_evenly_divisible ... [32mok(B[m
test tests::jit::tensor::f32_ty::sort_argsort::tests::test_sort_with_indices_float ... [32mok(B[m
test tests::jit::tensor::f32_ty::sort_argsort::tests::test_sort_int ... [32mok(B[m
test tests::jit::tensor::f32_ty::split::tests::test_split_with_zero_split_size_zero_tensor_size ... [32mok(B[m
test tests::jit::tensor::f32_ty::sort_argsort::tests::test_sort_with_indices_int ... [32mok(B[m
test tests::jit::tensor::f32_ty::sqrt::tests::should_support_sqrt_ops ... [32mok(B[m
test tests::jit::tensor::f32_ty::split::tests::test_split_zero_sized_tensor ... [32mok(B[m
test tests::jit::tensor::f32_ty::split::tests::test_split_3d_tensor_along_dim1 ... [32mok(B[m
test tests::jit::tensor::f32_ty::split::tests::test_split_evenly_divisible ... [32mok(B[m
test tests::jit::tensor::f32_ty::squeeze::tests::should_squeeze_dims_work_if_non_singleton - should panic ... [32mok(B[m
test tests::jit::tensor::f32_ty::squeeze::tests::should_squeeze_dims_dimension_mismatch_panic - should panic ... [32mok(B[m
test tests::jit::tensor::f32_ty::sort_argsort::tests::test_sort_with_indices_descending_int ... [32mok(B[m
test tests::jit::tensor::f32_ty::split::tests::test_split_with_sizes_zero_length ... [32mok(B[m
test tests::jit::tensor::f32_ty::squeeze::tests::should_squeeze_dims_panic_on_too_many_dimensions - should panic ... [32mok(B[m
test tests::jit::tensor::f32_ty::squeeze::tests::should_squeeze_first ... [32mok(B[m
test tests::jit::tensor::f32_ty::squeeze::tests::should_squeeze ... [32mok(B[m
test tests::jit::tensor::f32_ty::squeeze::tests::should_squeeze_dims_with_empty_slice ... [32mok(B[m
test tests::jit::tensor::f32_ty::split::tests::test_split_with_sizes ... [32mok(B[m
test tests::jit::tensor::f32_ty::squeeze::tests::should_squeeze_panic - should panic ... [32mok(B[m
test tests::jit::tensor::f32_ty::squeeze::tests::should_unsqueeze_dim_first ... [32mok(B[m
test tests::jit::tensor::f32_ty::split::tests::test_split_along_dim1 ... [32mok(B[m
test tests::jit::tensor::f32_ty::squeeze::tests::should_squeeze_last ... [32mok(B[m
test tests::jit::tensor::f32_ty::squeeze::tests::should_unsqueeze_dim_last ... [32mok(B[m
test tests::jit::tensor::f32_ty::squeeze::tests::should_unsqueeze_dims_support_dim_inference ... [32mok(B[m
test tests::jit::tensor::f32_ty::squeeze::tests::should_unsqueeze_dims_multiple_trailing_negatives ... [32mok(B[m
test tests::jit::tensor::f32_ty::stack::tests::should_panic_when_dimensions_are_not_the_same - should panic ... [32mok(B[m
test tests::jit::tensor::f32_ty::stack::tests::should_panic_when_list_of_vectors_is_empty - should panic ... [32mok(B[m
test tests::jit::tensor::f32_ty::squeeze::tests::should_unsqueeze_dims_work_with_single_dim ... [32mok(B[m
test tests::jit::tensor::f32_ty::squeeze::tests::should_unsqueeze_dims_handle_first_last ... [32mok(B[m
test tests::jit::tensor::f32_ty::stack::tests::should_panic_when_stack_exceeds_dimension - should panic ... [32mok(B[m
test tests::jit::tensor::f32_ty::squeeze::tests::should_unsqueeze_dims_panic - should panic ... [32mok(B[m
test tests::jit::tensor::f32_ty::stack::tests::should_support_stack_ops_2d_dim1 ... [32mok(B[m
test tests::jit::tensor::f32_ty::stack::tests::should_support_stack_ops_2d_dim0 ... [32mok(B[m
test tests::jit::tensor::f32_ty::squeeze::tests::should_squeeze_dims_with_negative_indices ... [32mok(B[m
test tests::jit::tensor::f32_ty::squeeze::tests::should_unsqueeze_dim ... [32mok(B[m
test tests::jit::tensor::f32_ty::squeeze::tests::should_squeeze_dims_with_positive_indices ... [32mok(B[m
test tests::jit::tensor::f32_ty::sub::tests::should_support_sub_ops ... [32mok(B[m
test tests::jit::tensor::f32_ty::squeeze::tests::should_unsqueeze_dim_panic - should panic ... [32mok(B[m
test tests::jit::tensor::f32_ty::sub::tests::should_support_sub_ops_int ... [32mok(B[m
test tests::jit::tensor::f32_ty::sub::tests::should_support_sub_scalar_ops_int ... [32mok(B[m
test tests::jit::tensor::f32_ty::sub::tests::should_support_sub_scalar_ops ... [32mok(B[m
test tests::jit::tensor::f32_ty::sub::tests::test_sub_broadcast_int ... [32mok(B[m
test tests::jit::tensor::f32_ty::tanh::tests::should_support_tanh_ops ... [32mok(B[m
test tests::jit::tensor::f32_ty::tanh_activation::tests::test_tanh ... [32mok(B[m
test tests::jit::tensor::f32_ty::stack::tests::should_generate_row_major_layout ... [32mok(B[m
test tests::jit::tensor::f32_ty::transpose::tests::should_support_swap_dims ... [32mok(B[m
test tests::jit::tensor::f32_ty::stack::tests::should_support_stack_ops_int ... [32mok(B[m
test tests::jit::tensor::f32_ty::sub::tests::test_sub_broadcast ... [32mok(B[m
test tests::jit::tensor::f32_ty::stack::tests::should_support_stack_ops_3d ... [32mok(B[m
test tests::jit::tensor::f32_ty::transpose::tests::should_support_swap_dims_bool ... [32mok(B[m
test tests::jit::tensor::f32_ty::transpose::tests::should_support_swap_dims_int ... [32mok(B[m
test tests::jit::tensor::f32_ty::transpose::tests::should_support_transpose_bool ... [32mok(B[m
test tests::jit::tensor::f32_ty::transpose::tests::should_support_transpose_ops ... [32mok(B[m
test tests::jit::tensor::f32_ty::tri::tests::test_tril_too_few_dims - should panic ... [32mok(B[m
test tests::jit::tensor::f32_ty::topk::tests::test_topk_1d ... [32mok(B[m
test tests::jit::tensor::f32_ty::stack::tests::should_support_stack_ops_bool ... [32mok(B[m
test tests::jit::tensor::f32_ty::transpose::tests::should_support_transpose_ops_int ... [32mok(B[m
test tests::jit::tensor::f32_ty::tri::tests::test_triu_too_few_dims - should panic ... [32mok(B[m
test tests::jit::tensor::f32_ty::tri::tests::test_triu ... [32mok(B[m
test tests::jit::tensor::f32_ty::tri::tests::test_tril ... [32mok(B[m
test tests::jit::tensor::f32_ty::tri::tests::test_tril_batch_tensors ... [32mok(B[m
test tests::jit::tensor::f32_ty::tri::tests::test_triu_positive_diagonal ... [32mok(B[m
test tests::jit::tensor::f32_ty::tri::tests::test_tril_positive_diagonal ... [32mok(B[m
test tests::jit::tensor::f32_ty::tri_mask::tests::square_diag ... [32mok(B[m
test tests::jit::tensor::f32_ty::tri_mask::tests::rect_diag ... [32mok(B[m
test tests::jit::tensor::f32_ty::tri_mask::tests::square_tri_lower ... [32mok(B[m
test tests::jit::tensor::f32_ty::tri::tests::test_tril_negative_diagonal ... [32mok(B[m
test tests::jit::tensor::f32_ty::topk::tests::test_topk ... [32mok(B[m
test tests::jit::tensor::f32_ty::tri_mask::tests::square_diag_offset ... [32mok(B[m
test tests::jit::tensor::f32_ty::tri::tests::test_triu_negative_diagonal ... [32mok(B[m
test tests::jit::tensor::f32_ty::tri::tests::test_triu_batch_tensors ... [32mok(B[m
test tests::jit::tensor::i32_ty::add::tests::should_support_add_scalar_ops_int ... [32mok(B[m
test tests::jit::tensor::i32_ty::add::tests::test_add_broadcast ... [32mok(B[m
test tests::jit::tensor::display::tests::test_display_tensor_summarize_2 ... [32mok(B[m
test tests::jit::tensor::i32_ty::add::tests::test_add_broadcast_int ... [32mok(B[m
test tests::jit::tensor::f32_ty::topk::tests::test_topk_with_indices ... [32mok(B[m
test tests::jit::tensor::i32_ty::add::tests::should_support_add_scalar_ops ... [32mok(B[m
test tests::jit::tensor::f32_ty::tri_mask::tests::square_tri_lower_offset ... [32mok(B[m
test tests::jit::tensor::f32_ty::tri_mask::tests::square_tri_upper ... [32mok(B[m
test tests::jit::tensor::i32_ty::aggregation::tests::test_prod_dim_int ... [33mignored, Not implemented for all backends yet(B[m
test tests::jit::tensor::i32_ty::add::tests::test_add_different_strides_broadcast ... [32mok(B[m
test tests::jit::tensor::i32_ty::aggregation::tests::test_prod_int ... [33mignored, Not implemented for all backends yet(B[m
test tests::jit::tensor::i32_ty::add::tests::test_add_different_strides_lhs ... [32mok(B[m
test tests::jit::tensor::f32_ty::var::tests::test_var_mean_bias ... [32mok(B[m
test tests::jit::tensor::i32_ty::add::tests::test_add_d2 ... [32mok(B[m
test tests::jit::tensor::f32_ty::var::tests::test_var_mean ... [32mok(B[m
test tests::jit::tensor::f32_ty::var::tests::test_var ... [32mok(B[m
test tests::jit::tensor::i32_ty::add::tests::test_add_d2_int ... [32mok(B[m
test tests::jit::tensor::f32_ty::tri_mask::tests::square_tri_upper_offset ... [32mok(B[m
test tests::jit::tensor::i32_ty::aggregation::tests::test_should_mean ... [32mok(B[m
test tests::jit::tensor::i32_ty::aggregation::tests::test_should_sum ... [32mok(B[m
test tests::jit::tensor::i32_ty::aggregation::tests::test_should_mean_first_dim ... [32mok(B[m
test tests::jit::tensor::i32_ty::aggregation::tests::test_should_sum_first_dim ... [32mok(B[m
test tests::jit::tensor::f32_ty::var::tests::test_var_bias ... [32mok(B[m
test tests::jit::tensor::i32_ty::aggregation::tests::test_should_mean_last_dim ... [32mok(B[m
test tests::jit::tensor::i32_ty::aggregation::tests::test_should_sum_int ... [32mok(B[m
test tests::jit::tensor::i32_ty::add::tests::test_add_different_strides_rhs ... [32mok(B[m
test tests::jit::tensor::i32_ty::aggregation::tests::test_should_sum_last_dim_int ... [32mok(B[m
test tests::jit::tensor::i32_ty::aggregation::tests::test_prod_dim_float ... [32mok(B[m
test tests::jit::tensor::i32_ty::arg::tests::test_argmax_2d_dim0 ... [32mok(B[m
test tests::jit::tensor::i32_ty::aggregation::tests::test_should_mean_last_dim_int ... [32mok(B[m
test tests::jit::tensor::i32_ty::aggregation::tests::test_should_sum_mid_dim_3d_non_contiguous_2 ... [32mok(B[m
test tests::jit::tensor::i32_ty::arg::tests::test_argmax_2d_dim0_int ... [32mok(B[m
test tests::jit::tensor::i32_ty::arg::tests::test_argmin_2d_dim0_int ... [32mok(B[m
test tests::jit::tensor::i32_ty::arg::tests::test_argmin_2d_dim0 ... [32mok(B[m
test tests::jit::tensor::i32_ty::aggregation::tests::test_prod_float ... [32mok(B[m
test tests::jit::tensor::i32_ty::aggregation::tests::test_should_mean_int ... [32mok(B[m
test tests::jit::tensor::i32_ty::bitwise::tests::should_apply_bitwise_and_scalar_2d ... [32mok(B[m
test tests::jit::tensor::i32_ty::bitwise::tests::should_apply_bitwise_and_2d ... [32mok(B[m
test tests::jit::tensor::i32_ty::arg::tests::test_argmax_2d_dim1 ... [32mok(B[m
test tests::jit::tensor::i32_ty::bitwise::tests::should_apply_bitwise_left_shift_2d ... [32mok(B[m
test tests::jit::tensor::i32_ty::bitwise::tests::should_apply_bitwise_or_1d ... [32mok(B[m
test tests::jit::tensor::i32_ty::bitwise::tests::should_apply_bitwise_or_scalar_2d ... [32mok(B[m
test tests::jit::tensor::i32_ty::bitwise::tests::should_apply_bitwise_left_shift_scalar_2d ... [32mok(B[m
test tests::jit::tensor::i32_ty::bitwise::tests::should_apply_bitwise_and_1d ... [32mok(B[m
test tests::jit::tensor::i32_ty::arg::tests::test_argmin_2d_dim1 ... [32mok(B[m
test tests::jit::tensor::i32_ty::bitwise::tests::should_apply_bitwise_right_shift_2d ... [32mok(B[m
test tests::jit::tensor::i32_ty::bitwise::tests::should_apply_bitwise_not_2d ... [32mok(B[m
test tests::jit::tensor::i32_ty::bitwise::tests::should_apply_bitwise_xor_1d ... [32mok(B[m
test tests::jit::tensor::i32_ty::cast::tests::cast_float_precision ... [32mok(B[m
test tests::jit::tensor::i32_ty::aggregation::tests::test_should_sum_last_dim ... [32mok(B[m
test tests::jit::tensor::i32_ty::cat::tests::should_panic_when_cat_exceeds_dimension - should panic ... [32mok(B[m
test tests::jit::tensor::i32_ty::cat::tests::should_panic_when_dimensions_are_not_the_same - should panic ... [32mok(B[m
test tests::jit::tensor::i32_ty::cat::tests::should_panic_when_list_of_vectors_is_empty - should panic ... [32mok(B[m
test tests::jit::tensor::i32_ty::bitwise::tests::should_apply_bitwise_xor_2d ... [32mok(B[m
test tests::jit::tensor::i32_ty::cast::tests::cast_bool_to_int_tensor ... [32mok(B[m
test tests::jit::tensor::i32_ty::bool::tests::test_from_int ... [32mok(B[m
test tests::jit::tensor::i32_ty::bitwise::tests::should_apply_bitwise_xor_scalar_2d ... [32mok(B[m
test tests::jit::tensor::i32_ty::bitwise::tests::should_apply_bitwise_or_2d ... [32mok(B[m
test tests::jit::tensor::i32_ty::cat::tests::should_support_cat_ops_2d_dim0 ... [32mok(B[m
test tests::jit::tensor::i32_ty::cat::tests::should_support_cat_ops_bool ... [32mok(B[m
test tests::jit::tensor::i32_ty::div::tests::should_support_div_ops ... [32mok(B[m
test tests::jit::tensor::i32_ty::cat::tests::should_support_cat_ops_3d ... [32mok(B[m
test tests::jit::tensor::i32_ty::bitwise::tests::should_apply_bitwise_right_shift_scalar_2d ... [32mok(B[m
test tests::jit::tensor::i32_ty::cast::tests::cast_bool_to_float_tensor ... [32mok(B[m
test tests::jit::tensor::i32_ty::div::tests::test_div_broadcast ... [32mok(B[m
test tests::jit::tensor::i32_ty::cast::tests::cast_float_to_int ... [32mok(B[m
test tests::jit::tensor::i32_ty::bool::tests::test_from_float ... [32mok(B[m
test tests::jit::tensor::i32_ty::aggregation::tests::test_should_sum_mid_dim_3d_non_contiguous_1 ... [32mok(B[m
test tests::jit::tensor::i32_ty::cat::tests::should_support_cat_ops_2d_dim1 ... [32mok(B[m
test tests::jit::tensor::i32_ty::expand::tests::broadcast_single ... [32mok(B[m
test tests::jit::tensor::i32_ty::expand::tests::expand_3d ... [32mok(B[m
test tests::jit::tensor::i32_ty::expand::tests::expand_2d_int ... [32mok(B[m
test tests::jit::tensor::i32_ty::expand::tests::should_fail_expand_incompatible_shapes - should panic ... [32mok(B[m
test tests::jit::tensor::i32_ty::div::tests::test_div_broadcast_int ... [32mok(B[m
test tests::jit::tensor::i32_ty::expand::tests::expand_higher_dimensions ... [32mok(B[m
test tests::jit::tensor::i32_ty::expand::tests::should_panic_negative_one_on_non_existing_dim - should panic ... [32mok(B[m
test tests::jit::tensor::i32_ty::div::tests::should_support_div_scalar_ops ... [32mok(B[m
test tests::jit::tensor::i32_ty::flip::tests::flip_duplicated_axes - should panic ... [32mok(B[m
test tests::jit::tensor::i32_ty::expand::tests::inplace_op_after_expand ... [32mok(B[m
test tests::jit::tensor::i32_ty::cast::tests::cast_int_to_float_tensor ... [32mok(B[m
test tests::jit::tensor::i32_ty::cat::tests::should_support_cat_ops_int ... [32mok(B[m
test tests::jit::tensor::i32_ty::expand::tests::should_all_negative_one ... [32mok(B[m
test tests::jit::tensor::i32_ty::div::tests::should_support_div_scalar_ops_int ... [32mok(B[m
test tests::jit::tensor::i32_ty::flip::tests::flip_out_of_bound_axis - should panic ... [32mok(B[m
test tests::jit::tensor::i32_ty::expand::tests::expand_2d_bool ... [32mok(B[m
test tests::jit::tensor::i32_ty::gather_scatter::tests::should_gather_2d_dim0 ... [32mok(B[m
test tests::jit::tensor::i32_ty::flip::tests::flip_int ... [32mok(B[m
test tests::jit::tensor::i32_ty::gather_scatter::tests::scatter_should_panic_on_mismatch_of_shapes - should panic ... [32mok(B[m
test tests::jit::tensor::i32_ty::flip::tests::flip_float ... [32mok(B[m
test tests::jit::tensor::i32_ty::gather_scatter::tests::should_gather_2d_only_1dim ... [32mok(B[m
test tests::jit::tensor::i32_ty::eye::tests::test_eye_float ... [32mok(B[m
test tests::jit::tensor::i32_ty::div::tests::should_support_div_ops_int ... [32mok(B[m
test tests::jit::tensor::i32_ty::gather_scatter::tests::should_gather_1d_dim0_int ... [32mok(B[m
test tests::jit::tensor::i32_ty::expand::tests::expand_2d ... [32mok(B[m
test tests::jit::tensor::i32_ty::gather_scatter::tests::should_scatter_2d_dim0 ... [32mok(B[m
test tests::jit::tensor::i32_ty::gather_scatter::tests::should_gather_2d_dim1 ... [32mok(B[m
test tests::jit::tensor::i32_ty::flip::tests::flip_bool ... [32mok(B[m
test tests::jit::tensor::i32_ty::gather_scatter::tests::should_gather_3d_dim1 ... [32mok(B[m
test tests::jit::tensor::i32_ty::gather_scatter::tests::should_scatter_2d_dim1 ... [32mok(B[m
test tests::jit::tensor::i32_ty::gather_scatter::tests::should_scatter_3d_dim1 ... [32mok(B[m
test tests::jit::tensor::i32_ty::mask::tests::should_support_mask_fill_ops ... [32mok(B[m
test tests::jit::tensor::i32_ty::gather_scatter::tests::should_scatter_1d_int ... [32mok(B[m
test tests::jit::tensor::i32_ty::mask::tests::should_support_int_mask_where_ops ... [32mok(B[m
test tests::jit::tensor::i32_ty::gather_scatter::tests::should_gather_1d_dim0 ... [32mok(B[m
test tests::jit::tensor::i32_ty::mask::tests::float_mask_fill_infinite ... [32mok(B[m
test tests::jit::tensor::i32_ty::movedim::tests::edge_vec_is_not_a_set - should panic ... [32mok(B[m
test tests::jit::tensor::i32_ty::movedim::tests::edge_out_of_bound_axis_vec - should panic ... [32mok(B[m
test tests::jit::tensor::i32_ty::movedim::tests::edge_out_of_bound_axis - should panic ... [32mok(B[m
test tests::jit::tensor::i32_ty::gather_scatter::tests::should_scatter_1d ... [32mok(B[m
test tests::jit::tensor::i32_ty::mask::tests::should_handle_mask_where_nans ... [32mok(B[m
test tests::jit::tensor::i32_ty::gather_scatter::tests::should_scatter_2d_dim1_diff_shape ... [32mok(B[m
test tests::jit::tensor::i32_ty::mask::tests::should_support_int_mask_fill_ops ... [32mok(B[m
test tests::jit::tensor::i32_ty::mul::tests::should_support_mul_ops ... [32mok(B[m
test tests::jit::tensor::i32_ty::movedim::tests::movedim_int ... [32mok(B[m
test tests::jit::tensor::i32_ty::movedim::tests::edge_different_sizes - should panic ... [32mok(B[m
test tests::jit::tensor::i32_ty::mask::tests::should_support_mask_where_ops ... [32mok(B[m
test tests::jit::tensor::i32_ty::mul::tests::should_support_mul_ops_int ... [32mok(B[m
test tests::jit::tensor::i32_ty::movedim::tests::movedim_bool ... [32mok(B[m
test tests::jit::tensor::i32_ty::mul::tests::should_support_mul_scalar_ops ... [32mok(B[m
test tests::jit::tensor::i32_ty::movedim::tests::vec_input_float ... [32mok(B[m
test tests::jit::tensor::i32_ty::mask::tests::should_support_mask_where_broadcast_int ... [32mok(B[m
test tests::jit::tensor::i32_ty::movedim::tests::vec_input_bool ... [32mok(B[m
test tests::jit::tensor::i32_ty::movedim::tests::movedim_float ... [32mok(B[m
test tests::jit::tensor::i32_ty::mul::tests::test_mul_broadcast_int ... [32mok(B[m
test tests::jit::tensor::i32_ty::mask::tests::should_support_mask_where_broadcast ... [32mok(B[m
test tests::jit::tensor::i32_ty::mul::tests::should_support_mul_scalar_ops_int ... [32mok(B[m
test tests::jit::tensor::i32_ty::padding::tests::padding_2d_test ... [32mok(B[m
test tests::jit::tensor::i32_ty::permute::tests::edge_repeated_axes - should panic ... [32mok(B[m
test tests::jit::tensor::i32_ty::permute::tests::edge_out_of_bound_axis - should panic ... [32mok(B[m
test tests::jit::tensor::i32_ty::reshape::tests::neg_value - should panic ... [32mok(B[m
test tests::jit::tensor::i32_ty::mul::tests::test_mul_broadcast_2_dims ... [32mok(B[m
test tests::jit::tensor::i32_ty::movedim::tests::different_input_types ... [32mok(B[m
test tests::jit::tensor::i32_ty::movedim::tests::vec_input_int ... [32mok(B[m
test tests::jit::tensor::i32_ty::mul::tests::test_mul_broadcast ... [32mok(B[m
test tests::jit::tensor::i32_ty::reshape::tests::should_support_dim_infererence ... [32mok(B[m
test tests::jit::tensor::i32_ty::reshape::tests::multiple_neg_ones - should panic ... [32mok(B[m
test tests::jit::tensor::i32_ty::reshape::tests::should_support_reshape_2d ... [32mok(B[m
test tests::jit::tensor::i32_ty::reshape::tests::should_support_reshape_int ... [32mok(B[m
test tests::jit::tensor::i32_ty::reshape::tests::should_support_reshape_1d ... [32mok(B[m
test tests::jit::tensor::i32_ty::reshape::tests::should_support_reshape_bool ... [32mok(B[m
test tests::jit::tensor::i32_ty::padding::tests::padding_4d_test ... [32mok(B[m
test tests::jit::tensor::i32_ty::permute::tests::permute_int ... [32mok(B[m
test tests::jit::tensor::i32_ty::permute::tests::permute_bool ... [32mok(B[m
test tests::jit::tensor::i32_ty::padding::tests::padding_asymmetric_integer_test ... [32mok(B[m
test tests::jit::tensor::i32_ty::reshape::tests::should_support_reshape_maybe_fused_3 ... [32mok(B[m
test tests::jit::tensor::i32_ty::reshape::tests::should_support_reshape_maybe_fused_2 ... [32mok(B[m
test tests::jit::tensor::i32_ty::reshape::tests::should_not_corrupt_after_slice ... [32mok(B[m
test tests::jit::tensor::i32_ty::padding::tests::padding_asymmetric_test ... [32mok(B[m
test tests::jit::tensor::i32_ty::reshape::tests::should_support_reshape_maybe_fused_1 ... [32mok(B[m
test tests::jit::tensor::i32_ty::select::tests::should_select_2d_dim0_same_num_dim ... [32mok(B[m
test tests::jit::tensor::i32_ty::select::tests::should_select_1d_int ... [32mok(B[m
test tests::jit::tensor::i32_ty::select::tests::should_select_1d ... [32mok(B[m
test tests::jit::tensor::i32_ty::select::tests::should_select_2d_dim0_more_num_dim ... [32mok(B[m
test tests::jit::tensor::i32_ty::select::tests::should_select_assign_1d ... [32mok(B[m
test tests::jit::tensor::i32_ty::select::tests::should_select_panic_invalid_dimension - should panic ... [32mok(B[m
test tests::jit::tensor::i32_ty::select::tests::should_select_assign_1d_int ... [32mok(B[m
test tests::jit::tensor::i32_ty::permute::tests::permute_float ... [32mok(B[m
test tests::jit::tensor::i32_ty::select::tests::should_select_assign_2d_dim0 ... [32mok(B[m
test tests::jit::tensor::i32_ty::sort_argsort::tests::test_argsort_1d_float ... [32mok(B[m
test tests::jit::tensor::i32_ty::sort_argsort::tests::test_sort_1d_int ... [32mok(B[m
test tests::jit::tensor::i32_ty::sort_argsort::tests::test_sort_1d_float ... [32mok(B[m
test tests::jit::tensor::i32_ty::reshape::tests::should_support_reshape_maybe_fused_4 ... [32mok(B[m
test tests::jit::tensor::i32_ty::sort_argsort::tests::test_sort_float_nan ... [32mok(B[m
test tests::jit::tensor::i32_ty::sort_argsort::tests::test_argsort_int ... [32mok(B[m
test tests::jit::tensor::i32_ty::sort_argsort::tests::test_argsort_1d_int ... [32mok(B[m
test tests::jit::tensor::i32_ty::select::tests::should_select_assign_2d_dim1 ... [32mok(B[m
test tests::jit::tensor::i32_ty::select::tests::should_select_2d_dim1 ... [32mok(B[m
test tests::jit::tensor::i32_ty::sort_argsort::tests::test_sort_descending_1d ... [32mok(B[m
test tests::jit::tensor::i32_ty::stack::tests::should_panic_when_list_of_vectors_is_empty - should panic ... [32mok(B[m
test tests::jit::tensor::i32_ty::stack::tests::should_panic_when_dimensions_are_not_the_same - should panic ... [32mok(B[m
test tests::jit::tensor::i32_ty::stack::tests::should_panic_when_stack_exceeds_dimension - should panic ... [32mok(B[m
test tests::jit::tensor::i32_ty::sort_argsort::tests::test_sort_int ... [32mok(B[m
test tests::jit::tensor::i32_ty::sort_argsort::tests::test_sort_with_indices_descending_float ... [32mok(B[m
test tests::jit::tensor::i32_ty::sort_argsort::tests::test_argsort_float ... [32mok(B[m
test tests::jit::tensor::i32_ty::sort_argsort::tests::test_sort_float ... [32mok(B[m
test tests::jit::tensor::i32_ty::sub::tests::should_support_sub_ops ... [32mok(B[m
test tests::jit::tensor::i32_ty::sign::tests::should_support_sign_ops_int ... [32mok(B[m
test tests::jit::tensor::i32_ty::stack::tests::should_support_stack_ops_2d_dim0 ... [32mok(B[m
test tests::jit::tensor::i32_ty::stack::tests::should_support_stack_ops_2d_dim1 ... [32mok(B[m
test tests::jit::tensor::i32_ty::sub::tests::should_support_sub_ops_int ... [32mok(B[m
test tests::jit::tensor::i32_ty::sign::tests::should_support_sign_ops_float ... [32mok(B[m
test tests::jit::tensor::i32_ty::sub::tests::should_support_sub_scalar_ops_int ... [32mok(B[m
test tests::jit::tensor::i32_ty::stack::tests::should_support_stack_ops_int ... [32mok(B[m
test tests::jit::tensor::i32_ty::stack::tests::should_support_stack_ops_bool ... [32mok(B[m
test tests::jit::tensor::i32_ty::stack::tests::should_support_stack_ops_3d ... [32mok(B[m
test tests::jit::tensor::i32_ty::transpose::tests::should_support_swap_dims_bool ... [32mok(B[m
test tests::jit::tensor::i32_ty::sub::tests::test_sub_broadcast_int ... [32mok(B[m
test tests::jit::tensor::primitive::tests::should_support_float_dtype ... [32mok(B[m
test tests::jit::tensor::i32_ty::transpose::tests::should_support_swap_dims ... [32mok(B[m
test tests::jit::tensor::i32_ty::transpose::tests::should_support_swap_dims_int ... [32mok(B[m
test tests::jit::tensor::i32_ty::transpose::tests::should_support_transpose_ops ... [32mok(B[m
test tests::jit::tensor::primitive::tests::should_support_int_dtype ... [32mok(B[m
test tests::jit::tensor::i32_ty::sort_argsort::tests::test_sort_with_indices_float ... [32mok(B[m
test tests::jit::tensor::i32_ty::sub::tests::test_sub_broadcast ... [32mok(B[m
test tests::jit::tensor::i32_ty::transpose::tests::should_support_transpose_ops_int ... [32mok(B[m
test tests::jit::tensor::i32_ty::sub::tests::should_support_sub_scalar_ops ... [32mok(B[m
test tests::jit::tensor::i32_ty::sort_argsort::tests::test_sort_with_indices_descending_int ... [32mok(B[m
test tests::jit::tensor::u32_bool_ty::add::tests::test_add_d2 ... [32mok(B[m
test tests::jit::tensor::u32_bool_ty::add::tests::should_support_add_scalar_ops ... [32mok(B[m
test tests::jit::tensor::u32_bool_ty::add::tests::should_support_add_scalar_ops_int ... [32mok(B[m
test tests::jit::tensor::u32_bool_ty::aggregation::tests::test_prod_dim_int ... [33mignored, Not implemented for all backends yet(B[m
test tests::jit::tensor::u32_bool_ty::aggregation::tests::test_prod_int ... [33mignored, Not implemented for all backends yet(B[m
test tests::jit::tensor::u32_bool_ty::add::tests::test_add_broadcast_int ... [32mok(B[m
test tests::jit::tensor::u32_bool_ty::add::tests::test_add_broadcast ... [32mok(B[m
test tests::jit::tensor::i32_ty::stack::tests::should_generate_row_major_layout ... [32mok(B[m
test tests::jit::tensor::u32_bool_ty::add::tests::test_add_d2_int ... [32mok(B[m
test tests::jit::tensor::i32_ty::transpose::tests::should_support_transpose_bool ... [32mok(B[m
test tests::jit::tensor::u32_bool_ty::aggregation::tests::test_should_mean ... [32mok(B[m
test tests::jit::tensor::u32_bool_ty::aggregation::tests::test_should_sum ... [32mok(B[m
test tests::jit::tensor::u32_bool_ty::add::tests::test_add_different_strides_rhs ... [32mok(B[m
test tests::jit::tensor::u32_bool_ty::aggregation::tests::test_should_mean_last_dim_int ... [32mok(B[m
test tests::jit::tensor::u32_bool_ty::add::tests::test_add_different_strides_lhs ... [32mok(B[m
test tests::jit::tensor::u32_bool_ty::aggregation::tests::test_should_sum_first_dim ... [32mok(B[m
test tests::jit::tensor::u32_bool_ty::aggregation::tests::test_should_mean_last_dim ... [32mok(B[m
test tests::jit::tensor::u32_bool_ty::aggregation::tests::test_prod_float ... [32mok(B[m
test tests::jit::tensor::u32_bool_ty::aggregation::tests::test_should_sum_int ... [32mok(B[m
test tests::jit::tensor::u32_bool_ty::arg::tests::test_argmax_2d_dim0 ... [32mok(B[m
test tests::jit::tensor::u32_bool_ty::aggregation::tests::test_should_sum_last_dim ... [32mok(B[m
test tests::jit::tensor::u32_bool_ty::aggregation::tests::test_should_sum_last_dim_int ... [32mok(B[m
test tests::jit::tensor::u32_bool_ty::arg::tests::test_argmax_2d_dim0_int ... [32mok(B[m
test tests::jit::tensor::u32_bool_ty::aggregation::tests::test_should_sum_mid_dim_3d_non_contiguous_1 ... [32mok(B[m
test tests::jit::tensor::u32_bool_ty::aggregation::tests::test_should_sum_mid_dim_3d_non_contiguous_2 ... [32mok(B[m
test tests::jit::tensor::u32_bool_ty::aggregation::tests::test_should_mean_first_dim ... [32mok(B[m
test tests::jit::tensor::u32_bool_ty::arg::tests::test_argmin_2d_dim0 ... [32mok(B[m
test tests::jit::tensor::i32_ty::sort_argsort::tests::test_sort_with_indices_int ... [32mok(B[m
test tests::jit::tensor::u32_bool_ty::arg::tests::test_argmax_2d_dim1 ... [32mok(B[m
test tests::jit::tensor::u32_bool_ty::aggregation::tests::test_prod_dim_float ... [32mok(B[m
test tests::jit::tensor::u32_bool_ty::bitwise::tests::should_apply_bitwise_and_2d ... [32mok(B[m
test tests::jit::tensor::u32_bool_ty::add::tests::test_add_different_strides_broadcast ... [32mok(B[m
test tests::jit::tensor::u32_bool_ty::bitwise::tests::should_apply_bitwise_and_1d ... [32mok(B[m
test tests::jit::tensor::u32_bool_ty::aggregation::tests::test_should_mean_int ... [32mok(B[m
test tests::jit::tensor::u32_bool_ty::arg::tests::test_argmin_2d_dim0_int ... [32mok(B[m
test tests::jit::tensor::u32_bool_ty::bitwise::tests::should_apply_bitwise_left_shift_scalar_2d ... [32mok(B[m
test tests::jit::tensor::u32_bool_ty::bitwise::tests::should_apply_bitwise_and_scalar_2d ... [32mok(B[m
test tests::jit::tensor::u32_bool_ty::bitwise::tests::should_apply_bitwise_or_2d ... [32mok(B[m
test tests::jit::tensor::u32_bool_ty::bitwise::tests::should_apply_bitwise_or_1d ... [32mok(B[m
test tests::jit::tensor::u32_bool_ty::arg::tests::test_argmin_2d_dim1 ... [32mok(B[m
test tests::jit::tensor::u32_bool_ty::bitwise::tests::should_apply_bitwise_or_scalar_2d ... [32mok(B[m
test tests::jit::tensor::u32_bool_ty::cast::tests::cast_float_precision ... [32mok(B[m
test tests::jit::tensor::u32_bool_ty::bitwise::tests::should_apply_bitwise_right_shift_2d ... [32mok(B[m
test tests::jit::tensor::u32_bool_ty::bitwise::tests::should_apply_bitwise_left_shift_2d ... [32mok(B[m
test tests::jit::tensor::u32_bool_ty::bitwise::tests::should_apply_bitwise_not_2d ... [32mok(B[m
test tests::jit::tensor::u32_bool_ty::bitwise::tests::should_apply_bitwise_xor_2d ... [32mok(B[m
test tests::jit::tensor::u32_bool_ty::cat::tests::should_panic_when_list_of_vectors_is_empty - should panic ... [32mok(B[m
test tests::jit::tensor::u32_bool_ty::bitwise::tests::should_apply_bitwise_xor_1d ... [32mok(B[m
test tests::jit::tensor::u32_bool_ty::cat::tests::should_panic_when_dimensions_are_not_the_same - should panic ... [32mok(B[m
test tests::jit::tensor::u32_bool_ty::cast::tests::cast_float_to_int ... [32mok(B[m
test tests::jit::tensor::u32_bool_ty::cast::tests::cast_bool_to_float_tensor ... [32mok(B[m
test tests::jit::tensor::u32_bool_ty::bitwise::tests::should_apply_bitwise_xor_scalar_2d ... [32mok(B[m
test tests::jit::tensor::u32_bool_ty::cast::tests::cast_int_to_float_tensor ... [32mok(B[m
test tests::jit::tensor::u32_bool_ty::cat::tests::should_panic_when_cat_exceeds_dimension - should panic ... [32mok(B[m
test tests::jit::tensor::u32_bool_ty::bitwise::tests::should_apply_bitwise_right_shift_scalar_2d ... [32mok(B[m
test tests::jit::tensor::u32_bool_ty::div::tests::should_support_div_ops ... [32mok(B[m
test tests::jit::tensor::u32_bool_ty::cast::tests::cast_bool_to_int_tensor ... [32mok(B[m
test tests::jit::tensor::u32_bool_ty::div::tests::should_support_div_scalar_ops_int ... [32mok(B[m
test tests::jit::tensor::u32_bool_ty::bool::tests::test_from_int ... [32mok(B[m
test tests::jit::tensor::u32_bool_ty::div::tests::test_div_broadcast ... [32mok(B[m
test tests::jit::tensor::u32_bool_ty::div::tests::should_support_div_ops_int ... [32mok(B[m
test tests::jit::tensor::u32_bool_ty::div::tests::test_div_broadcast_int ... [32mok(B[m
test tests::jit::tensor::u32_bool_ty::bool::tests::test_from_float ... [32mok(B[m
test tests::jit::tensor::u32_bool_ty::cat::tests::should_support_cat_ops_2d_dim0 ... [32mok(B[m
test tests::jit::tensor::u32_bool_ty::div::tests::should_support_div_scalar_ops ... [32mok(B[m
test tests::jit::tensor::u32_bool_ty::cat::tests::should_support_cat_ops_bool ... [32mok(B[m
test tests::jit::tensor::u32_bool_ty::expand::tests::broadcast_single ... [32mok(B[m
test tests::jit::tensor::u32_bool_ty::expand::tests::should_fail_expand_incompatible_shapes - should panic ... [32mok(B[m
test tests::jit::tensor::u32_bool_ty::expand::tests::expand_3d ... [32mok(B[m
test tests::jit::tensor::u32_bool_ty::expand::tests::expand_higher_dimensions ... [32mok(B[m
test tests::jit::tensor::u32_bool_ty::expand::tests::expand_2d_int ... [32mok(B[m
test tests::jit::tensor::u32_bool_ty::cat::tests::should_support_cat_ops_2d_dim1 ... [32mok(B[m
test tests::jit::tensor::u32_bool_ty::flip::tests::flip_duplicated_axes - should panic ... [32mok(B[m
test tests::jit::tensor::u32_bool_ty::expand::tests::expand_2d_bool ... [32mok(B[m
test tests::jit::tensor::u32_bool_ty::flip::tests::flip_out_of_bound_axis - should panic ... [32mok(B[m
test tests::jit::tensor::u32_bool_ty::cat::tests::should_support_cat_ops_int ... [32mok(B[m
test tests::jit::tensor::u32_bool_ty::expand::tests::inplace_op_after_expand ... [32mok(B[m
test tests::jit::tensor::u32_bool_ty::gather_scatter::tests::scatter_should_panic_on_mismatch_of_shapes - should panic ... [32mok(B[m
test tests::jit::tensor::u32_bool_ty::expand::tests::should_panic_negative_one_on_non_existing_dim - should panic ... [32mok(B[m
test tests::jit::tensor::u32_bool_ty::gather_scatter::tests::should_gather_1d_dim0 ... [32mok(B[m
test tests::jit::tensor::u32_bool_ty::expand::tests::should_all_negative_one ... [32mok(B[m
test tests::jit::tensor::u32_bool_ty::cat::tests::should_support_cat_ops_3d ... [32mok(B[m
test tests::jit::tensor::u32_bool_ty::gather_scatter::tests::should_scatter_1d ... [32mok(B[m
test tests::jit::tensor::u32_bool_ty::gather_scatter::tests::should_gather_2d_dim0 ... [32mok(B[m
test tests::jit::tensor::u32_bool_ty::gather_scatter::tests::should_scatter_1d_int ... [32mok(B[m
test tests::jit::tensor::u32_bool_ty::gather_scatter::tests::should_gather_2d_dim1 ... [32mok(B[m
test tests::jit::tensor::u32_bool_ty::gather_scatter::tests::should_gather_1d_dim0_int ... [32mok(B[m
test tests::jit::tensor::u32_bool_ty::flip::tests::flip_bool ... [32mok(B[m
test tests::jit::tensor::u32_bool_ty::flip::tests::flip_float ... [32mok(B[m
test tests::jit::tensor::u32_bool_ty::expand::tests::expand_2d ... [32mok(B[m
test tests::jit::tensor::u32_bool_ty::gather_scatter::tests::should_gather_2d_only_1dim ... [32mok(B[m
test tests::jit::tensor::u32_bool_ty::mask::tests::float_mask_fill_infinite ... [32mok(B[m
test tests::jit::tensor::u32_bool_ty::gather_scatter::tests::should_scatter_3d_dim1 ... [32mok(B[m
test tests::jit::tensor::u32_bool_ty::gather_scatter::tests::should_scatter_2d_dim1 ... [32mok(B[m
test tests::jit::tensor::u32_bool_ty::flip::tests::flip_int ... [32mok(B[m
test tests::jit::tensor::u32_bool_ty::mask::tests::should_support_int_mask_where_ops ... [32mok(B[m
test tests::jit::tensor::u32_bool_ty::gather_scatter::tests::should_scatter_2d_dim0 ... [32mok(B[m
test tests::jit::tensor::u32_bool_ty::movedim::tests::edge_out_of_bound_axis - should panic ... [32mok(B[m
test tests::jit::tensor::u32_bool_ty::movedim::tests::edge_out_of_bound_axis_vec - should panic ... [32mok(B[m
test tests::jit::tensor::u32_bool_ty::mask::tests::should_support_mask_fill_ops ... [32mok(B[m
test tests::jit::tensor::u32_bool_ty::mask::tests::should_handle_mask_where_nans ... [32mok(B[m
test tests::jit::tensor::u32_bool_ty::movedim::tests::edge_vec_is_not_a_set - should panic ... [32mok(B[m
test tests::jit::tensor::u32_bool_ty::movedim::tests::edge_different_sizes - should panic ... [32mok(B[m
test tests::jit::tensor::u32_bool_ty::gather_scatter::tests::should_gather_3d_dim1 ... [32mok(B[m
test tests::jit::tensor::u32_bool_ty::eye::tests::test_eye_float ... [32mok(B[m
test tests::jit::tensor::u32_bool_ty::mask::tests::should_support_int_mask_fill_ops ... [32mok(B[m
test tests::jit::tensor::u32_bool_ty::gather_scatter::tests::should_scatter_2d_dim1_diff_shape ... [32mok(B[m
test tests::jit::tensor::u32_bool_ty::mul::tests::should_support_mul_ops ... [32mok(B[m
test tests::jit::tensor::u32_bool_ty::mask::tests::should_support_mask_where_broadcast_int ... [32mok(B[m
test tests::jit::tensor::u32_bool_ty::mask::tests::should_support_mask_where_ops ... [32mok(B[m
test tests::jit::tensor::u32_bool_ty::mul::tests::should_support_mul_ops_int ... [32mok(B[m
test tests::jit::tensor::u32_bool_ty::mul::tests::test_mul_broadcast ... [32mok(B[m
test tests::jit::tensor::u32_bool_ty::mul::tests::should_support_mul_scalar_ops ... [32mok(B[m
test tests::jit::tensor::u32_bool_ty::mul::tests::should_support_mul_scalar_ops_int ... [32mok(B[m
test tests::jit::tensor::u32_bool_ty::movedim::tests::movedim_float ... [32mok(B[m
test tests::jit::tensor::u32_bool_ty::movedim::tests::vec_input_bool ... [32mok(B[m
test tests::jit::tensor::u32_bool_ty::mask::tests::should_support_mask_where_broadcast ... [32mok(B[m
test tests::jit::tensor::u32_bool_ty::permute::tests::edge_out_of_bound_axis - should panic ... [32mok(B[m
test tests::jit::tensor::u32_bool_ty::movedim::tests::vec_input_int ... [32mok(B[m
test tests::jit::tensor::u32_bool_ty::permute::tests::edge_repeated_axes - should panic ... [32mok(B[m
test tests::jit::tensor::u32_bool_ty::movedim::tests::different_input_types ... [32mok(B[m
test tests::jit::tensor::u32_bool_ty::movedim::tests::movedim_bool ... [32mok(B[m
test tests::jit::tensor::u32_bool_ty::reshape::tests::multiple_neg_ones - should panic ... [32mok(B[m
test tests::jit::tensor::u32_bool_ty::padding::tests::padding_2d_test ... [32mok(B[m
test tests::jit::tensor::u32_bool_ty::padding::tests::padding_asymmetric_test ... [32mok(B[m
test tests::jit::tensor::u32_bool_ty::movedim::tests::movedim_int ... [32mok(B[m
test tests::jit::tensor::u32_bool_ty::reshape::tests::neg_value - should panic ... [32mok(B[m
test tests::jit::tensor::u32_bool_ty::reshape::tests::should_support_reshape_1d ... [32mok(B[m
test tests::jit::tensor::u32_bool_ty::reshape::tests::should_support_reshape_2d ... [32mok(B[m
test tests::jit::tensor::u32_bool_ty::movedim::tests::vec_input_float ... [32mok(B[m
test tests::jit::tensor::u32_bool_ty::reshape::tests::should_support_reshape_bool ... [32mok(B[m
test tests::jit::tensor::u32_bool_ty::mul::tests::test_mul_broadcast_2_dims ... [32mok(B[m
test tests::jit::tensor::u32_bool_ty::mul::tests::test_mul_broadcast_int ... [32mok(B[m
test tests::jit::tensor::u32_bool_ty::reshape::tests::should_support_reshape_int ... [32mok(B[m
test tests::jit::tensor::u32_bool_ty::padding::tests::padding_4d_test ... [32mok(B[m
test tests::jit::tensor::u32_bool_ty::reshape::tests::should_support_reshape_maybe_fused_1 ... [32mok(B[m
test tests::jit::tensor::u32_bool_ty::padding::tests::padding_asymmetric_integer_test ... [32mok(B[m
test tests::jit::tensor::u32_bool_ty::select::tests::should_select_2d_dim0_more_num_dim ... [32mok(B[m
test tests::jit::tensor::u32_bool_ty::reshape::tests::should_support_dim_infererence ... [32mok(B[m
test tests::jit::tensor::u32_bool_ty::select::tests::should_select_1d ... [32mok(B[m
test tests::jit::tensor::u32_bool_ty::reshape::tests::should_not_corrupt_after_slice ... [32mok(B[m
test tests::jit::tensor::u32_bool_ty::reshape::tests::should_support_reshape_maybe_fused_3 ... [32mok(B[m
test tests::jit::tensor::u32_bool_ty::permute::tests::permute_bool ... [32mok(B[m
test tests::jit::tensor::u32_bool_ty::select::tests::should_select_1d_int ... [32mok(B[m
test tests::jit::tensor::u32_bool_ty::permute::tests::permute_float ... [32mok(B[m
test tests::jit::tensor::u32_bool_ty::select::tests::should_select_assign_1d ... [32mok(B[m
test tests::jit::tensor::u32_bool_ty::select::tests::should_select_assign_1d_int ... [32mok(B[m
test tests::jit::tensor::u32_bool_ty::select::tests::should_select_panic_invalid_dimension - should panic ... [32mok(B[m
test tests::jit::tensor::u32_bool_ty::reshape::tests::should_support_reshape_maybe_fused_2 ... [32mok(B[m
test tests::jit::tensor::u32_bool_ty::select::tests::should_select_2d_dim0_same_num_dim ... [32mok(B[m
test tests::jit::tensor::u32_bool_ty::select::tests::should_select_2d_dim1 ... [32mok(B[m
test tests::jit::tensor::u32_bool_ty::sort_argsort::tests::test_argsort_1d_float ... [32mok(B[m
test tests::jit::tensor::u32_bool_ty::sort_argsort::tests::test_argsort_1d_int ... [32mok(B[m
test tests::jit::tensor::u32_bool_ty::select::tests::should_select_assign_2d_dim1 ... [32mok(B[m
test tests::jit::tensor::u32_bool_ty::select::tests::should_select_assign_2d_dim0 ... [32mok(B[m
test tests::jit::tensor::u32_bool_ty::reshape::tests::should_support_reshape_maybe_fused_4 ... [32mok(B[m
test tests::jit::tensor::u32_bool_ty::sort_argsort::tests::test_sort_1d_int ... [32mok(B[m
test tests::jit::tensor::u32_bool_ty::sort_argsort::tests::test_sort_float_nan ... [32mok(B[m
test tests::jit::tensor::u32_bool_ty::permute::tests::permute_int ... [32mok(B[m
test tests::jit::tensor::u32_bool_ty::sort_argsort::tests::test_sort_1d_float ... [32mok(B[m
test tests::jit::tensor::u32_bool_ty::sort_argsort::tests::test_sort_descending_1d ... [32mok(B[m
test tests::jit::tensor::u32_bool_ty::sort_argsort::tests::test_argsort_float ... [32mok(B[m
test tests::jit::tensor::u32_bool_ty::stack::tests::should_panic_when_dimensions_are_not_the_same - should panic ... [32mok(B[m
test tests::jit::tensor::u32_bool_ty::stack::tests::should_panic_when_stack_exceeds_dimension - should panic ... [32mok(B[m
test tests::jit::tensor::u32_bool_ty::stack::tests::should_panic_when_list_of_vectors_is_empty - should panic ... [32mok(B[m
test tests::jit::tensor::u32_bool_ty::sort_argsort::tests::test_argsort_int ... [32mok(B[m
test tests::jit::tensor::u32_bool_ty::sort_argsort::tests::test_sort_float ... [32mok(B[m
test tests::jit::tensor::u32_bool_ty::sort_argsort::tests::test_sort_int ... [32mok(B[m
test tests::jit::tensor::u32_bool_ty::sort_argsort::tests::test_sort_with_indices_descending_int ... [32mok(B[m
test tests::jit::tensor::u32_bool_ty::stack::tests::should_support_stack_ops_2d_dim1 ... [32mok(B[m
test tests::jit::tensor::u32_bool_ty::stack::tests::should_generate_row_major_layout ... [32mok(B[m
test tests::jit::tensor::u32_bool_ty::sign::tests::should_support_sign_ops_int ... [32mok(B[m
test tests::jit::tensor::u32_bool_ty::sub::tests::should_support_sub_ops ... [32mok(B[m
test tests::jit::tensor::u32_bool_ty::sub::tests::should_support_sub_ops_int ... [32mok(B[m
test tests::jit::tensor::u32_bool_ty::stack::tests::should_support_stack_ops_int ... [32mok(B[m
test tests::jit::tensor::u32_bool_ty::sort_argsort::tests::test_sort_with_indices_descending_float ... [32mok(B[m
test tests::jit::tensor::u32_bool_ty::sub::tests::test_sub_broadcast ... [32mok(B[m
test tests::jit::tensor::u32_bool_ty::sort_argsort::tests::test_sort_with_indices_float ... [32mok(B[m
test tests::jit::tensor::u32_bool_ty::sub::tests::should_support_sub_scalar_ops_int ... [32mok(B[m
test tests::jit::tensor::u32_bool_ty::sub::tests::should_support_sub_scalar_ops ... [32mok(B[m
test tests::jit::tensor::u32_bool_ty::stack::tests::should_support_stack_ops_2d_dim0 ... [32mok(B[m
test tests::jit::tensor::u32_bool_ty::sign::tests::should_support_sign_ops_float ... [32mok(B[m
test tests::jit::tensor::u32_bool_ty::transpose::tests::should_support_swap_dims ... [32mok(B[m
test tests::jit::tensor::u32_bool_ty::transpose::tests::should_support_swap_dims_int ... [32mok(B[m
test tests::jit::tensor::u32_bool_ty::transpose::tests::should_support_transpose_ops ... [32mok(B[m
test tests::jit::tensor::u32_bool_ty::stack::tests::should_support_stack_ops_bool ... [32mok(B[m
test tests::jit::tensor::u32_bool_ty::transpose::tests::should_support_swap_dims_bool ... [32mok(B[m
test tests::jit::tensor::u32_bool_ty::sub::tests::test_sub_broadcast_int ... [32mok(B[m
test tests::jit::tensor::u32_bool_ty::stack::tests::should_support_stack_ops_3d ... [32mok(B[m
test tests::jit::tensor::u32_bool_ty::transpose::tests::should_support_transpose_ops_int ... [32mok(B[m
test tests::jit::tensor::u32_bool_ty::sort_argsort::tests::test_sort_with_indices_int ... [32mok(B[m
test tests::jit::tensor::u32_bool_ty::transpose::tests::should_support_transpose_bool ... [32mok(B[m
test tests::jit_fusion::autodiff::f32_ty::ad_adaptive_avg_pool2d::tests::test_avg_pool2d_simple ... [32mok(B[m
test tests::jit_fusion::autodiff::f32_ty::ad_add::tests::should_diff_add_scalar ... [32mok(B[m
test tests::jit_fusion::autodiff::f32_ty::ad_abs::tests::should_diff_abs ... [32mok(B[m
test tests::jit_fusion::autodiff::f32_ty::ad_add::tests::should_diff_add ... [32mok(B[m
test tests::jit_fusion::autodiff::f32_ty::ad_abs::tests::should_diff_abs_no_nans ... [32mok(B[m
test tests::jit_fusion::autodiff::f32_ty::ad_adaptive_avg_pool1d::tests::test_avg_pool1d_simple ... [32mok(B[m
test tests::jit_fusion::autodiff::f32_ty::ad_avg_pool1d::tests::test_avg_pool1d_complex_dont_count_pad ... [32mok(B[m
test tests::jit_fusion::autodiff::f32_ty::ad_aggregation::tests::should_diff_mean ... [32mok(B[m
test tests::jit_fusion::autodiff::f32_ty::ad_aggregation::tests::should_diff_sum_dim ... [32mok(B[m
test tests::jit_fusion::autodiff::f32_ty::ad_aggregation::tests::should_diff_sum_2 ... [32mok(B[m
test tests::jit_fusion::autodiff::f32_ty::ad_avg_pool1d::tests::test_avg_pool1d_complex ... [32mok(B[m
test tests::jit_fusion::autodiff::f32_ty::ad_aggregation::tests::should_diff_mean_dim ... [32mok(B[m
test tests::jit_fusion::autodiff::f32_ty::ad_avg_pool1d::tests::test_avg_pool1d_simple ... [32mok(B[m
test tests::jit_fusion::autodiff::f32_ty::ad_add::tests::test_add_complex_1 ... [32mok(B[m
test tests::jit_fusion::autodiff::f32_ty::ad_aggregation::tests::should_diff_sum_1 ... [32mok(B[m
test tests::jit_fusion::autodiff::f32_ty::ad_avg_pool2d::tests::test_avg_pool2d_complex_dont_include_pad ... [32mok(B[m
test tests::jit_fusion::autodiff::f32_ty::ad_avg_pool2d::tests::test_avg_pool2d_simple ... [32mok(B[m
test tests::jit_fusion::autodiff::f32_ty::ad_broadcast::tests::div_broadcast ... [32mok(B[m
test tests::jit_fusion::autodiff::f32_ty::ad_broadcast::tests::matmul_broadcast ... [32mok(B[m
test tests::jit_fusion::autodiff::f32_ty::ad_broadcast::tests::mul_broadcast ... [32mok(B[m
test tests::jit_fusion::autodiff::f32_ty::ad_broadcast::tests::add_broadcast ... [32mok(B[m
test tests::jit_fusion::autodiff::f32_ty::ad_cat::tests::should_diff_cat_more_than_1_dim ... [32mok(B[m
test tests::jit_fusion::autodiff::f32_ty::ad_ceil::tests::should_diff_ceil ... [32mok(B[m
test tests::jit_fusion::autodiff::f32_ty::ad_avg_pool2d::tests::test_avg_pool2d_complex ... [32mok(B[m
test tests::jit_fusion::autodiff::f32_ty::ad_broadcast::tests::mask_where_broadcast ... [32mok(B[m
test tests::jit_fusion::autodiff::f32_ty::ad_broadcast::tests::sub_broadcast ... [32mok(B[m
test tests::jit_fusion::autodiff::f32_ty::ad_complex::tests::should_diff_full_complex_2 ... [32mok(B[m
test tests::jit_fusion::autodiff::f32_ty::ad_conv1d::tests::test_conv1d_different_channels ... [32mok(B[m
test tests::jit_fusion::autodiff::f32_ty::ad_conv1d::tests::test_conv1d_basic ... [32mok(B[m
test tests::jit_fusion::autodiff::f32_ty::ad_complex::tests::should_diff_full_complex_1 ... [32mok(B[m
test tests::jit_fusion::autodiff::f32_ty::ad_complex::tests::should_diff_full_complex_3 ... [32mok(B[m
test tests::jit_fusion::autodiff::f32_ty::ad_conv1d::tests::test_conv1d_dilation ... [32mok(B[m
test tests::jit_fusion::autodiff::f32_ty::ad_conv1d::tests::test_conv1d_groups ... [32mok(B[m
test tests::jit_fusion::autodiff::f32_ty::ad_conv1d::tests::test_conv1d_with_padding ... [32mok(B[m
test tests::jit_fusion::autodiff::f32_ty::ad_conv1d::tests::test_conv1d_with_stride ... [32mok(B[m
test tests::jit_fusion::autodiff::f32_ty::ad_conv2d::tests::test_conv2d_different_padding ... [32mok(B[m
test tests::jit_fusion::autodiff::f32_ty::ad_conv2d::tests::test_conv2d_complex ... [32mok(B[m
test tests::jit_fusion::autodiff::f32_ty::ad_conv2d::tests::test_conv2d_different_kernel_size ... [32mok(B[m
test tests::jit_fusion::autodiff::f32_ty::ad_conv2d::tests::test_conv2d_different_stride ... [32mok(B[m
test tests::jit_fusion::autodiff::f32_ty::ad_cat::tests::should_diff_cat ... [32mok(B[m
test tests::jit_fusion::autodiff::f32_ty::ad_conv2d::tests::test_conv2d_different_width ... [32mok(B[m
test tests::jit_fusion::autodiff::f32_ty::ad_conv2d::tests::test_conv2d_different_dilation ... [32mok(B[m
test tests::jit_fusion::autodiff::f32_ty::ad_conv2d::tests::test_conv2d_basic ... [32mok(B[m
test tests::jit_fusion::autodiff::f32_ty::ad_conv2d::tests::test_conv2d_different_channels ... [32mok(B[m
test tests::jit_fusion::autodiff::f32_ty::ad_conv2d::tests::test_conv2d_groups_different_channels ... [32mok(B[m
test tests::jit_fusion::autodiff::f32_ty::ad_conv2d::tests::test_conv2d_groups_stride_2 ... [32mok(B[m
test tests::jit_fusion::autodiff::f32_ty::ad_conv2d::tests::test_conv2d_groups ... [32mok(B[m
test tests::jit_fusion::autodiff::f32_ty::ad_conv3d::tests::test_conv3d_complex ... [32mok(B[m
test tests::jit_fusion::autodiff::f32_ty::ad_conv_transpose1d::tests::test_conv_transpose1d_basic ... [32mok(B[m
test tests::jit_fusion::autodiff::f32_ty::ad_conv_transpose1d::tests::test_conv_transpose1d_padding ... [32mok(B[m
test tests::jit_fusion::autodiff::f32_ty::ad_conv3d::tests::test_conv3d_basic ... [32mok(B[m
test tests::jit_fusion::autodiff::f32_ty::ad_conv2d::tests::test_conv2d_stride_2 ... [32mok(B[m
test tests::jit_fusion::autodiff::f32_ty::ad_conv_transpose1d::tests::test_conv_transpose1d_dilation ... [32mok(B[m
test tests::jit_fusion::autodiff::f32_ty::ad_conv2d::tests::test_conv2d_dilation_2 ... [32mok(B[m
test tests::jit_fusion::autodiff::f32_ty::ad_conv_transpose1d::tests::test_conv_transpose1d_complex ... [32mok(B[m
test tests::jit_fusion::autodiff::f32_ty::ad_conv_transpose1d::tests::test_conv_transpose1d_stride ... [32mok(B[m
test tests::jit_fusion::autodiff::f32_ty::ad_conv_transpose2d::tests::test_conv_transpose2d_channels ... [32mok(B[m
test tests::jit_fusion::autodiff::f32_ty::ad_conv_transpose1d::tests::test_conv_transpose1d_stride_padding_out ... [32mok(B[m
test tests::jit_fusion::autodiff::f32_ty::ad_conv_transpose2d::tests::test_conv_transpose2d_basic ... [32mok(B[m
test tests::jit_fusion::autodiff::f32_ty::ad_conv_transpose2d::tests::test_conv_transpose2d_dilation ... [32mok(B[m
test tests::jit_fusion::autodiff::f32_ty::ad_conv_transpose2d::tests::test_conv_transpose2d_complex_groups ... [32mok(B[m
test tests::jit_fusion::autodiff::f32_ty::ad_conv_transpose2d::tests::test_conv_transpose2d_complex_no_groups ... [32mok(B[m
test tests::jit_fusion::autodiff::f32_ty::ad_conv_transpose2d::tests::test_conv_transpose2d_kernel_size ... [32mok(B[m
test tests::jit_fusion::autodiff::f32_ty::ad_conv_transpose2d::tests::test_conv_transpose2d_groups ... [32mok(B[m
test tests::jit_fusion::autodiff::f32_ty::ad_conv_transpose2d::tests::test_conv_transpose2d_complex_no_groups_2 ... [32mok(B[m
test tests::jit_fusion::autodiff::f32_ty::ad_conv_transpose2d::tests::test_conv_transpose2d_stride ... [32mok(B[m
test tests::jit_fusion::autodiff::f32_ty::ad_conv_transpose2d::tests::test_conv_transpose2d_stride_padding_out ... [32mok(B[m
test tests::jit_fusion::autodiff::f32_ty::ad_cos::tests::should_diff_cos ... [32mok(B[m
test tests::jit_fusion::autodiff::f32_ty::ad_conv_transpose3d::tests::test_conv_transpose3d_basic ... [32mok(B[m
test tests::jit_fusion::autodiff::f32_ty::ad_div::tests::should_diff_div ... [32mok(B[m
test tests::jit_fusion::autodiff::f32_ty::ad_div::tests::should_diff_div_scalar ... [32mok(B[m
test tests::jit_fusion::autodiff::f32_ty::ad_conv_transpose2d::tests::test_conv_transpose2d_padding ... [32mok(B[m
test tests::jit_fusion::autodiff::f32_ty::ad_conv_transpose3d::tests::test_conv_transpose3d_complex_groups ... [32mok(B[m
test tests::jit_fusion::autodiff::f32_ty::ad_deform_conv2d::tests::test_deform_conv2d_different_kernel_size ... [32mok(B[m
test tests::jit_fusion::autodiff::f32_ty::ad_cross_entropy_loss::tests::test_cross_entropy_loss_grad ... [32mok(B[m
test tests::jit_fusion::autodiff::f32_ty::ad_flip::tests::should_diff_flip ... [32mok(B[m
test tests::jit_fusion::autodiff::f32_ty::ad_floor::tests::should_diff_floor ... [32mok(B[m
test tests::jit_fusion::autodiff::f32_ty::ad_erf::tests::should_diff_erf ... [32mok(B[m
test tests::jit_fusion::autodiff::f32_ty::ad_div::tests::test_div_complex_1 ... [32mok(B[m
test tests::jit_fusion::autodiff::f32_ty::ad_div::tests::test_div_complex_2 ... [32mok(B[m
test tests::jit_fusion::autodiff::f32_ty::ad_deform_conv2d::tests::test_deform_conv2d_basic ... [32mok(B[m
test tests::jit_fusion::autodiff::f32_ty::ad_deform_conv2d::tests::test_deform_conv2d_different_padding ... [32mok(B[m
test tests::jit_fusion::autodiff::f32_ty::ad_exp::tests::should_diff_exp ... [32mok(B[m
test tests::jit_fusion::autodiff::f32_ty::ad_gather_scatter::tests::test_gather_grad ... [32mok(B[m
test tests::jit_fusion::autodiff::f32_ty::ad_gather_scatter::tests::test_scatter_grad ... [32mok(B[m
test tests::jit_fusion::autodiff::f32_ty::ad_log_sigmoid::tests::should_diff_log_sigmoid ... [32mok(B[m
test tests::jit_fusion::autodiff::f32_ty::ad_expand::tests::should_diff_expand ... [32mok(B[m
test tests::jit_fusion::autodiff::f32_ty::ad_matmul::tests::should_diff_matmul ... [32mok(B[m
test tests::jit_fusion::autodiff::f32_ty::ad_gelu::tests::should_diff_gelu ... [32mok(B[m
test tests::jit_fusion::autodiff::f32_ty::ad_deform_conv2d::tests::test_deform_conv2d_batched ... [32mok(B[m
test tests::jit_fusion::autodiff::f32_ty::ad_log1p::tests::should_diff_log1p ... [32mok(B[m
test tests::jit_fusion::autodiff::f32_ty::ad_max_pool1d::tests::test_max_pool1d_complex_with_padding ... [32mok(B[m
test tests::jit_fusion::autodiff::f32_ty::ad_max_pool1d::tests::test_max_pool1d_complex ... [32mok(B[m
test tests::jit_fusion::autodiff::f32_ty::ad_max_pool1d::tests::test_max_pool1d_simple ... [32mok(B[m
test tests::jit_fusion::autodiff::f32_ty::ad_mask::tests::should_diff_mask_fill ... [32mok(B[m
test tests::jit_fusion::autodiff::f32_ty::ad_matmul::tests::test_matmul_complex_1 ... [32mok(B[m
test tests::jit_fusion::autodiff::f32_ty::ad_max_pool2d::tests::test_max_pool2d_complex ... [32mok(B[m
test tests::jit_fusion::autodiff::f32_ty::ad_max_pool2d::tests::test_max_pool2d_simple_2 ... [32mok(B[m
test tests::jit_fusion::autodiff::f32_ty::ad_max_pool2d::tests::test_max_pool2d_simple_1 ... [32mok(B[m
test tests::jit_fusion::autodiff::f32_ty::ad_max_pool2d::tests::test_max_pool2d_with_dilation ... [32mok(B[m
test tests::jit_fusion::autodiff::f32_ty::ad_log::tests::should_diff_log ... [32mok(B[m
test tests::jit_fusion::autodiff::f32_ty::ad_mul::tests::should_diff_mul_scalar ... [32mok(B[m
test tests::jit_fusion::autodiff::f32_ty::ad_matmul::tests::test_matmul_complex_2 ... [32mok(B[m
test tests::jit_fusion::autodiff::f32_ty::ad_nearest_interpolate::tests::test_upsample_interpolation ... [32mok(B[m
test tests::jit_fusion::autodiff::f32_ty::ad_max_pool1d::tests::test_max_pool1d_with_dilation ... [32mok(B[m
test tests::jit_fusion::autodiff::f32_ty::ad_mask::tests::should_diff_mask_where ... [32mok(B[m
test tests::jit_fusion::autodiff::f32_ty::ad_mul::tests::should_diff_mul ... [32mok(B[m
test tests::jit_fusion::autodiff::f32_ty::ad_nearest_interpolate::tests::test_downsample_interpolation ... [32mok(B[m
test tests::jit_fusion::autodiff::f32_ty::ad_mul::tests::test_mul_complex_1 ... [32mok(B[m
test tests::jit_fusion::autodiff::f32_ty::ad_permute::tests::should_diff_permute ... [32mok(B[m
test tests::jit_fusion::autodiff::f32_ty::ad_maxmin::tests::should_diff_max_dim ... [32mok(B[m
test tests::jit_fusion::autodiff::f32_ty::ad_maxmin::tests::should_diff_min_dim ... [32mok(B[m
test tests::jit_fusion::autodiff::f32_ty::ad_neg::tests::should_diff_neg ... [32mok(B[m
test tests::jit_fusion::autodiff::f32_ty::ad_powf::tests::should_diff_powf_with_untracked_rhs ... [32mok(B[m
test tests::jit_fusion::autodiff::f32_ty::ad_recip::tests::should_diff_recip ... [32mok(B[m
test tests::jit_fusion::autodiff::f32_ty::ad_powf::tests::should_diff_powf_with_untracked_lhs ... [32mok(B[m
test tests::jit_fusion::autodiff::f32_ty::ad_round::tests::should_diff_round ... [32mok(B[m
test tests::jit_fusion::autodiff::f32_ty::ad_powf::tests::should_diff_powf_scalar ... [32mok(B[m
test tests::jit_fusion::autodiff::f32_ty::ad_powf::tests::should_diff_powf ... [32mok(B[m
test tests::jit_fusion::autodiff::f32_ty::ad_relu::tests::should_diff_relu ... [32mok(B[m
test tests::jit_fusion::autodiff::f32_ty::ad_repeat_dim::tests::should_diff_repeat ... [32mok(B[m
test tests::jit_fusion::autodiff::f32_ty::ad_repeat_dim::tests::should_diff_repeat_multi_dim ... [32mok(B[m
test tests::jit_fusion::autodiff::f32_ty::ad_sigmoid::tests::small_neg_val_should_not_cause_grad_overflow ... [32mok(B[m
test tests::jit_fusion::autodiff::f32_ty::ad_sigmoid::tests::should_diff_sigmoid ... [32mok(B[m
test tests::jit_fusion::autodiff::f32_ty::ad_nonzero::tests::should_diff_nonzero ... [32mok(B[m
test tests::jit_fusion::autodiff::f32_ty::ad_reshape::tests::should_diff_reshape ... [32mok(B[m
test tests::jit_fusion::autodiff::f32_ty::ad_sign::tests::should_diff_sign ... [32mok(B[m
test tests::jit_fusion::autodiff::f32_ty::ad_select::tests::test_select_grad ... [32mok(B[m
test tests::jit_fusion::autodiff::f32_ty::ad_remainder::tests::should_diff_remainder ... [32mok(B[m
test tests::jit_fusion::autodiff::f32_ty::ad_sin::tests::should_diff_sin ... [32mok(B[m
test tests::jit_fusion::autodiff::f32_ty::ad_slice::tests::should_diff_matmul_with_slice ... [32mok(B[m
test tests::jit_fusion::autodiff::f32_ty::ad_select::tests::test_select_assign_grad ... [32mok(B[m
test tests::jit_fusion::autodiff::f32_ty::ad_slice::tests::should_diff_matmul_with_slice_assign ... [32mok(B[m
test tests::jit_fusion::autodiff::f32_ty::ad_multithread::tests::should_behave_the_same_with_multithread ... [32mok(B[m
test tests::jit_fusion::autodiff::f32_ty::ad_select::tests::test_select_assign_grad_different_shapes ... [32mok(B[m
test tests::jit_fusion::autodiff::f32_ty::ad_sub::tests::should_diff_sub_scalar ... [32mok(B[m
test tests::jit_fusion::autodiff::f32_ty::ad_sort::tests::should_diff_sort ... [32mok(B[m
test tests::jit_fusion::autodiff::f32_ty::ad_slice::tests::slice_assign_diff_should_give_same_results_as_cat ... [32mok(B[m
test tests::jit_fusion::autodiff::f32_ty::ad_sqrt::tests::should_diff_sqrt ... [32mok(B[m
test tests::jit_fusion::autodiff::f32_ty::ad_slice::tests::should_diff_matmul_with_slice_assign_complex ... [32mok(B[m
test tests::jit_fusion::autodiff::f32_ty::ad_sort::tests::should_diff_sort_with_indices ... [32mok(B[m
test tests::jit_fusion::autodiff::f32_ty::ad_tanh::tests::should_diff_tanh ... [32mok(B[m
test tests::jit_fusion::autodiff::f32_ty::ad_softmax::tests::test_log_softmax_grad ... [32mok(B[m
test tests::jit_fusion::autodiff::f32_ty::ad_transpose::tests::should_diff_transpose ... [32mok(B[m
test tests::jit_fusion::autodiff::f32_ty::bridge::tests::test_full_precision ... [32mok(B[m
test tests::jit_fusion::autodiff::f32_ty::ad_sub::tests::should_diff_sub ... [32mok(B[m
test tests::jit_fusion::autodiff::f32_ty::ad_sub::tests::test_sub_complex_1 ... [32mok(B[m
test tests::jit_fusion::autodiff::f32_ty::checkpoint::tests::test_autodiff_checkpoint_half_sub_graph_not_tracked ... [32mok(B[m
test tests::jit_fusion::autodiff::f32_ty::ad_softmax::tests::test_quiet_softmax_grad ... [32mok(B[m
test tests::jit_fusion::autodiff::f32_ty::ad_softmax::tests::test_softmax_grad ... [32mok(B[m
test tests::jit_fusion::autodiff::f32_ty::checkpoint::tests::test_autodiff_checkpoint_with_long_chain_of_eager_memory_bound ... [32mok(B[m
test tests::jit_fusion::autodiff::f32_ty::ad_transpose::tests::should_diff_swap_dims ... [32mok(B[m
test tests::jit_fusion::autodiff::f32_ty::checkpoint::tests::test_autodiff_checkpoint_complicated_computation ... [32mok(B[m
test tests::jit_fusion::autodiff::f32_ty::gradients::tests::should_update_tensor_when_grad_replace ... [32mok(B[m
test tests::jit_fusion::autodiff::f32_ty::memory_management::tests::test_mm_deletables_propagate_well - should panic ... [32mok(B[m
test tests::jit_fusion::autodiff::f32_ty::memory_management::tests::test_mm_crossover_trees_root_unavailable - should panic ... [32mok(B[m
test tests::jit_fusion::autodiff::f32_ty::checkpoint::tests::test_autodiff_checkpoint_with_missing_requirement ... [32mok(B[m
test tests::jit_fusion::autodiff::f32_ty::memory_management::tests::test_mm_crossover_trees_with_referred_subtree ... [32mok(B[m
test tests::jit_fusion::autodiff::f32_ty::memory_management::tests::test_mm_with_missing_require_grad_after_cleanup ... [32mok(B[m
test tests::jit_fusion::autodiff::f32_ty::memory_management::tests::test_mm_self_referencing_tree ... [32mok(B[m
test tests::jit_fusion::quantize::tests::should_support_dequantize ... [32mok(B[m
test tests::jit_fusion::calibration::tests::min_max_calibration_range ... [32mok(B[m
test tests::jit_fusion::quantize::tests::should_support_quantize_affine_int8 ... [32mok(B[m
test tests::jit_fusion::quantize::tests::should_support_quantize_symmetric_int8 ... [32mok(B[m
test tests::jit_fusion::scheme::tests::per_tensor_symmetric_int8 ... [32mok(B[m
test tests::jit_fusion::quantize::tests::should_support_quantize_dynamic_int8 ... [32mok(B[m
test tests::jit_fusion::autodiff::f32_ty::checkpoint::tests::test_autodiff_checkpoint_with_many_duplicates ... [32mok(B[m
test tests::jit_fusion::scheme::tests::per_tensor_affine_int8 ... [32mok(B[m
test tests::jit_fusion::tensor::clone_invariance::tests::float::Abs ... [32mok(B[m
test tests::jit_fusion::tensor::clone_invariance::tests::float::Argmax ... [32mok(B[m
test tests::jit_fusion::tensor::clone_invariance::tests::float::AddScalar ... [32mok(B[m
test tests::jit_fusion::tensor::clone_invariance::tests::float::Argmin ... [32mok(B[m
test tests::jit_fusion::tensor::clone_invariance::tests::float::Add ... [32mok(B[m
test tests::jit_fusion::tensor::clone_invariance::tests::float::Clamp ... [32mok(B[m
test tests::jit_fusion::autodiff::f32_ty::checkpoint::tests::test_autodiff_checkpoint_very_complex ... [32mok(B[m
test tests::jit_fusion::tensor::clone_invariance::tests::float::ClampMax ... [32mok(B[m
test tests::jit_fusion::autodiff::f32_ty::memory_management::tests::test_mm_with_detach_after_cleanup ... [32mok(B[m
test tests::jit_fusion::tensor::clone_invariance::tests::float::ClampMin ... [32mok(B[m
test tests::jit_fusion::tensor::clone_invariance::tests::float::Cos ... [32mok(B[m
test tests::jit_fusion::tensor::clone_invariance::tests::float::Cat ... [32mok(B[m
test tests::jit_fusion::tensor::clone_invariance::tests::float::DivScalar ... [32mok(B[m
test tests::jit_fusion::tensor::clone_invariance::tests::float::Div ... [32mok(B[m
test tests::jit_fusion::tensor::clone_invariance::tests::float::Erf ... [32mok(B[m
test tests::jit_fusion::tensor::clone_invariance::tests::float::Equal ... [32mok(B[m
test tests::jit_fusion::autodiff::f32_ty::memory_management::tests::test_mm_independent_trees ... [32mok(B[m
test tests::jit_fusion::tensor::clone_invariance::tests::float::EqualElem ... [32mok(B[m
test tests::jit_fusion::tensor::clone_invariance::tests::float::Exp ... [32mok(B[m
test tests::jit_fusion::tensor::clone_invariance::tests::float::Gatter ... [32mok(B[m
test tests::jit_fusion::autodiff::f32_ty::module_backward::tests::test_embedding_backward ... [32mok(B[m
test tests::jit_fusion::autodiff::f32_ty::memory_management::tests::test_mm_with_non_impacting_detach ... [32mok(B[m
test tests::jit_fusion::tensor::clone_invariance::tests::float::GreaterElem ... [32mok(B[m
test tests::jit_fusion::tensor::clone_invariance::tests::float::GreaterEqualElem ... [32mok(B[m
test tests::jit_fusion::tensor::clone_invariance::tests::float::Gelu ... [32mok(B[m
test tests::jit_fusion::tensor::clone_invariance::tests::float::Log ... [32mok(B[m
test tests::jit_fusion::tensor::clone_invariance::tests::float::Log1P ... [32mok(B[m
test tests::jit_fusion::tensor::clone_invariance::tests::float::LowerElem ... [32mok(B[m
test tests::jit_fusion::tensor::clone_invariance::tests::float::Greater ... [32mok(B[m
test tests::jit_fusion::tensor::clone_invariance::tests::float::LogSoftmax ... [32mok(B[m
test tests::jit_fusion::tensor::clone_invariance::tests::float::GreaterEqual ... [32mok(B[m
test tests::jit_fusion::tensor::clone_invariance::tests::float::Max ... [32mok(B[m
test tests::jit_fusion::tensor::clone_invariance::tests::float::LowerEqualElem ... [32mok(B[m
test tests::jit_fusion::tensor::clone_invariance::tests::float::Lower ... [32mok(B[m
test tests::jit_fusion::autodiff::f32_ty::memory_management::tests::test_mm_three_crossover_trees_middle_one_unavailable - should panic ... [32mok(B[m
test tests::jit_fusion::tensor::clone_invariance::tests::float::MaxDim ... [32mok(B[m
test tests::jit_fusion::tensor::clone_invariance::tests::float::Matmul ... [32mok(B[m
test tests::jit_fusion::tensor::clone_invariance::tests::float::MaskFill ... [32mok(B[m
test tests::jit_fusion::tensor::clone_invariance::tests::float::LowerEqual ... [32mok(B[m
test tests::jit_fusion::tensor::clone_invariance::tests::float::MeanDim ... [32mok(B[m
test tests::jit_fusion::tensor::clone_invariance::tests::float::Mean ... [32mok(B[m
test tests::jit_fusion::tensor::clone_invariance::tests::float::LogSigmoid ... [32mok(B[m
test tests::jit_fusion::tensor::clone_invariance::tests::float::MinDim ... [32mok(B[m
test tests::jit_fusion::tensor::clone_invariance::tests::float::MaxDimWithIndices ... [32mok(B[m
test tests::jit_fusion::tensor::clone_invariance::tests::float::Min ... [32mok(B[m
test tests::jit_fusion::tensor::clone_invariance::tests::float::MaskWhere ... [32mok(B[m
test tests::jit_fusion::tensor::clone_invariance::tests::float::MulScalar ... [32mok(B[m
test tests::jit_fusion::tensor::clone_invariance::tests::float::Neg ... [32mok(B[m
test tests::jit_fusion::tensor::clone_invariance::tests::float::MinDimWithIndices ... [32mok(B[m
test tests::jit_fusion::tensor::clone_invariance::tests::float::Mish ... [32mok(B[m
test tests::jit_fusion::tensor::clone_invariance::tests::float::PowScalar ... [32mok(B[m
test tests::jit_fusion::tensor::clone_invariance::tests::float::Reshape ... [32mok(B[m
test tests::jit_fusion::tensor::clone_invariance::tests::float::NotEqualElem ... [32mok(B[m
test tests::jit_fusion::tensor::clone_invariance::tests::float::Mul ... [32mok(B[m
test tests::jit_fusion::tensor::clone_invariance::tests::float::Relu ... [32mok(B[m
test tests::jit_fusion::tensor::clone_invariance::tests::float::Repeat ... [32mok(B[m
test tests::jit_fusion::autodiff::f32_ty::memory_management::tests::test_mm_three_crossover_trees_last_still_usable ... [32mok(B[m
test tests::jit_fusion::tensor::clone_invariance::tests::float::Scatter ... [32mok(B[m
test tests::jit_fusion::tensor::clone_invariance::tests::float::Slice ... [32mok(B[m
test tests::jit_fusion::tensor::clone_invariance::tests::float::Sin ... [32mok(B[m
test tests::jit_fusion::tensor::clone_invariance::tests::float::Select ... [32mok(B[m
test tests::jit_fusion::tensor::clone_invariance::tests::float::SliceAssign ... [32mok(B[m
test tests::jit_fusion::tensor::clone_invariance::tests::float::SelectAssign ... [32mok(B[m
test tests::jit_fusion::tensor::clone_invariance::tests::float::Sqrt ... [32mok(B[m
test tests::jit_fusion::tensor::clone_invariance::tests::float::Softplus ... [32mok(B[m
test tests::jit_fusion::tensor::clone_invariance::tests::float::Sum ... [32mok(B[m
test tests::jit_fusion::tensor::clone_invariance::tests::float::Softmax ... [32mok(B[m
test tests::jit_fusion::tensor::clone_invariance::tests::float::SwapDims ... [32mok(B[m
test tests::jit_fusion::tensor::clone_invariance::tests::float::Silu ... [32mok(B[m
test tests::jit_fusion::tensor::clone_invariance::tests::int::Abs ... [32mok(B[m
test tests::jit_fusion::tensor::clone_invariance::tests::float::Tanh ... [32mok(B[m
test tests::jit_fusion::tensor::clone_invariance::tests::float::SumDim ... [32mok(B[m
test tests::jit_fusion::tensor::clone_invariance::tests::float::SubScalar ... [32mok(B[m
test tests::jit_fusion::tensor::clone_invariance::tests::float::Sigmoid ... [32mok(B[m
test tests::jit_fusion::tensor::clone_invariance::tests::float::Transpose ... [32mok(B[m
test tests::jit_fusion::tensor::clone_invariance::tests::int::Argmax ... [32mok(B[m
test tests::jit_fusion::tensor::clone_invariance::tests::float::Sub ... [32mok(B[m
test tests::jit_fusion::tensor::clone_invariance::tests::int::AddScalar ... [32mok(B[m
test tests::jit_fusion::tensor::clone_invariance::tests::int::Argmin ... [32mok(B[m
test tests::jit_fusion::tensor::clone_invariance::tests::int::Clamp ... [32mok(B[m
test tests::jit_fusion::tensor::clone_invariance::tests::int::ClampMax ... [32mok(B[m
test tests::jit_fusion::tensor::clone_invariance::tests::int::Add ... [32mok(B[m
test tests::jit_fusion::tensor::clone_invariance::tests::int::ClampMin ... [32mok(B[m
test tests::jit_fusion::tensor::clone_invariance::tests::int::Div ... [32mok(B[m
test tests::jit_fusion::tensor::clone_invariance::tests::int::DivScalar ... [32mok(B[m
test tests::jit_fusion::tensor::clone_invariance::tests::int::Gatter ... [32mok(B[m
test tests::jit_fusion::tensor::clone_invariance::tests::int::Equal ... [32mok(B[m
test tests::jit_fusion::tensor::clone_invariance::tests::int::Cat ... [32mok(B[m
test tests::jit_fusion::tensor::clone_invariance::tests::int::Greater ... [32mok(B[m
test tests::jit_fusion::tensor::clone_invariance::tests::int::GreaterElem ... [32mok(B[m
test tests::jit_fusion::tensor::clone_invariance::tests::int::EqualElem ... [32mok(B[m
test tests::jit_fusion::tensor::clone_invariance::tests::int::GreaterEqualElem ... [32mok(B[m
test tests::jit_fusion::tensor::clone_invariance::tests::int::MaskFill ... [32mok(B[m
test tests::jit_fusion::tensor::clone_invariance::tests::int::LowerElem ... [32mok(B[m
test tests::jit_fusion::tensor::clone_invariance::tests::int::Max ... [32mok(B[m
test tests::jit_fusion::tensor::clone_invariance::tests::int::Lower ... [32mok(B[m
test tests::jit_fusion::tensor::clone_invariance::tests::int::LowerEqualElem ... [32mok(B[m
test tests::jit_fusion::tensor::clone_invariance::tests::int::LowerEqual ... [32mok(B[m
test tests::jit_fusion::tensor::clone_invariance::tests::int::MaxDim ... [32mok(B[m
test tests::jit_fusion::tensor::clone_invariance::tests::int::GreaterEqual ... [32mok(B[m
test tests::jit_fusion::tensor::clone_invariance::tests::int::MeanDim ... [32mok(B[m
test tests::jit_fusion::tensor::clone_invariance::tests::int::Mean ... [32mok(B[m
test tests::jit_fusion::tensor::clone_invariance::tests::int::MaskWhere ... [32mok(B[m
test tests::jit_fusion::tensor::clone_invariance::tests::int::MinDim ... [32mok(B[m
test tests::jit_fusion::tensor::clone_invariance::tests::int::Min ... [32mok(B[m
test tests::jit_fusion::tensor::clone_invariance::tests::int::MaxDimWithIndices ... [32mok(B[m
test tests::jit_fusion::tensor::clone_invariance::tests::int::Neg ... [32mok(B[m
test tests::jit_fusion::tensor::clone_invariance::tests::int::MinDimWithIndices ... [32mok(B[m
test tests::jit_fusion::tensor::clone_invariance::tests::int::Mul ... [32mok(B[m
test tests::jit_fusion::tensor::clone_invariance::tests::int::NotEqualElem ... [32mok(B[m
test tests::jit_fusion::tensor::clone_invariance::tests::int::Repeat ... [32mok(B[m
test tests::jit_fusion::tensor::clone_invariance::tests::int::Select ... [32mok(B[m
test tests::jit_fusion::tensor::clone_invariance::tests::int::Reshape ... [32mok(B[m
test tests::jit_fusion::tensor::clone_invariance::tests::int::MulScalar ... [32mok(B[m
test tests::jit_fusion::tensor::clone_invariance::tests::int::NotEqual ... [32mok(B[m
test tests::jit_fusion::tensor::clone_invariance::tests::int::Slice ... [32mok(B[m
test tests::jit_fusion::tensor::clone_invariance::tests::int::Scatter ... [32mok(B[m
test tests::jit_fusion::tensor::clone_invariance::tests::int::SumDim ... [32mok(B[m
test tests::jit_fusion::tensor::clone_invariance::tests::int::SelectAssign ... [32mok(B[m
test tests::jit_fusion::tensor::clone_invariance::tests::int::Sum ... [32mok(B[m
test tests::jit_fusion::tensor::clone_invariance::tests::int::Sub ... [32mok(B[m
test tests::jit_fusion::tensor::clone_invariance::tests::int::SubScalar ... [32mok(B[m
test tests::jit_fusion::tensor::clone_invariance::tests::int::Transpose ... [32mok(B[m
test tests::jit_fusion::tensor::clone_invariance::tests::int::SwapDims ... [32mok(B[m
test tests::jit_fusion::tensor::f32_ty::abs::tests::should_support_abs_ops_float ... [32mok(B[m
test tests::jit_fusion::tensor::display::tests::test_display_2d_bool_tensor ... [32mok(B[m
test tests::jit_fusion::tensor::f32_ty::abs::tests::should_support_abs_ops_int ... [32mok(B[m
test tests::jit_fusion::tensor::clone_invariance::tests::int::SliceAssign ... [32mok(B[m
test tests::jit_fusion::tensor::f32_ty::add::tests::should_support_add_scalar_ops ... [32mok(B[m
test tests::jit_fusion::tensor::f32_ty::add::tests::should_support_add_scalar_ops_int ... [32mok(B[m
test tests::jit_fusion::tensor::display::tests::test_display_2d_float_tensor ... [32mok(B[m
test tests::jit_fusion::tensor::f32_ty::add::tests::test_add_broadcast_int ... [32mok(B[m
test tests::jit_fusion::tensor::f32_ty::add::tests::test_add_broadcast ... [32mok(B[m
test tests::jit_fusion::tensor::display::tests::test_display_2d_int_tensor ... [32mok(B[m
test tests::jit_fusion::tensor::f32_ty::add::tests::test_add_d2 ... [32mok(B[m
test tests::jit_fusion::tensor::display::tests::test_display_precision ... [32mok(B[m
test tests::jit_fusion::tensor::f32_ty::aggregation::tests::test_prod_dim_int ... [33mignored, Not implemented for all backends yet(B[m
test tests::jit_fusion::tensor::f32_ty::add::tests::test_add_different_strides_broadcast ... [32mok(B[m
test tests::jit_fusion::tensor::f32_ty::aggregation::tests::test_prod_int ... [33mignored, Not implemented for all backends yet(B[m
test tests::jit_fusion::tensor::f32_ty::add::tests::test_add_d2_int ... [32mok(B[m
test tests::jit_fusion::tensor::f32_ty::add::tests::test_add_different_strides_rhs ... [32mok(B[m
test tests::jit_fusion::tensor::f32_ty::add::tests::test_add_different_strides_lhs ... [32mok(B[m
test tests::jit_fusion::tensor::f32_ty::aggregation::tests::test_should_mean_first_dim ... [32mok(B[m
test tests::jit_fusion::tensor::f32_ty::aggregation::tests::test_prod_dim_float ... [32mok(B[m
test tests::jit_fusion::tensor::f32_ty::aggregation::tests::test_should_mean_int ... [32mok(B[m
test tests::jit_fusion::tensor::f32_ty::aggregation::tests::test_should_mean_last_dim ... [32mok(B[m
test tests::jit_fusion::tensor::f32_ty::aggregation::tests::test_should_mean ... [32mok(B[m
test tests::jit_fusion::tensor::f32_ty::aggregation::tests::test_prod_float ... [32mok(B[m
test tests::jit_fusion::tensor::f32_ty::aggregation::tests::test_should_sum ... [32mok(B[m
test tests::jit_fusion::tensor::f32_ty::aggregation::tests::test_should_mean_last_dim_int ... [32mok(B[m
test tests::jit_fusion::tensor::f32_ty::aggregation::tests::test_should_sum_first_dim ... [32mok(B[m
test tests::jit_fusion::tensor::f32_ty::aggregation::tests::test_should_sum_mid_dim_3d_non_contiguous_2 ... [32mok(B[m
test tests::jit_fusion::tensor::f32_ty::aggregation::tests::test_should_sum_int ... [32mok(B[m
test tests::jit_fusion::tensor::f32_ty::aggregation::tests::test_should_sum_last_dim ... [32mok(B[m
test tests::jit_fusion::tensor::f32_ty::aggregation::tests::test_should_sum_mid_dim_3d_non_contiguous_1 ... [32mok(B[m
test tests::jit_fusion::tensor::f32_ty::aggregation::tests::test_should_sum_last_dim_int ... [32mok(B[m
test tests::jit_fusion::tensor::f32_ty::all_op::tests::test_all_with_bool_from_lower_equal ... [32mok(B[m
test tests::jit_fusion::tensor::f32_ty::arange_step::tests::should_panic_when_step_is_zero - should panic ... [32mok(B[m
test tests::jit_fusion::tensor::f32_ty::arange::tests::test_arange ... [32mok(B[m
test tests::jit_fusion::tensor::f32_ty::any::tests::test_any_dim ... [32mok(B[m
test tests::jit_fusion::tensor::f32_ty::arg::tests::test_argmax_2d_dim0 ... [32mok(B[m
test tests::jit_fusion::tensor::f32_ty::all_op::tests::test_all_dim ... [32mok(B[m
test tests::jit_fusion::tensor::f32_ty::arg::tests::test_argmax_2d_dim0_int ... [32mok(B[m
test tests::jit_fusion::tensor::f32_ty::arange_step::tests::test_arange_step ... [32mok(B[m
test tests::jit_fusion::tensor::f32_ty::arg::tests::test_argmin_2d_dim0 ... [32mok(B[m
test tests::jit_fusion::tensor::f32_ty::arg::tests::test_argmax_2d_dim1 ... [32mok(B[m
test tests::jit_fusion::tensor::f32_ty::arg::tests::test_argmin_2d_dim0_int ... [32mok(B[m
test tests::jit_fusion::tensor::f32_ty::argwhere_nonzero::tests::test_argwhere_1d ... [32mok(B[m
test tests::jit_fusion::tensor::f32_ty::argwhere_nonzero::tests::test_argwhere_2d ... [32mok(B[m
test tests::jit_fusion::tensor::f32_ty::arg::tests::test_argmin_2d_dim1 ... [32mok(B[m
test tests::jit_fusion::tensor::display::tests::test_display_3d_tensor ... [32mok(B[m
test tests::jit_fusion::tensor::f32_ty::argwhere_nonzero::tests::test_argwhere_3d ... [32mok(B[m
test tests::jit_fusion::tensor::f32_ty::argwhere_nonzero::tests::test_nonzero_1d ... [32mok(B[m
test tests::jit_fusion::tensor::f32_ty::argwhere_nonzero::tests::test_nonzero_empty ... [32mok(B[m
test tests::jit_fusion::tensor::display::tests::test_display_4d_tensor ... [32mok(B[m
test tests::jit_fusion::tensor::f32_ty::bool::tests::test_from_float ... [32mok(B[m
test tests::jit_fusion::tensor::f32_ty::bool::tests::test_from_int ... [32mok(B[m
test tests::jit_fusion::tensor::f32_ty::cast::tests::cast_bool_to_float_tensor ... [32mok(B[m
test tests::jit_fusion::tensor::f32_ty::cast::tests::cast_bool_to_int_tensor ... [32mok(B[m
test tests::jit_fusion::tensor::f32_ty::argwhere_nonzero::tests::test_nonzero_2d ... [32mok(B[m
test tests::jit_fusion::tensor::f32_ty::cast::tests::cast_float_precision ... [32mok(B[m
test tests::jit_fusion::tensor::f32_ty::cast::tests::cast_int_to_float_tensor ... [32mok(B[m
test tests::jit_fusion::tensor::f32_ty::cat::tests::should_panic_when_list_of_vectors_is_empty - should panic ... [32mok(B[m
test tests::jit_fusion::tensor::f32_ty::cast::tests::cast_float_to_int ... [32mok(B[m
test tests::jit_fusion::tensor::f32_ty::cat::tests::should_panic_when_dimensions_are_not_the_same - should panic ... [32mok(B[m
test tests::jit_fusion::tensor::f32_ty::cat::tests::should_panic_when_cat_exceeds_dimension - should panic ... [32mok(B[m
test tests::jit_fusion::tensor::f32_ty::cat::tests::should_support_cat_ops_2d_dim1 ... [32mok(B[m
test tests::jit_fusion::tensor::f32_ty::cat::tests::should_support_cat_ops_2d_dim0 ... [32mok(B[m
test tests::jit_fusion::tensor::f32_ty::all_op::tests::test_all ... [32mok(B[m
test tests::jit_fusion::tensor::f32_ty::cat::tests::should_support_cat_ops_int ... [32mok(B[m
test tests::jit_fusion::tensor::f32_ty::argwhere_nonzero::tests::test_nonzero_3d ... [32mok(B[m
test tests::jit_fusion::tensor::f32_ty::cartesian_grid::tests::test_cartesian_grid ... [32mok(B[m
test tests::jit_fusion::tensor::f32_ty::cat::tests::should_support_cat_ops_bool ... [32mok(B[m
test tests::jit_fusion::tensor::f32_ty::ceil::tests::should_support_ceil_ops ... [32mok(B[m
test tests::jit_fusion::tensor::f32_ty::cat::tests::should_support_cat_ops_3d ... [32mok(B[m
test tests::jit_fusion::tensor::f32_ty::chunk::tests::test_invalid_dim - should panic ... [32mok(B[m
test tests::jit_fusion::tensor::f32_ty::chunk::tests::test_chunk_multi_dimension ... [32mok(B[m
test tests::jit_fusion::tensor::f32_ty::any::tests::test_any ... [32mok(B[m
test tests::jit_fusion::tensor::f32_ty::clamp::tests::clamp_min ... [32mok(B[m
test tests::jit_fusion::tensor::f32_ty::clamp::tests::clamp_max ... [32mok(B[m
test tests::jit_fusion::tensor::f32_ty::clamp::tests::clamp_min_max ... [32mok(B[m
test tests::jit_fusion::tensor::f32_ty::chunk::tests::test_chunk_evenly_divisible ... [32mok(B[m
test tests::jit_fusion::tensor::f32_ty::cos::tests::should_support_cos_ops ... [32mok(B[m
test tests::jit_fusion::tensor::f32_ty::chunk::tests::test_chunk_not_divisible ... [32mok(B[m
test tests::jit_fusion::tensor::f32_ty::cov::tests::test_cov_1 ... [32mok(B[m
test tests::jit_fusion::tensor::f32_ty::chunk::tests::test_chunk_not_evenly_divisible ... [32mok(B[m
test tests::jit_fusion::tensor::f32_ty::close::tests::test_is_close ... [32mok(B[m
test tests::jit_fusion::tensor::f32_ty::create_like::tests::should_support_ones_like ... [32mok(B[m
test tests::jit_fusion::tensor::f32_ty::create_like::tests::should_support_zeros_like ... [32mok(B[m
test tests::jit_fusion::tensor::f32_ty::chunk::tests::test_chunk_not_evenly_divisible_remains_several ... [32mok(B[m
test tests::jit_fusion::tensor::f32_ty::create_like::tests::should_support_randoms_like ... [32mok(B[m
test tests::jit_fusion::tensor::f32_ty::div::tests::should_support_div_ops ... [32mok(B[m
test tests::jit_fusion::tensor::f32_ty::cov::tests::test_cov_2 ... [32mok(B[m
test tests::jit_fusion::tensor::f32_ty::cov::tests::test_cov_4 ... [32mok(B[m
test tests::jit_fusion::tensor::f32_ty::div::tests::should_support_div_scalar_ops ... [32mok(B[m
test tests::jit_fusion::tensor::f32_ty::div::tests::should_support_div_ops_int ... [32mok(B[m
test tests::jit_fusion::tensor::f32_ty::cov::tests::test_cov_3 ... [32mok(B[m
test tests::jit_fusion::tensor::f32_ty::div::tests::test_div_broadcast_int ... [32mok(B[m
test tests::jit_fusion::tensor::f32_ty::div::tests::test_div_broadcast ... [32mok(B[m
test tests::jit_fusion::tensor::f32_ty::erf::tests::should_support_erf_ops ... [32mok(B[m
test tests::jit_fusion::tensor::f32_ty::exp::tests::should_support_exp_ops ... [32mok(B[m
test tests::jit_fusion::tensor::f32_ty::expand::tests::expand_2d ... [32mok(B[m
test tests::jit_fusion::tensor::f32_ty::div::tests::should_support_div_scalar_ops_int ... [32mok(B[m
test tests::jit_fusion::tensor::f32_ty::expand::tests::expand_2d_bool ... [32mok(B[m
test tests::jit_fusion::tensor::f32_ty::expand::tests::expand_2d_int ... [32mok(B[m
test tests::jit_fusion::tensor::f32_ty::erf::tests::should_support_erf_ops_with_negative_number ... [32mok(B[m
test tests::jit_fusion::tensor::f32_ty::expand::tests::broadcast_single ... [32mok(B[m
test tests::jit_fusion::tensor::f32_ty::expand::tests::inplace_op_after_expand ... [32mok(B[m
test tests::jit_fusion::tensor::f32_ty::expand::tests::should_all_negative_one ... [32mok(B[m
test tests::jit_fusion::tensor::f32_ty::expand::tests::should_panic_negative_one_on_non_existing_dim - should panic ... [32mok(B[m
test tests::jit_fusion::tensor::f32_ty::expand::tests::expand_higher_dimensions ... [32mok(B[m
test tests::jit_fusion::tensor::f32_ty::flatten::tests::should_flatten_begin ... [32mok(B[m
test tests::jit_fusion::tensor::f32_ty::flatten::tests::not_enough_destination_dimension - should panic ... [32mok(B[m
test tests::jit_fusion::tensor::f32_ty::flatten::tests::should_flatten_middle ... [32mok(B[m
test tests::jit_fusion::tensor::f32_ty::flatten::tests::should_flatten_end ... [32mok(B[m
test tests::jit_fusion::tensor::f32_ty::close::tests::test_all_close ... [32mok(B[m
test tests::jit_fusion::tensor::f32_ty::flatten::tests::should_flatten_panic - should panic ... [32mok(B[m
test tests::jit_fusion::tensor::f32_ty::flatten::tests::should_flatten_to_1d ... [32mok(B[m
test tests::jit_fusion::tensor::f32_ty::flip::tests::flip_duplicated_axes - should panic ... [32mok(B[m
test tests::jit_fusion::tensor::f32_ty::expand::tests::should_fail_expand_incompatible_shapes - should panic ... [32mok(B[m
test tests::jit_fusion::tensor::f32_ty::full::tests::test_data_full ... [32mok(B[m
test tests::jit_fusion::tensor::f32_ty::flip::tests::flip_out_of_bound_axis - should panic ... [32mok(B[m
test tests::jit_fusion::tensor::f32_ty::expand::tests::expand_3d ... [32mok(B[m
test tests::jit_fusion::tensor::f32_ty::eye::tests::test_eye_float ... [32mok(B[m
test tests::jit_fusion::tensor::display::tests::test_display_tensor_summarize_1 ... [32mok(B[m
test tests::jit_fusion::tensor::f32_ty::flip::tests::flip_int ... [32mok(B[m
test tests::jit_fusion::tensor::f32_ty::flip::tests::flip_float ... [32mok(B[m
test tests::jit_fusion::tensor::f32_ty::floor::tests::should_support_floor_ops ... [32mok(B[m
test tests::jit_fusion::tensor::f32_ty::gather_scatter::tests::should_gather_1d_dim0_int ... [32mok(B[m
test tests::jit_fusion::tensor::f32_ty::full::tests::test_tensor_full ... [32mok(B[m
test tests::jit_fusion::tensor::f32_ty::flip::tests::flip_bool ... [32mok(B[m
test tests::jit_fusion::tensor::f32_ty::gather_scatter::tests::should_gather_2d_dim1 ... [32mok(B[m
test tests::jit_fusion::tensor::f32_ty::gather_scatter::tests::should_gather_1d_dim0 ... [32mok(B[m
test tests::jit_fusion::tensor::f32_ty::gather_scatter::tests::should_gather_2d_only_1dim ... [32mok(B[m
test tests::jit_fusion::tensor::f32_ty::gather_scatter::tests::should_gather_2d_dim0 ... [32mok(B[m
test tests::jit_fusion::tensor::f32_ty::gather_scatter::tests::scatter_should_panic_on_mismatch_of_shapes - should panic ... [32mok(B[m
test tests::jit_fusion::tensor::f32_ty::gather_scatter::tests::should_gather_3d_dim1 ... [32mok(B[m
test tests::jit_fusion::tensor::f32_ty::init::tests::should_support_float_empty ... [32mok(B[m
test tests::jit_fusion::tensor::f32_ty::gather_scatter::tests::should_scatter_1d ... [32mok(B[m
test tests::jit_fusion::tensor::f32_ty::gather_scatter::tests::should_scatter_2d_dim1 ... [32mok(B[m
test tests::jit_fusion::tensor::f32_ty::init::tests::should_support_float_ones ... [32mok(B[m
test tests::jit_fusion::tensor::f32_ty::init::tests::should_support_bool_empty ... [32mok(B[m
test tests::jit_fusion::tensor::f32_ty::init::tests::should_support_int_empty ... [32mok(B[m
test tests::jit_fusion::tensor::f32_ty::gather_scatter::tests::should_scatter_3d_dim1 ... [32mok(B[m
test tests::jit_fusion::tensor::f32_ty::init::tests::should_support_float_zeros ... [32mok(B[m
test tests::jit_fusion::tensor::f32_ty::init::tests::should_support_int_zeros ... [32mok(B[m
test tests::jit_fusion::tensor::f32_ty::iter_dim::test::test_too_high_dimension - should panic ... [32mok(B[m
test tests::jit_fusion::tensor::f32_ty::init::tests::should_support_int_ones ... [32mok(B[m
test tests::jit_fusion::tensor::f32_ty::gather_scatter::tests::should_scatter_1d_int ... [32mok(B[m
test tests::jit_fusion::tensor::f32_ty::gelu::tests::test_gelu ... [32mok(B[m
test tests::jit_fusion::tensor::f32_ty::gather_scatter::tests::should_scatter_2d_dim1_diff_shape ... [32mok(B[m
test tests::jit_fusion::tensor::f32_ty::log1p::tests::should_support_exp_log1p ... [32mok(B[m
test tests::jit_fusion::tensor::f32_ty::gather_scatter::tests::should_scatter_2d_dim0 ... [32mok(B[m
test tests::jit_fusion::tensor::f32_ty::log::tests::should_support_log_ops ... [32mok(B[m
test tests::jit_fusion::tensor::f32_ty::iter_dim::test::test_1d_iter_last_item ... [32mok(B[m
test tests::jit_fusion::tensor::f32_ty::iter_dim::test::test_iter_dim_single_element ... [32mok(B[m
test tests::jit_fusion::tensor::f32_ty::leaky_relu::tests::test_leaky_relu_d2 ... [32mok(B[m
test tests::jit_fusion::tensor::f32_ty::iter_dim::test::test_transposed ... [32mok(B[m
test tests::jit_fusion::tensor::f32_ty::map_comparison::tests::should_support_bool_equal ... [32mok(B[m
test tests::jit_fusion::tensor::f32_ty::map_comparison::tests::should_support_bool_not ... [32mok(B[m
test tests::jit_fusion::tensor::f32_ty::map_comparison::tests::test_equal ... [32mok(B[m
test tests::jit_fusion::tensor::f32_ty::map_comparison::tests::should_support_bool_not_equal ... [32mok(B[m
test tests::jit_fusion::tensor::f32_ty::map_comparison::tests::test_equal_elem ... [32mok(B[m
test tests::jit_fusion::tensor::f32_ty::map_comparison::tests::test_greater_elem ... [32mok(B[m
test tests::jit_fusion::tensor::f32_ty::map_comparison::tests::test_greater ... [32mok(B[m
test tests::jit_fusion::tensor::f32_ty::log_sigmoid::tests::test_log_sigmoid ... [32mok(B[m
test tests::jit_fusion::tensor::f32_ty::iter_dim::test::test_iter_dim_double_end ... [32mok(B[m
test tests::jit_fusion::tensor::f32_ty::map_comparison::tests::test_int_greater_elem ... [32mok(B[m
test tests::jit_fusion::tensor::f32_ty::map_comparison::tests::test_int_equal_elem ... [32mok(B[m
test tests::jit_fusion::tensor::f32_ty::map_comparison::tests::test_greater_equal_elem ... [32mok(B[m
test tests::jit_fusion::tensor::f32_ty::map_comparison::tests::test_int_lower_elem ... [32mok(B[m
test tests::jit_fusion::tensor::f32_ty::map_comparison::tests::test_int_greater_equal_elem ... [32mok(B[m
test tests::jit_fusion::tensor::f32_ty::map_comparison::tests::test_greater_equal ... [32mok(B[m
test tests::jit_fusion::tensor::f32_ty::map_comparison::tests::test_int_greater ... [32mok(B[m
test tests::jit_fusion::tensor::f32_ty::map_comparison::tests::test_int_equal ... [32mok(B[m
test tests::jit_fusion::tensor::f32_ty::map_comparison::tests::test_equal_inf ... [32mok(B[m
test tests::jit_fusion::tensor::f32_ty::map_comparison::tests::test_int_lower_equal_elem ... [32mok(B[m
test tests::jit_fusion::tensor::f32_ty::map_comparison::tests::test_int_lower ... [32mok(B[m
test tests::jit_fusion::tensor::f32_ty::map_comparison::tests::test_int_lower_equal ... [32mok(B[m
test tests::jit_fusion::tensor::f32_ty::map_comparison::tests::test_lower ... [32mok(B[m
test tests::jit_fusion::tensor::f32_ty::map_comparison::tests::test_int_greater_equal ... [32mok(B[m
test tests::jit_fusion::tensor::f32_ty::map_comparison::tests::test_lower_elem ... [32mok(B[m
test tests::jit_fusion::tensor::f32_ty::map_comparison::tests::test_int_not_equal_elem ... [32mok(B[m
test tests::jit_fusion::tensor::f32_ty::map_comparison::tests::test_lower_equal ... [32mok(B[m
test tests::jit_fusion::tensor::f32_ty::log_sigmoid::tests::test_log_sigmoid_numerical_stability ... [32mok(B[m
test tests::jit_fusion::tensor::f32_ty::map_comparison::tests::test_int_not_equal ... [32mok(B[m
test tests::jit_fusion::tensor::f32_ty::map_comparison::tests::test_lower_equal_elem ... [32mok(B[m
test tests::jit_fusion::tensor::f32_ty::mask::tests::float_mask_fill_infinite ... [32mok(B[m
test tests::jit_fusion::tensor::f32_ty::mask::tests::should_support_mask_fill_ops ... [32mok(B[m
test tests::jit_fusion::tensor::f32_ty::map_comparison::tests::test_not_equal ... [32mok(B[m
test tests::jit_fusion::tensor::f32_ty::mask::tests::should_support_int_mask_where_ops ... [32mok(B[m
test tests::jit_fusion::tensor::f32_ty::map_comparison::tests::test_not_equal_elem ... [32mok(B[m
test tests::jit_fusion::tensor::f32_ty::mask::tests::should_support_int_mask_fill_ops ... [32mok(B[m
test tests::jit_fusion::tensor::f32_ty::mask::tests::should_handle_mask_where_nans ... [32mok(B[m
test tests::jit_fusion::tensor::f32_ty::matmul::tests::should_panic_when_inner_dimensions_are_not_equal - should panic ... [32mok(B[m
test tests::jit_fusion::tensor::f32_ty::map_comparison::tests::test_not_equal_inf ... [32mok(B[m
test tests::jit_fusion::tensor::f32_ty::matmul::tests::test_matmul_broadcast_1 ... [32mok(B[m
test tests::jit_fusion::tensor::f32_ty::mask::tests::should_support_mask_where_broadcast_int ... [32mok(B[m
test tests::jit_fusion::tensor::f32_ty::matmul::tests::test_matmul_broadcast_4d ... [32mok(B[m
test tests::jit_fusion::tensor::f32_ty::matmul::tests::test_matmul_d2 ... [32mok(B[m
test tests::jit_fusion::tensor::f32_ty::matmul::tests::test_matmul_simple_2 ... [32mok(B[m
test tests::jit_fusion::tensor::f32_ty::mask::tests::should_support_mask_where_ops ... [32mok(B[m
test tests::jit_fusion::tensor::f32_ty::matmul::tests::test_matmul_simple_3 ... [32mok(B[m
test tests::jit_fusion::tensor::f32_ty::matmul::tests::test_matmul_4_3 ... [32mok(B[m
test tests::jit_fusion::tensor::f32_ty::matmul::tests::test_matmul_simple_1 ... [32mok(B[m
test tests::jit_fusion::tensor::f32_ty::matmul::tests::test_matmul_4_8 ... [32mok(B[m
test tests::jit_fusion::tensor::f32_ty::mask::tests::should_support_mask_where_broadcast ... [32mok(B[m
test tests::jit_fusion::tensor::f32_ty::maxmin::tests::test_max_dim_2d_with_0th_dim ... [32mok(B[m
test tests::jit_fusion::tensor::f32_ty::matmul::tests::test_matmul_trivial ... [32mok(B[m
test tests::jit_fusion::tensor::f32_ty::maxmin::tests::test_max_dim_2d ... [32mok(B[m
test tests::jit_fusion::tensor::f32_ty::matmul::tests::test_matmul_d3 ... [32mok(B[m
test tests::jit_fusion::tensor::f32_ty::maxmin::tests::test_min_dim_2d ... [32mok(B[m
test tests::jit_fusion::autodiff::f32_ty::memory_management::tests::test_mm_node_explored_once_can_still_be_tagged_as_useful_when_found_again_deeper ... [32mok(B[m
test tests::jit_fusion::tensor::f32_ty::maxmin::tests::test_maximum_pair ... [32mok(B[m
test tests::jit_fusion::tensor::f32_ty::maxmin::tests::test_mean_dim_2d ... [32mok(B[m
test tests::jit_fusion::tensor::f32_ty::matmul::tests::test_matmul_trivial_transposed ... [32mok(B[m
test tests::jit_fusion::tensor::f32_ty::maxmin::tests::test_min_dim_with_indices_2d_with_0th_dim ... [32mok(B[m
test tests::jit_fusion::tensor::f32_ty::maxmin::tests::test_min_dim_2d_with_0th_dim ... [32mok(B[m
test tests::jit_fusion::tensor::f32_ty::maxmin::tests::test_minimum_pair ... [32mok(B[m
test tests::jit_fusion::tensor::f32_ty::maxmin::tests::test_max_dim_with_indices_2d_with_dim_0th ... [32mok(B[m
test tests::jit_fusion::tensor::f32_ty::maxmin::tests::test_min_dim_with_indices_2d ... [32mok(B[m
test tests::jit_fusion::tensor::f32_ty::maxmin::tests::test_max_dim_with_indices_2d ... [32mok(B[m
test tests::jit_fusion::tensor::f32_ty::maxmin::tests::test_sum_dim_2d ... [32mok(B[m
test tests::jit_fusion::tensor::f32_ty::mish::tests::test_mish ... [32mok(B[m
test tests::jit_fusion::tensor::f32_ty::module_adaptive_avg_pool1d::tests::test_adaptive_avg_pool1d_simple ... [32mok(B[m
test tests::jit_fusion::tensor::f32_ty::module_adaptive_avg_pool1d::tests::test_adaptive_avg_pool1d_dyn_filter_size ... [32mok(B[m
test tests::jit_fusion::tensor::f32_ty::module_adaptive_avg_pool2d::tests::test_adaptive_avg_pool2d_bigger_output ... [32mok(B[m
test tests::jit_fusion::tensor::f32_ty::module_adaptive_avg_pool1d::tests::test_adaptive_avg_pool1d_bigger_output ... [32mok(B[m
test tests::jit_fusion::tensor::f32_ty::module_avg_pool1d::tests::test_avg_pool1d_complex ... [32mok(B[m
test tests::jit_fusion::tensor::f32_ty::module_adaptive_avg_pool2d::tests::test_adaptive_avg_pool2d_simple ... [32mok(B[m
test tests::jit_fusion::tensor::f32_ty::module_avg_pool1d::tests::test_avg_pool1d_complex_dont_count_pad ... [32mok(B[m
test tests::jit_fusion::tensor::f32_ty::module_avg_pool2d::tests::test_avg_pool2d_simple ... [32mok(B[m
test tests::jit_fusion::tensor::f32_ty::module_adaptive_avg_pool2d::tests::test_adaptive_avg_pool2d_dyn_filter_size ... [32mok(B[m
test tests::jit_fusion::tensor::f32_ty::module_bicubic_interpolate::tests::test_1d_bicubic ... [32mok(B[m
test tests::jit_fusion::tensor::f32_ty::module_avg_pool2d::tests::test_avg_pool2d_complex_dont_include_pad ... [32mok(B[m
test tests::jit_fusion::tensor::f32_ty::module_avg_pool1d::tests::test_avg_pool1d_simple ... [32mok(B[m
test tests::jit_fusion::tensor::f32_ty::module_avg_pool2d::tests::test_avg_pool2d_complex ... [32mok(B[m
test tests::jit_fusion::tensor::f32_ty::module_bilinear_interpolate::tests::test_downsample_interpolation ... [32mok(B[m
test tests::jit_fusion::tensor::f32_ty::module_bicubic_interpolate::tests::test_upsample_interpolation ... [32mok(B[m
test tests::jit_fusion::tensor::f32_ty::module_bilinear_interpolate::tests::test_upsample_interpolation ... [32mok(B[m
test tests::jit_fusion::tensor::f32_ty::module_bilinear_interpolate::tests::test_1d_bilinear ... [32mok(B[m
test tests::jit_fusion::tensor::f32_ty::module_bicubic_interpolate::tests::test_downsample_interpolation ... [32mok(B[m
test tests::jit_fusion::tensor::f32_ty::module_conv2d::tests::test_conv2d_groups ... [32mok(B[m
test tests::jit_fusion::tensor::f32_ty::module_conv1d::tests::test_conv1d_dilation ... [32mok(B[m
test tests::jit_fusion::tensor::f32_ty::module_conv1d::tests::test_conv1d_simple ... [32mok(B[m
test tests::jit_fusion::tensor::f32_ty::module_conv1d::tests::test_conv1d_complex ... [32mok(B[m
test tests::jit_fusion::tensor::f32_ty::module_conv2d::tests::test_conv2d_implicit_padded_in_channels ... [32mok(B[m
test tests::jit_fusion::tensor::f32_ty::module_conv2d::tests::test_conv2d_complex ... [32mok(B[m
test tests::jit_fusion::tensor::f32_ty::module_conv1d::tests::test_conv1d_groups ... [32mok(B[m
test tests::jit_fusion::tensor::f32_ty::module_conv2d::tests::test_conv2d_simple ... [32mok(B[m
test tests::jit_fusion::tensor::f32_ty::module_conv2d::tests::test_conv2d_groups_multiple_channels ... [32mok(B[m
test tests::jit_fusion::tensor::f32_ty::module_conv2d::tests::test_conv2d_simple_implicit ... [32mok(B[m
test tests::jit_fusion::tensor::f32_ty::module_conv3d::tests::test_conv3d_groups ... [32mok(B[m
test tests::jit_fusion::tensor::f32_ty::module_conv3d::tests::test_conv3d_complex ... [32mok(B[m
test tests::jit_fusion::tensor::f32_ty::module_conv_transpose1d::tests::test_conv_transpose1d_groups ... [32mok(B[m
test tests::jit_fusion::tensor::f32_ty::module_conv_transpose1d::tests::test_conv_transpose1d_diff_channels ... [32mok(B[m
test tests::jit_fusion::tensor::f32_ty::module_conv3d::tests::test_conv3d_simple ... [32mok(B[m
test tests::jit_fusion::tensor::f32_ty::module_conv_transpose2d::tests::test_conv_transpose2d_groups_2 ... [32mok(B[m
test tests::jit_fusion::tensor::f32_ty::module_conv_transpose1d::tests::test_conv_transpose1d_dilation ... [32mok(B[m
test tests::jit_fusion::tensor::f32_ty::module_conv_transpose2d::tests::test_conv_transpose2d_dilation_2 ... [32mok(B[m
test tests::jit_fusion::tensor::f32_ty::module_conv_transpose1d::tests::test_conv_transpose1d_stride ... [32mok(B[m
test tests::jit_fusion::tensor::f32_ty::module_conv_transpose2d::tests::test_conv_transpose2d_groups_different_channels ... [32mok(B[m
test tests::jit_fusion::tensor::f32_ty::module_conv_transpose2d::tests::test_conv_transpose2d_simple_1 ... [32mok(B[m
test tests::jit_fusion::tensor::f32_ty::module_conv_transpose2d::tests::test_conv_transpose2d_stride2_out_padding ... [32mok(B[m
test tests::jit_fusion::tensor::f32_ty::module_conv_transpose2d::tests::test_conv_transpose2d_simple_3 ... [32mok(B[m
test tests::jit_fusion::tensor::f32_ty::module_conv_transpose3d::tests::test_conv_transpose3d_groups_2 ... [32mok(B[m
test tests::jit_fusion::tensor::f32_ty::module_conv_transpose3d::tests::test_conv_transpose3d_groups_different_channels ... [32mok(B[m
test tests::jit_fusion::tensor::f32_ty::module_conv_transpose2d::tests::test_conv_transpose2d_stride_2 ... [32mok(B[m
test tests::jit_fusion::tensor::f32_ty::module_conv_transpose3d::tests::test_conv_transpose3d_dilation_2 ... [32mok(B[m
test tests::jit_fusion::tensor::f32_ty::module_conv_transpose2d::tests::test_conv_transpose2d_simple_2 ... [32mok(B[m
test tests::jit_fusion::tensor::f32_ty::module_conv_transpose3d::tests::test_conv_transpose3d_simple_2 ... [32mok(B[m
test tests::jit_fusion::tensor::f32_ty::module_conv_transpose3d::tests::test_conv_transpose3d_stride2_out_padding ... [32mok(B[m
test tests::jit_fusion::tensor::f32_ty::module_conv_transpose3d::tests::test_conv_transpose3d_stride_2 ... [32mok(B[m
test tests::jit_fusion::tensor::f32_ty::module_conv_transpose3d::tests::test_conv_transpose3d_simple_1 ... [32mok(B[m
test tests::jit_fusion::tensor::f32_ty::module_forward::tests::test_embedding_forward ... [32mok(B[m
test tests::jit_fusion::tensor::f32_ty::module_deform_conv2d::tests::test_deform_conv2d_batched ... [32mok(B[m
test tests::jit_fusion::tensor::f32_ty::module_max_pool1d::tests::test_max_pool1d_different_padding_stride_kernel ... [32mok(B[m
test tests::jit_fusion::tensor::f32_ty::module_max_pool1d::tests::test_max_pool1d_complex ... [32mok(B[m
test tests::jit_fusion::tensor::f32_ty::module_max_pool1d::tests::test_max_pool1d_simple ... [32mok(B[m
test tests::jit_fusion::tensor::f32_ty::module_deform_conv2d::tests::test_deform_conv2d_different_stride ... [32mok(B[m
test tests::jit_fusion::tensor::f32_ty::module_deform_conv2d::tests::test_deform_conv2d_offset_groups ... [32mok(B[m
test tests::jit_fusion::tensor::f32_ty::module_deform_conv2d::tests::test_deform_conv2d_different_width ... [32mok(B[m
test tests::jit_fusion::tensor::f32_ty::module_max_pool1d::tests::test_max_pool1d_with_dilation ... [32mok(B[m
test tests::jit_fusion::tensor::f32_ty::module_deform_conv2d::tests::test_deform_conv2d_different_kernel_size ... [32mok(B[m
test tests::jit_fusion::tensor::f32_ty::module_max_pool2d::tests::test_max_pool2d_simple ... [32mok(B[m
test tests::jit_fusion::tensor::f32_ty::module_max_pool1d::tests::test_max_pool1d_with_neg ... [32mok(B[m
test tests::jit_fusion::tensor::f32_ty::module_max_pool1d::tests::test_max_pool1d_with_indices ... [32mok(B[m
test tests::jit_fusion::tensor::f32_ty::module_deform_conv2d::tests::test_deform_conv2d_simple ... [32mok(B[m
test tests::jit_fusion::tensor::f32_ty::module_deform_conv2d::tests::test_deform_conv2d_different_padding_size ... [32mok(B[m
test tests::jit_fusion::tensor::f32_ty::module_max_pool2d::tests::test_max_pool2d_different_padding_stride_kernel ... [32mok(B[m
test tests::jit_fusion::tensor::f32_ty::module_max_pool2d::tests::test_max_pool2d_complex ... [32mok(B[m
test tests::jit_fusion::tensor::f32_ty::module_max_pool2d::tests::test_max_pool2d_with_dilation ... [32mok(B[m
test tests::jit_fusion::tensor::f32_ty::module_deform_conv2d::tests::test_deform_conv2d_different_dilation ... [32mok(B[m
test tests::jit_fusion::tensor::f32_ty::module_nearest_interpolate::tests::test_1d_nearest ... [32mok(B[m
test tests::jit_fusion::tensor::f32_ty::movedim::tests::edge_different_sizes - should panic ... [32mok(B[m
test tests::jit_fusion::tensor::f32_ty::module_max_pool2d::tests::test_max_pool2d_with_neg ... [32mok(B[m
test tests::jit_fusion::tensor::f32_ty::movedim::tests::edge_out_of_bound_axis - should panic ... [32mok(B[m
test tests::jit_fusion::tensor::f32_ty::module_deform_conv2d::tests::test_deform_conv2d_weight_groups ... [32mok(B[m
test tests::jit_fusion::tensor::f32_ty::movedim::tests::edge_vec_is_not_a_set - should panic ... [32mok(B[m
test tests::jit_fusion::tensor::f32_ty::module_nearest_interpolate::tests::test_downsample_interpolation ... [32mok(B[m
test tests::jit_fusion::tensor::f32_ty::movedim::tests::edge_out_of_bound_axis_vec - should panic ... [32mok(B[m
test tests::jit_fusion::tensor::f32_ty::module_unfold4d::tests::test_unfold4d_shape ... [32mok(B[m
test tests::jit_fusion::tensor::f32_ty::module_unfold4d::tests::test_unfold4d_complex ... [32mok(B[m
test tests::jit_fusion::tensor::f32_ty::module_nearest_interpolate::tests::test_upsample_interpolation ... [32mok(B[m
test tests::jit_fusion::tensor::f32_ty::module_unfold4d::tests::test_unfold4d_simple ... [32mok(B[m
test tests::jit_fusion::tensor::f32_ty::movedim::tests::different_input_types ... [32mok(B[m
test tests::jit_fusion::tensor::f32_ty::mul::tests::should_support_mul_ops_int ... [32mok(B[m
test tests::jit_fusion::tensor::f32_ty::mul::tests::should_support_mul_ops ... [32mok(B[m
test tests::jit_fusion::tensor::f32_ty::mul::tests::should_support_mul_scalar_ops_int ... [32mok(B[m
test tests::jit_fusion::tensor::f32_ty::movedim::tests::movedim_bool ... [32mok(B[m
test tests::jit_fusion::tensor::f32_ty::nan::tests::contains_nan ... [33mignored, https://github.com/tracel-ai/burn/issues/2089(B[m
test tests::jit_fusion::tensor::f32_ty::nan::tests::is_nan ... [33mignored, https://github.com/tracel-ai/burn/issues/2089(B[m
test tests::jit_fusion::tensor::f32_ty::mul::tests::test_mul_broadcast ... [32mok(B[m
test tests::jit_fusion::tensor::f32_ty::mul::tests::test_mul_broadcast_2_dims ... [32mok(B[m
test tests::jit_fusion::tensor::f32_ty::movedim::tests::vec_input_float ... [32mok(B[m
test tests::jit_fusion::tensor::f32_ty::movedim::tests::vec_input_int ... [32mok(B[m
test tests::jit_fusion::tensor::f32_ty::movedim::tests::vec_input_bool ... [32mok(B[m
test tests::jit_fusion::tensor::f32_ty::narrow::tests::test_narrow_invalid_length - should panic ... [32mok(B[m
test tests::jit_fusion::tensor::f32_ty::narrow::tests::test_narrow_invalid_start - should panic ... [32mok(B[m
test tests::jit_fusion::tensor::f32_ty::mul::tests::should_support_mul_scalar_ops ... [32mok(B[m
test tests::jit_fusion::tensor::f32_ty::narrow::tests::test_narrow_2 ... [32mok(B[m
test tests::jit_fusion::tensor::f32_ty::narrow::tests::test_narrow_invalid_dim - should panic ... [32mok(B[m
test tests::jit_fusion::tensor::f32_ty::narrow::tests::test_narrow_3 ... [32mok(B[m
test tests::jit_fusion::tensor::f32_ty::narrow::tests::test_narrow_1 ... [32mok(B[m
test tests::jit_fusion::tensor::f32_ty::neg::tests::should_support_neg_ops ... [32mok(B[m
test tests::jit_fusion::tensor::f32_ty::mul::tests::test_mul_broadcast_int ... [32mok(B[m
test tests::jit_fusion::tensor::f32_ty::one_hot::tests::float_one_hot_should_panic_when_index_exceeds_number_of_classes - should panic ... [32mok(B[m
test tests::jit_fusion::tensor::f32_ty::narrow::tests::test_narrow_invalid_zero_length - should panic ... [32mok(B[m
test tests::jit_fusion::tensor::f32_ty::movedim::tests::movedim_int ... [32mok(B[m
test tests::jit_fusion::tensor::f32_ty::movedim::tests::movedim_float ... [32mok(B[m
test tests::jit_fusion::tensor::f32_ty::one_hot::tests::float_one_hot_should_panic_when_number_of_classes_is_zero - should panic ... [32mok(B[m
test tests::jit_fusion::tensor::f32_ty::one_hot::tests::one_hot_fill_should_panic_when_axis_out_range_of_rank - should panic ... [32mok(B[m
test tests::jit_fusion::tensor::f32_ty::one_hot::tests::int_one_hot_should_panic_when_index_exceeds_number_of_classes - should panic ... [32mok(B[m
test tests::jit_fusion::tensor::f32_ty::one_hot::tests::int_one_hot_should_panic_when_number_of_classes_is_zero - should panic ... [32mok(B[m
test tests::jit_fusion::tensor::f32_ty::padding::tests::padding_4d_test ... [32mok(B[m
test tests::jit_fusion::tensor::f32_ty::padding::tests::padding_asymmetric_test ... [32mok(B[m
test tests::jit_fusion::tensor::f32_ty::permute::tests::edge_out_of_bound_axis - should panic ... [32mok(B[m
test tests::jit_fusion::tensor::f32_ty::padding::tests::padding_asymmetric_integer_test ... [32mok(B[m
test tests::jit_fusion::tensor::f32_ty::permute::tests::edge_repeated_axes - should panic ... [32mok(B[m
test tests::jit_fusion::tensor::f32_ty::padding::tests::padding_2d_test ... [32mok(B[m
test tests::jit_fusion::tensor::f32_ty::one_hot::tests::one_hot_fill_with_negative_axis_and_indices ... [32mok(B[m
test tests::jit_fusion::tensor::f32_ty::one_hot::tests::float_should_support_one_hot_index ... [32mok(B[m
test tests::jit_fusion::tensor::f32_ty::powf::tests::should_support_neg_values_with_even_power ... [32mok(B[m
test tests::jit_fusion::tensor::f32_ty::powf::tests::should_support_neg_power ... [32mok(B[m
test tests::jit_fusion::tensor::f32_ty::permute::tests::permute_int ... [32mok(B[m
test tests::jit_fusion::tensor::f32_ty::one_hot::tests::int_should_support_one_hot ... [32mok(B[m
test tests::jit_fusion::tensor::f32_ty::permute::tests::permute_float ... [32mok(B[m
test tests::jit_fusion::tensor::f32_ty::powf::tests::should_support_neg_values_with_odd_power ... [32mok(B[m
test tests::jit_fusion::tensor::f32_ty::powf::tests::should_support_powf_ops ... [32mok(B[m
test tests::jit_fusion::tensor::f32_ty::permute::tests::permute_bool ... [32mok(B[m
test tests::jit_fusion::tensor::f32_ty::one_hot::tests::float_should_support_one_hot ... [32mok(B[m
test tests::jit_fusion::tensor::f32_ty::powf_scalar::tests::should_support_neg_power ... [32mok(B[m
test tests::jit_fusion::tensor::f32_ty::random::tests::rand_default ... [32mok(B[m
test tests::jit_fusion::tensor::f32_ty::random::tests::rand_uniform ... [32mok(B[m
test tests::jit_fusion::tensor::f32_ty::powf::tests::should_support_powf_broadcasted ... [32mok(B[m
test tests::jit_fusion::tensor::f32_ty::random::tests::rand_bernoulli ... [32mok(B[m
test tests::jit_fusion::tensor::f32_ty::powf_scalar::tests::should_support_powf_ops ... [32mok(B[m
test tests::jit_fusion::tensor::f32_ty::powf_scalar::tests::should_support_neg_values_with_odd_power ... [32mok(B[m
test tests::jit_fusion::tensor::f32_ty::powf_scalar::tests::should_support_neg_values_with_even_power ... [32mok(B[m
test tests::jit_fusion::tensor::f32_ty::one_hot::tests::one_hot_fill_with_negative_indices ... [32mok(B[m
test tests::jit_fusion::tensor::f32_ty::prod::tests::test_prod_float ... [32mok(B[m
test tests::jit_fusion::tensor::f32_ty::relu::tests::test_relu_d2 ... [32mok(B[m
test tests::jit_fusion::tensor::f32_ty::recip::tests::should_support_recip_ops ... [32mok(B[m
test tests::jit_fusion::tensor::f32_ty::remainder::tests::should_be_negative ... [32mok(B[m
test tests::jit_fusion::tensor::f32_ty::remainder::tests::should_be_negative_scalar ... [32mok(B[m
test tests::jit_fusion::tensor::f32_ty::remainder::tests::should_be_zero_scalar ... [32mok(B[m
test tests::jit_fusion::tensor::f32_ty::one_hot::tests::one_hot_fill_with_positive_axis_and_indices ... [32mok(B[m
test tests::jit_fusion::tensor::f32_ty::remainder::tests::should_have_no_remainder_scalar ... [32mok(B[m
test tests::jit_fusion::tensor::f32_ty::remainder::tests::should_be_zero ... [32mok(B[m
test tests::jit_fusion::tensor::f32_ty::remainder::tests::should_support_fp_dividends ... [32mok(B[m
test tests::jit_fusion::tensor::f32_ty::remainder::tests::should_have_no_remainder ... [31mFAILED(B[m
test tests::jit_fusion::tensor::f32_ty::remainder::tests::should_support_large_divisor ... [32mok(B[m
test tests::jit_fusion::tensor::f32_ty::remainder::tests::should_support_large_divisor_scalar ... [32mok(B[m
test tests::jit_fusion::tensor::f32_ty::remainder::tests::should_support_remainder_basic_scalar ... [32mok(B[m
test tests::jit_fusion::tensor::f32_ty::remainder::tests::should_support_remainder_float ... [32mok(B[m
test tests::jit_fusion::tensor::f32_ty::remainder::tests::should_support_remainder_scalar_op ... [32mok(B[m
test tests::jit_fusion::tensor::f32_ty::repeat::tests::should_support_float_repeat_repeating_on_many_dimensions ... [32mok(B[m
test tests::jit_fusion::tensor::f32_ty::repeat::tests::should_support_int_repeat_ops_one_dimension ... [32mok(B[m
test tests::jit_fusion::tensor::f32_ty::remainder::tests::should_support_remainder_float_scalar ... [32mok(B[m
test tests::jit_fusion::tensor::f32_ty::remainder::tests::should_support_remainder_basic ... [32mok(B[m
test tests::jit_fusion::tensor::f32_ty::remainder::tests::should_support_remainder_op ... [32mok(B[m
test tests::jit_fusion::tensor::f32_ty::repeat_dim::tests::should_support_bool_repeat_on_dims_larger_than_1 ... [32mok(B[m
test tests::jit_fusion::tensor::f32_ty::repeat::tests::should_support_bool_repeat_ops_one_dimension ... [32mok(B[m
test tests::jit_fusion::tensor::f32_ty::repeat_dim::tests::should_support_repeat_ops ... [32mok(B[m
test tests::jit_fusion::tensor::f32_ty::repeat::tests::should_support_bool_repeat_on_many_dimension ... [32mok(B[m
test tests::jit_fusion::tensor::f32_ty::repeat::tests::should_support_repeat_ops_one_dimension ... [32mok(B[m
test tests::jit_fusion::tensor::f32_ty::reshape::tests::neg_value - should panic ... [32mok(B[m
test tests::jit_fusion::tensor::f32_ty::reshape::tests::multiple_neg_ones - should panic ... [32mok(B[m
test tests::jit_fusion::tensor::f32_ty::repeat_dim::tests::should_support_int_repeat_on_dims_larger_than_1 ... [32mok(B[m
test tests::jit_fusion::tensor::f32_ty::repeat_dim::tests::should_support_bool_repeat_ops ... [32mok(B[m
test tests::jit_fusion::tensor::f32_ty::repeat::tests::should_support_int_repeat_on_many_dims ... [32mok(B[m
test tests::jit_fusion::tensor::f32_ty::repeat_dim::tests::should_support_float_repeat_on_dims_larger_than_1 ... [32mok(B[m
test tests::jit_fusion::tensor::f32_ty::reshape::tests::should_support_reshape_1d ... [32mok(B[m
test tests::jit_fusion::tensor::f32_ty::repeat_dim::tests::should_support_int_repeat_ops ... [32mok(B[m
test tests::jit_fusion::tensor::f32_ty::reshape::tests::should_support_reshape_int ... [32mok(B[m
test tests::jit_fusion::tensor::f32_ty::reshape::tests::should_support_reshape_bool ... [32mok(B[m
test tests::jit_fusion::tensor::f32_ty::reshape::tests::should_support_dim_infererence ... [32mok(B[m
test tests::jit_fusion::tensor::f32_ty::reshape::tests::should_not_corrupt_after_slice ... [32mok(B[m
test tests::jit_fusion::tensor::f32_ty::reshape::tests::should_support_reshape_2d ... [32mok(B[m
test tests::jit_fusion::tensor::f32_ty::reshape::tests::should_support_reshape_maybe_fused_3 ... [32mok(B[m
test tests::jit_fusion::tensor::f32_ty::round::tests::should_support_round_ops ... [32mok(B[m
test tests::jit_fusion::tensor::f32_ty::select::tests::should_select_1d_int ... [32mok(B[m
test tests::jit_fusion::tensor::f32_ty::select::tests::should_select_2d_dim0_more_num_dim ... [32mok(B[m
test tests::jit_fusion::tensor::f32_ty::select::tests::should_select_2d_dim1 ... [32mok(B[m
test tests::jit_fusion::tensor::f32_ty::reshape::tests::should_support_reshape_maybe_fused_1 ... [32mok(B[m
test tests::jit_fusion::tensor::f32_ty::reshape::tests::should_support_reshape_maybe_fused_4 ... [32mok(B[m
test tests::jit_fusion::tensor::f32_ty::select::tests::should_select_assign_1d_int ... [32mok(B[m
test tests::jit_fusion::tensor::f32_ty::reshape::tests::should_support_reshape_maybe_fused_2 ... [32mok(B[m
test tests::jit_fusion::tensor::f32_ty::select::tests::should_select_assign_1d ... [32mok(B[m
test tests::jit_fusion::tensor::f32_ty::round::tests::should_round_ties_even ... [32mok(B[m
test tests::jit_fusion::tensor::display::tests::test_display_tensor_summarize_3 ... [32mok(B[m
test tests::jit_fusion::tensor::f32_ty::select::tests::should_select_panic_invalid_dimension - should panic ... [32mok(B[m
test tests::jit_fusion::tensor::f32_ty::select::tests::should_select_assign_2d_dim1 ... [32mok(B[m
test tests::jit_fusion::tensor::f32_ty::select::tests::should_select_assign_2d_dim0 ... [32mok(B[m
test tests::jit_fusion::tensor::f32_ty::select::tests::should_select_1d ... [32mok(B[m
test tests::jit_fusion::tensor::f32_ty::select::tests::should_select_2d_dim0_same_num_dim ... [32mok(B[m
test tests::jit_fusion::tensor::f32_ty::slice::tests::clamp_when_slice_exceeds_dimension ... [32mok(B[m
test tests::jit_fusion::tensor::f32_ty::slice::tests::should_panic_when_slice_is_equal - should panic ... [32mok(B[m
test tests::jit_fusion::tensor::f32_ty::sin::tests::should_support_sin_ops ... [32mok(B[m
test tests::jit_fusion::tensor::f32_ty::slice::tests::should_panic_when_slice_is_desc - should panic ... [32mok(B[m
test tests::jit_fusion::tensor::f32_ty::slice::tests::negative_dimensions ... [32mok(B[m
test tests::jit_fusion::tensor::f32_ty::slice::tests::should_panic_when_slice_with_too_many_dimensions - should panic ... [32mok(B[m
test tests::jit_fusion::tensor::f32_ty::sigmoid::tests::test_sigmoid_overflow ... [32mok(B[m
test tests::jit_fusion::tensor::f32_ty::sign::tests::should_support_sign_ops_int ... [32mok(B[m
test tests::jit_fusion::tensor::f32_ty::slice::tests::should_support_full_sliceing_2d ... [32mok(B[m
test tests::jit_fusion::tensor::f32_ty::slice::tests::should_support_full_sliceing_1d ... [32mok(B[m
test tests::jit_fusion::tensor::f32_ty::slice::tests::should_support_partial_sliceing_1d ... [32mok(B[m
test tests::jit_fusion::tensor::f32_ty::slice::tests::should_support_partial_sliceing_2d ... [32mok(B[m
test tests::jit_fusion::tensor::f32_ty::slice::tests::should_support_slice_range_first_dim ... [32mok(B[m
test tests::jit_fusion::tensor::f32_ty::slice::tests::should_support_slice_assign_1d ... [32mok(B[m
test tests::jit_fusion::tensor::f32_ty::slice::tests::should_slice_aggregation_result ... [32mok(B[m
test tests::jit_fusion::tensor::f32_ty::slice::tests::should_support_slice_assign_2d ... [32mok(B[m
test tests::jit_fusion::tensor::f32_ty::sign::tests::should_support_sign_ops_float ... [32mok(B[m
test tests::jit_fusion::tensor::f32_ty::slice::tests::should_support_partial_sliceing_3d ... [32mok(B[m
test tests::jit_fusion::tensor::display::tests::test_display_tensor_summarize_2 ... [32mok(B[m
test tests::jit_fusion::tensor::f32_ty::slice::tests::should_support_partial_sliceing_3d_non_contiguous ... [32mok(B[m
test tests::jit_fusion::tensor::f32_ty::silu::tests::test_silu ... [32mok(B[m
test tests::jit_fusion::tensor::f32_ty::sort_argsort::tests::test_argsort_1d_float ... [32mok(B[m
test tests::jit_fusion::tensor::f32_ty::slice::tests::missing_dimensions ... [32mok(B[m
test tests::jit_fusion::tensor::f32_ty::sigmoid::tests::test_sigmoid ... [32mok(B[m
test tests::jit_fusion::tensor::f32_ty::softmax::tests::test_softmax_d2 ... [32mok(B[m
test tests::jit_fusion::tensor::f32_ty::sort_argsort::tests::test_argsort_1d_int ... [32mok(B[m
test tests::jit_fusion::tensor::f32_ty::slice::tests::slice_assign_should_not_corrupt_potentially_inplace_operations ... [32mok(B[m
test tests::jit_fusion::tensor::f32_ty::slice::tests::slice_should_not_corrupt_potentially_inplace_operations ... [32mok(B[m
test tests::jit_fusion::tensor::f32_ty::sort_argsort::tests::test_sort_1d_int ... [32mok(B[m
test tests::jit_fusion::tensor::f32_ty::sort_argsort::tests::test_sort_float_nan ... [32mok(B[m
test tests::jit_fusion::tensor::f32_ty::sort_argsort::tests::test_sort_1d_float ... [32mok(B[m
test tests::jit_fusion::tensor::f32_ty::sort_argsort::tests::test_sort_descending_1d ... [32mok(B[m
test tests::jit_fusion::tensor::f32_ty::softmin::tests::test_softmin_d2 ... [32mok(B[m
test tests::jit_fusion::tensor::f32_ty::softplus::tests::test_softplus_d2 ... [32mok(B[m
test tests::jit_fusion::tensor::f32_ty::sort_argsort::tests::test_sort_float ... [32mok(B[m
test tests::jit_fusion::tensor::f32_ty::split::tests::test_split_invalid_dim - should panic ... [32mok(B[m
test tests::jit_fusion::tensor::f32_ty::split::tests::test_split_3d_tensor_along_dim0 ... [32mok(B[m
test tests::jit_fusion::tensor::f32_ty::sort_argsort::tests::test_argsort_int ... [32mok(B[m
test tests::jit_fusion::tensor::f32_ty::sort_argsort::tests::test_sort_int ... [32mok(B[m
test tests::jit_fusion::tensor::f32_ty::sort_argsort::tests::test_argsort_float ... [32mok(B[m
test tests::jit_fusion::tensor::f32_ty::sort_argsort::tests::test_sort_with_indices_descending_float ... [32mok(B[m
test tests::jit_fusion::tensor::f32_ty::split::tests::test_split_3d_tensor_along_dim1 ... [32mok(B[m
test tests::jit_fusion::tensor::f32_ty::split::tests::test_split_split_size_larger_than_tensor_size ... [32mok(B[m
test tests::jit_fusion::tensor::f32_ty::split::tests::test_split_along_dim1 ... [32mok(B[m
test tests::jit_fusion::tensor::f32_ty::split::tests::test_split_with_sizes_invalid_sum - should panic ... [32mok(B[m
test tests::jit_fusion::tensor::f32_ty::split::tests::test_split_zero_sized_tensor ... [32mok(B[m
test tests::jit_fusion::tensor::f32_ty::split::tests::test_split_with_zero_split_size_zero_tensor_size ... [32mok(B[m
test tests::jit_fusion::tensor::f32_ty::squeeze::tests::should_squeeze ... [32mok(B[m
test tests::jit_fusion::tensor::f32_ty::split::tests::test_split_evenly_divisible ... [32mok(B[m
test tests::jit_fusion::tensor::f32_ty::sort_argsort::tests::test_sort_with_indices_descending_int ... [32mok(B[m
test tests::jit_fusion::tensor::f32_ty::squeeze::tests::should_squeeze_dims_panic_on_too_many_dimensions - should panic ... [32mok(B[m
test tests::jit_fusion::tensor::f32_ty::squeeze::tests::should_squeeze_dims_with_empty_slice ... [32mok(B[m
test tests::jit_fusion::tensor::f32_ty::squeeze::tests::should_squeeze_dims_work_if_non_singleton - should panic ... [32mok(B[m
test tests::jit_fusion::tensor::f32_ty::sqrt::tests::should_support_sqrt_ops ... [32mok(B[m
test tests::jit_fusion::tensor::f32_ty::squeeze::tests::should_squeeze_dims_with_negative_indices ... [32mok(B[m
test tests::jit_fusion::tensor::f32_ty::squeeze::tests::should_squeeze_dims_dimension_mismatch_panic - should panic ... [32mok(B[m
test tests::jit_fusion::tensor::f32_ty::sort_argsort::tests::test_sort_with_indices_float ... [32mok(B[m
test tests::jit_fusion::tensor::f32_ty::split::tests::test_split_with_zero_split_size_non_zero_tensor - should panic ... [32mok(B[m
test tests::jit_fusion::tensor::f32_ty::squeeze::tests::should_squeeze_dims_with_positive_indices ... [32mok(B[m
test tests::jit_fusion::tensor::f32_ty::squeeze::tests::should_unsqueeze_dim_panic - should panic ... [32mok(B[m
test tests::jit_fusion::tensor::f32_ty::squeeze::tests::should_unsqueeze_dim_first ... [32mok(B[m
test tests::jit_fusion::tensor::f32_ty::squeeze::tests::should_squeeze_first ... [32mok(B[m
test tests::jit_fusion::tensor::f32_ty::squeeze::tests::should_squeeze_panic - should panic ... [32mok(B[m
test tests::jit_fusion::tensor::f32_ty::squeeze::tests::should_squeeze_last ... [32mok(B[m
test tests::jit_fusion::tensor::f32_ty::split::tests::test_split_with_sizes_zero_length ... [32mok(B[m
test tests::jit_fusion::tensor::f32_ty::squeeze::tests::should_unsqueeze_dim_last ... [32mok(B[m
test tests::jit_fusion::tensor::f32_ty::squeeze::tests::should_unsqueeze_dim ... [32mok(B[m
test tests::jit_fusion::tensor::f32_ty::split::tests::test_split_with_sizes ... [32mok(B[m
test tests::jit_fusion::tensor::f32_ty::stack::tests::should_panic_when_list_of_vectors_is_empty - should panic ... [32mok(B[m
test tests::jit_fusion::tensor::f32_ty::squeeze::tests::should_unsqueeze_dims_handle_first_last ... [32mok(B[m
test tests::jit_fusion::tensor::f32_ty::squeeze::tests::should_unsqueeze_dims_panic - should panic ... [32mok(B[m
test tests::jit_fusion::tensor::f32_ty::squeeze::tests::should_unsqueeze_dims_multiple_trailing_negatives ... [32mok(B[m
test tests::jit_fusion::tensor::f32_ty::split::tests::test_split_not_evenly_divisible ... [32mok(B[m
test tests::jit_fusion::tensor::f32_ty::sort_argsort::tests::test_sort_with_indices_int ... [32mok(B[m
test tests::jit_fusion::tensor::f32_ty::squeeze::tests::should_unsqueeze_dims_work_with_single_dim ... [32mok(B[m
test tests::jit_fusion::tensor::f32_ty::squeeze::tests::should_unsqueeze_dims_support_dim_inference ... [32mok(B[m
test tests::jit_fusion::tensor::f32_ty::stack::tests::should_panic_when_stack_exceeds_dimension - should panic ... [32mok(B[m
test tests::jit_fusion::tensor::f32_ty::stack::tests::should_support_stack_ops_3d ... [32mok(B[m
test tests::jit_fusion::tensor::f32_ty::stack::tests::should_panic_when_dimensions_are_not_the_same - should panic ... [32mok(B[m
test tests::jit_fusion::tensor::f32_ty::stack::tests::should_support_stack_ops_bool ... [32mok(B[m
test tests::jit_fusion::tensor::f32_ty::sub::tests::test_sub_broadcast ... [32mok(B[m
test tests::jit_fusion::tensor::f32_ty::sub::tests::should_support_sub_ops_int ... [32mok(B[m
test tests::jit_fusion::tensor::f32_ty::tanh_activation::tests::test_tanh ... [32mok(B[m
test tests::jit_fusion::tensor::f32_ty::stack::tests::should_support_stack_ops_2d_dim0 ... [32mok(B[m
test tests::jit_fusion::tensor::f32_ty::sub::tests::should_support_sub_scalar_ops ... [32mok(B[m
test tests::jit_fusion::tensor::f32_ty::sub::tests::should_support_sub_ops ... [32mok(B[m
test tests::jit_fusion::tensor::f32_ty::sub::tests::test_sub_broadcast_int ... [32mok(B[m
test tests::jit_fusion::tensor::f32_ty::stack::tests::should_support_stack_ops_2d_dim1 ... [32mok(B[m
test tests::jit_fusion::tensor::f32_ty::transpose::tests::should_support_transpose_bool ... [32mok(B[m
test tests::jit_fusion::tensor::f32_ty::sub::tests::should_support_sub_scalar_ops_int ... [32mok(B[m
test tests::jit_fusion::tensor::f32_ty::transpose::tests::should_support_swap_dims_bool ... [32mok(B[m
test tests::jit_fusion::tensor::f32_ty::stack::tests::should_generate_row_major_layout ... [32mok(B[m
test tests::jit_fusion::tensor::f32_ty::stack::tests::should_support_stack_ops_int ... [32mok(B[m
test tests::jit_fusion::tensor::f32_ty::tanh::tests::should_support_tanh_ops ... [32mok(B[m
test tests::jit_fusion::tensor::f32_ty::transpose::tests::should_support_swap_dims ... [32mok(B[m
test tests::jit_fusion::tensor::f32_ty::transpose::tests::should_support_transpose_ops ... [32mok(B[m
test tests::jit_fusion::tensor::f32_ty::transpose::tests::should_support_swap_dims_int ... [32mok(B[m
test tests::jit_fusion::tensor::f32_ty::transpose::tests::should_support_transpose_ops_int ... [32mok(B[m
test tests::jit_fusion::tensor::f32_ty::tri::tests::test_tril_too_few_dims - should panic ... [32mok(B[m
test tests::jit_fusion::tensor::f32_ty::tri::tests::test_tril_batch_tensors ... [32mok(B[m
test tests::jit_fusion::tensor::f32_ty::tri::tests::test_triu_too_few_dims - should panic ... [32mok(B[m
test tests::jit_fusion::tensor::f32_ty::tri::tests::test_tril_negative_diagonal ... [32mok(B[m
test tests::jit_fusion::tensor::f32_ty::topk::tests::test_topk ... [32mok(B[m
test tests::jit_fusion::tensor::f32_ty::tri::tests::test_tril ... [32mok(B[m
test tests::jit_fusion::tensor::f32_ty::topk::tests::test_topk_1d ... [32mok(B[m
test tests::jit_fusion::tensor::f32_ty::tri::tests::test_triu_negative_diagonal ... [32mok(B[m
test tests::jit_fusion::tensor::f32_ty::tri::tests::test_triu ... [32mok(B[m
test tests::jit_fusion::tensor::f32_ty::tri::tests::test_triu_batch_tensors ... [32mok(B[m
test tests::jit_fusion::tensor::f32_ty::tri::tests::test_tril_positive_diagonal ... [32mok(B[m
test tests::jit_fusion::tensor::f32_ty::tri_mask::tests::square_tri_lower ... [32mok(B[m
test tests::jit_fusion::tensor::f32_ty::tri::tests::test_triu_positive_diagonal ... [32mok(B[m
test tests::jit_fusion::tensor::f32_ty::var::tests::test_var_bias ... [32mok(B[m
test tests::jit_fusion::tensor::f32_ty::tri_mask::tests::square_tri_upper_offset ... [32mok(B[m
test tests::jit_fusion::tensor::f32_ty::topk::tests::test_topk_with_indices ... [32mok(B[m
test tests::jit_fusion::tensor::f32_ty::tri_mask::tests::square_diag_offset ... [32mok(B[m
test tests::jit_fusion::tensor::f32_ty::tri_mask::tests::square_diag ... [32mok(B[m
test tests::jit_fusion::tensor::i32_ty::add::tests::should_support_add_scalar_ops ... [32mok(B[m
test tests::jit_fusion::tensor::f32_ty::var::tests::test_var_mean ... [32mok(B[m
test tests::jit_fusion::tensor::i32_ty::add::tests::test_add_broadcast ... [32mok(B[m
test tests::jit_fusion::tensor::f32_ty::tri_mask::tests::square_tri_lower_offset ... [32mok(B[m
test tests::jit_fusion::tensor::i32_ty::add::tests::should_support_add_scalar_ops_int ... [32mok(B[m
test tests::jit_fusion::tensor::i32_ty::aggregation::tests::test_prod_dim_int ... [33mignored, Not implemented for all backends yet(B[m
test tests::jit_fusion::tensor::f32_ty::tri_mask::tests::square_tri_upper ... [32mok(B[m
test tests::jit_fusion::tensor::i32_ty::aggregation::tests::test_prod_int ... [33mignored, Not implemented for all backends yet(B[m
test tests::jit_fusion::tensor::f32_ty::var::tests::test_var ... [32mok(B[m
test tests::jit_fusion::tensor::i32_ty::aggregation::tests::test_should_mean ... [32mok(B[m
test tests::jit_fusion::tensor::f32_ty::var::tests::test_var_mean_bias ... [32mok(B[m
test tests::jit_fusion::tensor::i32_ty::add::tests::test_add_broadcast_int ... [32mok(B[m
test tests::jit_fusion::tensor::i32_ty::add::tests::test_add_d2_int ... [32mok(B[m
test tests::jit_fusion::tensor::i32_ty::aggregation::tests::test_prod_dim_float ... [32mok(B[m
test tests::jit_fusion::tensor::f32_ty::tri_mask::tests::rect_diag ... [32mok(B[m
test tests::jit_fusion::tensor::i32_ty::aggregation::tests::test_should_mean_int ... [32mok(B[m
test tests::jit_fusion::tensor::i32_ty::aggregation::tests::test_should_mean_first_dim ... [32mok(B[m
test tests::jit_fusion::tensor::i32_ty::aggregation::tests::test_should_sum ... [32mok(B[m
test tests::jit_fusion::tensor::i32_ty::aggregation::tests::test_should_sum_int ... [32mok(B[m
test tests::jit_fusion::tensor::i32_ty::aggregation::tests::test_should_sum_last_dim ... [32mok(B[m
test tests::jit_fusion::tensor::i32_ty::add::tests::test_add_different_strides_rhs ... [32mok(B[m
test tests::jit_fusion::tensor::i32_ty::aggregation::tests::test_should_mean_last_dim ... [32mok(B[m
test tests::jit_fusion::tensor::i32_ty::aggregation::tests::test_should_mean_last_dim_int ... [32mok(B[m
test tests::jit_fusion::tensor::i32_ty::add::tests::test_add_d2 ... [32mok(B[m
test tests::jit_fusion::tensor::i32_ty::aggregation::tests::test_should_sum_last_dim_int ... [32mok(B[m
test tests::jit_fusion::tensor::i32_ty::add::tests::test_add_different_strides_lhs ... [32mok(B[m
test tests::jit_fusion::tensor::i32_ty::aggregation::tests::test_should_sum_first_dim ... [32mok(B[m
test tests::jit_fusion::tensor::i32_ty::arg::tests::test_argmax_2d_dim0_int ... [32mok(B[m
test tests::jit_fusion::tensor::i32_ty::arg::tests::test_argmax_2d_dim0 ... [32mok(B[m
test tests::jit_fusion::tensor::i32_ty::aggregation::tests::test_prod_float ... [32mok(B[m
test tests::jit_fusion::tensor::i32_ty::aggregation::tests::test_should_sum_mid_dim_3d_non_contiguous_1 ... [32mok(B[m
test tests::jit_fusion::tensor::i32_ty::arg::tests::test_argmin_2d_dim0 ... [32mok(B[m
test tests::jit_fusion::tensor::i32_ty::arg::tests::test_argmin_2d_dim1 ... [32mok(B[m
test tests::jit_fusion::tensor::i32_ty::aggregation::tests::test_should_sum_mid_dim_3d_non_contiguous_2 ... [32mok(B[m
test tests::jit_fusion::tensor::i32_ty::arg::tests::test_argmin_2d_dim0_int ... [32mok(B[m
test tests::jit_fusion::tensor::i32_ty::arg::tests::test_argmax_2d_dim1 ... [32mok(B[m
test tests::jit_fusion::tensor::i32_ty::bitwise::tests::should_apply_bitwise_and_1d ... [32mok(B[m
test tests::jit_fusion::tensor::i32_ty::bitwise::tests::should_apply_bitwise_not_2d ... [32mok(B[m
test tests::jit_fusion::tensor::i32_ty::bitwise::tests::should_apply_bitwise_left_shift_2d ... [32mok(B[m
test tests::jit_fusion::tensor::i32_ty::bitwise::tests::should_apply_bitwise_or_2d ... [32mok(B[m
test tests::jit_fusion::tensor::i32_ty::bitwise::tests::should_apply_bitwise_right_shift_2d ... [32mok(B[m
test tests::jit_fusion::tensor::i32_ty::bitwise::tests::should_apply_bitwise_xor_1d ... [32mok(B[m
test tests::jit_fusion::tensor::i32_ty::bitwise::tests::should_apply_bitwise_or_scalar_2d ... [32mok(B[m
test tests::jit_fusion::tensor::i32_ty::bitwise::tests::should_apply_bitwise_and_scalar_2d ... [32mok(B[m
test tests::jit_fusion::tensor::i32_ty::bitwise::tests::should_apply_bitwise_xor_scalar_2d ... [32mok(B[m
test tests::jit_fusion::tensor::i32_ty::bitwise::tests::should_apply_bitwise_right_shift_scalar_2d ... [32mok(B[m
test tests::jit_fusion::tensor::i32_ty::bitwise::tests::should_apply_bitwise_and_2d ... [32mok(B[m
test tests::jit_fusion::tensor::i32_ty::bitwise::tests::should_apply_bitwise_xor_2d ... [32mok(B[m
test tests::jit_fusion::tensor::i32_ty::add::tests::test_add_different_strides_broadcast ... [32mok(B[m
test tests::jit_fusion::tensor::i32_ty::cat::tests::should_panic_when_list_of_vectors_is_empty - should panic ... [32mok(B[m
test tests::jit_fusion::tensor::i32_ty::cast::tests::cast_bool_to_float_tensor ... [32mok(B[m
test tests::jit_fusion::tensor::i32_ty::cast::tests::cast_float_precision ... [32mok(B[m
test tests::jit_fusion::tensor::i32_ty::cast::tests::cast_float_to_int ... [32mok(B[m
test tests::jit_fusion::tensor::i32_ty::cast::tests::cast_bool_to_int_tensor ... [32mok(B[m
test tests::jit_fusion::tensor::i32_ty::bool::tests::test_from_float ... [32mok(B[m
test tests::jit_fusion::tensor::i32_ty::bitwise::tests::should_apply_bitwise_left_shift_scalar_2d ... [32mok(B[m
test tests::jit_fusion::tensor::i32_ty::cat::tests::should_panic_when_cat_exceeds_dimension - should panic ... [32mok(B[m
test tests::jit_fusion::tensor::i32_ty::cat::tests::should_support_cat_ops_2d_dim1 ... [32mok(B[m
test tests::jit_fusion::tensor::i32_ty::cat::tests::should_support_cat_ops_3d ... [32mok(B[m
test tests::jit_fusion::tensor::i32_ty::cat::tests::should_support_cat_ops_2d_dim0 ... [32mok(B[m
test tests::jit_fusion::tensor::i32_ty::cat::tests::should_support_cat_ops_int ... [32mok(B[m
test tests::jit_fusion::tensor::i32_ty::div::tests::should_support_div_ops ... [32mok(B[m
test tests::jit_fusion::tensor::i32_ty::div::tests::should_support_div_scalar_ops_int ... [32mok(B[m
test tests::jit_fusion::tensor::i32_ty::cat::tests::should_support_cat_ops_bool ... [32mok(B[m
test tests::jit_fusion::tensor::i32_ty::div::tests::should_support_div_scalar_ops ... [32mok(B[m
test tests::jit_fusion::tensor::i32_ty::div::tests::test_div_broadcast ... [32mok(B[m
test tests::jit_fusion::tensor::i32_ty::bitwise::tests::should_apply_bitwise_or_1d ... [32mok(B[m
test tests::jit_fusion::tensor::i32_ty::cat::tests::should_panic_when_dimensions_are_not_the_same - should panic ... [32mok(B[m
test tests::jit_fusion::tensor::i32_ty::expand::tests::broadcast_single ... [32mok(B[m
test tests::jit_fusion::tensor::i32_ty::bool::tests::test_from_int ... [32mok(B[m
test tests::jit_fusion::tensor::i32_ty::div::tests::should_support_div_ops_int ... [32mok(B[m
test tests::jit_fusion::tensor::i32_ty::expand::tests::expand_2d_bool ... [32mok(B[m
test tests::jit_fusion::tensor::i32_ty::expand::tests::should_panic_negative_one_on_non_existing_dim - should panic ... [32mok(B[m
test tests::jit_fusion::tensor::i32_ty::div::tests::test_div_broadcast_int ... [32mok(B[m
test tests::jit_fusion::tensor::i32_ty::expand::tests::expand_2d_int ... [32mok(B[m
test tests::jit_fusion::tensor::i32_ty::cast::tests::cast_int_to_float_tensor ... [32mok(B[m
test tests::jit_fusion::tensor::i32_ty::expand::tests::should_fail_expand_incompatible_shapes - should panic ... [32mok(B[m
test tests::jit_fusion::tensor::i32_ty::expand::tests::expand_2d ... [32mok(B[m
test tests::jit_fusion::tensor::i32_ty::expand::tests::inplace_op_after_expand ... [32mok(B[m
test tests::jit_fusion::tensor::i32_ty::expand::tests::should_all_negative_one ... [32mok(B[m
test tests::jit_fusion::tensor::i32_ty::expand::tests::expand_higher_dimensions ... [32mok(B[m
test tests::jit_fusion::tensor::i32_ty::expand::tests::expand_3d ... [32mok(B[m
test tests::jit_fusion::tensor::i32_ty::flip::tests::flip_out_of_bound_axis - should panic ... [32mok(B[m
test tests::jit_fusion::tensor::i32_ty::flip::tests::flip_duplicated_axes - should panic ... [32mok(B[m
test tests::jit_fusion::tensor::i32_ty::flip::tests::flip_int ... [32mok(B[m
test tests::jit_fusion::tensor::i32_ty::gather_scatter::tests::should_gather_1d_dim0 ... [32mok(B[m
test tests::jit_fusion::tensor::i32_ty::gather_scatter::tests::should_gather_2d_dim0 ... [32mok(B[m
test tests::jit_fusion::tensor::i32_ty::flip::tests::flip_float ... [32mok(B[m
test tests::jit_fusion::tensor::i32_ty::gather_scatter::tests::should_gather_3d_dim1 ... [32mok(B[m
test tests::jit_fusion::tensor::i32_ty::flip::tests::flip_bool ... [32mok(B[m
test tests::jit_fusion::tensor::i32_ty::gather_scatter::tests::should_gather_2d_only_1dim ... [32mok(B[m
test tests::jit_fusion::tensor::i32_ty::eye::tests::test_eye_float ... [32mok(B[m
test tests::jit_fusion::tensor::i32_ty::gather_scatter::tests::should_gather_1d_dim0_int ... [32mok(B[m
test tests::jit_fusion::tensor::i32_ty::gather_scatter::tests::should_gather_2d_dim1 ... [32mok(B[m
test tests::jit_fusion::tensor::i32_ty::gather_scatter::tests::scatter_should_panic_on_mismatch_of_shapes - should panic ... [32mok(B[m
test tests::jit_fusion::tensor::i32_ty::gather_scatter::tests::should_scatter_2d_dim0 ... [32mok(B[m
test tests::jit_fusion::tensor::i32_ty::gather_scatter::tests::should_scatter_2d_dim1 ... [32mok(B[m
test tests::jit_fusion::tensor::i32_ty::gather_scatter::tests::should_scatter_1d_int ... [32mok(B[m
test tests::jit_fusion::tensor::i32_ty::gather_scatter::tests::should_scatter_3d_dim1 ... [32mok(B[m
test tests::jit_fusion::tensor::i32_ty::gather_scatter::tests::should_scatter_1d ... [32mok(B[m
test tests::jit_fusion::tensor::i32_ty::mask::tests::float_mask_fill_infinite ... [32mok(B[m
test tests::jit_fusion::tensor::i32_ty::gather_scatter::tests::should_scatter_2d_dim1_diff_shape ... [32mok(B[m
test tests::jit_fusion::tensor::i32_ty::mask::tests::should_support_int_mask_where_ops ... [32mok(B[m
test tests::jit_fusion::tensor::i32_ty::mask::tests::should_support_mask_fill_ops ... [32mok(B[m
test tests::jit_fusion::tensor::i32_ty::mask::tests::should_support_int_mask_fill_ops ... [32mok(B[m
test tests::jit_fusion::tensor::i32_ty::mask::tests::should_support_mask_where_broadcast_int ... [32mok(B[m
test tests::jit_fusion::tensor::i32_ty::movedim::tests::edge_different_sizes - should panic ... [32mok(B[m
test tests::jit_fusion::tensor::i32_ty::movedim::tests::edge_vec_is_not_a_set - should panic ... [32mok(B[m
test tests::jit_fusion::tensor::i32_ty::mask::tests::should_handle_mask_where_nans ... [32mok(B[m
test tests::jit_fusion::tensor::i32_ty::movedim::tests::edge_out_of_bound_axis - should panic ... [32mok(B[m
test tests::jit_fusion::tensor::i32_ty::movedim::tests::edge_out_of_bound_axis_vec - should panic ... [32mok(B[m
test tests::jit_fusion::tensor::i32_ty::mask::tests::should_support_mask_where_ops ... [32mok(B[m
test tests::jit_fusion::tensor::i32_ty::mask::tests::should_support_mask_where_broadcast ... [32mok(B[m
test tests::jit_fusion::tensor::i32_ty::mul::tests::should_support_mul_scalar_ops ... [32mok(B[m
test tests::jit_fusion::tensor::i32_ty::mul::tests::should_support_mul_ops_int ... [32mok(B[m
test tests::jit_fusion::tensor::i32_ty::mul::tests::should_support_mul_scalar_ops_int ... [32mok(B[m
test tests::jit_fusion::tensor::i32_ty::movedim::tests::vec_input_float ... [32mok(B[m
test tests::jit_fusion::tensor::i32_ty::mul::tests::should_support_mul_ops ... [32mok(B[m
test tests::jit_fusion::tensor::i32_ty::mul::tests::test_mul_broadcast_2_dims ... [32mok(B[m
test tests::jit_fusion::tensor::i32_ty::mul::tests::test_mul_broadcast ... [32mok(B[m
test tests::jit_fusion::tensor::i32_ty::padding::tests::padding_2d_test ... [32mok(B[m
test tests::jit_fusion::tensor::i32_ty::movedim::tests::movedim_float ... [32mok(B[m
test tests::jit_fusion::tensor::i32_ty::movedim::tests::movedim_bool ... [32mok(B[m
test tests::jit_fusion::tensor::i32_ty::permute::tests::edge_repeated_axes - should panic ... [32mok(B[m
test tests::jit_fusion::tensor::i32_ty::permute::tests::edge_out_of_bound_axis - should panic ... [32mok(B[m
test tests::jit_fusion::tensor::i32_ty::movedim::tests::movedim_int ... [32mok(B[m
test tests::jit_fusion::tensor::i32_ty::movedim::tests::different_input_types ... [32mok(B[m
test tests::jit_fusion::tensor::i32_ty::padding::tests::padding_4d_test ... [32mok(B[m
test tests::jit_fusion::tensor::i32_ty::mul::tests::test_mul_broadcast_int ... [32mok(B[m
test tests::jit_fusion::tensor::i32_ty::reshape::tests::multiple_neg_ones - should panic ... [32mok(B[m
test tests::jit_fusion::tensor::i32_ty::movedim::tests::vec_input_int ... [32mok(B[m
test tests::jit_fusion::tensor::i32_ty::padding::tests::padding_asymmetric_test ... [32mok(B[m
test tests::jit_fusion::tensor::i32_ty::reshape::tests::should_support_reshape_1d ... [32mok(B[m
test tests::jit_fusion::tensor::i32_ty::reshape::tests::should_support_reshape_2d ... [32mok(B[m
test tests::jit_fusion::tensor::i32_ty::reshape::tests::should_support_reshape_bool ... [32mok(B[m
test tests::jit_fusion::tensor::i32_ty::padding::tests::padding_asymmetric_integer_test ... [32mok(B[m
test tests::jit_fusion::tensor::i32_ty::reshape::tests::should_support_reshape_int ... [32mok(B[m
test tests::jit_fusion::tensor::i32_ty::reshape::tests::should_support_dim_infererence ... [32mok(B[m
test tests::jit_fusion::tensor::i32_ty::reshape::tests::neg_value - should panic ... [32mok(B[m
test tests::jit_fusion::tensor::i32_ty::reshape::tests::should_support_reshape_maybe_fused_1 ... [32mok(B[m
test tests::jit_fusion::tensor::i32_ty::reshape::tests::should_support_reshape_maybe_fused_2 ... [32mok(B[m
test tests::jit_fusion::tensor::i32_ty::reshape::tests::should_not_corrupt_after_slice ... [32mok(B[m
test tests::jit_fusion::tensor::i32_ty::permute::tests::permute_bool ... [32mok(B[m
test tests::jit_fusion::tensor::i32_ty::reshape::tests::should_support_reshape_maybe_fused_4 ... [32mok(B[m
test tests::jit_fusion::tensor::i32_ty::select::tests::should_select_2d_dim0_same_num_dim ... [32mok(B[m
test tests::jit_fusion::tensor::i32_ty::movedim::tests::vec_input_bool ... [32mok(B[m
test tests::jit_fusion::tensor::i32_ty::permute::tests::permute_float ... [32mok(B[m
test tests::jit_fusion::tensor::i32_ty::select::tests::should_select_2d_dim0_more_num_dim ... [32mok(B[m
test tests::jit_fusion::tensor::i32_ty::select::tests::should_select_1d_int ... [32mok(B[m
test tests::jit_fusion::tensor::i32_ty::select::tests::should_select_1d ... [32mok(B[m
test tests::jit_fusion::tensor::i32_ty::reshape::tests::should_support_reshape_maybe_fused_3 ... [32mok(B[m
test tests::jit_fusion::tensor::i32_ty::select::tests::should_select_2d_dim1 ... [32mok(B[m
test tests::jit_fusion::tensor::i32_ty::select::tests::should_select_panic_invalid_dimension - should panic ... [32mok(B[m
test tests::jit_fusion::tensor::i32_ty::sort_argsort::tests::test_argsort_1d_float ... [32mok(B[m
test tests::jit_fusion::tensor::i32_ty::sign::tests::should_support_sign_ops_float ... [32mok(B[m
test tests::jit_fusion::tensor::i32_ty::select::tests::should_select_assign_1d_int ... [32mok(B[m
test tests::jit_fusion::tensor::i32_ty::select::tests::should_select_assign_2d_dim1 ... [32mok(B[m
test tests::jit_fusion::tensor::i32_ty::sign::tests::should_support_sign_ops_int ... [32mok(B[m
test tests::jit_fusion::tensor::i32_ty::permute::tests::permute_int ... [32mok(B[m
test tests::jit_fusion::tensor::i32_ty::select::tests::should_select_assign_1d ... [32mok(B[m
test tests::jit_fusion::tensor::i32_ty::sort_argsort::tests::test_argsort_1d_int ... [32mok(B[m
test tests::jit_fusion::tensor::i32_ty::select::tests::should_select_assign_2d_dim0 ... [32mok(B[m
test tests::jit_fusion::tensor::i32_ty::sort_argsort::tests::test_sort_float_nan ... [32mok(B[m
test tests::jit_fusion::tensor::i32_ty::sort_argsort::tests::test_sort_1d_float ... [32mok(B[m
test tests::jit_fusion::tensor::i32_ty::sort_argsort::tests::test_sort_1d_int ... [32mok(B[m
test tests::jit_fusion::tensor::i32_ty::stack::tests::should_panic_when_list_of_vectors_is_empty - should panic ... [32mok(B[m
test tests::jit_fusion::tensor::i32_ty::stack::tests::should_panic_when_stack_exceeds_dimension - should panic ... [32mok(B[m
test tests::jit_fusion::tensor::i32_ty::stack::tests::should_panic_when_dimensions_are_not_the_same - should panic ... [32mok(B[m
test tests::jit_fusion::tensor::i32_ty::sort_argsort::tests::test_argsort_float ... [32mok(B[m
test tests::jit_fusion::tensor::i32_ty::stack::tests::should_generate_row_major_layout ... [32mok(B[m
test tests::jit_fusion::tensor::i32_ty::sort_argsort::tests::test_sort_descending_1d ... [32mok(B[m
test tests::jit_fusion::tensor::i32_ty::stack::tests::should_support_stack_ops_2d_dim0 ... [32mok(B[m
test tests::jit_fusion::tensor::i32_ty::sort_argsort::tests::test_argsort_int ... [32mok(B[m
test tests::jit_fusion::tensor::i32_ty::stack::tests::should_support_stack_ops_2d_dim1 ... [32mok(B[m
test tests::jit_fusion::tensor::i32_ty::sort_argsort::tests::test_sort_with_indices_descending_float ... [32mok(B[m
test tests::jit_fusion::tensor::i32_ty::sort_argsort::tests::test_sort_int ... [32mok(B[m
test tests::jit_fusion::tensor::i32_ty::stack::tests::should_support_stack_ops_int ... [32mok(B[m
test tests::jit_fusion::tensor::i32_ty::stack::tests::should_support_stack_ops_bool ... [32mok(B[m
test tests::jit_fusion::tensor::i32_ty::sub::tests::should_support_sub_ops ... [32mok(B[m
test tests::jit_fusion::tensor::i32_ty::stack::tests::should_support_stack_ops_3d ... [32mok(B[m
test tests::jit_fusion::tensor::i32_ty::sub::tests::should_support_sub_ops_int ... [32mok(B[m
test tests::jit_fusion::tensor::i32_ty::sub::tests::should_support_sub_scalar_ops ... [32mok(B[m
test tests::jit_fusion::tensor::i32_ty::sort_argsort::tests::test_sort_float ... [32mok(B[m
test tests::jit_fusion::tensor::i32_ty::transpose::tests::should_support_swap_dims ... [32mok(B[m
test tests::jit_fusion::tensor::i32_ty::sub::tests::test_sub_broadcast_int ... [32mok(B[m
test tests::jit_fusion::tensor::i32_ty::sort_argsort::tests::test_sort_with_indices_float ... [32mok(B[m
test tests::jit_fusion::tensor::i32_ty::sort_argsort::tests::test_sort_with_indices_descending_int ... [32mok(B[m
test tests::jit_fusion::tensor::i32_ty::sub::tests::should_support_sub_scalar_ops_int ... [32mok(B[m
test tests::jit_fusion::tensor::i32_ty::transpose::tests::should_support_swap_dims_bool ... [32mok(B[m
test tests::jit_fusion::tensor::i32_ty::sub::tests::test_sub_broadcast ... [32mok(B[m
test tests::jit_fusion::tensor::primitive::tests::should_support_float_dtype ... [32mok(B[m
test tests::jit_fusion::tensor::primitive::tests::should_support_int_dtype ... [32mok(B[m
test tests::jit_fusion::tensor::i32_ty::transpose::tests::should_support_transpose_bool ... [32mok(B[m
test tests::jit_fusion::tensor::i32_ty::transpose::tests::should_support_transpose_ops ... [32mok(B[m
test tests::jit_fusion::tensor::i32_ty::transpose::tests::should_support_swap_dims_int ... [32mok(B[m
test tests::jit_fusion::tensor::u32_bool_ty::add::tests::should_support_add_scalar_ops ... [32mok(B[m
test tests::jit_fusion::tensor::u32_bool_ty::aggregation::tests::test_prod_dim_int ... [33mignored, Not implemented for all backends yet(B[m
test tests::jit_fusion::tensor::i32_ty::transpose::tests::should_support_transpose_ops_int ... [32mok(B[m
test tests::jit_fusion::tensor::u32_bool_ty::aggregation::tests::test_prod_int ... [33mignored, Not implemented for all backends yet(B[m
test tests::jit_fusion::tensor::u32_bool_ty::add::tests::test_add_broadcast_int ... [32mok(B[m
test tests::jit_fusion::tensor::u32_bool_ty::add::tests::test_add_broadcast ... [32mok(B[m
test tests::jit_fusion::tensor::i32_ty::sort_argsort::tests::test_sort_with_indices_int ... [32mok(B[m
test tests::jit_fusion::tensor::u32_bool_ty::add::tests::should_support_add_scalar_ops_int ... [32mok(B[m
test tests::jit_fusion::tensor::u32_bool_ty::add::tests::test_add_d2 ... [32mok(B[m
test tests::jit_fusion::tensor::u32_bool_ty::aggregation::tests::test_should_mean ... [32mok(B[m
test tests::jit_fusion::tensor::u32_bool_ty::aggregation::tests::test_should_mean_last_dim ... [32mok(B[m
test tests::jit_fusion::tensor::u32_bool_ty::add::tests::test_add_d2_int ... [32mok(B[m
test tests::jit_fusion::tensor::u32_bool_ty::add::tests::test_add_different_strides_lhs ... [32mok(B[m
test tests::jit_fusion::tensor::u32_bool_ty::aggregation::tests::test_should_sum ... [32mok(B[m
test tests::jit_fusion::tensor::u32_bool_ty::aggregation::tests::test_prod_dim_float ... [32mok(B[m
test tests::jit_fusion::tensor::u32_bool_ty::add::tests::test_add_different_strides_rhs ... [32mok(B[m
test tests::jit_fusion::tensor::u32_bool_ty::aggregation::tests::test_should_mean_first_dim ... [32mok(B[m
test tests::jit_fusion::tensor::u32_bool_ty::aggregation::tests::test_should_sum_first_dim ... [32mok(B[m
test tests::jit_fusion::tensor::u32_bool_ty::aggregation::tests::test_should_sum_last_dim_int ... [32mok(B[m
test tests::jit_fusion::tensor::u32_bool_ty::aggregation::tests::test_should_sum_last_dim ... [32mok(B[m
test tests::jit_fusion::tensor::u32_bool_ty::aggregation::tests::test_should_mean_int ... [32mok(B[m
test tests::jit_fusion::tensor::u32_bool_ty::aggregation::tests::test_should_mean_last_dim_int ... [32mok(B[m
test tests::jit_fusion::tensor::u32_bool_ty::arg::tests::test_argmin_2d_dim0 ... [32mok(B[m
test tests::jit_fusion::tensor::u32_bool_ty::aggregation::tests::test_prod_float ... [32mok(B[m
test tests::jit_fusion::tensor::u32_bool_ty::arg::tests::test_argmax_2d_dim1 ... [32mok(B[m
test tests::jit_fusion::tensor::u32_bool_ty::aggregation::tests::test_should_sum_int ... [32mok(B[m
test tests::jit_fusion::tensor::u32_bool_ty::arg::tests::test_argmax_2d_dim0 ... [32mok(B[m
test tests::jit_fusion::tensor::u32_bool_ty::aggregation::tests::test_should_sum_mid_dim_3d_non_contiguous_2 ... [32mok(B[m
test tests::jit_fusion::tensor::u32_bool_ty::arg::tests::test_argmax_2d_dim0_int ... [32mok(B[m
test tests::jit_fusion::tensor::u32_bool_ty::arg::tests::test_argmin_2d_dim1 ... [32mok(B[m
test tests::jit_fusion::tensor::u32_bool_ty::aggregation::tests::test_should_sum_mid_dim_3d_non_contiguous_1 ... [32mok(B[m
test tests::jit_fusion::tensor::u32_bool_ty::add::tests::test_add_different_strides_broadcast ... [32mok(B[m
test tests::jit_fusion::tensor::u32_bool_ty::bitwise::tests::should_apply_bitwise_and_2d ... [32mok(B[m
test tests::jit_fusion::tensor::u32_bool_ty::bitwise::tests::should_apply_bitwise_and_scalar_2d ... [32mok(B[m
test tests::jit_fusion::tensor::u32_bool_ty::bitwise::tests::should_apply_bitwise_left_shift_scalar_2d ... [32mok(B[m
test tests::jit_fusion::tensor::u32_bool_ty::bitwise::tests::should_apply_bitwise_not_2d ... [32mok(B[m
test tests::jit_fusion::tensor::u32_bool_ty::bitwise::tests::should_apply_bitwise_xor_1d ... [32mok(B[m
test tests::jit_fusion::tensor::u32_bool_ty::bitwise::tests::should_apply_bitwise_xor_scalar_2d ... [32mok(B[m
test tests::jit_fusion::tensor::u32_bool_ty::bitwise::tests::should_apply_bitwise_or_scalar_2d ... [32mok(B[m
test tests::jit_fusion::tensor::u32_bool_ty::arg::tests::test_argmin_2d_dim0_int ... [32mok(B[m
test tests::jit_fusion::tensor::u32_bool_ty::bitwise::tests::should_apply_bitwise_and_1d ... [32mok(B[m
test tests::jit_fusion::tensor::u32_bool_ty::bitwise::tests::should_apply_bitwise_left_shift_2d ... [32mok(B[m
test tests::jit_fusion::tensor::u32_bool_ty::bitwise::tests::should_apply_bitwise_or_1d ... [32mok(B[m
test tests::jit_fusion::tensor::u32_bool_ty::bitwise::tests::should_apply_bitwise_or_2d ... [32mok(B[m
test tests::jit_fusion::tensor::u32_bool_ty::cast::tests::cast_bool_to_float_tensor ... [32mok(B[m
test tests::jit_fusion::tensor::u32_bool_ty::cat::tests::should_panic_when_list_of_vectors_is_empty - should panic ... [32mok(B[m
test tests::jit_fusion::tensor::u32_bool_ty::bitwise::tests::should_apply_bitwise_right_shift_2d ... [32mok(B[m
test tests::jit_fusion::tensor::u32_bool_ty::bitwise::tests::should_apply_bitwise_right_shift_scalar_2d ... [32mok(B[m
test tests::jit_fusion::tensor::u32_bool_ty::cast::tests::cast_float_precision ... [32mok(B[m
test tests::jit_fusion::tensor::u32_bool_ty::bitwise::tests::should_apply_bitwise_xor_2d ... [32mok(B[m
test tests::jit_fusion::tensor::u32_bool_ty::bool::tests::test_from_int ... [32mok(B[m
test tests::jit_fusion::tensor::u32_bool_ty::cast::tests::cast_int_to_float_tensor ... [32mok(B[m
test tests::jit_fusion::tensor::u32_bool_ty::cast::tests::cast_bool_to_int_tensor ... [32mok(B[m
test tests::jit_fusion::tensor::u32_bool_ty::cat::tests::should_panic_when_dimensions_are_not_the_same - should panic ... [32mok(B[m
test tests::jit_fusion::tensor::u32_bool_ty::cat::tests::should_panic_when_cat_exceeds_dimension - should panic ... [32mok(B[m
test tests::jit_fusion::tensor::u32_bool_ty::cat::tests::should_support_cat_ops_2d_dim0 ... [32mok(B[m
test tests::jit_fusion::tensor::u32_bool_ty::bool::tests::test_from_float ... [32mok(B[m
test tests::jit_fusion::tensor::u32_bool_ty::cast::tests::cast_float_to_int ... [32mok(B[m
test tests::jit_fusion::tensor::u32_bool_ty::div::tests::should_support_div_ops_int ... [32mok(B[m
test tests::jit_fusion::tensor::u32_bool_ty::cat::tests::should_support_cat_ops_2d_dim1 ... [32mok(B[m
test tests::jit_fusion::tensor::u32_bool_ty::cat::tests::should_support_cat_ops_3d ... [32mok(B[m
test tests::jit_fusion::tensor::u32_bool_ty::div::tests::should_support_div_scalar_ops_int ... [32mok(B[m
test tests::jit_fusion::tensor::u32_bool_ty::cat::tests::should_support_cat_ops_int ... [32mok(B[m
test tests::jit_fusion::tensor::u32_bool_ty::div::tests::should_support_div_scalar_ops ... [32mok(B[m
test tests::jit_fusion::tensor::u32_bool_ty::expand::tests::broadcast_single ... [32mok(B[m
test tests::jit_fusion::tensor::u32_bool_ty::div::tests::should_support_div_ops ... [32mok(B[m
test tests::jit_fusion::tensor::u32_bool_ty::expand::tests::expand_2d_int ... [32mok(B[m
test tests::jit_fusion::tensor::u32_bool_ty::expand::tests::should_all_negative_one ... [32mok(B[m
test tests::jit_fusion::tensor::u32_bool_ty::cat::tests::should_support_cat_ops_bool ... [32mok(B[m
test tests::jit_fusion::tensor::u32_bool_ty::div::tests::test_div_broadcast_int ... [32mok(B[m
test tests::jit_fusion::tensor::u32_bool_ty::expand::tests::should_panic_negative_one_on_non_existing_dim - should panic ... [32mok(B[m
test tests::jit_fusion::tensor::u32_bool_ty::expand::tests::should_fail_expand_incompatible_shapes - should panic ... [32mok(B[m
test tests::jit_fusion::tensor::u32_bool_ty::flip::tests::flip_duplicated_axes - should panic ... [32mok(B[m
test tests::jit_fusion::tensor::u32_bool_ty::expand::tests::expand_2d_bool ... [32mok(B[m
test tests::jit_fusion::tensor::u32_bool_ty::div::tests::test_div_broadcast ... [32mok(B[m
test tests::jit_fusion::tensor::u32_bool_ty::expand::tests::expand_3d ... [32mok(B[m
test tests::jit_fusion::tensor::u32_bool_ty::expand::tests::expand_higher_dimensions ... [32mok(B[m
test tests::jit_fusion::tensor::u32_bool_ty::expand::tests::inplace_op_after_expand ... [32mok(B[m
test tests::jit_fusion::tensor::u32_bool_ty::expand::tests::expand_2d ... [32mok(B[m
test tests::jit_fusion::tensor::u32_bool_ty::gather_scatter::tests::should_gather_1d_dim0 ... [32mok(B[m
test tests::jit_fusion::tensor::u32_bool_ty::gather_scatter::tests::should_gather_3d_dim1 ... [32mok(B[m
test tests::jit_fusion::tensor::u32_bool_ty::gather_scatter::tests::should_gather_2d_dim0 ... [32mok(B[m
test tests::jit_fusion::tensor::u32_bool_ty::gather_scatter::tests::should_gather_2d_dim1 ... [32mok(B[m
test tests::jit_fusion::tensor::u32_bool_ty::gather_scatter::tests::should_gather_1d_dim0_int ... [32mok(B[m
test tests::jit_fusion::tensor::u32_bool_ty::flip::tests::flip_bool ... [32mok(B[m
test tests::jit_fusion::tensor::u32_bool_ty::gather_scatter::tests::should_gather_2d_only_1dim ... [32mok(B[m
test tests::jit_fusion::tensor::u32_bool_ty::gather_scatter::tests::should_scatter_1d_int ... [32mok(B[m
test tests::jit_fusion::tensor::u32_bool_ty::gather_scatter::tests::should_scatter_2d_dim0 ... [32mok(B[m
test tests::jit_fusion::tensor::u32_bool_ty::eye::tests::test_eye_float ... [32mok(B[m
test tests::jit_fusion::tensor::u32_bool_ty::flip::tests::flip_out_of_bound_axis - should panic ... [32mok(B[m
test tests::jit_fusion::tensor::u32_bool_ty::gather_scatter::tests::should_scatter_3d_dim1 ... [32mok(B[m
test tests::jit_fusion::tensor::u32_bool_ty::mask::tests::float_mask_fill_infinite ... [32mok(B[m
test tests::jit_fusion::tensor::u32_bool_ty::gather_scatter::tests::should_scatter_2d_dim1 ... [32mok(B[m
test tests::jit_fusion::tensor::u32_bool_ty::gather_scatter::tests::should_scatter_2d_dim1_diff_shape ... [32mok(B[m
test tests::jit_fusion::tensor::u32_bool_ty::mask::tests::should_support_mask_fill_ops ... [32mok(B[m
test tests::jit_fusion::tensor::u32_bool_ty::gather_scatter::tests::scatter_should_panic_on_mismatch_of_shapes - should panic ... [32mok(B[m
test tests::jit_fusion::tensor::u32_bool_ty::mask::tests::should_handle_mask_where_nans ... [32mok(B[m
test tests::jit_fusion::tensor::u32_bool_ty::mask::tests::should_support_int_mask_where_ops ... [32mok(B[m
test tests::jit_fusion::tensor::u32_bool_ty::movedim::tests::edge_different_sizes - should panic ... [32mok(B[m
test tests::jit_fusion::tensor::u32_bool_ty::movedim::tests::edge_vec_is_not_a_set - should panic ... [32mok(B[m
test tests::jit_fusion::tensor::u32_bool_ty::movedim::tests::edge_out_of_bound_axis_vec - should panic ... [32mok(B[m
test tests::jit_fusion::tensor::u32_bool_ty::mask::tests::should_support_int_mask_fill_ops ... [32mok(B[m
test tests::jit_fusion::tensor::u32_bool_ty::flip::tests::flip_int ... [32mok(B[m
test tests::jit_fusion::tensor::u32_bool_ty::flip::tests::flip_float ... [32mok(B[m
test tests::jit_fusion::tensor::u32_bool_ty::gather_scatter::tests::should_scatter_1d ... [32mok(B[m
test tests::jit_fusion::tensor::u32_bool_ty::mask::tests::should_support_mask_where_ops ... [32mok(B[m
test tests::jit_fusion::tensor::u32_bool_ty::movedim::tests::edge_out_of_bound_axis - should panic ... [32mok(B[m
test tests::jit_fusion::tensor::u32_bool_ty::mask::tests::should_support_mask_where_broadcast_int ... [32mok(B[m
test tests::jit_fusion::tensor::u32_bool_ty::mul::tests::should_support_mul_scalar_ops ... [32mok(B[m
test tests::jit_fusion::tensor::u32_bool_ty::mask::tests::should_support_mask_where_broadcast ... [32mok(B[m
test tests::jit_fusion::tensor::u32_bool_ty::mul::tests::should_support_mul_scalar_ops_int ... [32mok(B[m
test tests::jit_fusion::tensor::u32_bool_ty::mul::tests::should_support_mul_ops_int ... [32mok(B[m
test tests::jit_fusion::tensor::u32_bool_ty::mul::tests::should_support_mul_ops ... [32mok(B[m
test tests::jit_fusion::tensor::u32_bool_ty::padding::tests::padding_2d_test ... [32mok(B[m
test tests::jit_fusion::tensor::u32_bool_ty::mul::tests::test_mul_broadcast ... [32mok(B[m
test tests::jit_fusion::tensor::u32_bool_ty::mul::tests::test_mul_broadcast_2_dims ... [32mok(B[m
test tests::jit_fusion::tensor::u32_bool_ty::movedim::tests::movedim_bool ... [32mok(B[m
test tests::jit_fusion::tensor::u32_bool_ty::padding::tests::padding_4d_test ... [32mok(B[m
test tests::jit_fusion::tensor::u32_bool_ty::mul::tests::test_mul_broadcast_int ... [32mok(B[m
test tests::jit_fusion::tensor::u32_bool_ty::movedim::tests::movedim_float ... [32mok(B[m
test tests::jit_fusion::tensor::u32_bool_ty::permute::tests::edge_out_of_bound_axis - should panic ... [32mok(B[m
test tests::jit_fusion::tensor::u32_bool_ty::movedim::tests::movedim_int ... [32mok(B[m
test tests::jit_fusion::tensor::u32_bool_ty::padding::tests::padding_asymmetric_integer_test ... [32mok(B[m
test tests::jit_fusion::tensor::u32_bool_ty::movedim::tests::different_input_types ... [32mok(B[m
test tests::jit_fusion::tensor::u32_bool_ty::reshape::tests::neg_value - should panic ... [32mok(B[m
test tests::jit_fusion::tensor::u32_bool_ty::reshape::tests::multiple_neg_ones - should panic ... [32mok(B[m
test tests::jit_fusion::tensor::u32_bool_ty::permute::tests::edge_repeated_axes - should panic ... [32mok(B[m
test tests::jit_fusion::tensor::u32_bool_ty::padding::tests::padding_asymmetric_test ... [32mok(B[m
test tests::jit_fusion::tensor::u32_bool_ty::reshape::tests::should_support_reshape_1d ... [32mok(B[m
test tests::jit_fusion::tensor::u32_bool_ty::reshape::tests::should_support_reshape_bool ... [32mok(B[m
test tests::jit_fusion::tensor::u32_bool_ty::movedim::tests::vec_input_int ... [32mok(B[m
test tests::jit_fusion::tensor::u32_bool_ty::reshape::tests::should_support_reshape_2d ... [32mok(B[m
test tests::jit_fusion::tensor::u32_bool_ty::reshape::tests::should_support_dim_infererence ... [32mok(B[m
test tests::jit_fusion::tensor::u32_bool_ty::movedim::tests::vec_input_float ... [32mok(B[m
test tests::jit_fusion::tensor::u32_bool_ty::reshape::tests::should_support_reshape_int ... [32mok(B[m
test tests::jit_fusion::tensor::u32_bool_ty::reshape::tests::should_support_reshape_maybe_fused_3 ... [32mok(B[m
test tests::jit_fusion::tensor::u32_bool_ty::reshape::tests::should_not_corrupt_after_slice ... [32mok(B[m
test tests::jit_fusion::tensor::u32_bool_ty::movedim::tests::vec_input_bool ... [32mok(B[m
test tests::jit_fusion::tensor::u32_bool_ty::reshape::tests::should_support_reshape_maybe_fused_1 ... [32mok(B[m
test tests::jit_fusion::tensor::u32_bool_ty::select::tests::should_select_2d_dim0_more_num_dim ... [32mok(B[m
test tests::jit_fusion::tensor::u32_bool_ty::reshape::tests::should_support_reshape_maybe_fused_4 ... [32mok(B[m
test tests::jit_fusion::tensor::u32_bool_ty::permute::tests::permute_float ... [32mok(B[m
test tests::jit_fusion::tensor::u32_bool_ty::reshape::tests::should_support_reshape_maybe_fused_2 ... [32mok(B[m
test tests::jit_fusion::tensor::u32_bool_ty::permute::tests::permute_bool ... [32mok(B[m
test tests::jit_fusion::tensor::u32_bool_ty::permute::tests::permute_int ... [32mok(B[m
test tests::jit_fusion::tensor::u32_bool_ty::select::tests::should_select_2d_dim1 ... [32mok(B[m
test tests::jit_fusion::tensor::u32_bool_ty::select::tests::should_select_panic_invalid_dimension - should panic ... [32mok(B[m
test tests::jit_fusion::tensor::u32_bool_ty::select::tests::should_select_1d ... [32mok(B[m
test tests::jit_fusion::tensor::u32_bool_ty::select::tests::should_select_2d_dim0_same_num_dim ... [32mok(B[m
test tests::jit_fusion::tensor::u32_bool_ty::select::tests::should_select_1d_int ... [32mok(B[m
test tests::jit_fusion::tensor::u32_bool_ty::select::tests::should_select_assign_2d_dim0 ... [32mok(B[m
test tests::jit_fusion::tensor::u32_bool_ty::select::tests::should_select_assign_1d_int ... [32mok(B[m
test tests::jit_fusion::tensor::u32_bool_ty::select::tests::should_select_assign_2d_dim1 ... [32mok(B[m
test tests::jit_fusion::tensor::u32_bool_ty::select::tests::should_select_assign_1d ... [32mok(B[m
test tests::jit_fusion::tensor::u32_bool_ty::sign::tests::should_support_sign_ops_float ... [32mok(B[m
test tests::jit_fusion::tensor::u32_bool_ty::sign::tests::should_support_sign_ops_int ... [32mok(B[m
test tests::jit_fusion::tensor::u32_bool_ty::sort_argsort::tests::test_sort_1d_int ... [32mok(B[m
test tests::jit_fusion::tensor::u32_bool_ty::sort_argsort::tests::test_sort_1d_float ... [32mok(B[m
test tests::jit_fusion::tensor::u32_bool_ty::sort_argsort::tests::test_argsort_1d_float ... [32mok(B[m
test tests::jit_fusion::tensor::u32_bool_ty::sort_argsort::tests::test_argsort_1d_int ... [32mok(B[m
test tests::jit_fusion::tensor::u32_bool_ty::stack::tests::should_panic_when_dimensions_are_not_the_same - should panic ... [32mok(B[m
test tests::jit_fusion::tensor::u32_bool_ty::stack::tests::should_panic_when_list_of_vectors_is_empty - should panic ... [32mok(B[m
test tests::jit_fusion::tensor::u32_bool_ty::sort_argsort::tests::test_sort_descending_1d ... [32mok(B[m
test tests::jit_fusion::tensor::u32_bool_ty::sort_argsort::tests::test_argsort_float ... [32mok(B[m
test tests::jit_fusion::tensor::u32_bool_ty::sort_argsort::tests::test_argsort_int ... [32mok(B[m
test tests::jit_fusion::tensor::u32_bool_ty::sort_argsort::tests::test_sort_float_nan ... [32mok(B[m
test tests::jit_fusion::tensor::u32_bool_ty::stack::tests::should_support_stack_ops_2d_dim1 ... [32mok(B[m
test tests::jit_fusion::tensor::u32_bool_ty::sort_argsort::tests::test_sort_float ... [32mok(B[m
test tests::jit_fusion::tensor::u32_bool_ty::stack::tests::should_panic_when_stack_exceeds_dimension - should panic ... [32mok(B[m
test tests::jit_fusion::tensor::u32_bool_ty::stack::tests::should_generate_row_major_layout ... [32mok(B[m
test tests::jit_fusion::tensor::u32_bool_ty::sort_argsort::tests::test_sort_int ... [32mok(B[m
test tests::jit_fusion::tensor::u32_bool_ty::sort_argsort::tests::test_sort_with_indices_descending_float ... [32mok(B[m
test tests::jit_fusion::tensor::u32_bool_ty::stack::tests::should_support_stack_ops_2d_dim0 ... [32mok(B[m
test tests::jit_fusion::tensor::u32_bool_ty::stack::tests::should_support_stack_ops_bool ... [32mok(B[m
test tests::jit_fusion::tensor::u32_bool_ty::stack::tests::should_support_stack_ops_3d ... [32mok(B[m
test tests::jit_fusion::tensor::u32_bool_ty::sub::tests::should_support_sub_scalar_ops ... [32mok(B[m
test tests::jit_fusion::tensor::u32_bool_ty::sub::tests::should_support_sub_ops ... [32mok(B[m
test tests::jit_fusion::tensor::u32_bool_ty::sub::tests::should_support_sub_scalar_ops_int ... [32mok(B[m
test tests::jit_fusion::tensor::u32_bool_ty::transpose::tests::should_support_swap_dims ... [32mok(B[m
test tests::jit_fusion::tensor::u32_bool_ty::sub::tests::should_support_sub_ops_int ... [32mok(B[m
test tests::jit_fusion::tensor::u32_bool_ty::sort_argsort::tests::test_sort_with_indices_descending_int ... [32mok(B[m
test tests::jit_fusion::tensor::u32_bool_ty::stack::tests::should_support_stack_ops_int ... [32mok(B[m
test tests::jit_fusion::tensor::u32_bool_ty::sub::tests::test_sub_broadcast ... [32mok(B[m
test tests::jit_fusion::tensor::u32_bool_ty::sort_argsort::tests::test_sort_with_indices_float ... [32mok(B[m
test tests::jit_fusion::tensor::u32_bool_ty::transpose::tests::should_support_swap_dims_int ... [32mok(B[m
test tests::jit_fusion::tensor::u32_bool_ty::sub::tests::test_sub_broadcast_int ... [32mok(B[m
test tests::jit_fusion::tensor::u32_bool_ty::sort_argsort::tests::test_sort_with_indices_int ... [32mok(B[m
test tests::jit_fusion::tensor::u32_bool_ty::transpose::tests::should_support_transpose_bool ... [32mok(B[m
test tests::jit_fusion::tensor::u32_bool_ty::transpose::tests::should_support_transpose_ops_int ... [32mok(B[m
test tests::jit_fusion::tensor::u32_bool_ty::transpose::tests::should_support_transpose_ops ... [32mok(B[m
test tests::jit_fusion::tensor::u32_bool_ty::transpose::tests::should_support_swap_dims_bool ... [32mok(B[m

failures:

---- tests::jit::tensor::f32_ty::remainder::tests::should_have_no_remainder stdout ----
thread 'tests::jit::tensor::f32_ty::remainder::tests::should_have_no_remainder' panicked at crates/burn-wgpu/src/lib.rs:126:5:
Tensors are not approx eq:
  => Position 4: 0.5034000277519226 != 0 | difference 0.5034000277519226 > tolerance 0.0010000000000000002
stack backtrace:
   0: rust_begin_unwind
   1: core::panicking::panic_fmt
   2: burn_tensor::tensor::data::TensorData::assert_approx_eq_diff
   3: burn_tensor::tensor::data::TensorData::assert_approx_eq
   4: burn_wgpu::tests::jit::tensor::f32_ty::remainder::tests::should_have_no_remainder
   5: burn_wgpu::tests::jit::tensor::f32_ty::remainder::tests::should_have_no_remainder::{{closure}}
   6: core::ops::function::FnOnce::call_once
note: Some details are omitted, run with `RUST_BACKTRACE=full` for a verbose backtrace.

---- tests::jit_fusion::tensor::f32_ty::remainder::tests::should_have_no_remainder stdout ----
thread 'tests::jit_fusion::tensor::f32_ty::remainder::tests::should_have_no_remainder' panicked at crates/burn-wgpu/src/lib.rs:126:5:
Tensors are not approx eq:
  => Position 4: 0.5034000277519226 != 0 | difference 0.5034000277519226 > tolerance 0.0010000000000000002
stack backtrace:
   0: rust_begin_unwind
   1: core::panicking::panic_fmt
   2: burn_tensor::tensor::data::TensorData::assert_approx_eq_diff
   3: burn_tensor::tensor::data::TensorData::assert_approx_eq
   4: burn_wgpu::tests::jit_fusion::tensor::f32_ty::remainder::tests::should_have_no_remainder
   5: burn_wgpu::tests::jit_fusion::tensor::f32_ty::remainder::tests::should_have_no_remainder::{{closure}}
   6: core::ops::function::FnOnce::call_once
note: Some details are omitted, run with `RUST_BACKTRACE=full` for a verbose backtrace.


failures:
    tests::jit::tensor::f32_ty::remainder::tests::should_have_no_remainder
    tests::jit_fusion::tensor::f32_ty::remainder::tests::should_have_no_remainder

test result: [31mFAILED(B[m. 2463 passed; 2 failed; 16 ignored; 0 measured; 0 filtered out; finished in 57.54s

[1m[31merror[0m[1m:[0m test failed, to rerun pass `-p burn-wgpu --lib`
